2026-05-17 13:53:42 [INFO    ] forensic (logger.py:158): Logging initialisiert — Level: DEBUG, Logdatei: /opt/aiw_webserver/logs/forensic_server.log
2026-05-17 13:53:42 [INFO    ] forensic (main.py:250): === Forensischer Webserver startet - Date:   Sun May 17 13:45:16 2026 +0200     Version 0.6.200 - dead8f96-51e5-11f1-afd3-431092534883 ===
2026-05-17 13:53:42 [INFO    ] forensic (main.py:253): Config geladen: '/opt/aiw_webserver/config.yaml'
2026-05-17 13:53:42 [DEBUG   ] forensic.core.user_resolver (user_resolver.py:70): Systembenutzer ermittelt: 'paul' (Plattform: linux)
2026-05-17 13:53:42 [INFO    ] forensic (main.py:262): Systembenutzer: 'paul'
2026-05-17 13:53:42 [INFO    ] forensic.core.mode_resolver (mode_resolver.py:150): Startmodus: 'cli'
2026-05-17 13:53:42 [INFO    ] forensic.core.mode_resolver (mode_resolver.py:351): Modus 'cli': user_id=2948078, username='uid_2948078', forensic_db='/opt/aiw_webserver/data/forensic/forensic_2948078.db'
2026-05-17 13:53:42 [INFO    ] forensic (main.py:285): Kontext: mode='cli', user_id=2948078, username='uid_2948078'
2026-05-17 13:53:42 [INFO    ] forensic (main.py:289): forensic_db : '/opt/aiw_webserver/data/forensic/forensic_2948078.db'
2026-05-17 13:53:42 [INFO    ] forensic (main.py:290): evidence_db : '/opt/aiw_webserver/data/evidence/evidence_2948078.db'
2026-05-17 13:53:42 [INFO    ] forensic (main.py:291): default_db  : '/opt/aiw_webserver/data/default.db'
2026-05-17 13:53:42 [INFO    ] forensic (main.py:292): coordinator : '/opt/aiw_webserver/data/coordinator.db'
2026-05-17 13:53:42 [INFO    ] forensic.core.startup_checks (startup_checks.py:123): Starte Voraussetzungsprüfungen...
2026-05-17 13:53:42 [DEBUG   ] forensic.core.startup_checks (startup_checks.py:164): Datei gefunden: forensic_db = '/opt/aiw_webserver/data/forensic/forensic_2948078.db'
2026-05-17 13:53:42 [DEBUG   ] forensic.core.startup_checks (startup_checks.py:164): Datei gefunden: evidence_db = '/opt/aiw_webserver/data/evidence/evidence_2948078.db'
2026-05-17 13:53:42 [DEBUG   ] forensic.core.startup_checks (startup_checks.py:180): default_db gefunden: '/opt/aiw_webserver/data/default.db'
2026-05-17 13:53:42 [DEBUG   ] forensic.core.startup_checks (startup_checks.py:206): coordinator_db gefunden: '/opt/aiw_webserver/data/coordinator.db'
2026-05-17 13:53:42 [DEBUG   ] forensic.core.startup_checks (startup_checks.py:254): Schema-Version geprüft: 1 (erwartet: 1) ✓
2026-05-17 13:53:44 [INFO    ] forensic.core.startup_checks (startup_checks.py:327): Integritätsprüfung forensic_db erfolgreich: SHA-256 = f70c68d39cf4552e... ✓
2026-05-17 13:53:44 [DEBUG   ] forensic.core.startup_checks (startup_checks.py:366): forensic_db READ-ONLY-Prüfung bestanden ✓
2026-05-17 13:53:44 [INFO    ] forensic.core.startup_checks (startup_checks.py:132): Alle Voraussetzungsprüfungen erfolgreich abgeschlossen.
2026-05-17 13:53:44 [INFO    ] forensic (main.py:307): Alle Startprüfungen bestanden.
2026-05-17 13:53:44 [DEBUG   ] forensic.core.hosts_manager (hosts_manager.py:135): HostsManager: forum_hostname nicht konfiguriert — no-op.
2026-05-17 13:53:44 [INFO    ] forensic.db.connection_manager (connection_manager.py:146): Öffne Datenbankverbindungen (Modus: 'cli', user_id: 2948078)
2026-05-17 13:53:44 [DEBUG   ] forensic.db.connection_manager (connection_manager.py:189): Haupt-DB geöffnet: '/opt/aiw_webserver/data/evidence/evidence_2948078.db'
2026-05-17 13:53:44 [DEBUG   ] forensic.db.connection_manager (connection_manager.py:519): ATTACH fdb (READ-ONLY via Authorizer): '/opt/aiw_webserver/data/forensic/forensic_2948078.db'
2026-05-17 13:53:44 [DEBUG   ] forensic.db.connection_manager (connection_manager.py:519): ATTACH ddb (READ-ONLY via Authorizer): '/opt/aiw_webserver/data/default.db'
2026-05-17 13:53:44 [DEBUG   ] forensic.db.connection_manager (connection_manager.py:532): ATTACH cdb (READ-WRITE): '/opt/aiw_webserver/data/coordinator.db'
2026-05-17 13:53:44 [DEBUG   ] forensic.db.connection_manager (connection_manager.py:204): cdb angebunden: '/opt/aiw_webserver/data/coordinator.db'
2026-05-17 13:53:44 [DEBUG   ] forensic.db.connection_manager (connection_manager.py:519): ATTACH adb (READ-ONLY via Authorizer): '/opt/aiw_webserver/data/assets/assets_2948078.db'
2026-05-17 13:53:44 [DEBUG   ] forensic.db.connection_manager (connection_manager.py:218): adb angebunden (READ-ONLY): '/opt/aiw_webserver/data/assets/assets_2948078.db'
2026-05-17 13:53:44 [DEBUG   ] forensic.db.connection_manager (connection_manager.py:519): ATTACH tdb (READ-ONLY via Authorizer): '/opt/aiw_webserver/data/templates.db'
2026-05-17 13:53:44 [DEBUG   ] forensic.db.connection_manager (connection_manager.py:235): tdb angebunden (READ-ONLY): '/opt/aiw_webserver/data/templates.db'
2026-05-17 13:53:44 [DEBUG   ] forensic.db.forensic_db (forensic_db.py:478): get_forum_base_url(): 'http://alice4n4kd5gga3xqggygi6r7q7l7bb2wg5lcykh22ilxomk2jmpcbyd.onion'
2026-05-17 13:53:44 [DEBUG   ] forensic.db.forensic_db (forensic_db.py:221): blob_lookup TEMP VIEW angelegt (forum_base_url='http://alice4n4kd5gga3xqggygi6r7q7l7bb2wg5lcykh22ilxomk2jmpcbyd.onion')
2026-05-17 13:53:44 [DEBUG   ] forensic.db.forensic_db (forensic_db.py:478): get_forum_base_url(): 'http://alice4n4kd5gga3xqggygi6r7q7l7bb2wg5lcykh22ilxomk2jmpcbyd.onion'
2026-05-17 13:53:44 [DEBUG   ] forensic.db.default_db (default_db.py:121): ddb (default.db) korrekt angebunden und erreichbar
2026-05-17 13:53:44 [DEBUG   ] forensic.db.evidence_db (evidence_db.py:534): evidence_db Schema initialisiert (oder bereits vorhanden)
2026-05-17 13:53:44 [DEBUG   ] forensic.db.evidence_db (evidence_db.py:553): evidence_db Migration: 'annotations.selection_json' bereits vorhanden
2026-05-17 13:53:44 [DEBUG   ] forensic.db.evidence_db (evidence_db.py:553): evidence_db Migration: 'annotations.tags_json' bereits vorhanden
2026-05-17 13:53:44 [DEBUG   ] forensic.db.evidence_db (evidence_db.py:553): evidence_db Migration: 'annotations.local_id' bereits vorhanden
2026-05-17 13:53:44 [DEBUG   ] forensic.db.evidence_db (evidence_db.py:553): evidence_db Migration: 'annotations.post_id' bereits vorhanden
2026-05-17 13:53:44 [DEBUG   ] forensic.db.evidence_db (evidence_db.py:553): evidence_db Migration: 'annotations.created_by' bereits vorhanden
2026-05-17 13:53:44 [DEBUG   ] forensic.db.evidence_db (evidence_db.py:553): evidence_db Migration: 'annotations.deleted_at' bereits vorhanden
2026-05-17 13:53:44 [DEBUG   ] forensic.db.evidence_db (evidence_db.py:553): evidence_db Migration: 'annotations.version_nr' bereits vorhanden
2026-05-17 13:53:44 [DEBUG   ] forensic.db.evidence_db (evidence_db.py:553): evidence_db Migration: 'annotations.prev_id' bereits vorhanden
2026-05-17 13:53:44 [DEBUG   ] forensic.db.evidence_db (evidence_db.py:553): evidence_db Migration: 'annotations.actual_uid' bereits vorhanden
2026-05-17 13:53:44 [DEBUG   ] forensic.db.evidence_db (evidence_db.py:572): evidence_db Migration: ann_local_id_idx (nicht-unique) sichergestellt
2026-05-17 13:53:44 [DEBUG   ] forensic.db.evidence_db (evidence_db.py:599): evidence_db Migration: Index 'ann_active_url_idx' sichergestellt
2026-05-17 13:53:44 [DEBUG   ] forensic.db.evidence_db (evidence_db.py:599): evidence_db Migration: Index 'ann_prev_id_idx' sichergestellt
2026-05-17 13:53:44 [DEBUG   ] forensic.db.assets_db (assets_db.py:155): adb (assets_<uid>.db) korrekt angebunden und erreichbar
2026-05-17 13:53:44 [DEBUG   ] forensic.db.templates_db (templates_db.py:102): TemplatesDb: tdb verfuegbar und initialisiert.
2026-05-17 13:53:44 [DEBUG   ] forensic.db.connection_manager (connection_manager.py:264): Authorizer deaktiviert — Schreibschutz via Dateisystem/startup_checks.
2026-05-17 13:53:44 [INFO    ] forensic.db.connection_manager (connection_manager.py:266): Alle Verbindungen aufgebaut (Normalmodus). forensic_db: 618 Seiten, evidence_db: 0 Annotationen
2026-05-17 13:53:44 [INFO    ] forensic (main.py:351): Alle Datenbankverbindungen aufgebaut.
2026-05-17 13:53:44 [INFO    ] forensic.core.build_info (build_info.py:87): Build-Info geladen: v0.6.201 Build 201 (2026-05-17) — /opt/aiw_webserver/build.json
2026-05-17 13:53:44 [INFO    ] forensic.core.build_info (build_info.py:117): ======================================================================
2026-05-17 13:53:44 [INFO    ] forensic.core.build_info (build_info.py:118): Datei-Prüfsummen (MD5) — relevante Verzeichnisse:
2026-05-17 13:53:44 [INFO    ] forensic.core.build_info (build_info.py:119): ======================================================================
2026-05-17 13:53:44 [INFO    ] forensic.core.build_info (build_info.py:139):   forensic_api/
2026-05-17 13:53:44 [INFO    ] forensic.core.build_info (build_info.py:144):     30c7e906cd6e7ad4cb6a5b765adfc256  forensic_api/__init__.py
2026-05-17 13:53:44 [INFO    ] forensic.core.build_info (build_info.py:144):     8e1a788593df5d9946a975eed7db50b6  forensic_api/_lock_guard.py
2026-05-17 13:53:44 [INFO    ] forensic.core.build_info (build_info.py:144):     a390a43516f6de3d26ef38005ca52fc0  forensic_api/aliases.py
2026-05-17 13:53:44 [INFO    ] forensic.core.build_info (build_info.py:144):     5158550bda7a170b0f95f700c1937f6f  forensic_api/annotate.py
2026-05-17 13:53:44 [INFO    ] forensic.core.build_info (build_info.py:144):     055a8cbc2479f760763218891051f6aa  forensic_api/annotations.py
2026-05-17 13:53:44 [INFO    ] forensic.core.build_info (build_info.py:144):     eb89f8d7d3b9a8c799d5f339e530476c  forensic_api/cross_annotation_integrator.py
2026-05-17 13:53:44 [INFO    ] forensic.core.build_info (build_info.py:144):     f13489f0012d7c545f6753d4970e4a3f  forensic_api/editor_block.py
2026-05-17 13:53:44 [INFO    ] forensic.core.build_info (build_info.py:144):     5dfbd8e5d82c57267e7e48e58a77719f  forensic_api/editor_comment.py
2026-05-17 13:53:44 [INFO    ] forensic.core.build_info (build_info.py:144):     a348aec0cfabf13d7efb6cecca8b78a9  forensic_api/editor_evidence.py
2026-05-17 13:53:44 [INFO    ] forensic.core.build_info (build_info.py:144):     968ad04d95d0fee56ede3ad57caa6385  forensic_api/editor_order.py
2026-05-17 13:53:44 [INFO    ] forensic.core.build_info (build_info.py:144):     ae9bc6270d463f33e7bf467c0cdeb71c  forensic_api/events.py
2026-05-17 13:53:44 [INFO    ] forensic.core.build_info (build_info.py:144):     c72bbf0458972cd2ee5e2a503d0865cc  forensic_api/export.py
2026-05-17 13:53:44 [INFO    ] forensic.core.build_info (build_info.py:144):     5e6d2427dbd60cbd54b36b8f8ed6dbc4  forensic_api/investigator_me.py
2026-05-17 13:53:44 [INFO    ] forensic.core.build_info (build_info.py:144):     2cfe78f6dbe29979e3b75d32d5c36f05  forensic_api/knownusers.py
2026-05-17 13:53:44 [INFO    ] forensic.core.build_info (build_info.py:144):     9501fe000961856272d57b11b29b2836  forensic_api/page.py
2026-05-17 13:53:44 [INFO    ] forensic.core.build_info (build_info.py:144):     3458270eea9344594fb5ef67683ffa07  forensic_api/placeholders.py
2026-05-17 13:53:44 [INFO    ] forensic.core.build_info (build_info.py:144):     42c48fdc7f2bba7dc9955c918c8910e1  forensic_api/report.py
2026-05-17 13:53:44 [INFO    ] forensic.core.build_info (build_info.py:144):     739031ebcde0344cd2968d253f8136fc  forensic_api/reports.py
2026-05-17 13:53:44 [INFO    ] forensic.core.build_info (build_info.py:144):     e8d2c5367a66158da0388c2b6d46e7d3  forensic_api/search.py
2026-05-17 13:53:44 [INFO    ] forensic.core.build_info (build_info.py:144):     a9928b89c6d5439df5e6cb2486ff215a  forensic_api/static.py
2026-05-17 13:53:44 [INFO    ] forensic.core.build_info (build_info.py:144):     7486692643ad2fb75e0262ccf906a647  forensic_api/status.py
2026-05-17 13:53:44 [INFO    ] forensic.core.build_info (build_info.py:144):     1ecb25eae003e36a6a32de28cc6aa48f  forensic_api/sync_incoming.py
2026-05-17 13:53:44 [INFO    ] forensic.core.build_info (build_info.py:144):     bc368f902df389e35beeafc17f0eb134  forensic_api/templates_ep.py
2026-05-17 13:53:44 [INFO    ] forensic.core.build_info (build_info.py:144):     f07dd8ba3965137f0e93be096eba3cc5  forensic_api/trace_sequence.py
2026-05-17 13:53:44 [INFO    ] forensic.core.build_info (build_info.py:144):     6e9964ae4fd7f2818bea5baff74d2d48  forensic_api/userinfo.py
2026-05-17 13:53:44 [INFO    ] forensic.core.build_info (build_info.py:144):     ac03dc8f8019230b6d5de5aab0c5b12c  forensic_api/userinfo_data.py
2026-05-17 13:53:44 [INFO    ] forensic.core.build_info (build_info.py:144):     9bdbdc7be233589a10bc4935570803e7  forensic_api/userinfo_static.py
2026-05-17 13:53:44 [INFO    ] forensic.core.build_info (build_info.py:144):     6b4cee54f3d596804768a5ef06db3490  forensic_api/version.py
2026-05-17 13:53:44 [INFO    ] forensic.core.build_info (build_info.py:144):     612c6dc8137ced9b2314fb4be57e6a70  forensic_api/viewport.py
2026-05-17 13:53:44 [INFO    ] forensic.core.build_info (build_info.py:144):     5092a0c290ed97bf042d95a8eca3b766  forensic_api/windows.py
2026-05-17 13:53:44 [INFO    ] forensic.core.build_info (build_info.py:139):   userinfo/
2026-05-17 13:53:44 [INFO    ] forensic.core.build_info (build_info.py:144):     b13bd6c5dc8f2547e1620b77310eaf95  userinfo/annotation_sidebar.js
2026-05-17 13:53:44 [INFO    ] forensic.core.build_info (build_info.py:144):     97b3170d33f39937dd63168a0dba149b  userinfo/comment_thread.js
2026-05-17 13:53:44 [INFO    ] forensic.core.build_info (build_info.py:144):     b65ee930e203ca6d863ab2eba78f02e6  userinfo/debug_events.js
2026-05-17 13:53:44 [INFO    ] forensic.core.build_info (build_info.py:144):     6879be24d3891b1cf5527625e178001e  userinfo/module_panel.js
2026-05-17 13:53:44 [INFO    ] forensic.core.build_info (build_info.py:144):     8374c259ea766060b94af35bab49f961  userinfo/placeholder_chips.js
2026-05-17 13:53:44 [INFO    ] forensic.core.build_info (build_info.py:144):     3a5d01f17877c45027ddc9586e4c8d83  userinfo/placeholder_wizard.js
2026-05-17 13:53:44 [INFO    ] forensic.core.build_info (build_info.py:144):     e49010a802ae10269091f7b31363d461  userinfo/report.css
2026-05-17 13:53:44 [INFO    ] forensic.core.build_info (build_info.py:144):     114ed06c021fd0e589d7e32ec96d415b  userinfo/report.js
2026-05-17 13:53:44 [INFO    ] forensic.core.build_info (build_info.py:144):     05d0391d1da5d559cce90ecdc461284b  userinfo/report_editor.js
2026-05-17 13:53:44 [INFO    ] forensic.core.build_info (build_info.py:144):     a0af65cf6bcae5ef6793c72dec97b426  userinfo/userinfo.css
2026-05-17 13:53:44 [INFO    ] forensic.core.build_info (build_info.py:144):     21f88b523098615556345994eb3dfa36  userinfo/userinfo.js
2026-05-17 13:53:44 [INFO    ] forensic.core.build_info (build_info.py:139):   editor/
2026-05-17 13:53:44 [INFO    ] forensic.core.build_info (build_info.py:144):     d41d8cd98f00b204e9800998ecf8427e  editor/__init__.py
2026-05-17 13:53:44 [INFO    ] forensic.core.build_info (build_info.py:144):     6937f1a3a1fec2608183dbdecde5d006  editor/html_renderer.py
2026-05-17 13:53:44 [INFO    ] forensic.core.build_info (build_info.py:139):   toolbar/
2026-05-17 13:53:44 [INFO    ] forensic.core.build_info (build_info.py:144):     46b53a447b228e3201b2d4f5ac28937d  toolbar/toolbar.css
2026-05-17 13:53:44 [INFO    ] forensic.core.build_info (build_info.py:144):     773e4e1b057d6a1fb8a011715cb09419  toolbar/toolbar.js
2026-05-17 13:53:44 [INFO    ] forensic.core.build_info (build_info.py:139):   data/
2026-05-17 13:53:44 [INFO    ] forensic.core.build_info (build_info.py:144):     bef834f54e3e1dc4f55b441cf9778401  data/forensic/forensic_2948078.db.sql
2026-05-17 13:53:44 [INFO    ] forensic.core.build_info (build_info.py:139):   core/
2026-05-17 13:53:44 [INFO    ] forensic.core.build_info (build_info.py:144):     7927ee36542484c7320d7934218cc7ca  core/__init__.py
2026-05-17 13:53:44 [INFO    ] forensic.core.build_info (build_info.py:144):     139421d80f349dd8d1f7ca0f69b0b827  core/build_info.py
2026-05-17 13:53:44 [INFO    ] forensic.core.build_info (build_info.py:144):     8efc0965c3fb1a2640922bbe95f9eced  core/config_loader.py
2026-05-17 13:53:44 [INFO    ] forensic.core.build_info (build_info.py:144):     d4cf0da5390bc28ab841e955ee797221  core/hosts_manager.py
2026-05-17 13:53:44 [INFO    ] forensic.core.build_info (build_info.py:144):     9e1e6e718de683bad2db3e9946bd6583  core/logger.py
2026-05-17 13:53:44 [INFO    ] forensic.core.build_info (build_info.py:144):     66002a767e40c8988b8943af69e9f065  core/mode_resolver.py
2026-05-17 13:53:44 [INFO    ] forensic.core.build_info (build_info.py:144):     67ba2bef87e31e3e8fc4b684f125c9c2  core/startup_checks.py
2026-05-17 13:53:44 [INFO    ] forensic.core.build_info (build_info.py:144):     dd0ed27c3aaa8aad9ac0060b5f4c475a  core/user_resolver.py
2026-05-17 13:53:44 [INFO    ] forensic.core.build_info (build_info.py:139):   server/
2026-05-17 13:53:44 [INFO    ] forensic.core.build_info (build_info.py:144):     cb1df466eddc44b80558d5b7f9c47a53  server/__init__.py
2026-05-17 13:53:44 [INFO    ] forensic.core.build_info (build_info.py:144):     d32e4629985e87371a398311831f3692  server/asset_handler.py
2026-05-17 13:53:44 [INFO    ] forensic.core.build_info (build_info.py:144):     8c67670cf6c98a6cded255e2b35b5848  server/blob_handler.py
2026-05-17 13:53:44 [INFO    ] forensic.core.build_info (build_info.py:144):     14b08d37a307281bae0c4f9d6a7dd22e  server/head_extractor.py
2026-05-17 13:53:44 [INFO    ] forensic.core.build_info (build_info.py:144):     79d80d36082a370fb466c8160333e5fe  server/http_server.py
2026-05-17 13:53:44 [INFO    ] forensic.core.build_info (build_info.py:144):     ebbf539ef5963d32ccdd499e26c2dc84  server/router.py
2026-05-17 13:53:44 [INFO    ] forensic.core.build_info (build_info.py:144):     2f11a43976926fc9df308c2604585ca3  server/shell_handler.py
2026-05-17 13:53:44 [INFO    ] forensic.core.build_info (build_info.py:139):   static/
2026-05-17 13:53:44 [INFO    ] forensic.core.build_info (build_info.py:144):     bc745390dfecf0edec56cfde0abf0be1  static/editor/bundle_manifest.json
2026-05-17 13:53:44 [INFO    ] forensic.core.build_info (build_info.py:144):     c6c5a4b4615c245c56826dad2c27f1af  static/editor/editor.bundle.js
2026-05-17 13:53:44 [INFO    ] forensic.core.build_info (build_info.py:144):     602170ae2f1d5c003e894f32217a96df  static/vendor/tabulator/tabulator.min.css
2026-05-17 13:53:44 [INFO    ] forensic.core.build_info (build_info.py:144):     0a71453fb151b4ff2392904746c8d8a2  static/vendor/tabulator/tabulator.min.js
2026-05-17 13:53:44 [INFO    ] forensic.core.build_info (build_info.py:156):   a1a488bc6ab31e3ead54cb4af62e4c28  build.json
2026-05-17 13:53:44 [INFO    ] forensic.core.build_info (build_info.py:159): ======================================================================
2026-05-17 13:53:44 [INFO    ] forensic.core.build_info (build_info.py:160): Prüfsummen ausgegeben: 66 Dateien
2026-05-17 13:53:44 [INFO    ] forensic.core.build_info (build_info.py:161): ======================================================================
2026-05-17 13:53:44 [DEBUG   ] forensic.forensic_api.cross_annotation_integrator (cross_annotation_integrator.py:96): CrossAnnotationIntegrator: keine ausstehenden Eintraege fuer uid=2948078
2026-05-17 13:53:44 [INFO    ] forensic.forensic_api.cross_annotation_integrator (cross_annotation_integrator.py:139): CrossAnnotationIntegrator: Hintergrundpolling gestartet (3600s Intervall)
2026-05-17 13:53:44 [INFO    ] forensic.server.http_server (http_server.py:293): ForensicHTTPServer initialisiert: http://127.0.0.2:8080 (socket-backlog=50, sse-max=20)
2026-05-17 13:53:44 [INFO    ] forensic (main.py:402): Server bereit: http://127.0.0.2:8080 | v0.6.201 Build 201 (2026-05-17)
2026-05-17 13:53:44 [INFO    ] forensic (main.py:407): Ermittlung: user_id=2948078 ('uid_2948078'), Modus='cli'
2026-05-17 13:53:44 [INFO    ] forensic (main.py:462): Watchdog gestartet (Intervall: 30s, Dump: 'logs/freeze_dump.txt')
2026-05-17 13:53:44 [INFO    ] forensic.server.http_server (http_server.py:304): Server läuft. Strg+C zum Beenden.
2026-05-17 13:53:45 [DEBUG   ] forensic.server.router (router.py:104): Router: GET /_forensic/report (ajax=False)
2026-05-17 13:53:45 [DEBUG   ] forensic.server.http_server (http_server.py:115): HTTP "GET /_forensic/report HTTP/1.1" 200 -
2026-05-17 13:53:45 [DEBUG   ] forensic.forensic_api.report (report.py:435): /_forensic/report (HTML) ausgeliefert: user_id=2948078
2026-05-17 13:53:45 [DEBUG   ] forensic.server.router (router.py:104): Router: GET /_forensic/userinfo.css (ajax=False)
2026-05-17 13:53:45 [DEBUG   ] forensic.server.router (router.py:104): Router: GET /_forensic/report.css (ajax=False)
2026-05-17 13:53:45 [DEBUG   ] forensic.forensic_api.static (static.py:139): Static: '/_forensic/userinfo.css' ausgeliefert (47040 bytes)
2026-05-17 13:53:45 [DEBUG   ] forensic.server.http_server (http_server.py:115): HTTP "GET /_forensic/userinfo.css HTTP/1.1" 200 -
2026-05-17 13:53:45 [DEBUG   ] forensic.forensic_api.static (static.py:139): Static: '/_forensic/report.css' ausgeliefert (90467 bytes)
2026-05-17 13:53:45 [DEBUG   ] forensic.server.http_server (http_server.py:115): HTTP "GET /_forensic/report.css HTTP/1.1" 200 -
2026-05-17 13:53:45 [DEBUG   ] forensic.server.router (router.py:104): Router: GET /.well-known/appspecific/com.chrome.devtools.json (ajax=False)
2026-05-17 13:53:45 [DEBUG   ] forensic.server.router (router.py:104): Router: GET /_forensic/static/editor/editor.bundle.js (ajax=False)
2026-05-17 13:53:45 [DEBUG   ] forensic.server.router (router.py:104): Router: GET /_forensic/debug_events.js (ajax=False)
2026-05-17 13:53:45 [DEBUG   ] forensic.forensic_api.static (static.py:203): Editor-Asset: 'editor.bundle.js' ausgeliefert (367283 bytes)
2026-05-17 13:53:45 [DEBUG   ] forensic.server.http_server (http_server.py:115): HTTP "GET /_forensic/static/editor/editor.bundle.js HTTP/1.1" 200 -
2026-05-17 13:53:45 [DEBUG   ] forensic.server.router (router.py:104): Router: GET /_forensic/module_panel.js (ajax=False)
2026-05-17 13:53:45 [DEBUG   ] forensic.server.router (router.py:104): Router: GET /_forensic/placeholder_wizard.js (ajax=False)
2026-05-17 13:53:45 [DEBUG   ] forensic.forensic_api.static (static.py:139): Static: '/_forensic/module_panel.js' ausgeliefert (53348 bytes)
2026-05-17 13:53:45 [DEBUG   ] forensic.server.http_server (http_server.py:115): HTTP "GET /_forensic/module_panel.js HTTP/1.1" 200 -
2026-05-17 13:53:45 [DEBUG   ] forensic.forensic_api.static (static.py:139): Static: '/_forensic/debug_events.js' ausgeliefert (10500 bytes)
2026-05-17 13:53:45 [DEBUG   ] forensic.server.router (router.py:104): Router: GET /_forensic/placeholder_chips.js (ajax=False)
2026-05-17 13:53:45 [DEBUG   ] forensic.server.http_server (http_server.py:115): HTTP "GET /_forensic/debug_events.js HTTP/1.1" 200 -
2026-05-17 13:53:45 [DEBUG   ] forensic.forensic_api.static (static.py:139): Static: '/_forensic/placeholder_wizard.js' ausgeliefert (28398 bytes)
2026-05-17 13:53:45 [DEBUG   ] forensic.server.http_server (http_server.py:115): HTTP "GET /_forensic/placeholder_wizard.js HTTP/1.1" 200 -
2026-05-17 13:53:45 [DEBUG   ] forensic.forensic_api.static (static.py:139): Static: '/_forensic/placeholder_chips.js' ausgeliefert (20569 bytes)
2026-05-17 13:53:45 [DEBUG   ] forensic.server.http_server (http_server.py:115): HTTP "GET /_forensic/placeholder_chips.js HTTP/1.1" 200 -
2026-05-17 13:53:45 [DEBUG   ] forensic.db.forensic_db (forensic_db.py:264): Seite nicht im Scope: '/.well-known/appspecific/com.chrome.devtools.json' (method=GET)
2026-05-17 13:53:45 [DEBUG   ] forensic.server.shell_handler (shell_handler.py:133): Shell: NOT_IN_SCOPE für '/.well-known/appspecific/com.chrome.devtools.json'
2026-05-17 13:53:45 [DEBUG   ] forensic.server.http_server (http_server.py:115): HTTP "GET /.well-known/appspecific/com.chrome.devtools.json HTTP/1.1" 404 -
2026-05-17 13:53:45 [DEBUG   ] forensic.server.router (router.py:104): Router: GET /_forensic/annotation_sidebar.js (ajax=False)
2026-05-17 13:53:45 [DEBUG   ] forensic.forensic_api.static (static.py:139): Static: '/_forensic/annotation_sidebar.js' ausgeliefert (29731 bytes)
2026-05-17 13:53:45 [DEBUG   ] forensic.server.http_server (http_server.py:115): HTTP "GET /_forensic/annotation_sidebar.js HTTP/1.1" 200 -
2026-05-17 13:53:45 [DEBUG   ] forensic.server.router (router.py:104): Router: GET /_forensic/comment_thread.js (ajax=False)
2026-05-17 13:53:45 [DEBUG   ] forensic.forensic_api.static (static.py:139): Static: '/_forensic/comment_thread.js' ausgeliefert (17543 bytes)
2026-05-17 13:53:45 [DEBUG   ] forensic.server.http_server (http_server.py:115): HTTP "GET /_forensic/comment_thread.js HTTP/1.1" 200 -
2026-05-17 13:53:45 [DEBUG   ] forensic.server.router (router.py:104): Router: GET /_forensic/report_editor.js (ajax=False)
2026-05-17 13:53:45 [DEBUG   ] forensic.forensic_api.static (static.py:139): Static: '/_forensic/report_editor.js' ausgeliefert (140828 bytes)
2026-05-17 13:53:45 [DEBUG   ] forensic.server.http_server (http_server.py:115): HTTP "GET /_forensic/report_editor.js HTTP/1.1" 200 -
2026-05-17 13:53:45 [DEBUG   ] forensic.server.router (router.py:104): Router: GET /_forensic/userinfo.js (ajax=False)
2026-05-17 13:53:45 [DEBUG   ] forensic.forensic_api.static (static.py:139): Static: '/_forensic/userinfo.js' ausgeliefert (71148 bytes)
2026-05-17 13:53:45 [DEBUG   ] forensic.server.http_server (http_server.py:115): HTTP "GET /_forensic/userinfo.js HTTP/1.1" 200 -
2026-05-17 13:53:45 [DEBUG   ] forensic.server.router (router.py:104): Router: GET /_forensic/static/editor/editor.bundle.js.map (ajax=False)
2026-05-17 13:53:45 [DEBUG   ] forensic.forensic_api.static (static.py:203): Editor-Asset: 'editor.bundle.js.map' ausgeliefert (939250 bytes)
2026-05-17 13:53:45 [DEBUG   ] forensic.server.http_server (http_server.py:115): HTTP "GET /_forensic/static/editor/editor.bundle.js.map HTTP/1.1" 200 -
2026-05-17 13:53:45 [DEBUG   ] forensic.server.router (router.py:104): Router: GET /_forensic/version (ajax=True)
2026-05-17 13:53:45 [DEBUG   ] forensic.server.http_server (http_server.py:115): HTTP "GET /_forensic/version HTTP/1.1" 200 -
2026-05-17 13:53:45 [DEBUG   ] forensic.server.router (router.py:104): Router: POST /_forensic/windows (ajax=True)
2026-05-17 13:53:45 [DEBUG   ] forensic.forensic_api.windows (windows.py:186): /_forensic/windows POST: Fenster '0c58e6fc-0e3f-4c8c-9921-0e9273969cd3' (Rolle 'userinfo') registriert
2026-05-17 13:53:45 [DEBUG   ] forensic.server.http_server (http_server.py:115): HTTP "POST /_forensic/windows HTTP/1.1" 200 -
2026-05-17 13:53:45 [DEBUG   ] forensic.server.router (router.py:104): Router: GET /_forensic/events (ajax=False)
2026-05-17 13:53:45 [DEBUG   ] forensic.server.http_server (http_server.py:115): HTTP "GET /_forensic/events HTTP/1.1" 200 -
2026-05-17 13:53:45 [DEBUG   ] forensic.server.router (router.py:104): Router: GET /favicon.ico (ajax=False)
2026-05-17 13:53:45 [DEBUG   ] forensic.server.router (router.py:104): Router: POST /_forensic/report (ajax=False)
2026-05-17 13:53:45 [DEBUG   ] forensic.server.router (router.py:104): Router: POST /_forensic/windows (ajax=True)
2026-05-17 13:53:45 [DEBUG   ] forensic.forensic_api.windows (windows.py:186): /_forensic/windows POST: Fenster 'f687ce56-9c2d-48dc-8ffc-84e80601ef52' (Rolle 'report') registriert
2026-05-17 13:53:45 [DEBUG   ] forensic.server.http_server (http_server.py:115): HTTP "POST /_forensic/windows HTTP/1.1" 200 -
2026-05-17 13:53:45 [DEBUG   ] forensic.server.router (router.py:104): Router: GET /_forensic/reports (ajax=True)
2026-05-17 13:53:45 [DEBUG   ] forensic.db.forensic_db (forensic_db.py:264): Seite nicht im Scope: '/favicon.ico' (method=GET)
2026-05-17 13:53:45 [DEBUG   ] forensic.server.shell_handler (shell_handler.py:133): Shell: NOT_IN_SCOPE für '/favicon.ico'
2026-05-17 13:53:45 [DEBUG   ] forensic.server.http_server (http_server.py:115): HTTP "GET /favicon.ico HTTP/1.1" 404 -
2026-05-17 13:53:45 [INFO    ] forensic.db.evidence_db (evidence_db.py:1802): Editor-Lock erworben: 'paul' (lock_id=968a4d48-b58d-4b3b-9259-3c6aa51a1395)
2026-05-17 13:53:45 [DEBUG   ] forensic.server.http_server (http_server.py:115): HTTP "GET /_forensic/reports HTTP/1.1" 200 -
2026-05-17 13:53:45 [DEBUG   ] forensic.server.http_server (http_server.py:115): HTTP "POST /_forensic/report HTTP/1.1" 200 -
2026-05-17 13:53:45 [DEBUG   ] forensic.forensic_api.reports (reports.py:90): /_forensic/reports (GET): 0 Berichte ausgeliefert
2026-05-17 13:53:45 [INFO    ] forensic.forensic_api.report (report.py:935): acquire_lock: 'paul' hat Lock erworben (sse_client=0a4ec0d7-1a2b-402c-8060-e271aad535d2)
2026-05-17 13:53:46 [DEBUG   ] forensic.server.router (router.py:104): Router: GET /_forensic/events (ajax=False)
2026-05-17 13:53:46 [DEBUG   ] forensic.server.http_server (http_server.py:115): HTTP "GET /_forensic/events HTTP/1.1" 200 -
2026-05-17 13:54:01 [DEBUG   ] forensic.server.router (router.py:104): Router: POST /_forensic/windows (ajax=True)
2026-05-17 13:54:01 [DEBUG   ] forensic.forensic_api.windows (windows.py:186): /_forensic/windows POST: Fenster 'ac276cc1-814e-4577-ae23-68aea9638533' (Rolle 'main') registriert
2026-05-17 13:54:01 [DEBUG   ] forensic.server.http_server (http_server.py:115): HTTP "POST /_forensic/windows HTTP/1.1" 200 -
2026-05-17 13:54:14 [DEBUG   ] forensic (main.py:447): Watchdog: Heartbeat (Dump: 'logs/freeze_dump.txt')
2026-05-17 13:54:15 [DEBUG   ] forensic.server.router (router.py:104): Router: POST /_forensic/windows (ajax=True)
2026-05-17 13:54:15 [DEBUG   ] forensic.forensic_api.windows (windows.py:186): /_forensic/windows POST: Fenster '0c58e6fc-0e3f-4c8c-9921-0e9273969cd3' (Rolle 'userinfo') registriert
2026-05-17 13:54:15 [DEBUG   ] forensic.server.http_server (http_server.py:115): HTTP "POST /_forensic/windows HTTP/1.1" 200 -
2026-05-17 13:54:15 [DEBUG   ] forensic.server.router (router.py:104): Router: POST /_forensic/windows (ajax=True)
2026-05-17 13:54:15 [DEBUG   ] forensic.forensic_api.windows (windows.py:186): /_forensic/windows POST: Fenster 'f687ce56-9c2d-48dc-8ffc-84e80601ef52' (Rolle 'report') registriert
2026-05-17 13:54:15 [DEBUG   ] forensic.server.http_server (http_server.py:115): HTTP "POST /_forensic/windows HTTP/1.1" 200 -
2026-05-17 13:54:31 [DEBUG   ] forensic.server.router (router.py:104): Router: POST /_forensic/windows (ajax=True)
2026-05-17 13:54:31 [DEBUG   ] forensic.forensic_api.windows (windows.py:186): /_forensic/windows POST: Fenster 'ac276cc1-814e-4577-ae23-68aea9638533' (Rolle 'main') registriert
2026-05-17 13:54:31 [DEBUG   ] forensic.server.http_server (http_server.py:115): HTTP "POST /_forensic/windows HTTP/1.1" 200 -
2026-05-17 13:54:44 [DEBUG   ] forensic (main.py:447): Watchdog: Heartbeat (Dump: 'logs/freeze_dump.txt')
2026-05-17 13:54:45 [DEBUG   ] forensic.server.router (router.py:104): Router: POST /_forensic/windows (ajax=True)
2026-05-17 13:54:45 [DEBUG   ] forensic.forensic_api.windows (windows.py:186): /_forensic/windows POST: Fenster '0c58e6fc-0e3f-4c8c-9921-0e9273969cd3' (Rolle 'userinfo') registriert
2026-05-17 13:54:45 [DEBUG   ] forensic.server.http_server (http_server.py:115): HTTP "POST /_forensic/windows HTTP/1.1" 200 -
2026-05-17 13:54:45 [DEBUG   ] forensic.server.router (router.py:104): Router: POST /_forensic/windows (ajax=True)
2026-05-17 13:54:45 [DEBUG   ] forensic.forensic_api.windows (windows.py:186): /_forensic/windows POST: Fenster 'f687ce56-9c2d-48dc-8ffc-84e80601ef52' (Rolle 'report') registriert
2026-05-17 13:54:45 [DEBUG   ] forensic.server.http_server (http_server.py:115): HTTP "POST /_forensic/windows HTTP/1.1" 200 -
2026-05-17 13:55:01 [DEBUG   ] forensic.server.router (router.py:104): Router: POST /_forensic/windows (ajax=True)
2026-05-17 13:55:01 [DEBUG   ] forensic.forensic_api.windows (windows.py:186): /_forensic/windows POST: Fenster 'ac276cc1-814e-4577-ae23-68aea9638533' (Rolle 'main') registriert
2026-05-17 13:55:01 [DEBUG   ] forensic.server.http_server (http_server.py:115): HTTP "POST /_forensic/windows HTTP/1.1" 200 -
2026-05-17 13:55:14 [DEBUG   ] forensic.server.router (router.py:104): Router: POST /_forensic/reports (ajax=False)
2026-05-17 13:55:14 [INFO    ] forensic.db.evidence_db (evidence_db.py:1129): Bericht angelegt: id=1 type='interim' seq=1 von 'paul'
2026-05-17 13:55:14 [DEBUG   ] forensic.server.http_server (http_server.py:115): HTTP "POST /_forensic/reports HTTP/1.1" 201 -
2026-05-17 13:55:14 [INFO    ] forensic.forensic_api.reports (reports.py:179): Bericht angelegt: id=1 type='interim' title='Erster Bericht' von 'paul'
2026-05-17 13:55:14 [DEBUG   ] forensic.server.router (router.py:104): Router: GET /_forensic/reports (ajax=True)
2026-05-17 13:55:14 [DEBUG   ] forensic.server.http_server (http_server.py:115): HTTP "GET /_forensic/reports HTTP/1.1" 200 -
2026-05-17 13:55:14 [DEBUG   ] forensic.forensic_api.reports (reports.py:90): /_forensic/reports (GET): 1 Berichte ausgeliefert
2026-05-17 13:55:14 [DEBUG   ] forensic.server.router (router.py:104): Router: GET /_forensic/report (ajax=True)
2026-05-17 13:55:14 [DEBUG   ] forensic.server.http_server (http_server.py:115): HTTP "GET /_forensic/report?format=json HTTP/1.1" 200 -
2026-05-17 13:55:14 [DEBUG   ] forensic.server.router (router.py:104): Router: GET /_forensic/placeholders/values (ajax=True)
2026-05-17 13:55:14 [DEBUG   ] forensic.server.http_server (http_server.py:115): HTTP "GET /_forensic/placeholders/values?report_id=1 HTTP/1.1" 200 -
2026-05-17 13:55:14 [DEBUG   ] forensic (main.py:447): Watchdog: Heartbeat (Dump: 'logs/freeze_dump.txt')
2026-05-17 13:55:15 [DEBUG   ] forensic.server.router (router.py:104): Router: POST /_forensic/windows (ajax=True)
2026-05-17 13:55:15 [DEBUG   ] forensic.forensic_api.windows (windows.py:186): /_forensic/windows POST: Fenster '0c58e6fc-0e3f-4c8c-9921-0e9273969cd3' (Rolle 'userinfo') registriert
2026-05-17 13:55:15 [DEBUG   ] forensic.server.http_server (http_server.py:115): HTTP "POST /_forensic/windows HTTP/1.1" 200 -
2026-05-17 13:55:15 [DEBUG   ] forensic.server.router (router.py:104): Router: POST /_forensic/windows (ajax=True)
2026-05-17 13:55:15 [DEBUG   ] forensic.forensic_api.windows (windows.py:186): /_forensic/windows POST: Fenster 'f687ce56-9c2d-48dc-8ffc-84e80601ef52' (Rolle 'report') registriert
2026-05-17 13:55:15 [DEBUG   ] forensic.server.http_server (http_server.py:115): HTTP "POST /_forensic/windows HTTP/1.1" 200 -
2026-05-17 13:55:24 [DEBUG   ] forensic.server.router (router.py:104): Router: GET /_forensic/templates (ajax=True)
2026-05-17 13:55:24 [DEBUG   ] forensic.server.http_server (http_server.py:115): HTTP "GET /_forensic/templates HTTP/1.1" 200 -
2026-05-17 13:55:28 [DEBUG   ] forensic.server.router (router.py:104): Router: GET /_forensic/templates/1 (ajax=True)
2026-05-17 13:55:28 [DEBUG   ] forensic.server.http_server (http_server.py:115): HTTP "GET /_forensic/templates/1 HTTP/1.1" 200 -
2026-05-17 13:55:28 [DEBUG   ] forensic.server.router (router.py:104): Router: POST /_forensic/report (ajax=True)
2026-05-17 13:55:28 [INFO    ] forensic.db.evidence_db (evidence_db.py:1310): Block gespeichert: block_id=fc1019b6-2ec5-46d8-8dfd-6ca1f4aff264 type=paragraph report_id=1 von 'paul'
2026-05-17 13:55:28 [DEBUG   ] forensic.server.http_server (http_server.py:115): HTTP "POST /_forensic/report HTTP/1.1" 201 -
2026-05-17 13:55:28 [INFO    ] forensic.forensic_api.report (report.py:696): save_block: block_id=fc1019b6-2ec5-46d8-8dfd-6ca1f4aff264 report_id=1 type=paragraph von 'paul'
2026-05-17 13:55:28 [DEBUG   ] forensic.server.router (router.py:104): Router: GET /_forensic/placeholders/values (ajax=True)
2026-05-17 13:55:28 [DEBUG   ] forensic.server.router (router.py:104): Router: GET /_forensic/report (ajax=True)
2026-05-17 13:55:28 [DEBUG   ] forensic.server.http_server (http_server.py:115): HTTP "GET /_forensic/placeholders/values?report_id=1 HTTP/1.1" 200 -
2026-05-17 13:55:28 [DEBUG   ] forensic.server.http_server (http_server.py:115): HTTP "GET /_forensic/report?format=json HTTP/1.1" 200 -
2026-05-17 13:55:28 [DEBUG   ] forensic.server.router (router.py:104): Router: GET /_forensic/placeholders/values (ajax=True)
2026-05-17 13:55:28 [DEBUG   ] forensic.server.http_server (http_server.py:115): HTTP "GET /_forensic/placeholders/values?report_id=1 HTTP/1.1" 200 -
2026-05-17 13:55:31 [DEBUG   ] forensic.server.router (router.py:104): Router: POST /_forensic/windows (ajax=True)
2026-05-17 13:55:31 [DEBUG   ] forensic.forensic_api.windows (windows.py:186): /_forensic/windows POST: Fenster 'ac276cc1-814e-4577-ae23-68aea9638533' (Rolle 'main') registriert
2026-05-17 13:55:31 [DEBUG   ] forensic.server.http_server (http_server.py:115): HTTP "POST /_forensic/windows HTTP/1.1" 200 -
2026-05-17 13:55:44 [DEBUG   ] forensic (main.py:447): Watchdog: Heartbeat (Dump: 'logs/freeze_dump.txt')
2026-05-17 13:55:45 [DEBUG   ] forensic.server.router (router.py:104): Router: POST /_forensic/windows (ajax=True)
2026-05-17 13:55:45 [DEBUG   ] forensic.forensic_api.windows (windows.py:186): /_forensic/windows POST: Fenster '0c58e6fc-0e3f-4c8c-9921-0e9273969cd3' (Rolle 'userinfo') registriert
2026-05-17 13:55:45 [DEBUG   ] forensic.server.http_server (http_server.py:115): HTTP "POST /_forensic/windows HTTP/1.1" 200 -
2026-05-17 13:55:45 [DEBUG   ] forensic.server.router (router.py:104): Router: POST /_forensic/windows (ajax=True)
2026-05-17 13:55:45 [DEBUG   ] forensic.forensic_api.windows (windows.py:186): /_forensic/windows POST: Fenster 'f687ce56-9c2d-48dc-8ffc-84e80601ef52' (Rolle 'report') registriert
2026-05-17 13:55:45 [DEBUG   ] forensic.server.http_server (http_server.py:115): HTTP "POST /_forensic/windows HTTP/1.1" 200 -
2026-05-17 13:55:59 [DEBUG   ] forensic.server.router (router.py:104): Router: POST /_forensic/editor/block (ajax=False)
2026-05-17 13:55:59 [DEBUG   ] forensic.forensic_api.editor_block (editor_block.py:176): _action_save eingehend: block_id='-IZa35q7DZ' block_type='paragraph' block_data_type=dict owner='paul' report_id=1 placeholder_values_json_len=None
2026-05-17 13:55:59 [INFO    ] forensic.db.evidence_db (evidence_db.py:1310): Block gespeichert: block_id=-IZa35q7DZ type=paragraph report_id=1 von 'paul'
2026-05-17 13:55:59 [DEBUG   ] forensic.server.http_server (http_server.py:115): HTTP "POST /_forensic/editor/block HTTP/1.1" 200 -
2026-05-17 13:55:59 [INFO    ] forensic.forensic_api.editor_block (editor_block.py:349): Block gespeichert: block_id=-IZa35q7DZ type=paragraph owner=paul
2026-05-17 13:55:59 [DEBUG   ] forensic.server.router (router.py:104): Router: POST /_forensic/editor/block (ajax=False)
2026-05-17 13:55:59 [DEBUG   ] forensic.forensic_api.editor_block (editor_block.py:176): _action_save eingehend: block_id='A_ReHut8UO' block_type='paragraph' block_data_type=dict owner='paul' report_id=1 placeholder_values_json_len=None
2026-05-17 13:55:59 [INFO    ] forensic.db.evidence_db (evidence_db.py:1310): Block gespeichert: block_id=A_ReHut8UO type=paragraph report_id=1 von 'paul'
2026-05-17 13:55:59 [DEBUG   ] forensic.server.http_server (http_server.py:115): HTTP "POST /_forensic/editor/block HTTP/1.1" 200 -
2026-05-17 13:55:59 [INFO    ] forensic.forensic_api.editor_block (editor_block.py:349): Block gespeichert: block_id=A_ReHut8UO type=paragraph owner=paul
2026-05-17 13:55:59 [DEBUG   ] forensic.server.router (router.py:104): Router: POST /_forensic/editor/order (ajax=False)
2026-05-17 13:55:59 [DEBUG   ] forensic.server.http_server (http_server.py:115): HTTP "POST /_forensic/editor/order HTTP/1.1" 200 -
2026-05-17 13:55:59 [INFO    ] forensic.forensic_api.editor_order (editor_order.py:174): Blockreihenfolge aktualisiert: report_id=1, 2 Eintraege von 'paul'
2026-05-17 13:55:59 [DEBUG   ] forensic.server.router (router.py:104): Router: GET /_forensic/report (ajax=True)
2026-05-17 13:55:59 [DEBUG   ] forensic.server.http_server (http_server.py:115): HTTP "GET /_forensic/report?format=json&report_id=1 HTTP/1.1" 200 -
2026-05-17 13:55:59 [DEBUG   ] forensic.server.router (router.py:104): Router: GET /_forensic/placeholders/values (ajax=True)
2026-05-17 13:55:59 [DEBUG   ] forensic.server.http_server (http_server.py:115): HTTP "GET /_forensic/placeholders/values?report_id=1 HTTP/1.1" 200 -
2026-05-17 13:56:01 [DEBUG   ] forensic.server.router (router.py:104): Router: POST /_forensic/windows (ajax=True)
2026-05-17 13:56:01 [DEBUG   ] forensic.forensic_api.windows (windows.py:186): /_forensic/windows POST: Fenster 'ac276cc1-814e-4577-ae23-68aea9638533' (Rolle 'main') registriert
2026-05-17 13:56:01 [DEBUG   ] forensic.server.http_server (http_server.py:115): HTTP "POST /_forensic/windows HTTP/1.1" 200 -
2026-05-17 13:56:14 [DEBUG   ] forensic (main.py:447): Watchdog: Heartbeat (Dump: 'logs/freeze_dump.txt')
2026-05-17 13:56:15 [DEBUG   ] forensic.server.router (router.py:104): Router: POST /_forensic/windows (ajax=True)
2026-05-17 13:56:15 [DEBUG   ] forensic.forensic_api.windows (windows.py:186): /_forensic/windows POST: Fenster '0c58e6fc-0e3f-4c8c-9921-0e9273969cd3' (Rolle 'userinfo') registriert
2026-05-17 13:56:15 [DEBUG   ] forensic.server.http_server (http_server.py:115): HTTP "POST /_forensic/windows HTTP/1.1" 200 -
2026-05-17 13:56:15 [DEBUG   ] forensic.server.router (router.py:104): Router: POST /_forensic/windows (ajax=True)
2026-05-17 13:56:15 [DEBUG   ] forensic.forensic_api.windows (windows.py:186): /_forensic/windows POST: Fenster 'f687ce56-9c2d-48dc-8ffc-84e80601ef52' (Rolle 'report') registriert
2026-05-17 13:56:15 [DEBUG   ] forensic.server.http_server (http_server.py:115): HTTP "POST /_forensic/windows HTTP/1.1" 200 -
2026-05-17 13:56:31 [DEBUG   ] forensic.server.router (router.py:104): Router: POST /_forensic/windows (ajax=True)
2026-05-17 13:56:31 [DEBUG   ] forensic.forensic_api.windows (windows.py:186): /_forensic/windows POST: Fenster 'ac276cc1-814e-4577-ae23-68aea9638533' (Rolle 'main') registriert
2026-05-17 13:56:31 [DEBUG   ] forensic.server.http_server (http_server.py:115): HTTP "POST /_forensic/windows HTTP/1.1" 200 -
2026-05-17 13:56:44 [DEBUG   ] forensic (main.py:447): Watchdog: Heartbeat (Dump: 'logs/freeze_dump.txt')
2026-05-17 13:56:45 [DEBUG   ] forensic.server.router (router.py:104): Router: POST /_forensic/windows (ajax=True)
2026-05-17 13:56:45 [DEBUG   ] forensic.forensic_api.windows (windows.py:186): /_forensic/windows POST: Fenster '0c58e6fc-0e3f-4c8c-9921-0e9273969cd3' (Rolle 'userinfo') registriert
2026-05-17 13:56:45 [DEBUG   ] forensic.server.http_server (http_server.py:115): HTTP "POST /_forensic/windows HTTP/1.1" 200 -
2026-05-17 13:56:45 [DEBUG   ] forensic.server.router (router.py:104): Router: POST /_forensic/windows (ajax=True)
2026-05-17 13:56:45 [DEBUG   ] forensic.forensic_api.windows (windows.py:186): /_forensic/windows POST: Fenster 'f687ce56-9c2d-48dc-8ffc-84e80601ef52' (Rolle 'report') registriert
2026-05-17 13:56:45 [DEBUG   ] forensic.server.http_server (http_server.py:115): HTTP "POST /_forensic/windows HTTP/1.1" 200 -
2026-05-17 13:57:01 [DEBUG   ] forensic.server.router (router.py:104): Router: POST /_forensic/windows (ajax=True)
2026-05-17 13:57:01 [DEBUG   ] forensic.forensic_api.windows (windows.py:186): /_forensic/windows POST: Fenster 'ac276cc1-814e-4577-ae23-68aea9638533' (Rolle 'main') registriert
2026-05-17 13:57:01 [DEBUG   ] forensic.server.http_server (http_server.py:115): HTTP "POST /_forensic/windows HTTP/1.1" 200 -
2026-05-17 13:57:14 [DEBUG   ] forensic (main.py:447): Watchdog: Heartbeat (Dump: 'logs/freeze_dump.txt')
2026-05-17 13:57:15 [DEBUG   ] forensic.server.router (router.py:104): Router: POST /_forensic/windows (ajax=True)
2026-05-17 13:57:15 [DEBUG   ] forensic.forensic_api.windows (windows.py:186): /_forensic/windows POST: Fenster '0c58e6fc-0e3f-4c8c-9921-0e9273969cd3' (Rolle 'userinfo') registriert
2026-05-17 13:57:15 [DEBUG   ] forensic.server.http_server (http_server.py:115): HTTP "POST /_forensic/windows HTTP/1.1" 200 -
2026-05-17 13:57:15 [DEBUG   ] forensic.server.router (router.py:104): Router: POST /_forensic/windows (ajax=True)
2026-05-17 13:57:15 [DEBUG   ] forensic.forensic_api.windows (windows.py:186): /_forensic/windows POST: Fenster 'f687ce56-9c2d-48dc-8ffc-84e80601ef52' (Rolle 'report') registriert
2026-05-17 13:57:15 [DEBUG   ] forensic.server.http_server (http_server.py:115): HTTP "POST /_forensic/windows HTTP/1.1" 200 -
2026-05-17 13:57:31 [DEBUG   ] forensic.server.router (router.py:104): Router: POST /_forensic/windows (ajax=True)
2026-05-17 13:57:31 [DEBUG   ] forensic.forensic_api.windows (windows.py:186): /_forensic/windows POST: Fenster 'ac276cc1-814e-4577-ae23-68aea9638533' (Rolle 'main') registriert
2026-05-17 13:57:31 [DEBUG   ] forensic.server.http_server (http_server.py:115): HTTP "POST /_forensic/windows HTTP/1.1" 200 -
2026-05-17 13:57:44 [DEBUG   ] forensic (main.py:447): Watchdog: Heartbeat (Dump: 'logs/freeze_dump.txt')
2026-05-17 13:57:45 [DEBUG   ] forensic.server.router (router.py:104): Router: POST /_forensic/windows (ajax=True)
2026-05-17 13:57:45 [DEBUG   ] forensic.forensic_api.windows (windows.py:186): /_forensic/windows POST: Fenster '0c58e6fc-0e3f-4c8c-9921-0e9273969cd3' (Rolle 'userinfo') registriert
2026-05-17 13:57:45 [DEBUG   ] forensic.server.http_server (http_server.py:115): HTTP "POST /_forensic/windows HTTP/1.1" 200 -
2026-05-17 13:57:45 [DEBUG   ] forensic.server.router (router.py:104): Router: POST /_forensic/windows (ajax=True)
2026-05-17 13:57:45 [DEBUG   ] forensic.forensic_api.windows (windows.py:186): /_forensic/windows POST: Fenster 'f687ce56-9c2d-48dc-8ffc-84e80601ef52' (Rolle 'report') registriert
2026-05-17 13:57:45 [DEBUG   ] forensic.server.http_server (http_server.py:115): HTTP "POST /_forensic/windows HTTP/1.1" 200 -
2026-05-17 13:58:01 [DEBUG   ] forensic.server.router (router.py:104): Router: POST /_forensic/windows (ajax=True)
2026-05-17 13:58:01 [DEBUG   ] forensic.forensic_api.windows (windows.py:186): /_forensic/windows POST: Fenster 'ac276cc1-814e-4577-ae23-68aea9638533' (Rolle 'main') registriert
2026-05-17 13:58:01 [DEBUG   ] forensic.server.http_server (http_server.py:115): HTTP "POST /_forensic/windows HTTP/1.1" 200 -
2026-05-17 13:58:14 [DEBUG   ] forensic (main.py:447): Watchdog: Heartbeat (Dump: 'logs/freeze_dump.txt')
2026-05-17 13:58:15 [DEBUG   ] forensic.server.router (router.py:104): Router: POST /_forensic/windows (ajax=True)
2026-05-17 13:58:15 [DEBUG   ] forensic.forensic_api.windows (windows.py:186): /_forensic/windows POST: Fenster '0c58e6fc-0e3f-4c8c-9921-0e9273969cd3' (Rolle 'userinfo') registriert
2026-05-17 13:58:15 [DEBUG   ] forensic.server.http_server (http_server.py:115): HTTP "POST /_forensic/windows HTTP/1.1" 200 -
2026-05-17 13:58:15 [DEBUG   ] forensic.server.router (router.py:104): Router: POST /_forensic/windows (ajax=True)
2026-05-17 13:58:15 [DEBUG   ] forensic.forensic_api.windows (windows.py:186): /_forensic/windows POST: Fenster 'f687ce56-9c2d-48dc-8ffc-84e80601ef52' (Rolle 'report') registriert
2026-05-17 13:58:15 [DEBUG   ] forensic.server.http_server (http_server.py:115): HTTP "POST /_forensic/windows HTTP/1.1" 200 -
2026-05-17 13:58:31 [DEBUG   ] forensic.server.router (router.py:104): Router: POST /_forensic/windows (ajax=True)
2026-05-17 13:58:31 [DEBUG   ] forensic.forensic_api.windows (windows.py:186): /_forensic/windows POST: Fenster 'ac276cc1-814e-4577-ae23-68aea9638533' (Rolle 'main') registriert
2026-05-17 13:58:31 [DEBUG   ] forensic.server.http_server (http_server.py:115): HTTP "POST /_forensic/windows HTTP/1.1" 200 -
2026-05-17 13:58:44 [DEBUG   ] forensic (main.py:447): Watchdog: Heartbeat (Dump: 'logs/freeze_dump.txt')
2026-05-17 13:58:45 [DEBUG   ] forensic.server.router (router.py:104): Router: POST /_forensic/windows (ajax=True)
2026-05-17 13:58:45 [DEBUG   ] forensic.forensic_api.windows (windows.py:186): /_forensic/windows POST: Fenster '0c58e6fc-0e3f-4c8c-9921-0e9273969cd3' (Rolle 'userinfo') registriert
2026-05-17 13:58:45 [DEBUG   ] forensic.server.http_server (http_server.py:115): HTTP "POST /_forensic/windows HTTP/1.1" 200 -
2026-05-17 13:58:45 [DEBUG   ] forensic.server.router (router.py:104): Router: POST /_forensic/windows (ajax=True)
2026-05-17 13:58:45 [DEBUG   ] forensic.forensic_api.windows (windows.py:186): /_forensic/windows POST: Fenster 'f687ce56-9c2d-48dc-8ffc-84e80601ef52' (Rolle 'report') registriert
2026-05-17 13:58:45 [DEBUG   ] forensic.server.http_server (http_server.py:115): HTTP "POST /_forensic/windows HTTP/1.1" 200 -
2026-05-17 13:59:01 [DEBUG   ] forensic.server.router (router.py:104): Router: POST /_forensic/windows (ajax=True)
2026-05-17 13:59:01 [DEBUG   ] forensic.forensic_api.windows (windows.py:186): /_forensic/windows POST: Fenster 'ac276cc1-814e-4577-ae23-68aea9638533' (Rolle 'main') registriert
2026-05-17 13:59:01 [DEBUG   ] forensic.server.http_server (http_server.py:115): HTTP "POST /_forensic/windows HTTP/1.1" 200 -
2026-05-17 13:59:14 [DEBUG   ] forensic (main.py:447): Watchdog: Heartbeat (Dump: 'logs/freeze_dump.txt')
2026-05-17 13:59:15 [DEBUG   ] forensic.server.router (router.py:104): Router: POST /_forensic/windows (ajax=True)
2026-05-17 13:59:15 [DEBUG   ] forensic.forensic_api.windows (windows.py:186): /_forensic/windows POST: Fenster '0c58e6fc-0e3f-4c8c-9921-0e9273969cd3' (Rolle 'userinfo') registriert
2026-05-17 13:59:15 [DEBUG   ] forensic.server.http_server (http_server.py:115): HTTP "POST /_forensic/windows HTTP/1.1" 200 -
2026-05-17 13:59:15 [DEBUG   ] forensic.server.router (router.py:104): Router: POST /_forensic/windows (ajax=True)
2026-05-17 13:59:15 [DEBUG   ] forensic.forensic_api.windows (windows.py:186): /_forensic/windows POST: Fenster 'f687ce56-9c2d-48dc-8ffc-84e80601ef52' (Rolle 'report') registriert
2026-05-17 13:59:15 [DEBUG   ] forensic.server.http_server (http_server.py:115): HTTP "POST /_forensic/windows HTTP/1.1" 200 -
2026-05-17 13:59:31 [DEBUG   ] forensic.server.router (router.py:104): Router: POST /_forensic/windows (ajax=True)
2026-05-17 13:59:31 [DEBUG   ] forensic.forensic_api.windows (windows.py:186): /_forensic/windows POST: Fenster 'ac276cc1-814e-4577-ae23-68aea9638533' (Rolle 'main') registriert
2026-05-17 13:59:31 [DEBUG   ] forensic.server.http_server (http_server.py:115): HTTP "POST /_forensic/windows HTTP/1.1" 200 -
2026-05-17 13:59:44 [DEBUG   ] forensic (main.py:447): Watchdog: Heartbeat (Dump: 'logs/freeze_dump.txt')
2026-05-17 13:59:45 [DEBUG   ] forensic.server.router (router.py:104): Router: POST /_forensic/windows (ajax=True)
2026-05-17 13:59:45 [DEBUG   ] forensic.forensic_api.windows (windows.py:186): /_forensic/windows POST: Fenster '0c58e6fc-0e3f-4c8c-9921-0e9273969cd3' (Rolle 'userinfo') registriert
2026-05-17 13:59:45 [DEBUG   ] forensic.server.http_server (http_server.py:115): HTTP "POST /_forensic/windows HTTP/1.1" 200 -
2026-05-17 13:59:45 [DEBUG   ] forensic.server.router (router.py:104): Router: POST /_forensic/windows (ajax=True)
2026-05-17 13:59:45 [DEBUG   ] forensic.forensic_api.windows (windows.py:186): /_forensic/windows POST: Fenster 'f687ce56-9c2d-48dc-8ffc-84e80601ef52' (Rolle 'report') registriert
2026-05-17 13:59:45 [DEBUG   ] forensic.server.http_server (http_server.py:115): HTTP "POST /_forensic/windows HTTP/1.1" 200 -
2026-05-17 14:00:01 [DEBUG   ] forensic.server.router (router.py:104): Router: POST /_forensic/windows (ajax=True)
2026-05-17 14:00:01 [DEBUG   ] forensic.forensic_api.windows (windows.py:186): /_forensic/windows POST: Fenster 'ac276cc1-814e-4577-ae23-68aea9638533' (Rolle 'main') registriert
2026-05-17 14:00:01 [DEBUG   ] forensic.server.http_server (http_server.py:115): HTTP "POST /_forensic/windows HTTP/1.1" 200 -
2026-05-17 14:00:14 [DEBUG   ] forensic (main.py:447): Watchdog: Heartbeat (Dump: 'logs/freeze_dump.txt')
2026-05-17 14:00:15 [DEBUG   ] forensic.server.router (router.py:104): Router: POST /_forensic/windows (ajax=True)
2026-05-17 14:00:15 [DEBUG   ] forensic.forensic_api.windows (windows.py:186): /_forensic/windows POST: Fenster '0c58e6fc-0e3f-4c8c-9921-0e9273969cd3' (Rolle 'userinfo') registriert
2026-05-17 14:00:15 [DEBUG   ] forensic.server.http_server (http_server.py:115): HTTP "POST /_forensic/windows HTTP/1.1" 200 -
2026-05-17 14:00:15 [DEBUG   ] forensic.server.router (router.py:104): Router: POST /_forensic/windows (ajax=True)
2026-05-17 14:00:15 [DEBUG   ] forensic.forensic_api.windows (windows.py:186): /_forensic/windows POST: Fenster 'f687ce56-9c2d-48dc-8ffc-84e80601ef52' (Rolle 'report') registriert
2026-05-17 14:00:15 [DEBUG   ] forensic.server.http_server (http_server.py:115): HTTP "POST /_forensic/windows HTTP/1.1" 200 -
2026-05-17 14:00:31 [DEBUG   ] forensic.server.router (router.py:104): Router: POST /_forensic/windows (ajax=True)
2026-05-17 14:00:31 [DEBUG   ] forensic.forensic_api.windows (windows.py:186): /_forensic/windows POST: Fenster 'ac276cc1-814e-4577-ae23-68aea9638533' (Rolle 'main') registriert
2026-05-17 14:00:31 [DEBUG   ] forensic.server.http_server (http_server.py:115): HTTP "POST /_forensic/windows HTTP/1.1" 200 -
2026-05-17 14:00:44 [DEBUG   ] forensic (main.py:447): Watchdog: Heartbeat (Dump: 'logs/freeze_dump.txt')
2026-05-17 14:00:45 [DEBUG   ] forensic.server.router (router.py:104): Router: POST /_forensic/windows (ajax=True)
2026-05-17 14:00:45 [DEBUG   ] forensic.forensic_api.windows (windows.py:186): /_forensic/windows POST: Fenster '0c58e6fc-0e3f-4c8c-9921-0e9273969cd3' (Rolle 'userinfo') registriert
2026-05-17 14:00:45 [DEBUG   ] forensic.server.http_server (http_server.py:115): HTTP "POST /_forensic/windows HTTP/1.1" 200 -
2026-05-17 14:00:45 [DEBUG   ] forensic.server.router (router.py:104): Router: POST /_forensic/windows (ajax=True)
2026-05-17 14:00:45 [DEBUG   ] forensic.forensic_api.windows (windows.py:186): /_forensic/windows POST: Fenster 'f687ce56-9c2d-48dc-8ffc-84e80601ef52' (Rolle 'report') registriert
2026-05-17 14:00:45 [DEBUG   ] forensic.server.http_server (http_server.py:115): HTTP "POST /_forensic/windows HTTP/1.1" 200 -
2026-05-17 14:01:01 [DEBUG   ] forensic.server.router (router.py:104): Router: POST /_forensic/windows (ajax=True)
2026-05-17 14:01:01 [DEBUG   ] forensic.forensic_api.windows (windows.py:186): /_forensic/windows POST: Fenster 'ac276cc1-814e-4577-ae23-68aea9638533' (Rolle 'main') registriert
2026-05-17 14:01:01 [DEBUG   ] forensic.server.http_server (http_server.py:115): HTTP "POST /_forensic/windows HTTP/1.1" 200 -
