2026-05-10 14:59:01 [INFO    ] forensic (logger.py:158): Logging initialisiert — Level: DEBUG, Logdatei: /opt/aiw_webserver/logs/forensic_server.log
2026-05-10 14:59:01 [INFO    ] forensic (main.py:250): === Forensischer Webserver startet - Date:   Sun May 10 14:02:53 2026 +0200                         Version 0.6.149 - 2ce787bc-4c68-11f1-99c4-f7ca08613fae ===
2026-05-10 14:59:01 [INFO    ] forensic (main.py:253): Config geladen: '/opt/aiw_webserver/config.yaml'
2026-05-10 14:59:01 [DEBUG   ] forensic.core.user_resolver (user_resolver.py:70): Systembenutzer ermittelt: 'paul' (Plattform: linux)
2026-05-10 14:59:01 [INFO    ] forensic (main.py:262): Systembenutzer: 'paul'
2026-05-10 14:59:01 [INFO    ] forensic.core.mode_resolver (mode_resolver.py:150): Startmodus: 'cli'
2026-05-10 14:59:01 [INFO    ] forensic.core.mode_resolver (mode_resolver.py:351): Modus 'cli': user_id=538299, username='uid_538299', forensic_db='/opt/aiw_webserver/data/forensic/forensic_538299.db'
2026-05-10 14:59:01 [INFO    ] forensic (main.py:285): Kontext: mode='cli', user_id=538299, username='uid_538299'
2026-05-10 14:59:01 [INFO    ] forensic (main.py:289): forensic_db : '/opt/aiw_webserver/data/forensic/forensic_538299.db'
2026-05-10 14:59:01 [INFO    ] forensic (main.py:290): evidence_db : '/opt/aiw_webserver/data/evidence/evidence_538299.db'
2026-05-10 14:59:01 [INFO    ] forensic (main.py:291): default_db  : '/opt/aiw_webserver/data/default.db'
2026-05-10 14:59:01 [INFO    ] forensic (main.py:292): coordinator : '/opt/aiw_webserver/data/coordinator.db'
2026-05-10 14:59:01 [INFO    ] forensic.core.startup_checks (startup_checks.py:123): Starte Voraussetzungsprüfungen...
2026-05-10 14:59:01 [DEBUG   ] forensic.core.startup_checks (startup_checks.py:164): Datei gefunden: forensic_db = '/opt/aiw_webserver/data/forensic/forensic_538299.db'
2026-05-10 14:59:01 [DEBUG   ] forensic.core.startup_checks (startup_checks.py:164): Datei gefunden: evidence_db = '/opt/aiw_webserver/data/evidence/evidence_538299.db'
2026-05-10 14:59:01 [DEBUG   ] forensic.core.startup_checks (startup_checks.py:180): default_db gefunden: '/opt/aiw_webserver/data/default.db'
2026-05-10 14:59:01 [DEBUG   ] forensic.core.startup_checks (startup_checks.py:206): coordinator_db gefunden: '/opt/aiw_webserver/data/coordinator.db'
2026-05-10 14:59:01 [DEBUG   ] forensic.core.startup_checks (startup_checks.py:254): Schema-Version geprüft: 1 (erwartet: 1) ✓
2026-05-10 14:59:02 [INFO    ] forensic.core.startup_checks (startup_checks.py:327): Integritätsprüfung forensic_db erfolgreich: SHA-256 = bf1506808669a92e... ✓
2026-05-10 14:59:02 [DEBUG   ] forensic.core.startup_checks (startup_checks.py:366): forensic_db READ-ONLY-Prüfung bestanden ✓
2026-05-10 14:59:02 [INFO    ] forensic.core.startup_checks (startup_checks.py:132): Alle Voraussetzungsprüfungen erfolgreich abgeschlossen.
2026-05-10 14:59:02 [INFO    ] forensic (main.py:307): Alle Startprüfungen bestanden.
2026-05-10 14:59:02 [DEBUG   ] forensic.core.hosts_manager (hosts_manager.py:135): HostsManager: forum_hostname nicht konfiguriert — no-op.
2026-05-10 14:59:02 [INFO    ] forensic.db.connection_manager (connection_manager.py:146): Öffne Datenbankverbindungen (Modus: 'cli', user_id: 538299)
2026-05-10 14:59:02 [DEBUG   ] forensic.db.connection_manager (connection_manager.py:189): Haupt-DB geöffnet: '/opt/aiw_webserver/data/evidence/evidence_538299.db'
2026-05-10 14:59:02 [DEBUG   ] forensic.db.connection_manager (connection_manager.py:519): ATTACH fdb (READ-ONLY via Authorizer): '/opt/aiw_webserver/data/forensic/forensic_538299.db'
2026-05-10 14:59:02 [DEBUG   ] forensic.db.connection_manager (connection_manager.py:519): ATTACH ddb (READ-ONLY via Authorizer): '/opt/aiw_webserver/data/default.db'
2026-05-10 14:59:02 [DEBUG   ] forensic.db.connection_manager (connection_manager.py:532): ATTACH cdb (READ-WRITE): '/opt/aiw_webserver/data/coordinator.db'
2026-05-10 14:59:02 [DEBUG   ] forensic.db.connection_manager (connection_manager.py:204): cdb angebunden: '/opt/aiw_webserver/data/coordinator.db'
2026-05-10 14:59:02 [DEBUG   ] forensic.db.connection_manager (connection_manager.py:519): ATTACH adb (READ-ONLY via Authorizer): '/opt/aiw_webserver/data/assets/assets_538299.db'
2026-05-10 14:59:02 [DEBUG   ] forensic.db.connection_manager (connection_manager.py:218): adb angebunden (READ-ONLY): '/opt/aiw_webserver/data/assets/assets_538299.db'
2026-05-10 14:59:02 [DEBUG   ] forensic.db.connection_manager (connection_manager.py:519): ATTACH tdb (READ-ONLY via Authorizer): '/opt/aiw_webserver/data/templates.db'
2026-05-10 14:59:02 [DEBUG   ] forensic.db.connection_manager (connection_manager.py:235): tdb angebunden (READ-ONLY): '/opt/aiw_webserver/data/templates.db'
2026-05-10 14:59:02 [DEBUG   ] forensic.db.forensic_db (forensic_db.py:456): get_forum_base_url(): 'http://alice4n4kd5gga3xqggygi6r7q7l7bb2wg5lcykh22ilxomk2jmpcbyd.onion'
2026-05-10 14:59:02 [DEBUG   ] forensic.db.forensic_db (forensic_db.py:221): blob_lookup TEMP VIEW angelegt (forum_base_url='http://alice4n4kd5gga3xqggygi6r7q7l7bb2wg5lcykh22ilxomk2jmpcbyd.onion')
2026-05-10 14:59:02 [DEBUG   ] forensic.db.forensic_db (forensic_db.py:456): get_forum_base_url(): 'http://alice4n4kd5gga3xqggygi6r7q7l7bb2wg5lcykh22ilxomk2jmpcbyd.onion'
2026-05-10 14:59:02 [DEBUG   ] forensic.db.default_db (default_db.py:121): ddb (default.db) korrekt angebunden und erreichbar
2026-05-10 14:59:02 [DEBUG   ] forensic.db.evidence_db (evidence_db.py:473): evidence_db Schema initialisiert (oder bereits vorhanden)
2026-05-10 14:59:02 [DEBUG   ] forensic.db.evidence_db (evidence_db.py:492): evidence_db Migration: 'annotations.selection_json' bereits vorhanden
2026-05-10 14:59:02 [DEBUG   ] forensic.db.evidence_db (evidence_db.py:492): evidence_db Migration: 'annotations.tags_json' bereits vorhanden
2026-05-10 14:59:02 [DEBUG   ] forensic.db.evidence_db (evidence_db.py:492): evidence_db Migration: 'annotations.local_id' bereits vorhanden
2026-05-10 14:59:02 [DEBUG   ] forensic.db.evidence_db (evidence_db.py:492): evidence_db Migration: 'annotations.post_id' bereits vorhanden
2026-05-10 14:59:02 [DEBUG   ] forensic.db.evidence_db (evidence_db.py:492): evidence_db Migration: 'annotations.created_by' bereits vorhanden
2026-05-10 14:59:02 [DEBUG   ] forensic.db.evidence_db (evidence_db.py:507): evidence_db Migration: annotations_local_id_uniq sichergestellt
2026-05-10 14:59:02 [DEBUG   ] forensic.db.assets_db (assets_db.py:155): adb (assets_<uid>.db) korrekt angebunden und erreichbar
2026-05-10 14:59:02 [DEBUG   ] forensic.db.templates_db (templates_db.py:102): TemplatesDb: tdb verfuegbar und initialisiert.
2026-05-10 14:59:02 [DEBUG   ] forensic.db.connection_manager (connection_manager.py:264): Authorizer deaktiviert — Schreibschutz via Dateisystem/startup_checks.
2026-05-10 14:59:02 [INFO    ] forensic.db.connection_manager (connection_manager.py:266): Alle Verbindungen aufgebaut (Normalmodus). forensic_db: 53 Seiten, evidence_db: 2 Annotationen
2026-05-10 14:59:02 [INFO    ] forensic (main.py:351): Alle Datenbankverbindungen aufgebaut.
2026-05-10 14:59:02 [INFO    ] forensic.server.http_server (http_server.py:292): ForensicHTTPServer initialisiert: http://127.0.0.2:8080 (socket-backlog=50, sse-max=20)
2026-05-10 14:59:02 [INFO    ] forensic (main.py:381): Server bereit: http://127.0.0.2:8080
2026-05-10 14:59:02 [INFO    ] forensic (main.py:382): Ermittlung: user_id=538299 ('uid_538299'), Modus='cli'
2026-05-10 14:59:02 [INFO    ] forensic (main.py:437): Watchdog gestartet (Intervall: 30s, Dump: 'logs/freeze_dump.txt')
2026-05-10 14:59:02 [INFO    ] forensic.server.http_server (http_server.py:303): Server läuft. Strg+C zum Beenden.
2026-05-10 14:59:03 [DEBUG   ] forensic.server.router (router.py:102): Router: GET /_forensic/events (ajax=False)
2026-05-10 14:59:03 [DEBUG   ] forensic.server.router (router.py:102): Router: GET /_forensic/events (ajax=False)
2026-05-10 14:59:03 [DEBUG   ] forensic.server.router (router.py:102): Router: GET /_forensic/events (ajax=False)
2026-05-10 14:59:03 [DEBUG   ] forensic.server.http_server (http_server.py:115): HTTP "GET /_forensic/events HTTP/1.1" 200 -
2026-05-10 14:59:03 [DEBUG   ] forensic.server.http_server (http_server.py:115): HTTP "GET /_forensic/events HTTP/1.1" 200 -
2026-05-10 14:59:03 [DEBUG   ] forensic.server.http_server (http_server.py:115): HTTP "GET /_forensic/events HTTP/1.1" 200 -
2026-05-10 14:59:04 [DEBUG   ] forensic.server.router (router.py:102): Router: GET /_forensic/report (ajax=False)
2026-05-10 14:59:04 [DEBUG   ] forensic.server.http_server (http_server.py:115): HTTP "GET /_forensic/report HTTP/1.1" 200 -
2026-05-10 14:59:04 [DEBUG   ] forensic.forensic_api.report (report.py:410): /_forensic/report (HTML) ausgeliefert: user_id=538299
2026-05-10 14:59:04 [DEBUG   ] forensic.server.router (router.py:102): Router: GET /.well-known/appspecific/com.chrome.devtools.json (ajax=False)
2026-05-10 14:59:04 [DEBUG   ] forensic.server.router (router.py:102): Router: GET /_forensic/userinfo.css (ajax=False)
2026-05-10 14:59:04 [DEBUG   ] forensic.server.router (router.py:102): Router: GET /_forensic/report.css (ajax=False)
2026-05-10 14:59:04 [DEBUG   ] forensic.forensic_api.static (static.py:136): Static: '/_forensic/userinfo.css' ausgeliefert (43575 bytes)
2026-05-10 14:59:04 [DEBUG   ] forensic.forensic_api.static (static.py:136): Static: '/_forensic/report.css' ausgeliefert (86360 bytes)
2026-05-10 14:59:04 [DEBUG   ] forensic.server.http_server (http_server.py:115): HTTP "GET /_forensic/userinfo.css HTTP/1.1" 200 -
2026-05-10 14:59:04 [DEBUG   ] forensic.server.http_server (http_server.py:115): HTTP "GET /_forensic/report.css HTTP/1.1" 200 -
2026-05-10 14:59:04 [DEBUG   ] forensic.db.forensic_db (forensic_db.py:264): Seite nicht im Scope: '/.well-known/appspecific/com.chrome.devtools.json' (method=GET)
2026-05-10 14:59:04 [DEBUG   ] forensic.server.shell_handler (shell_handler.py:119): Shell: NOT_IN_SCOPE für '/.well-known/appspecific/com.chrome.devtools.json'
2026-05-10 14:59:04 [DEBUG   ] forensic.server.http_server (http_server.py:115): HTTP "GET /.well-known/appspecific/com.chrome.devtools.json HTTP/1.1" 404 -
2026-05-10 14:59:04 [DEBUG   ] forensic.server.router (router.py:102): Router: GET /_forensic/static/editor/editor.bundle.js (ajax=False)
2026-05-10 14:59:04 [DEBUG   ] forensic.server.router (router.py:102): Router: GET /_forensic/placeholder_chips.js (ajax=False)
2026-05-10 14:59:04 [DEBUG   ] forensic.server.router (router.py:102): Router: GET /_forensic/placeholder_wizard.js (ajax=False)
2026-05-10 14:59:04 [DEBUG   ] forensic.forensic_api.static (static.py:136): Static: '/_forensic/placeholder_chips.js' ausgeliefert (20569 bytes)
2026-05-10 14:59:04 [DEBUG   ] forensic.server.http_server (http_server.py:115): HTTP "GET /_forensic/placeholder_chips.js HTTP/1.1" 200 -
2026-05-10 14:59:04 [DEBUG   ] forensic.forensic_api.static (static.py:195): Editor-Asset: 'editor.bundle.js' ausgeliefert (367120 bytes)
2026-05-10 14:59:04 [DEBUG   ] forensic.server.http_server (http_server.py:115): HTTP "GET /_forensic/static/editor/editor.bundle.js HTTP/1.1" 200 -
2026-05-10 14:59:04 [DEBUG   ] forensic.forensic_api.static (static.py:136): Static: '/_forensic/placeholder_wizard.js' ausgeliefert (27871 bytes)
2026-05-10 14:59:04 [DEBUG   ] forensic.server.http_server (http_server.py:115): HTTP "GET /_forensic/placeholder_wizard.js HTTP/1.1" 200 -
2026-05-10 14:59:04 [DEBUG   ] forensic.server.router (router.py:102): Router: GET /_forensic/module_panel.js (ajax=False)
2026-05-10 14:59:04 [DEBUG   ] forensic.forensic_api.static (static.py:136): Static: '/_forensic/module_panel.js' ausgeliefert (48671 bytes)
2026-05-10 14:59:04 [DEBUG   ] forensic.server.http_server (http_server.py:115): HTTP "GET /_forensic/module_panel.js HTTP/1.1" 200 -
2026-05-10 14:59:04 [DEBUG   ] forensic.server.router (router.py:102): Router: GET /_forensic/annotation_sidebar.js (ajax=False)
2026-05-10 14:59:04 [DEBUG   ] forensic.forensic_api.static (static.py:136): Static: '/_forensic/annotation_sidebar.js' ausgeliefert (24940 bytes)
2026-05-10 14:59:04 [DEBUG   ] forensic.server.http_server (http_server.py:115): HTTP "GET /_forensic/annotation_sidebar.js HTTP/1.1" 200 -
2026-05-10 14:59:04 [DEBUG   ] forensic.server.router (router.py:102): Router: GET /_forensic/comment_thread.js (ajax=False)
2026-05-10 14:59:04 [DEBUG   ] forensic.forensic_api.static (static.py:136): Static: '/_forensic/comment_thread.js' ausgeliefert (16640 bytes)
2026-05-10 14:59:04 [DEBUG   ] forensic.server.http_server (http_server.py:115): HTTP "GET /_forensic/comment_thread.js HTTP/1.1" 200 -
2026-05-10 14:59:04 [DEBUG   ] forensic.server.router (router.py:102): Router: GET /_forensic/report_editor.js (ajax=False)
2026-05-10 14:59:04 [DEBUG   ] forensic.server.router (router.py:102): Router: GET /_forensic/userinfo.js (ajax=False)
2026-05-10 14:59:04 [DEBUG   ] forensic.forensic_api.static (static.py:136): Static: '/_forensic/userinfo.js' ausgeliefert (69864 bytes)
2026-05-10 14:59:04 [DEBUG   ] forensic.server.http_server (http_server.py:115): HTTP "GET /_forensic/userinfo.js HTTP/1.1" 200 -
2026-05-10 14:59:04 [DEBUG   ] forensic.forensic_api.static (static.py:136): Static: '/_forensic/report_editor.js' ausgeliefert (105072 bytes)
2026-05-10 14:59:04 [DEBUG   ] forensic.server.http_server (http_server.py:115): HTTP "GET /_forensic/report_editor.js HTTP/1.1" 200 -
2026-05-10 14:59:05 [DEBUG   ] forensic.server.router (router.py:102): Router: GET /_forensic/events (ajax=False)
2026-05-10 14:59:05 [DEBUG   ] forensic.server.http_server (http_server.py:115): HTTP "GET /_forensic/events HTTP/1.1" 200 -
2026-05-10 14:59:05 [DEBUG   ] forensic.server.router (router.py:102): Router: GET /favicon.ico (ajax=False)
2026-05-10 14:59:05 [DEBUG   ] forensic.db.forensic_db (forensic_db.py:264): Seite nicht im Scope: '/favicon.ico' (method=GET)
2026-05-10 14:59:05 [DEBUG   ] forensic.server.shell_handler (shell_handler.py:119): Shell: NOT_IN_SCOPE für '/favicon.ico'
2026-05-10 14:59:05 [DEBUG   ] forensic.server.http_server (http_server.py:115): HTTP "GET /favicon.ico HTTP/1.1" 404 -
2026-05-10 14:59:05 [DEBUG   ] forensic.server.router (router.py:102): Router: POST /_forensic/report (ajax=False)
2026-05-10 14:59:05 [DEBUG   ] forensic.server.router (router.py:102): Router: GET /_forensic/templates (ajax=True)
2026-05-10 14:59:05 [INFO    ] forensic.db.evidence_db (evidence_db.py:1443): Editor-Lock erworben: 'paul' (lock_id=a8f5d4ec-fc63-4285-b655-dcde456c06c5)
2026-05-10 14:59:05 [DEBUG   ] forensic.server.http_server (http_server.py:115): HTTP "POST /_forensic/report HTTP/1.1" 200 -
2026-05-10 14:59:05 [DEBUG   ] forensic.server.http_server (http_server.py:115): HTTP "GET /_forensic/templates HTTP/1.1" 200 -
2026-05-10 14:59:05 [INFO    ] forensic.forensic_api.report (report.py:904): acquire_lock: 'paul' hat Lock erworben (sse_client=91c77d87-b4c6-444e-bfa8-167ddf780f52)
2026-05-10 14:59:05 [DEBUG   ] forensic.server.router (router.py:102): Router: GET /_forensic/reports (ajax=True)
2026-05-10 14:59:05 [DEBUG   ] forensic.server.router (router.py:102): Router: GET /_forensic/static/editor/editor.bundle.js.map (ajax=False)
2026-05-10 14:59:05 [DEBUG   ] forensic.server.http_server (http_server.py:115): HTTP "GET /_forensic/reports HTTP/1.1" 200 -
2026-05-10 14:59:05 [DEBUG   ] forensic.forensic_api.reports (reports.py:90): /_forensic/reports (GET): 1 Berichte ausgeliefert
2026-05-10 14:59:05 [DEBUG   ] forensic.forensic_api.static (static.py:195): Editor-Asset: 'editor.bundle.js.map' ausgeliefert (938680 bytes)
2026-05-10 14:59:05 [DEBUG   ] forensic.server.http_server (http_server.py:115): HTTP "GET /_forensic/static/editor/editor.bundle.js.map HTTP/1.1" 200 -
2026-05-10 14:59:05 [DEBUG   ] forensic.server.router (router.py:102): Router: GET /_forensic/report (ajax=True)
2026-05-10 14:59:05 [DEBUG   ] forensic.server.http_server (http_server.py:115): HTTP "GET /_forensic/report?format=json HTTP/1.1" 200 -
2026-05-10 14:59:05 [DEBUG   ] forensic.server.router (router.py:102): Router: GET /icons/IconQuote.svg (ajax=False)
2026-05-10 14:59:05 [DEBUG   ] forensic.forensic_api.static (static.py:303): Icons-Asset: 'IconQuote.svg' ausgeliefert (1781 bytes)
2026-05-10 14:59:05 [DEBUG   ] forensic.server.http_server (http_server.py:115): HTTP "GET /icons/IconQuote.svg HTTP/1.1" 200 -
2026-05-10 14:59:32 [DEBUG   ] forensic (main.py:422): Watchdog: Heartbeat (Dump: 'logs/freeze_dump.txt')
2026-05-10 14:59:50 [DEBUG   ] forensic.server.router (router.py:102): Router: POST /_forensic/editor/block (ajax=False)
2026-05-10 14:59:50 [DEBUG   ] forensic.forensic_api.editor_block (editor_block.py:176): _action_save eingehend: block_id='wU6z9eBw34' block_type='paragraph' block_data_type=dict owner='paul' report_id=2 placeholder_values_json_len=None
2026-05-10 14:59:50 [INFO    ] forensic.db.evidence_db (evidence_db.py:992): Block gespeichert: block_id=wU6z9eBw34 type=paragraph report_id=2 von 'paul'
2026-05-10 14:59:50 [DEBUG   ] forensic.server.http_server (http_server.py:115): HTTP "POST /_forensic/editor/block HTTP/1.1" 200 -
2026-05-10 14:59:50 [INFO    ] forensic.forensic_api.editor_block (editor_block.py:349): Block gespeichert: block_id=wU6z9eBw34 type=paragraph owner=paul
2026-05-10 14:59:50 [DEBUG   ] forensic.server.router (router.py:102): Router: POST /_forensic/editor/block (ajax=False)
2026-05-10 14:59:50 [DEBUG   ] forensic.forensic_api.editor_block (editor_block.py:176): _action_save eingehend: block_id='bll-PCJeEv' block_type='paragraph' block_data_type=dict owner='paul' report_id=2 placeholder_values_json_len=None
2026-05-10 14:59:50 [INFO    ] forensic.db.evidence_db (evidence_db.py:992): Block gespeichert: block_id=bll-PCJeEv type=paragraph report_id=2 von 'paul'
2026-05-10 14:59:50 [DEBUG   ] forensic.server.http_server (http_server.py:115): HTTP "POST /_forensic/editor/block HTTP/1.1" 200 -
2026-05-10 14:59:50 [INFO    ] forensic.forensic_api.editor_block (editor_block.py:349): Block gespeichert: block_id=bll-PCJeEv type=paragraph owner=paul
2026-05-10 14:59:50 [DEBUG   ] forensic.server.router (router.py:102): Router: POST /_forensic/editor/block (ajax=False)
2026-05-10 14:59:50 [DEBUG   ] forensic.forensic_api.editor_block (editor_block.py:176): _action_save eingehend: block_id='i8OxxJCEj2' block_type='delimiter' block_data_type=dict owner='paul' report_id=2 placeholder_values_json_len=None
2026-05-10 14:59:50 [INFO    ] forensic.db.evidence_db (evidence_db.py:992): Block gespeichert: block_id=i8OxxJCEj2 type=delimiter report_id=2 von 'paul'
2026-05-10 14:59:50 [DEBUG   ] forensic.server.http_server (http_server.py:115): HTTP "POST /_forensic/editor/block HTTP/1.1" 200 -
2026-05-10 14:59:50 [INFO    ] forensic.forensic_api.editor_block (editor_block.py:349): Block gespeichert: block_id=i8OxxJCEj2 type=delimiter owner=paul
2026-05-10 14:59:50 [DEBUG   ] forensic.server.router (router.py:102): Router: POST /_forensic/editor/block (ajax=False)
2026-05-10 14:59:50 [DEBUG   ] forensic.forensic_api.editor_block (editor_block.py:176): _action_save eingehend: block_id='514412a5-9f7f-4766-a03c-6619cdee2843' block_type='paragraph' block_data_type=dict owner='paul' report_id=2 placeholder_values_json_len=None
2026-05-10 14:59:50 [INFO    ] forensic.db.evidence_db (evidence_db.py:992): Block gespeichert: block_id=514412a5-9f7f-4766-a03c-6619cdee2843 type=paragraph report_id=2 von 'paul'
2026-05-10 14:59:50 [DEBUG   ] forensic.server.http_server (http_server.py:115): HTTP "POST /_forensic/editor/block HTTP/1.1" 200 -
2026-05-10 14:59:50 [INFO    ] forensic.forensic_api.editor_block (editor_block.py:349): Block gespeichert: block_id=514412a5-9f7f-4766-a03c-6619cdee2843 type=paragraph owner=paul
2026-05-10 14:59:50 [DEBUG   ] forensic.server.router (router.py:102): Router: POST /_forensic/editor/block (ajax=False)
2026-05-10 14:59:50 [DEBUG   ] forensic.forensic_api.editor_block (editor_block.py:176): _action_save eingehend: block_id='BeJ0-UiIAh' block_type='paragraph' block_data_type=dict owner='paul' report_id=2 placeholder_values_json_len=None
2026-05-10 14:59:50 [INFO    ] forensic.db.evidence_db (evidence_db.py:992): Block gespeichert: block_id=BeJ0-UiIAh type=paragraph report_id=2 von 'paul'
2026-05-10 14:59:50 [DEBUG   ] forensic.server.http_server (http_server.py:115): HTTP "POST /_forensic/editor/block HTTP/1.1" 200 -
2026-05-10 14:59:50 [INFO    ] forensic.forensic_api.editor_block (editor_block.py:349): Block gespeichert: block_id=BeJ0-UiIAh type=paragraph owner=paul
2026-05-10 14:59:51 [DEBUG   ] forensic.server.router (router.py:102): Router: POST /_forensic/editor/block (ajax=False)
2026-05-10 14:59:51 [DEBUG   ] forensic.forensic_api.editor_block (editor_block.py:176): _action_save eingehend: block_id='pPklymmFi4' block_type='paragraph' block_data_type=dict owner='paul' report_id=2 placeholder_values_json_len=None
2026-05-10 14:59:51 [INFO    ] forensic.db.evidence_db (evidence_db.py:992): Block gespeichert: block_id=pPklymmFi4 type=paragraph report_id=2 von 'paul'
2026-05-10 14:59:51 [DEBUG   ] forensic.server.http_server (http_server.py:115): HTTP "POST /_forensic/editor/block HTTP/1.1" 200 -
2026-05-10 14:59:51 [INFO    ] forensic.forensic_api.editor_block (editor_block.py:349): Block gespeichert: block_id=pPklymmFi4 type=paragraph owner=paul
2026-05-10 14:59:51 [DEBUG   ] forensic.server.router (router.py:102): Router: POST /_forensic/editor/block (ajax=False)
2026-05-10 14:59:51 [DEBUG   ] forensic.forensic_api.editor_block (editor_block.py:176): _action_save eingehend: block_id='ePoQFO0ZVy' block_type='paragraph' block_data_type=dict owner='paul' report_id=2 placeholder_values_json_len=None
2026-05-10 14:59:51 [INFO    ] forensic.db.evidence_db (evidence_db.py:992): Block gespeichert: block_id=ePoQFO0ZVy type=paragraph report_id=2 von 'paul'
2026-05-10 14:59:51 [DEBUG   ] forensic.server.http_server (http_server.py:115): HTTP "POST /_forensic/editor/block HTTP/1.1" 200 -
2026-05-10 14:59:51 [INFO    ] forensic.forensic_api.editor_block (editor_block.py:349): Block gespeichert: block_id=ePoQFO0ZVy type=paragraph owner=paul
2026-05-10 14:59:51 [DEBUG   ] forensic.server.router (router.py:102): Router: POST /_forensic/editor/block (ajax=False)
2026-05-10 14:59:51 [DEBUG   ] forensic.forensic_api.editor_block (editor_block.py:176): _action_save eingehend: block_id='Z6M25Xi_cx' block_type='delimiter' block_data_type=dict owner='paul' report_id=2 placeholder_values_json_len=None
2026-05-10 14:59:51 [INFO    ] forensic.db.evidence_db (evidence_db.py:992): Block gespeichert: block_id=Z6M25Xi_cx type=delimiter report_id=2 von 'paul'
2026-05-10 14:59:51 [DEBUG   ] forensic.server.http_server (http_server.py:115): HTTP "POST /_forensic/editor/block HTTP/1.1" 200 -
2026-05-10 14:59:51 [INFO    ] forensic.forensic_api.editor_block (editor_block.py:349): Block gespeichert: block_id=Z6M25Xi_cx type=delimiter owner=paul
2026-05-10 14:59:51 [DEBUG   ] forensic.server.router (router.py:102): Router: POST /_forensic/editor/block (ajax=False)
2026-05-10 14:59:51 [DEBUG   ] forensic.forensic_api.editor_block (editor_block.py:176): _action_save eingehend: block_id='yVjJm970O7' block_type='header' block_data_type=dict owner='paul' report_id=2 placeholder_values_json_len=None
2026-05-10 14:59:51 [INFO    ] forensic.db.evidence_db (evidence_db.py:992): Block gespeichert: block_id=yVjJm970O7 type=header report_id=2 von 'paul'
2026-05-10 14:59:51 [DEBUG   ] forensic.server.http_server (http_server.py:115): HTTP "POST /_forensic/editor/block HTTP/1.1" 200 -
2026-05-10 14:59:51 [INFO    ] forensic.forensic_api.editor_block (editor_block.py:349): Block gespeichert: block_id=yVjJm970O7 type=header owner=paul
2026-05-10 14:59:51 [DEBUG   ] forensic.server.router (router.py:102): Router: POST /_forensic/editor/block (ajax=False)
2026-05-10 14:59:51 [DEBUG   ] forensic.forensic_api.editor_block (editor_block.py:176): _action_save eingehend: block_id='y43YbBAm0i' block_type='delimiter' block_data_type=dict owner='paul' report_id=2 placeholder_values_json_len=None
2026-05-10 14:59:51 [INFO    ] forensic.db.evidence_db (evidence_db.py:992): Block gespeichert: block_id=y43YbBAm0i type=delimiter report_id=2 von 'paul'
2026-05-10 14:59:51 [DEBUG   ] forensic.server.http_server (http_server.py:115): HTTP "POST /_forensic/editor/block HTTP/1.1" 200 -
2026-05-10 14:59:51 [INFO    ] forensic.forensic_api.editor_block (editor_block.py:349): Block gespeichert: block_id=y43YbBAm0i type=delimiter owner=paul
2026-05-10 14:59:51 [DEBUG   ] forensic.server.router (router.py:102): Router: POST /_forensic/editor/block (ajax=False)
2026-05-10 14:59:51 [DEBUG   ] forensic.forensic_api.editor_block (editor_block.py:176): _action_save eingehend: block_id='t6FegxPnsm' block_type='delimiter' block_data_type=dict owner='paul' report_id=2 placeholder_values_json_len=None
2026-05-10 14:59:51 [INFO    ] forensic.db.evidence_db (evidence_db.py:992): Block gespeichert: block_id=t6FegxPnsm type=delimiter report_id=2 von 'paul'
2026-05-10 14:59:51 [DEBUG   ] forensic.server.http_server (http_server.py:115): HTTP "POST /_forensic/editor/block HTTP/1.1" 200 -
2026-05-10 14:59:51 [INFO    ] forensic.forensic_api.editor_block (editor_block.py:349): Block gespeichert: block_id=t6FegxPnsm type=delimiter owner=paul
2026-05-10 14:59:51 [DEBUG   ] forensic.server.router (router.py:102): Router: POST /_forensic/editor/block (ajax=False)
2026-05-10 14:59:51 [DEBUG   ] forensic.forensic_api.editor_block (editor_block.py:176): _action_save eingehend: block_id='cEqVULVn60' block_type='paragraph' block_data_type=dict owner='paul' report_id=2 placeholder_values_json_len=None
2026-05-10 14:59:51 [INFO    ] forensic.db.evidence_db (evidence_db.py:992): Block gespeichert: block_id=cEqVULVn60 type=paragraph report_id=2 von 'paul'
2026-05-10 14:59:51 [DEBUG   ] forensic.server.http_server (http_server.py:115): HTTP "POST /_forensic/editor/block HTTP/1.1" 200 -
2026-05-10 14:59:51 [INFO    ] forensic.forensic_api.editor_block (editor_block.py:349): Block gespeichert: block_id=cEqVULVn60 type=paragraph owner=paul
2026-05-10 14:59:51 [DEBUG   ] forensic.server.router (router.py:102): Router: POST /_forensic/editor/block (ajax=False)
2026-05-10 14:59:51 [DEBUG   ] forensic.forensic_api.editor_block (editor_block.py:176): _action_save eingehend: block_id='Uugp1g8Wl4' block_type='paragraph' block_data_type=dict owner='paul' report_id=2 placeholder_values_json_len=None
2026-05-10 14:59:51 [INFO    ] forensic.db.evidence_db (evidence_db.py:992): Block gespeichert: block_id=Uugp1g8Wl4 type=paragraph report_id=2 von 'paul'
2026-05-10 14:59:51 [DEBUG   ] forensic.server.http_server (http_server.py:115): HTTP "POST /_forensic/editor/block HTTP/1.1" 200 -
2026-05-10 14:59:51 [INFO    ] forensic.forensic_api.editor_block (editor_block.py:349): Block gespeichert: block_id=Uugp1g8Wl4 type=paragraph owner=paul
2026-05-10 14:59:51 [DEBUG   ] forensic.server.router (router.py:102): Router: POST /_forensic/editor/block (ajax=False)
2026-05-10 14:59:51 [DEBUG   ] forensic.forensic_api.editor_block (editor_block.py:176): _action_save eingehend: block_id='0G_PT2A9j9' block_type='table' block_data_type=dict owner='paul' report_id=2 placeholder_values_json_len=None
2026-05-10 14:59:51 [INFO    ] forensic.db.evidence_db (evidence_db.py:992): Block gespeichert: block_id=0G_PT2A9j9 type=table report_id=2 von 'paul'
2026-05-10 14:59:51 [DEBUG   ] forensic.server.http_server (http_server.py:115): HTTP "POST /_forensic/editor/block HTTP/1.1" 200 -
2026-05-10 14:59:51 [INFO    ] forensic.forensic_api.editor_block (editor_block.py:349): Block gespeichert: block_id=0G_PT2A9j9 type=table owner=paul
2026-05-10 14:59:51 [DEBUG   ] forensic.server.router (router.py:102): Router: POST /_forensic/editor/block (ajax=False)
2026-05-10 14:59:51 [DEBUG   ] forensic.forensic_api.editor_block (editor_block.py:176): _action_save eingehend: block_id='cewq53-w1Y' block_type='paragraph' block_data_type=dict owner='paul' report_id=2 placeholder_values_json_len=None
2026-05-10 14:59:51 [INFO    ] forensic.db.evidence_db (evidence_db.py:992): Block gespeichert: block_id=cewq53-w1Y type=paragraph report_id=2 von 'paul'
2026-05-10 14:59:51 [DEBUG   ] forensic.server.http_server (http_server.py:115): HTTP "POST /_forensic/editor/block HTTP/1.1" 200 -
2026-05-10 14:59:51 [INFO    ] forensic.forensic_api.editor_block (editor_block.py:349): Block gespeichert: block_id=cewq53-w1Y type=paragraph owner=paul
2026-05-10 14:59:51 [DEBUG   ] forensic.server.router (router.py:102): Router: POST /_forensic/editor/block (ajax=False)
2026-05-10 14:59:51 [DEBUG   ] forensic.forensic_api.editor_block (editor_block.py:176): _action_save eingehend: block_id='hD5SRLR-Ll' block_type='quote' block_data_type=dict owner='paul' report_id=2 placeholder_values_json_len=None
2026-05-10 14:59:51 [INFO    ] forensic.db.evidence_db (evidence_db.py:992): Block gespeichert: block_id=hD5SRLR-Ll type=quote report_id=2 von 'paul'
2026-05-10 14:59:51 [DEBUG   ] forensic.server.http_server (http_server.py:115): HTTP "POST /_forensic/editor/block HTTP/1.1" 200 -
2026-05-10 14:59:51 [INFO    ] forensic.forensic_api.editor_block (editor_block.py:349): Block gespeichert: block_id=hD5SRLR-Ll type=quote owner=paul
2026-05-10 14:59:51 [DEBUG   ] forensic.server.router (router.py:102): Router: POST /_forensic/editor/block (ajax=False)
2026-05-10 14:59:51 [DEBUG   ] forensic.forensic_api.editor_block (editor_block.py:176): _action_save eingehend: block_id='FCIUdDNj0n' block_type='paragraph' block_data_type=dict owner='paul' report_id=2 placeholder_values_json_len=None
2026-05-10 14:59:51 [INFO    ] forensic.db.evidence_db (evidence_db.py:992): Block gespeichert: block_id=FCIUdDNj0n type=paragraph report_id=2 von 'paul'
2026-05-10 14:59:51 [DEBUG   ] forensic.server.http_server (http_server.py:115): HTTP "POST /_forensic/editor/block HTTP/1.1" 200 -
2026-05-10 14:59:51 [INFO    ] forensic.forensic_api.editor_block (editor_block.py:349): Block gespeichert: block_id=FCIUdDNj0n type=paragraph owner=paul
2026-05-10 14:59:51 [DEBUG   ] forensic.server.router (router.py:102): Router: POST /_forensic/editor/block (ajax=False)
2026-05-10 14:59:51 [DEBUG   ] forensic.forensic_api.editor_block (editor_block.py:176): _action_save eingehend: block_id='4bZQRqQoFu' block_type='paragraph' block_data_type=dict owner='paul' report_id=2 placeholder_values_json_len=None
2026-05-10 14:59:51 [INFO    ] forensic.db.evidence_db (evidence_db.py:992): Block gespeichert: block_id=4bZQRqQoFu type=paragraph report_id=2 von 'paul'
2026-05-10 14:59:51 [DEBUG   ] forensic.server.http_server (http_server.py:115): HTTP "POST /_forensic/editor/block HTTP/1.1" 200 -
2026-05-10 14:59:51 [INFO    ] forensic.forensic_api.editor_block (editor_block.py:349): Block gespeichert: block_id=4bZQRqQoFu type=paragraph owner=paul
2026-05-10 14:59:51 [DEBUG   ] forensic.server.router (router.py:102): Router: POST /_forensic/editor/block (ajax=False)
2026-05-10 14:59:51 [DEBUG   ] forensic.forensic_api.editor_block (editor_block.py:176): _action_save eingehend: block_id='9Tz-6p_SWf' block_type='paragraph' block_data_type=dict owner='paul' report_id=2 placeholder_values_json_len=None
2026-05-10 14:59:51 [INFO    ] forensic.db.evidence_db (evidence_db.py:992): Block gespeichert: block_id=9Tz-6p_SWf type=paragraph report_id=2 von 'paul'
2026-05-10 14:59:51 [DEBUG   ] forensic.server.http_server (http_server.py:115): HTTP "POST /_forensic/editor/block HTTP/1.1" 200 -
2026-05-10 14:59:51 [INFO    ] forensic.forensic_api.editor_block (editor_block.py:349): Block gespeichert: block_id=9Tz-6p_SWf type=paragraph owner=paul
2026-05-10 14:59:51 [DEBUG   ] forensic.server.router (router.py:102): Router: POST /_forensic/editor/block (ajax=False)
2026-05-10 14:59:51 [DEBUG   ] forensic.forensic_api.editor_block (editor_block.py:176): _action_save eingehend: block_id='rCq5G9wQNQ' block_type='paragraph' block_data_type=dict owner='paul' report_id=2 placeholder_values_json_len=None
2026-05-10 14:59:51 [INFO    ] forensic.db.evidence_db (evidence_db.py:992): Block gespeichert: block_id=rCq5G9wQNQ type=paragraph report_id=2 von 'paul'
2026-05-10 14:59:51 [DEBUG   ] forensic.server.http_server (http_server.py:115): HTTP "POST /_forensic/editor/block HTTP/1.1" 200 -
2026-05-10 14:59:51 [INFO    ] forensic.forensic_api.editor_block (editor_block.py:349): Block gespeichert: block_id=rCq5G9wQNQ type=paragraph owner=paul
2026-05-10 14:59:51 [DEBUG   ] forensic.server.router (router.py:102): Router: POST /_forensic/editor/block (ajax=False)
2026-05-10 14:59:51 [DEBUG   ] forensic.forensic_api.editor_block (editor_block.py:176): _action_save eingehend: block_id='zXOfyNaMlK' block_type='paragraph' block_data_type=dict owner='paul' report_id=2 placeholder_values_json_len=None
2026-05-10 14:59:51 [INFO    ] forensic.db.evidence_db (evidence_db.py:992): Block gespeichert: block_id=zXOfyNaMlK type=paragraph report_id=2 von 'paul'
2026-05-10 14:59:51 [DEBUG   ] forensic.server.http_server (http_server.py:115): HTTP "POST /_forensic/editor/block HTTP/1.1" 200 -
2026-05-10 14:59:51 [INFO    ] forensic.forensic_api.editor_block (editor_block.py:349): Block gespeichert: block_id=zXOfyNaMlK type=paragraph owner=paul
2026-05-10 14:59:51 [DEBUG   ] forensic.server.router (router.py:102): Router: POST /_forensic/editor/block (ajax=False)
2026-05-10 14:59:51 [DEBUG   ] forensic.forensic_api.editor_block (editor_block.py:176): _action_save eingehend: block_id='mFge8rhOQ4' block_type='paragraph' block_data_type=dict owner='paul' report_id=2 placeholder_values_json_len=None
2026-05-10 14:59:51 [INFO    ] forensic.db.evidence_db (evidence_db.py:992): Block gespeichert: block_id=mFge8rhOQ4 type=paragraph report_id=2 von 'paul'
2026-05-10 14:59:51 [DEBUG   ] forensic.server.http_server (http_server.py:115): HTTP "POST /_forensic/editor/block HTTP/1.1" 200 -
2026-05-10 14:59:51 [INFO    ] forensic.forensic_api.editor_block (editor_block.py:349): Block gespeichert: block_id=mFge8rhOQ4 type=paragraph owner=paul
2026-05-10 14:59:51 [DEBUG   ] forensic.server.router (router.py:102): Router: POST /_forensic/editor/block (ajax=False)
2026-05-10 14:59:51 [DEBUG   ] forensic.forensic_api.editor_block (editor_block.py:176): _action_save eingehend: block_id='85KQx12QVa' block_type='list' block_data_type=dict owner='paul' report_id=2 placeholder_values_json_len=None
2026-05-10 14:59:51 [INFO    ] forensic.db.evidence_db (evidence_db.py:992): Block gespeichert: block_id=85KQx12QVa type=list report_id=2 von 'paul'
2026-05-10 14:59:51 [DEBUG   ] forensic.server.http_server (http_server.py:115): HTTP "POST /_forensic/editor/block HTTP/1.1" 200 -
2026-05-10 14:59:51 [INFO    ] forensic.forensic_api.editor_block (editor_block.py:349): Block gespeichert: block_id=85KQx12QVa type=list owner=paul
2026-05-10 14:59:51 [DEBUG   ] forensic.server.router (router.py:102): Router: POST /_forensic/editor/block (ajax=False)
2026-05-10 14:59:51 [DEBUG   ] forensic.forensic_api.editor_block (editor_block.py:176): _action_save eingehend: block_id='a6I-NPWFfk' block_type='evidence' block_data_type=dict owner='paul' report_id=2 placeholder_values_json_len=None
2026-05-10 14:59:51 [INFO    ] forensic.db.evidence_db (evidence_db.py:992): Block gespeichert: block_id=a6I-NPWFfk type=evidence report_id=2 von 'paul'
2026-05-10 14:59:51 [DEBUG   ] forensic.server.http_server (http_server.py:115): HTTP "POST /_forensic/editor/block HTTP/1.1" 200 -
2026-05-10 14:59:51 [INFO    ] forensic.forensic_api.editor_block (editor_block.py:349): Block gespeichert: block_id=a6I-NPWFfk type=evidence owner=paul
2026-05-10 14:59:51 [DEBUG   ] forensic.server.router (router.py:102): Router: POST /_forensic/editor/block (ajax=False)
2026-05-10 14:59:51 [DEBUG   ] forensic.forensic_api.editor_block (editor_block.py:176): _action_save eingehend: block_id='f7a7ae29-3ccf-4ec8-9ea6-3281c64142cb' block_type='paragraph' block_data_type=dict owner='paul' report_id=2 placeholder_values_json_len=None
2026-05-10 14:59:51 [INFO    ] forensic.db.evidence_db (evidence_db.py:992): Block gespeichert: block_id=f7a7ae29-3ccf-4ec8-9ea6-3281c64142cb type=paragraph report_id=2 von 'paul'
2026-05-10 14:59:51 [DEBUG   ] forensic.server.http_server (http_server.py:115): HTTP "POST /_forensic/editor/block HTTP/1.1" 200 -
2026-05-10 14:59:51 [INFO    ] forensic.forensic_api.editor_block (editor_block.py:349): Block gespeichert: block_id=f7a7ae29-3ccf-4ec8-9ea6-3281c64142cb type=paragraph owner=paul
2026-05-10 14:59:51 [DEBUG   ] forensic.server.router (router.py:102): Router: POST /_forensic/editor/block (ajax=False)
2026-05-10 14:59:51 [DEBUG   ] forensic.forensic_api.editor_block (editor_block.py:176): _action_save eingehend: block_id='d55e0f4e-b289-4a32-a281-051552569437' block_type='paragraph' block_data_type=dict owner='paul' report_id=2 placeholder_values_json_len=None
2026-05-10 14:59:51 [INFO    ] forensic.db.evidence_db (evidence_db.py:992): Block gespeichert: block_id=d55e0f4e-b289-4a32-a281-051552569437 type=paragraph report_id=2 von 'paul'
2026-05-10 14:59:51 [DEBUG   ] forensic.server.http_server (http_server.py:115): HTTP "POST /_forensic/editor/block HTTP/1.1" 200 -
2026-05-10 14:59:51 [INFO    ] forensic.forensic_api.editor_block (editor_block.py:349): Block gespeichert: block_id=d55e0f4e-b289-4a32-a281-051552569437 type=paragraph owner=paul
2026-05-10 14:59:51 [DEBUG   ] forensic.server.router (router.py:102): Router: POST /_forensic/editor/block (ajax=False)
2026-05-10 14:59:51 [DEBUG   ] forensic.forensic_api.editor_block (editor_block.py:176): _action_save eingehend: block_id='5cecc378-ac6c-4a20-9140-49a2f9eba9f9' block_type='paragraph' block_data_type=dict owner='paul' report_id=2 placeholder_values_json_len=None
2026-05-10 14:59:51 [INFO    ] forensic.db.evidence_db (evidence_db.py:992): Block gespeichert: block_id=5cecc378-ac6c-4a20-9140-49a2f9eba9f9 type=paragraph report_id=2 von 'paul'
2026-05-10 14:59:51 [DEBUG   ] forensic.server.http_server (http_server.py:115): HTTP "POST /_forensic/editor/block HTTP/1.1" 200 -
2026-05-10 14:59:51 [INFO    ] forensic.forensic_api.editor_block (editor_block.py:349): Block gespeichert: block_id=5cecc378-ac6c-4a20-9140-49a2f9eba9f9 type=paragraph owner=paul
2026-05-10 14:59:51 [DEBUG   ] forensic.server.router (router.py:102): Router: POST /_forensic/editor/block (ajax=False)
2026-05-10 14:59:51 [DEBUG   ] forensic.forensic_api.editor_block (editor_block.py:176): _action_save eingehend: block_id='a0401d7f-3c3c-415a-a706-21712baad59c' block_type='paragraph' block_data_type=dict owner='paul' report_id=2 placeholder_values_json_len=None
2026-05-10 14:59:51 [INFO    ] forensic.db.evidence_db (evidence_db.py:992): Block gespeichert: block_id=a0401d7f-3c3c-415a-a706-21712baad59c type=paragraph report_id=2 von 'paul'
2026-05-10 14:59:51 [DEBUG   ] forensic.server.http_server (http_server.py:115): HTTP "POST /_forensic/editor/block HTTP/1.1" 200 -
2026-05-10 14:59:51 [INFO    ] forensic.forensic_api.editor_block (editor_block.py:349): Block gespeichert: block_id=a0401d7f-3c3c-415a-a706-21712baad59c type=paragraph owner=paul
2026-05-10 14:59:51 [DEBUG   ] forensic.server.router (router.py:102): Router: POST /_forensic/editor/block (ajax=False)
2026-05-10 14:59:51 [DEBUG   ] forensic.forensic_api.editor_block (editor_block.py:176): _action_save eingehend: block_id='faab5dd0-196f-4e70-bb5f-3db727c97329' block_type='paragraph' block_data_type=dict owner='paul' report_id=2 placeholder_values_json_len=None
2026-05-10 14:59:51 [INFO    ] forensic.db.evidence_db (evidence_db.py:992): Block gespeichert: block_id=faab5dd0-196f-4e70-bb5f-3db727c97329 type=paragraph report_id=2 von 'paul'
2026-05-10 14:59:51 [DEBUG   ] forensic.server.http_server (http_server.py:115): HTTP "POST /_forensic/editor/block HTTP/1.1" 200 -
2026-05-10 14:59:51 [INFO    ] forensic.forensic_api.editor_block (editor_block.py:349): Block gespeichert: block_id=faab5dd0-196f-4e70-bb5f-3db727c97329 type=paragraph owner=paul
2026-05-10 14:59:51 [DEBUG   ] forensic.server.router (router.py:102): Router: POST /_forensic/editor/block (ajax=False)
2026-05-10 14:59:51 [DEBUG   ] forensic.forensic_api.editor_block (editor_block.py:176): _action_save eingehend: block_id='3e826a38-d7c4-46c1-b44c-86ece89ca95e' block_type='paragraph' block_data_type=dict owner='paul' report_id=2 placeholder_values_json_len=None
2026-05-10 14:59:51 [INFO    ] forensic.db.evidence_db (evidence_db.py:992): Block gespeichert: block_id=3e826a38-d7c4-46c1-b44c-86ece89ca95e type=paragraph report_id=2 von 'paul'
2026-05-10 14:59:51 [DEBUG   ] forensic.server.http_server (http_server.py:115): HTTP "POST /_forensic/editor/block HTTP/1.1" 200 -
2026-05-10 14:59:51 [INFO    ] forensic.forensic_api.editor_block (editor_block.py:349): Block gespeichert: block_id=3e826a38-d7c4-46c1-b44c-86ece89ca95e type=paragraph owner=paul
2026-05-10 14:59:51 [DEBUG   ] forensic.server.router (router.py:102): Router: POST /_forensic/editor/block (ajax=False)
2026-05-10 14:59:51 [DEBUG   ] forensic.forensic_api.editor_block (editor_block.py:176): _action_save eingehend: block_id='8eda283c-fe16-4fcf-b715-6e385bfa5805' block_type='paragraph' block_data_type=dict owner='paul' report_id=2 placeholder_values_json_len=None
2026-05-10 14:59:51 [INFO    ] forensic.db.evidence_db (evidence_db.py:992): Block gespeichert: block_id=8eda283c-fe16-4fcf-b715-6e385bfa5805 type=paragraph report_id=2 von 'paul'
2026-05-10 14:59:51 [DEBUG   ] forensic.server.http_server (http_server.py:115): HTTP "POST /_forensic/editor/block HTTP/1.1" 200 -
2026-05-10 14:59:51 [INFO    ] forensic.forensic_api.editor_block (editor_block.py:349): Block gespeichert: block_id=8eda283c-fe16-4fcf-b715-6e385bfa5805 type=paragraph owner=paul
2026-05-10 14:59:51 [DEBUG   ] forensic.server.router (router.py:102): Router: POST /_forensic/editor/block (ajax=False)
2026-05-10 14:59:51 [DEBUG   ] forensic.forensic_api.editor_block (editor_block.py:176): _action_save eingehend: block_id='d70d8a8c-0025-4f3b-8e86-628c622238c9' block_type='paragraph' block_data_type=dict owner='paul' report_id=2 placeholder_values_json_len=None
2026-05-10 14:59:51 [INFO    ] forensic.db.evidence_db (evidence_db.py:992): Block gespeichert: block_id=d70d8a8c-0025-4f3b-8e86-628c622238c9 type=paragraph report_id=2 von 'paul'
2026-05-10 14:59:51 [DEBUG   ] forensic.server.http_server (http_server.py:115): HTTP "POST /_forensic/editor/block HTTP/1.1" 200 -
2026-05-10 14:59:51 [INFO    ] forensic.forensic_api.editor_block (editor_block.py:349): Block gespeichert: block_id=d70d8a8c-0025-4f3b-8e86-628c622238c9 type=paragraph owner=paul
2026-05-10 14:59:51 [DEBUG   ] forensic.server.router (router.py:102): Router: POST /_forensic/editor/block (ajax=False)
2026-05-10 14:59:51 [DEBUG   ] forensic.forensic_api.editor_block (editor_block.py:176): _action_save eingehend: block_id='c07412b8-5be3-4fb1-8138-cddef458c7de' block_type='paragraph' block_data_type=dict owner='paul' report_id=2 placeholder_values_json_len=None
2026-05-10 14:59:51 [INFO    ] forensic.db.evidence_db (evidence_db.py:992): Block gespeichert: block_id=c07412b8-5be3-4fb1-8138-cddef458c7de type=paragraph report_id=2 von 'paul'
2026-05-10 14:59:51 [DEBUG   ] forensic.server.http_server (http_server.py:115): HTTP "POST /_forensic/editor/block HTTP/1.1" 200 -
2026-05-10 14:59:51 [INFO    ] forensic.forensic_api.editor_block (editor_block.py:349): Block gespeichert: block_id=c07412b8-5be3-4fb1-8138-cddef458c7de type=paragraph owner=paul
2026-05-10 14:59:51 [DEBUG   ] forensic.server.router (router.py:102): Router: POST /_forensic/editor/block (ajax=False)
2026-05-10 14:59:51 [DEBUG   ] forensic.forensic_api.editor_block (editor_block.py:176): _action_save eingehend: block_id='35a5e7ff-ba8e-4cb4-bcd1-5e9574a13e11' block_type='paragraph' block_data_type=dict owner='paul' report_id=2 placeholder_values_json_len=None
2026-05-10 14:59:51 [INFO    ] forensic.db.evidence_db (evidence_db.py:992): Block gespeichert: block_id=35a5e7ff-ba8e-4cb4-bcd1-5e9574a13e11 type=paragraph report_id=2 von 'paul'
2026-05-10 14:59:51 [DEBUG   ] forensic.server.http_server (http_server.py:115): HTTP "POST /_forensic/editor/block HTTP/1.1" 200 -
2026-05-10 14:59:51 [INFO    ] forensic.forensic_api.editor_block (editor_block.py:349): Block gespeichert: block_id=35a5e7ff-ba8e-4cb4-bcd1-5e9574a13e11 type=paragraph owner=paul
2026-05-10 14:59:51 [DEBUG   ] forensic.server.router (router.py:102): Router: POST /_forensic/editor/block (ajax=False)
2026-05-10 14:59:51 [DEBUG   ] forensic.forensic_api.editor_block (editor_block.py:176): _action_save eingehend: block_id='0463eb2a-13af-4de7-b82a-52945fa89d3d' block_type='paragraph' block_data_type=dict owner='paul' report_id=2 placeholder_values_json_len=None
2026-05-10 14:59:51 [INFO    ] forensic.db.evidence_db (evidence_db.py:992): Block gespeichert: block_id=0463eb2a-13af-4de7-b82a-52945fa89d3d type=paragraph report_id=2 von 'paul'
2026-05-10 14:59:51 [DEBUG   ] forensic.server.http_server (http_server.py:115): HTTP "POST /_forensic/editor/block HTTP/1.1" 200 -
2026-05-10 14:59:51 [INFO    ] forensic.forensic_api.editor_block (editor_block.py:349): Block gespeichert: block_id=0463eb2a-13af-4de7-b82a-52945fa89d3d type=paragraph owner=paul
2026-05-10 14:59:51 [DEBUG   ] forensic.server.router (router.py:102): Router: POST /_forensic/editor/block (ajax=False)
2026-05-10 14:59:51 [DEBUG   ] forensic.forensic_api.editor_block (editor_block.py:176): _action_save eingehend: block_id='ccf3f12c-83ba-466a-84aa-7c31530ac5b6' block_type='paragraph' block_data_type=dict owner='paul' report_id=2 placeholder_values_json_len=None
2026-05-10 14:59:51 [INFO    ] forensic.db.evidence_db (evidence_db.py:992): Block gespeichert: block_id=ccf3f12c-83ba-466a-84aa-7c31530ac5b6 type=paragraph report_id=2 von 'paul'
2026-05-10 14:59:51 [DEBUG   ] forensic.server.http_server (http_server.py:115): HTTP "POST /_forensic/editor/block HTTP/1.1" 200 -
2026-05-10 14:59:51 [INFO    ] forensic.forensic_api.editor_block (editor_block.py:349): Block gespeichert: block_id=ccf3f12c-83ba-466a-84aa-7c31530ac5b6 type=paragraph owner=paul
2026-05-10 14:59:51 [DEBUG   ] forensic.server.router (router.py:102): Router: POST /_forensic/editor/block (ajax=False)
2026-05-10 14:59:51 [DEBUG   ] forensic.forensic_api.editor_block (editor_block.py:176): _action_save eingehend: block_id='bb207375-9a66-4c14-9490-d4fc0ff07a1e' block_type='paragraph' block_data_type=dict owner='paul' report_id=2 placeholder_values_json_len=None
2026-05-10 14:59:51 [INFO    ] forensic.db.evidence_db (evidence_db.py:992): Block gespeichert: block_id=bb207375-9a66-4c14-9490-d4fc0ff07a1e type=paragraph report_id=2 von 'paul'
2026-05-10 14:59:51 [DEBUG   ] forensic.server.http_server (http_server.py:115): HTTP "POST /_forensic/editor/block HTTP/1.1" 200 -
2026-05-10 14:59:51 [INFO    ] forensic.forensic_api.editor_block (editor_block.py:349): Block gespeichert: block_id=bb207375-9a66-4c14-9490-d4fc0ff07a1e type=paragraph owner=paul
2026-05-10 14:59:51 [DEBUG   ] forensic.server.router (router.py:102): Router: POST /_forensic/editor/block (ajax=False)
2026-05-10 14:59:51 [DEBUG   ] forensic.forensic_api.editor_block (editor_block.py:176): _action_save eingehend: block_id='5d10beac-9445-426b-b367-d8d041f236c0' block_type='paragraph' block_data_type=dict owner='paul' report_id=2 placeholder_values_json_len=None
2026-05-10 14:59:51 [INFO    ] forensic.db.evidence_db (evidence_db.py:992): Block gespeichert: block_id=5d10beac-9445-426b-b367-d8d041f236c0 type=paragraph report_id=2 von 'paul'
2026-05-10 14:59:51 [DEBUG   ] forensic.server.http_server (http_server.py:115): HTTP "POST /_forensic/editor/block HTTP/1.1" 200 -
2026-05-10 14:59:51 [INFO    ] forensic.forensic_api.editor_block (editor_block.py:349): Block gespeichert: block_id=5d10beac-9445-426b-b367-d8d041f236c0 type=paragraph owner=paul
2026-05-10 14:59:51 [DEBUG   ] forensic.server.router (router.py:102): Router: POST /_forensic/editor/block (ajax=False)
2026-05-10 14:59:51 [DEBUG   ] forensic.forensic_api.editor_block (editor_block.py:176): _action_save eingehend: block_id='d85a18f6-1fa9-46a2-8b9d-a9f992ea4142' block_type='paragraph' block_data_type=dict owner='paul' report_id=2 placeholder_values_json_len=None
2026-05-10 14:59:51 [INFO    ] forensic.db.evidence_db (evidence_db.py:992): Block gespeichert: block_id=d85a18f6-1fa9-46a2-8b9d-a9f992ea4142 type=paragraph report_id=2 von 'paul'
2026-05-10 14:59:51 [DEBUG   ] forensic.server.http_server (http_server.py:115): HTTP "POST /_forensic/editor/block HTTP/1.1" 200 -
2026-05-10 14:59:51 [INFO    ] forensic.forensic_api.editor_block (editor_block.py:349): Block gespeichert: block_id=d85a18f6-1fa9-46a2-8b9d-a9f992ea4142 type=paragraph owner=paul
2026-05-10 14:59:51 [DEBUG   ] forensic.server.router (router.py:102): Router: POST /_forensic/editor/block (ajax=False)
2026-05-10 14:59:51 [DEBUG   ] forensic.forensic_api.editor_block (editor_block.py:176): _action_save eingehend: block_id='91509f5d-c323-4791-9ff0-1ad099779a87' block_type='paragraph' block_data_type=dict owner='paul' report_id=2 placeholder_values_json_len=None
2026-05-10 14:59:51 [INFO    ] forensic.db.evidence_db (evidence_db.py:992): Block gespeichert: block_id=91509f5d-c323-4791-9ff0-1ad099779a87 type=paragraph report_id=2 von 'paul'
2026-05-10 14:59:51 [DEBUG   ] forensic.server.http_server (http_server.py:115): HTTP "POST /_forensic/editor/block HTTP/1.1" 200 -
2026-05-10 14:59:51 [INFO    ] forensic.forensic_api.editor_block (editor_block.py:349): Block gespeichert: block_id=91509f5d-c323-4791-9ff0-1ad099779a87 type=paragraph owner=paul
2026-05-10 14:59:51 [DEBUG   ] forensic.server.router (router.py:102): Router: POST /_forensic/editor/block (ajax=False)
2026-05-10 14:59:51 [DEBUG   ] forensic.forensic_api.editor_block (editor_block.py:176): _action_save eingehend: block_id='e4121388-0b2c-4aee-a2b5-797242b1e09f' block_type='paragraph' block_data_type=dict owner='paul' report_id=2 placeholder_values_json_len=None
2026-05-10 14:59:51 [INFO    ] forensic.db.evidence_db (evidence_db.py:992): Block gespeichert: block_id=e4121388-0b2c-4aee-a2b5-797242b1e09f type=paragraph report_id=2 von 'paul'
2026-05-10 14:59:51 [DEBUG   ] forensic.server.http_server (http_server.py:115): HTTP "POST /_forensic/editor/block HTTP/1.1" 200 -
2026-05-10 14:59:51 [INFO    ] forensic.forensic_api.editor_block (editor_block.py:349): Block gespeichert: block_id=e4121388-0b2c-4aee-a2b5-797242b1e09f type=paragraph owner=paul
2026-05-10 14:59:51 [DEBUG   ] forensic.server.router (router.py:102): Router: POST /_forensic/editor/block (ajax=False)
2026-05-10 14:59:51 [DEBUG   ] forensic.forensic_api.editor_block (editor_block.py:176): _action_save eingehend: block_id='0f481d39-f202-449c-b24b-28cd1c2da9fb' block_type='paragraph' block_data_type=dict owner='paul' report_id=2 placeholder_values_json_len=None
2026-05-10 14:59:51 [INFO    ] forensic.db.evidence_db (evidence_db.py:992): Block gespeichert: block_id=0f481d39-f202-449c-b24b-28cd1c2da9fb type=paragraph report_id=2 von 'paul'
2026-05-10 14:59:51 [DEBUG   ] forensic.server.http_server (http_server.py:115): HTTP "POST /_forensic/editor/block HTTP/1.1" 200 -
2026-05-10 14:59:51 [INFO    ] forensic.forensic_api.editor_block (editor_block.py:349): Block gespeichert: block_id=0f481d39-f202-449c-b24b-28cd1c2da9fb type=paragraph owner=paul
2026-05-10 14:59:51 [DEBUG   ] forensic.server.router (router.py:102): Router: POST /_forensic/editor/block (ajax=False)
2026-05-10 14:59:51 [DEBUG   ] forensic.forensic_api.editor_block (editor_block.py:176): _action_save eingehend: block_id='e25ce51c-7eeb-47a8-ba19-915c2f4e5d3b' block_type='paragraph' block_data_type=dict owner='paul' report_id=2 placeholder_values_json_len=None
2026-05-10 14:59:51 [INFO    ] forensic.db.evidence_db (evidence_db.py:992): Block gespeichert: block_id=e25ce51c-7eeb-47a8-ba19-915c2f4e5d3b type=paragraph report_id=2 von 'paul'
2026-05-10 14:59:51 [DEBUG   ] forensic.server.http_server (http_server.py:115): HTTP "POST /_forensic/editor/block HTTP/1.1" 200 -
2026-05-10 14:59:51 [INFO    ] forensic.forensic_api.editor_block (editor_block.py:349): Block gespeichert: block_id=e25ce51c-7eeb-47a8-ba19-915c2f4e5d3b type=paragraph owner=paul
2026-05-10 14:59:51 [DEBUG   ] forensic.server.router (router.py:102): Router: POST /_forensic/editor/block (ajax=False)
2026-05-10 14:59:51 [DEBUG   ] forensic.forensic_api.editor_block (editor_block.py:176): _action_save eingehend: block_id='ffbc71f9-3bad-4846-bb79-3e076318775c' block_type='paragraph' block_data_type=dict owner='paul' report_id=2 placeholder_values_json_len=None
2026-05-10 14:59:51 [INFO    ] forensic.db.evidence_db (evidence_db.py:992): Block gespeichert: block_id=ffbc71f9-3bad-4846-bb79-3e076318775c type=paragraph report_id=2 von 'paul'
2026-05-10 14:59:51 [DEBUG   ] forensic.server.http_server (http_server.py:115): HTTP "POST /_forensic/editor/block HTTP/1.1" 200 -
2026-05-10 14:59:51 [INFO    ] forensic.forensic_api.editor_block (editor_block.py:349): Block gespeichert: block_id=ffbc71f9-3bad-4846-bb79-3e076318775c type=paragraph owner=paul
2026-05-10 14:59:51 [DEBUG   ] forensic.server.router (router.py:102): Router: POST /_forensic/editor/block (ajax=False)
2026-05-10 14:59:51 [DEBUG   ] forensic.forensic_api.editor_block (editor_block.py:176): _action_save eingehend: block_id='94f30f18-2106-4631-b9d2-a2d78ae830e4' block_type='paragraph' block_data_type=dict owner='paul' report_id=2 placeholder_values_json_len=None
2026-05-10 14:59:51 [INFO    ] forensic.db.evidence_db (evidence_db.py:992): Block gespeichert: block_id=94f30f18-2106-4631-b9d2-a2d78ae830e4 type=paragraph report_id=2 von 'paul'
2026-05-10 14:59:51 [DEBUG   ] forensic.server.http_server (http_server.py:115): HTTP "POST /_forensic/editor/block HTTP/1.1" 200 -
2026-05-10 14:59:51 [INFO    ] forensic.forensic_api.editor_block (editor_block.py:349): Block gespeichert: block_id=94f30f18-2106-4631-b9d2-a2d78ae830e4 type=paragraph owner=paul
2026-05-10 14:59:52 [DEBUG   ] forensic.server.router (router.py:102): Router: POST /_forensic/editor/block (ajax=False)
2026-05-10 14:59:52 [DEBUG   ] forensic.forensic_api.editor_block (editor_block.py:176): _action_save eingehend: block_id='c4419f84-8217-4a36-ad31-ec3c95c353b7' block_type='paragraph' block_data_type=dict owner='paul' report_id=2 placeholder_values_json_len=None
2026-05-10 14:59:52 [INFO    ] forensic.db.evidence_db (evidence_db.py:992): Block gespeichert: block_id=c4419f84-8217-4a36-ad31-ec3c95c353b7 type=paragraph report_id=2 von 'paul'
2026-05-10 14:59:52 [DEBUG   ] forensic.server.http_server (http_server.py:115): HTTP "POST /_forensic/editor/block HTTP/1.1" 200 -
2026-05-10 14:59:52 [INFO    ] forensic.forensic_api.editor_block (editor_block.py:349): Block gespeichert: block_id=c4419f84-8217-4a36-ad31-ec3c95c353b7 type=paragraph owner=paul
2026-05-10 14:59:52 [DEBUG   ] forensic.server.router (router.py:102): Router: POST /_forensic/editor/block (ajax=False)
2026-05-10 14:59:52 [DEBUG   ] forensic.forensic_api.editor_block (editor_block.py:176): _action_save eingehend: block_id='38DAtbqkeh' block_type='delimiter' block_data_type=dict owner='paul' report_id=2 placeholder_values_json_len=None
2026-05-10 14:59:52 [INFO    ] forensic.db.evidence_db (evidence_db.py:992): Block gespeichert: block_id=38DAtbqkeh type=delimiter report_id=2 von 'paul'
2026-05-10 14:59:52 [DEBUG   ] forensic.server.http_server (http_server.py:115): HTTP "POST /_forensic/editor/block HTTP/1.1" 200 -
2026-05-10 14:59:52 [INFO    ] forensic.forensic_api.editor_block (editor_block.py:349): Block gespeichert: block_id=38DAtbqkeh type=delimiter owner=paul
2026-05-10 14:59:52 [DEBUG   ] forensic.server.router (router.py:102): Router: POST /_forensic/editor/block (ajax=False)
2026-05-10 14:59:52 [DEBUG   ] forensic.forensic_api.editor_block (editor_block.py:176): _action_save eingehend: block_id='YXpi3z0Ouv' block_type='delimiter' block_data_type=dict owner='paul' report_id=2 placeholder_values_json_len=None
2026-05-10 14:59:52 [INFO    ] forensic.db.evidence_db (evidence_db.py:992): Block gespeichert: block_id=YXpi3z0Ouv type=delimiter report_id=2 von 'paul'
2026-05-10 14:59:52 [DEBUG   ] forensic.server.http_server (http_server.py:115): HTTP "POST /_forensic/editor/block HTTP/1.1" 200 -
2026-05-10 14:59:52 [INFO    ] forensic.forensic_api.editor_block (editor_block.py:349): Block gespeichert: block_id=YXpi3z0Ouv type=delimiter owner=paul
2026-05-10 14:59:52 [DEBUG   ] forensic.server.router (router.py:102): Router: POST /_forensic/editor/order (ajax=False)
2026-05-10 14:59:52 [DEBUG   ] forensic.server.http_server (http_server.py:115): HTTP "POST /_forensic/editor/order HTTP/1.1" 200 -
2026-05-10 14:59:52 [INFO    ] forensic.forensic_api.editor_order (editor_order.py:174): Blockreihenfolge aktualisiert: report_id=2, 48 Eintraege von 'paul'
2026-05-10 14:59:52 [DEBUG   ] forensic.server.router (router.py:102): Router: GET /_forensic/report (ajax=True)
2026-05-10 14:59:52 [DEBUG   ] forensic.server.http_server (http_server.py:115): HTTP "GET /_forensic/report?format=json&report_id=2 HTTP/1.1" 200 -
2026-05-10 15:00:02 [DEBUG   ] forensic (main.py:422): Watchdog: Heartbeat (Dump: 'logs/freeze_dump.txt')
2026-05-10 15:00:32 [DEBUG   ] forensic (main.py:422): Watchdog: Heartbeat (Dump: 'logs/freeze_dump.txt')
2026-05-10 15:01:02 [DEBUG   ] forensic (main.py:422): Watchdog: Heartbeat (Dump: 'logs/freeze_dump.txt')
2026-05-10 15:01:32 [DEBUG   ] forensic (main.py:422): Watchdog: Heartbeat (Dump: 'logs/freeze_dump.txt')
2026-05-10 15:02:02 [DEBUG   ] forensic (main.py:422): Watchdog: Heartbeat (Dump: 'logs/freeze_dump.txt')
2026-05-10 15:02:32 [DEBUG   ] forensic (main.py:422): Watchdog: Heartbeat (Dump: 'logs/freeze_dump.txt')
2026-05-10 15:03:02 [DEBUG   ] forensic (main.py:422): Watchdog: Heartbeat (Dump: 'logs/freeze_dump.txt')
2026-05-10 15:03:32 [DEBUG   ] forensic (main.py:422): Watchdog: Heartbeat (Dump: 'logs/freeze_dump.txt')
2026-05-10 15:04:02 [DEBUG   ] forensic (main.py:422): Watchdog: Heartbeat (Dump: 'logs/freeze_dump.txt')
2026-05-10 15:04:32 [DEBUG   ] forensic (main.py:422): Watchdog: Heartbeat (Dump: 'logs/freeze_dump.txt')
2026-05-10 15:05:02 [DEBUG   ] forensic (main.py:422): Watchdog: Heartbeat (Dump: 'logs/freeze_dump.txt')
2026-05-10 15:05:32 [DEBUG   ] forensic (main.py:422): Watchdog: Heartbeat (Dump: 'logs/freeze_dump.txt')
