2026-06-07 13:40:17 [INFO    ] forensic (logger.py:158): Logging initialisiert — Level: DEBUG, Logdatei: /opt/aiw_webserver/logs/forensic_server.log
2026-06-07 13:40:17 [INFO    ] forensic (main.py:265): === Forensischer Webserver startet ===
2026-06-07 13:40:17 [INFO    ] forensic (main.py:268): Config geladen: '/opt/aiw_webserver/config.yaml'
2026-06-07 13:40:17 [DEBUG   ] forensic.core.user_resolver (user_resolver.py:70): Systembenutzer ermittelt: 'paul' (Plattform: linux)
2026-06-07 13:40:17 [INFO    ] forensic (main.py:277): Systembenutzer: 'paul'
2026-06-07 13:40:17 [INFO    ] forensic.core.mode_resolver (mode_resolver.py:150): Startmodus: 'cli'
2026-06-07 13:40:17 [INFO    ] forensic.core.mode_resolver (mode_resolver.py:351): Modus 'cli': user_id=2948078, username='uid_2948078', forensic_db='/opt/aiw_webserver/data/forensic/forensic_2948078.db'
2026-06-07 13:40:17 [INFO    ] forensic (main.py:300): Kontext: mode='cli', user_id=2948078, username='uid_2948078'
2026-06-07 13:40:17 [INFO    ] forensic (main.py:304): forensic_db : '/opt/aiw_webserver/data/forensic/forensic_2948078.db'
2026-06-07 13:40:17 [INFO    ] forensic (main.py:305): evidence_db : '/opt/aiw_webserver/data/evidence/evidence_2948078.db'
2026-06-07 13:40:17 [INFO    ] forensic (main.py:306): default_db  : '/opt/aiw_webserver/data/default.db'
2026-06-07 13:40:17 [INFO    ] forensic (main.py:307): coordinator : '/opt/aiw_webserver/data/coordinator.db'
2026-06-07 13:40:17 [INFO    ] forensic.core.startup_checks (startup_checks.py:123): Starte Voraussetzungsprüfungen...
2026-06-07 13:40:17 [DEBUG   ] forensic.core.startup_checks (startup_checks.py:164): Datei gefunden: forensic_db = '/opt/aiw_webserver/data/forensic/forensic_2948078.db'
2026-06-07 13:40:17 [DEBUG   ] forensic.core.startup_checks (startup_checks.py:164): Datei gefunden: evidence_db = '/opt/aiw_webserver/data/evidence/evidence_2948078.db'
2026-06-07 13:40:17 [DEBUG   ] forensic.core.startup_checks (startup_checks.py:180): default_db gefunden: '/opt/aiw_webserver/data/default.db'
2026-06-07 13:40:17 [DEBUG   ] forensic.core.startup_checks (startup_checks.py:206): coordinator_db gefunden: '/opt/aiw_webserver/data/coordinator.db'
2026-06-07 13:40:17 [DEBUG   ] forensic.core.startup_checks (startup_checks.py:254): Schema-Version geprüft: 1 (erwartet: 1) ✓
2026-06-07 13:40:19 [INFO    ] forensic.core.startup_checks (startup_checks.py:327): Integritätsprüfung forensic_db erfolgreich: SHA-256 = 319d9f95e6f3b2f8... ✓
2026-06-07 13:40:19 [DEBUG   ] forensic.core.startup_checks (startup_checks.py:366): forensic_db READ-ONLY-Prüfung bestanden ✓
2026-06-07 13:40:19 [INFO    ] forensic.core.startup_checks (startup_checks.py:132): Alle Voraussetzungsprüfungen erfolgreich abgeschlossen.
2026-06-07 13:40:19 [INFO    ] forensic (main.py:322): Alle Startprüfungen bestanden.
2026-06-07 13:40:19 [DEBUG   ] forensic.core.hosts_manager (hosts_manager.py:135): HostsManager: forum_hostname nicht konfiguriert — no-op.
2026-06-07 13:40:19 [INFO    ] forensic.db.connection_manager (connection_manager.py:154): Öffne Datenbankverbindungen (Modus: 'cli', user_id: 2948078)
2026-06-07 13:40:19 [DEBUG   ] forensic.db.connection_manager (connection_manager.py:197): Haupt-DB geöffnet: '/opt/aiw_webserver/data/evidence/evidence_2948078.db'
2026-06-07 13:40:19 [DEBUG   ] forensic.db.connection_manager (connection_manager.py:527): ATTACH fdb (READ-ONLY via Authorizer): '/opt/aiw_webserver/data/forensic/forensic_2948078.db'
2026-06-07 13:40:19 [DEBUG   ] forensic.db.connection_manager (connection_manager.py:527): ATTACH ddb (READ-ONLY via Authorizer): '/opt/aiw_webserver/data/default.db'
2026-06-07 13:40:19 [DEBUG   ] forensic.db.connection_manager (connection_manager.py:540): ATTACH cdb (READ-WRITE): '/opt/aiw_webserver/data/coordinator.db'
2026-06-07 13:40:19 [DEBUG   ] forensic.db.connection_manager (connection_manager.py:212): cdb angebunden: '/opt/aiw_webserver/data/coordinator.db'
2026-06-07 13:40:19 [DEBUG   ] forensic.db.connection_manager (connection_manager.py:527): ATTACH adb (READ-ONLY via Authorizer): '/opt/aiw_webserver/data/assets/assets_2948078.db'
2026-06-07 13:40:19 [DEBUG   ] forensic.db.connection_manager (connection_manager.py:226): adb angebunden (READ-ONLY): '/opt/aiw_webserver/data/assets/assets_2948078.db'
2026-06-07 13:40:19 [DEBUG   ] forensic.db.connection_manager (connection_manager.py:527): ATTACH tdb (READ-ONLY via Authorizer): '/opt/aiw_webserver/data/templates.db'
2026-06-07 13:40:19 [DEBUG   ] forensic.db.connection_manager (connection_manager.py:243): tdb angebunden (READ-ONLY): '/opt/aiw_webserver/data/templates.db'
2026-06-07 13:40:19 [DEBUG   ] forensic.db.forensic_db (forensic_db.py:478): get_forum_base_url(): 'http://alice4n4kd5gga3xqggygi6r7q7l7bb2wg5lcykh22ilxomk2jmpcbyd.onion'
2026-06-07 13:40:19 [DEBUG   ] forensic.db.forensic_db (forensic_db.py:221): blob_lookup TEMP VIEW angelegt (forum_base_url='http://alice4n4kd5gga3xqggygi6r7q7l7bb2wg5lcykh22ilxomk2jmpcbyd.onion')
2026-06-07 13:40:19 [DEBUG   ] forensic.db.forensic_db (forensic_db.py:478): get_forum_base_url(): 'http://alice4n4kd5gga3xqggygi6r7q7l7bb2wg5lcykh22ilxomk2jmpcbyd.onion'
2026-06-07 13:40:19 [DEBUG   ] forensic.db.default_db (default_db.py:121): ddb (default.db) korrekt angebunden und erreichbar
2026-06-07 13:40:19 [DEBUG   ] forensic.db.assets_db (assets_db.py:170): adb (assets_<uid>.db) korrekt angebunden und erreichbar
2026-06-07 13:40:19 [DEBUG   ] forensic.db.templates_db (templates_db.py:102): TemplatesDb: tdb verfuegbar und initialisiert.
2026-06-07 13:40:19 [DEBUG   ] forensic.db.connection_manager (connection_manager.py:272): Authorizer deaktiviert — Schreibschutz via Dateisystem/startup_checks.
2026-06-07 13:40:19 [INFO    ] forensic.db.connection_manager (connection_manager.py:274): Alle Verbindungen aufgebaut (Normalmodus). forensic_db: 618 Seiten, evidence_db: 77 Annotationen
2026-06-07 13:40:19 [INFO    ] forensic (main.py:366): Alle Datenbankverbindungen aufgebaut.
2026-06-07 13:40:19 [INFO    ] forensic.core.build_info (build_info.py:87): Build-Info geladen: v0.6.278 Build 278 (2026-06-07) — /opt/aiw_webserver/build.json
2026-06-07 13:40:19 [INFO    ] forensic.core.build_info (build_info.py:117): ======================================================================
2026-06-07 13:40:19 [INFO    ] forensic.core.build_info (build_info.py:118): Datei-Prüfsummen (MD5) — relevante Verzeichnisse:
2026-06-07 13:40:19 [INFO    ] forensic.core.build_info (build_info.py:119): ======================================================================
2026-06-07 13:40:19 [INFO    ] forensic.core.build_info (build_info.py:139):   forensic_api/
2026-06-07 13:40:19 [INFO    ] forensic.core.build_info (build_info.py:144):     62f6c042c160d79342a1c94172f99bb3  forensic_api/__init__.py
2026-06-07 13:40:19 [INFO    ] forensic.core.build_info (build_info.py:144):     a9d4946e7fad988d5c93f91f57414568  forensic_api/_lock_guard.py
2026-06-07 13:40:19 [INFO    ] forensic.core.build_info (build_info.py:144):     a390a43516f6de3d26ef38005ca52fc0  forensic_api/aliases.py
2026-06-07 13:40:19 [INFO    ] forensic.core.build_info (build_info.py:144):     5158550bda7a170b0f95f700c1937f6f  forensic_api/annotate.py
2026-06-07 13:40:19 [INFO    ] forensic.core.build_info (build_info.py:144):     055a8cbc2479f760763218891051f6aa  forensic_api/annotations.py
2026-06-07 13:40:19 [INFO    ] forensic.core.build_info (build_info.py:144):     eb89f8d7d3b9a8c799d5f339e530476c  forensic_api/cross_annotation_integrator.py
2026-06-07 13:40:19 [INFO    ] forensic.core.build_info (build_info.py:144):     242b49e0a636bae32c27545a6041d31e  forensic_api/editor_block.py
2026-06-07 13:40:19 [INFO    ] forensic.core.build_info (build_info.py:144):     021794826bc3578e4a804d83f4940099  forensic_api/editor_comment.py
2026-06-07 13:40:19 [INFO    ] forensic.core.build_info (build_info.py:144):     a348aec0cfabf13d7efb6cecca8b78a9  forensic_api/editor_evidence.py
2026-06-07 13:40:19 [INFO    ] forensic.core.build_info (build_info.py:144):     968ad04d95d0fee56ede3ad57caa6385  forensic_api/editor_order.py
2026-06-07 13:40:19 [INFO    ] forensic.core.build_info (build_info.py:144):     d94de0a64abd16df195ab6b916577990  forensic_api/events.py
2026-06-07 13:40:19 [INFO    ] forensic.core.build_info (build_info.py:144):     c72bbf0458972cd2ee5e2a503d0865cc  forensic_api/export.py
2026-06-07 13:40:19 [INFO    ] forensic.core.build_info (build_info.py:144):     f23bf91c1fccb407d41bcd4a0c590b52  forensic_api/fileasset.py
2026-06-07 13:40:19 [INFO    ] forensic.core.build_info (build_info.py:144):     5e6d2427dbd60cbd54b36b8f8ed6dbc4  forensic_api/investigator_me.py
2026-06-07 13:40:19 [INFO    ] forensic.core.build_info (build_info.py:144):     2cfe78f6dbe29979e3b75d32d5c36f05  forensic_api/knownusers.py
2026-06-07 13:40:19 [INFO    ] forensic.core.build_info (build_info.py:144):     9501fe000961856272d57b11b29b2836  forensic_api/page.py
2026-06-07 13:40:19 [INFO    ] forensic.core.build_info (build_info.py:144):     3458270eea9344594fb5ef67683ffa07  forensic_api/placeholders.py
2026-06-07 13:40:19 [INFO    ] forensic.core.build_info (build_info.py:144):     cca4e528a9bf3be11e45c78d4c2e969e  forensic_api/report.py
2026-06-07 13:40:19 [INFO    ] forensic.core.build_info (build_info.py:144):     6cee93e66bfc7f6dc771e0a5c2d3c991  forensic_api/reports.py
2026-06-07 13:40:19 [INFO    ] forensic.core.build_info (build_info.py:144):     e8d2c5367a66158da0388c2b6d46e7d3  forensic_api/search.py
2026-06-07 13:40:19 [INFO    ] forensic.core.build_info (build_info.py:144):     3c6f7613203058c0458338eac2dc72e9  forensic_api/static.py
2026-06-07 13:40:19 [INFO    ] forensic.core.build_info (build_info.py:144):     7486692643ad2fb75e0262ccf906a647  forensic_api/status.py
2026-06-07 13:40:19 [INFO    ] forensic.core.build_info (build_info.py:144):     1ecb25eae003e36a6a32de28cc6aa48f  forensic_api/sync_incoming.py
2026-06-07 13:40:19 [INFO    ] forensic.core.build_info (build_info.py:144):     bc368f902df389e35beeafc17f0eb134  forensic_api/templates_ep.py
2026-06-07 13:40:19 [INFO    ] forensic.core.build_info (build_info.py:144):     f07dd8ba3965137f0e93be096eba3cc5  forensic_api/trace_sequence.py
2026-06-07 13:40:19 [INFO    ] forensic.core.build_info (build_info.py:144):     6e9964ae4fd7f2818bea5baff74d2d48  forensic_api/userinfo.py
2026-06-07 13:40:19 [INFO    ] forensic.core.build_info (build_info.py:144):     ac03dc8f8019230b6d5de5aab0c5b12c  forensic_api/userinfo_data.py
2026-06-07 13:40:19 [INFO    ] forensic.core.build_info (build_info.py:144):     9bdbdc7be233589a10bc4935570803e7  forensic_api/userinfo_static.py
2026-06-07 13:40:19 [INFO    ] forensic.core.build_info (build_info.py:144):     6b4cee54f3d596804768a5ef06db3490  forensic_api/version.py
2026-06-07 13:40:19 [INFO    ] forensic.core.build_info (build_info.py:144):     612c6dc8137ced9b2314fb4be57e6a70  forensic_api/viewport.py
2026-06-07 13:40:19 [INFO    ] forensic.core.build_info (build_info.py:144):     e5208791e708425cf1a494942e8bbd44  forensic_api/windows.py
2026-06-07 13:40:19 [INFO    ] forensic.core.build_info (build_info.py:139):   userinfo/
2026-06-07 13:40:19 [INFO    ] forensic.core.build_info (build_info.py:144):     98e606ba3e75a80563208173a43ed07d  userinfo/annotation_sidebar.js
2026-06-07 13:40:19 [INFO    ] forensic.core.build_info (build_info.py:144):     97b3170d33f39937dd63168a0dba149b  userinfo/comment_thread.js
2026-06-07 13:40:19 [INFO    ] forensic.core.build_info (build_info.py:144):     b65ee930e203ca6d863ab2eba78f02e6  userinfo/debug_events.js
2026-06-07 13:40:19 [INFO    ] forensic.core.build_info (build_info.py:144):     2c826825b2c52e7ce817b296d6048293  userinfo/document_layer.js
2026-06-07 13:40:19 [INFO    ] forensic.core.build_info (build_info.py:144):     fc700f25d69b2bccfb8aefc7dcec60ba  userinfo/editor_bootstrap.js
2026-06-07 13:40:19 [INFO    ] forensic.core.build_info (build_info.py:144):     b06facf74ae1ad927e860376ba22ae87  userinfo/lock_layer.js
2026-06-07 13:40:19 [INFO    ] forensic.core.build_info (build_info.py:144):     88bd495d79b913c920282856d8a44f35  userinfo/module_panel.js
2026-06-07 13:40:19 [INFO    ] forensic.core.build_info (build_info.py:144):     8374c259ea766060b94af35bab49f961  userinfo/placeholder_chips.js
2026-06-07 13:40:19 [INFO    ] forensic.core.build_info (build_info.py:144):     3a5d01f17877c45027ddc9586e4c8d83  userinfo/placeholder_wizard.js
2026-06-07 13:40:19 [INFO    ] forensic.core.build_info (build_info.py:144):     e49010a802ae10269091f7b31363d461  userinfo/report.css
2026-06-07 13:40:19 [INFO    ] forensic.core.build_info (build_info.py:144):     114ed06c021fd0e589d7e32ec96d415b  userinfo/report.js
2026-06-07 13:40:19 [INFO    ] forensic.core.build_info (build_info.py:144):     744b920bdb6bdcb2f9c3e3ed51a156fa  userinfo/report_editor.js
2026-06-07 13:40:19 [INFO    ] forensic.core.build_info (build_info.py:144):     c843a3b82e95f30fcbb2ac06c7d01a27  userinfo/report_layer.js
2026-06-07 13:40:19 [INFO    ] forensic.core.build_info (build_info.py:144):     e88ad4360cd0d404ae1f68202fe5b6b7  userinfo/sse_layer.js
2026-06-07 13:40:19 [INFO    ] forensic.core.build_info (build_info.py:144):     a0af65cf6bcae5ef6793c72dec97b426  userinfo/userinfo.css
2026-06-07 13:40:19 [INFO    ] forensic.core.build_info (build_info.py:144):     178be6fe1ee70a18f793ebb9bfbba13e  userinfo/userinfo.js
2026-06-07 13:40:19 [INFO    ] forensic.core.build_info (build_info.py:139):   editor/
2026-06-07 13:40:19 [INFO    ] forensic.core.build_info (build_info.py:144):     d41d8cd98f00b204e9800998ecf8427e  editor/__init__.py
2026-06-07 13:40:19 [INFO    ] forensic.core.build_info (build_info.py:144):     6937f1a3a1fec2608183dbdecde5d006  editor/html_renderer.py
2026-06-07 13:40:19 [INFO    ] forensic.core.build_info (build_info.py:139):   toolbar/
2026-06-07 13:40:19 [INFO    ] forensic.core.build_info (build_info.py:144):     82d70e7d1ac771aa1d1573052b6c089b  toolbar/toolbar.css
2026-06-07 13:40:19 [INFO    ] forensic.core.build_info (build_info.py:144):     f5704d22258ece2c9cf6c268410fb491  toolbar/toolbar.js
2026-06-07 13:40:19 [DEBUG   ] forensic.core.build_info (build_info.py:136):   [leer] data/
2026-06-07 13:40:19 [INFO    ] forensic.core.build_info (build_info.py:139):   core/
2026-06-07 13:40:19 [INFO    ] forensic.core.build_info (build_info.py:144):     7927ee36542484c7320d7934218cc7ca  core/__init__.py
2026-06-07 13:40:19 [INFO    ] forensic.core.build_info (build_info.py:144):     139421d80f349dd8d1f7ca0f69b0b827  core/build_info.py
2026-06-07 13:40:19 [INFO    ] forensic.core.build_info (build_info.py:144):     8efc0965c3fb1a2640922bbe95f9eced  core/config_loader.py
2026-06-07 13:40:19 [INFO    ] forensic.core.build_info (build_info.py:144):     d4cf0da5390bc28ab841e955ee797221  core/hosts_manager.py
2026-06-07 13:40:19 [INFO    ] forensic.core.build_info (build_info.py:144):     9e1e6e718de683bad2db3e9946bd6583  core/logger.py
2026-06-07 13:40:19 [INFO    ] forensic.core.build_info (build_info.py:144):     66002a767e40c8988b8943af69e9f065  core/mode_resolver.py
2026-06-07 13:40:19 [INFO    ] forensic.core.build_info (build_info.py:144):     67ba2bef87e31e3e8fc4b684f125c9c2  core/startup_checks.py
2026-06-07 13:40:19 [INFO    ] forensic.core.build_info (build_info.py:144):     dd0ed27c3aaa8aad9ac0060b5f4c475a  core/user_resolver.py
2026-06-07 13:40:19 [INFO    ] forensic.core.build_info (build_info.py:139):   server/
2026-06-07 13:40:19 [INFO    ] forensic.core.build_info (build_info.py:144):     cb1df466eddc44b80558d5b7f9c47a53  server/__init__.py
2026-06-07 13:40:19 [INFO    ] forensic.core.build_info (build_info.py:144):     6557762ffe63c9e5838a7aded8be5a38  server/asset_handler.py
2026-06-07 13:40:19 [INFO    ] forensic.core.build_info (build_info.py:144):     0522a678a9905cbd7ffaa03955485130  server/blob_handler.py
2026-06-07 13:40:19 [INFO    ] forensic.core.build_info (build_info.py:144):     14b08d37a307281bae0c4f9d6a7dd22e  server/head_extractor.py
2026-06-07 13:40:19 [INFO    ] forensic.core.build_info (build_info.py:144):     79d80d36082a370fb466c8160333e5fe  server/http_server.py
2026-06-07 13:40:19 [INFO    ] forensic.core.build_info (build_info.py:144):     ebbf539ef5963d32ccdd499e26c2dc84  server/router.py
2026-06-07 13:40:19 [INFO    ] forensic.core.build_info (build_info.py:144):     2f11a43976926fc9df308c2604585ca3  server/shell_handler.py
2026-06-07 13:40:19 [INFO    ] forensic.core.build_info (build_info.py:139):   static/
2026-06-07 13:40:19 [INFO    ] forensic.core.build_info (build_info.py:144):     bc745390dfecf0edec56cfde0abf0be1  static/editor/bundle_manifest.json
2026-06-07 13:40:19 [INFO    ] forensic.core.build_info (build_info.py:144):     c6c5a4b4615c245c56826dad2c27f1af  static/editor/editor.bundle.js
2026-06-07 13:40:19 [INFO    ] forensic.core.build_info (build_info.py:144):     602170ae2f1d5c003e894f32217a96df  static/vendor/tabulator/tabulator.min.css
2026-06-07 13:40:19 [INFO    ] forensic.core.build_info (build_info.py:144):     0a71453fb151b4ff2392904746c8d8a2  static/vendor/tabulator/tabulator.min.js
2026-06-07 13:40:19 [INFO    ] forensic.core.build_info (build_info.py:156):   4b7ccc7e74e6ee8e94c47745e76b7859  build.json
2026-06-07 13:40:19 [INFO    ] forensic.core.build_info (build_info.py:159): ======================================================================
2026-06-07 13:40:19 [INFO    ] forensic.core.build_info (build_info.py:160): Prüfsummen ausgegeben: 71 Dateien
2026-06-07 13:40:19 [INFO    ] forensic.core.build_info (build_info.py:161): ======================================================================
2026-06-07 13:40:19 [DEBUG   ] forensic.forensic_api.cross_annotation_integrator (cross_annotation_integrator.py:96): CrossAnnotationIntegrator: keine ausstehenden Eintraege fuer uid=2948078
2026-06-07 13:40:19 [INFO    ] forensic.forensic_api.cross_annotation_integrator (cross_annotation_integrator.py:139): CrossAnnotationIntegrator: Hintergrundpolling gestartet (3600s Intervall)
2026-06-07 13:40:19 [INFO    ] forensic.server.http_server (http_server.py:293): ForensicHTTPServer initialisiert: http://127.0.0.2:8080 (socket-backlog=50, sse-max=20)
2026-06-07 13:40:19 [INFO    ] forensic (main.py:417): Server bereit: http://127.0.0.2:8080 | v0.6.278 Build 278 (2026-06-07)
2026-06-07 13:40:19 [INFO    ] forensic (main.py:422): Ermittlung: user_id=2948078 ('uid_2948078'), Modus='cli'
2026-06-07 13:40:19 [WARNING ] forensic (main.py:427): ⚠  --web-debug aktiv: FORENSIC_DEBUG=true wird an alle Browser-Clients gesendet. Nur für Entwicklung verwenden!
2026-06-07 13:40:19 [INFO    ] forensic (main.py:482): Watchdog gestartet (Intervall: 30s, Dump: 'logs/freeze_dump.txt')
2026-06-07 13:40:19 [INFO    ] forensic.server.http_server (http_server.py:304): Server läuft. Strg+C zum Beenden.
2026-06-07 13:40:20 [DEBUG   ] forensic.server.router (router.py:104): Router: POST /_forensic/windows (ajax=True)
2026-06-07 13:40:20 [DEBUG   ] forensic.forensic_api.windows (windows.py:287): /_forensic/windows POST: Fenster '38bec428-537a-40b1-9720-2b2b92a5d82c' (Rolle 'userinfo') registriert
2026-06-07 13:40:20 [DEBUG   ] forensic.server.http_server (http_server.py:115): HTTP "POST /_forensic/windows HTTP/1.1" 200 -
2026-06-07 13:40:21 [DEBUG   ] forensic.server.router (router.py:104): Router: GET /_forensic/report (ajax=False)
2026-06-07 13:40:21 [DEBUG   ] forensic.server.http_server (http_server.py:115): HTTP "GET /_forensic/report HTTP/1.1" 200 -
2026-06-07 13:40:21 [DEBUG   ] forensic.forensic_api.report (report.py:474): /_forensic/report (HTML) ausgeliefert: user_id=2948078
2026-06-07 13:40:21 [DEBUG   ] forensic.server.router (router.py:104): Router: POST /_forensic/windows (ajax=False)
2026-06-07 13:40:21 [DEBUG   ] forensic.server.http_server (http_server.py:115): HTTP "POST /_forensic/windows HTTP/1.1" 400 -
2026-06-07 13:40:21 [DEBUG   ] forensic.server.router (router.py:104): Router: GET /_forensic/userinfo.css (ajax=False)
2026-06-07 13:40:21 [DEBUG   ] forensic.forensic_api.static (static.py:147): Static: '/_forensic/userinfo.css' ausgeliefert (47040 bytes)
2026-06-07 13:40:21 [DEBUG   ] forensic.server.http_server (http_server.py:115): HTTP "GET /_forensic/userinfo.css HTTP/1.1" 200 -
2026-06-07 13:40:21 [DEBUG   ] forensic.server.router (router.py:104): Router: POST /_forensic/windows (ajax=False)
2026-06-07 13:40:21 [DEBUG   ] forensic.server.http_server (http_server.py:115): HTTP "POST /_forensic/windows HTTP/1.1" 400 -
2026-06-07 13:40:21 [DEBUG   ] forensic.server.router (router.py:104): Router: GET /_forensic/report.css (ajax=False)
2026-06-07 13:40:21 [DEBUG   ] forensic.forensic_api.static (static.py:147): Static: '/_forensic/report.css' ausgeliefert (90467 bytes)
2026-06-07 13:40:21 [DEBUG   ] forensic.server.http_server (http_server.py:115): HTTP "GET /_forensic/report.css HTTP/1.1" 200 -
2026-06-07 13:40:21 [DEBUG   ] forensic.server.router (router.py:104): Router: GET /_forensic/static/editor/editor.bundle.js (ajax=False)
2026-06-07 13:40:21 [DEBUG   ] forensic.server.router (router.py:104): Router: GET /_forensic/debug_events.js (ajax=False)
2026-06-07 13:40:21 [DEBUG   ] forensic.server.router (router.py:104): Router: GET /_forensic/placeholder_chips.js (ajax=False)
2026-06-07 13:40:21 [DEBUG   ] forensic.forensic_api.static (static.py:211): Editor-Asset: 'editor.bundle.js' ausgeliefert (367283 bytes)
2026-06-07 13:40:21 [DEBUG   ] forensic.server.router (router.py:104): Router: GET /_forensic/module_panel.js (ajax=False)
2026-06-07 13:40:21 [DEBUG   ] forensic.forensic_api.static (static.py:147): Static: '/_forensic/debug_events.js' ausgeliefert (10500 bytes)
2026-06-07 13:40:21 [DEBUG   ] forensic.server.http_server (http_server.py:115): HTTP "GET /_forensic/debug_events.js HTTP/1.1" 200 -
2026-06-07 13:40:21 [DEBUG   ] forensic.server.router (router.py:104): Router: GET /_forensic/annotation_sidebar.js (ajax=False)
2026-06-07 13:40:21 [DEBUG   ] forensic.server.router (router.py:104): Router: GET /_forensic/placeholder_wizard.js (ajax=False)
2026-06-07 13:40:21 [DEBUG   ] forensic.forensic_api.static (static.py:147): Static: '/_forensic/module_panel.js' ausgeliefert (56737 bytes)
2026-06-07 13:40:21 [DEBUG   ] forensic.forensic_api.static (static.py:147): Static: '/_forensic/placeholder_chips.js' ausgeliefert (20569 bytes)
2026-06-07 13:40:21 [DEBUG   ] forensic.server.http_server (http_server.py:115): HTTP "GET /_forensic/static/editor/editor.bundle.js HTTP/1.1" 200 -
2026-06-07 13:40:21 [DEBUG   ] forensic.forensic_api.static (static.py:147): Static: '/_forensic/placeholder_wizard.js' ausgeliefert (28398 bytes)
2026-06-07 13:40:21 [DEBUG   ] forensic.server.http_server (http_server.py:115): HTTP "GET /_forensic/module_panel.js HTTP/1.1" 200 -
2026-06-07 13:40:21 [DEBUG   ] forensic.forensic_api.static (static.py:147): Static: '/_forensic/annotation_sidebar.js' ausgeliefert (34859 bytes)
2026-06-07 13:40:21 [DEBUG   ] forensic.server.http_server (http_server.py:115): HTTP "GET /_forensic/annotation_sidebar.js HTTP/1.1" 200 -
2026-06-07 13:40:21 [DEBUG   ] forensic.server.http_server (http_server.py:115): HTTP "GET /_forensic/placeholder_chips.js HTTP/1.1" 200 -
2026-06-07 13:40:21 [DEBUG   ] forensic.server.http_server (http_server.py:115): HTTP "GET /_forensic/placeholder_wizard.js HTTP/1.1" 200 -
2026-06-07 13:40:21 [DEBUG   ] forensic.server.router (router.py:104): Router: GET /_forensic/comment_thread.js (ajax=False)
2026-06-07 13:40:21 [DEBUG   ] forensic.forensic_api.static (static.py:147): Static: '/_forensic/comment_thread.js' ausgeliefert (17543 bytes)
2026-06-07 13:40:21 [DEBUG   ] forensic.server.router (router.py:104): Router: GET /.well-known/appspecific/com.chrome.devtools.json (ajax=False)
2026-06-07 13:40:21 [DEBUG   ] forensic.server.http_server (http_server.py:115): HTTP "GET /_forensic/comment_thread.js HTTP/1.1" 200 -
2026-06-07 13:40:21 [DEBUG   ] forensic.server.router (router.py:104): Router: GET /_forensic/report_editor.js (ajax=False)
2026-06-07 13:40:21 [DEBUG   ] forensic.server.router (router.py:104): Router: GET /_forensic/sse_layer.js (ajax=False)
2026-06-07 13:40:21 [DEBUG   ] forensic.forensic_api.static (static.py:147): Static: '/_forensic/report_editor.js' ausgeliefert (167155 bytes)
2026-06-07 13:40:21 [DEBUG   ] forensic.server.http_server (http_server.py:115): HTTP "GET /_forensic/report_editor.js HTTP/1.1" 200 -
2026-06-07 13:40:21 [DEBUG   ] forensic.server.router (router.py:104): Router: GET /_forensic/userinfo.js (ajax=False)
2026-06-07 13:40:21 [DEBUG   ] forensic.forensic_api.static (static.py:147): Static: '/_forensic/sse_layer.js' ausgeliefert (32105 bytes)
2026-06-07 13:40:21 [DEBUG   ] forensic.server.router (router.py:104): Router: GET /_forensic/report_layer.js (ajax=False)
2026-06-07 13:40:21 [DEBUG   ] forensic.forensic_api.static (static.py:147): Static: '/_forensic/userinfo.js' ausgeliefert (58070 bytes)
2026-06-07 13:40:21 [DEBUG   ] forensic.server.http_server (http_server.py:115): HTTP "GET /_forensic/sse_layer.js HTTP/1.1" 200 -
2026-06-07 13:40:21 [DEBUG   ] forensic.server.router (router.py:104): Router: GET /_forensic/lock_layer.js (ajax=False)
2026-06-07 13:40:21 [DEBUG   ] forensic.forensic_api.static (static.py:147): Static: '/_forensic/report_layer.js' ausgeliefert (16624 bytes)
2026-06-07 13:40:21 [DEBUG   ] forensic.server.http_server (http_server.py:115): HTTP "GET /_forensic/report_layer.js HTTP/1.1" 200 -
2026-06-07 13:40:21 [DEBUG   ] forensic.server.http_server (http_server.py:115): HTTP "GET /_forensic/userinfo.js HTTP/1.1" 200 -
2026-06-07 13:40:21 [DEBUG   ] forensic.forensic_api.static (static.py:147): Static: '/_forensic/lock_layer.js' ausgeliefert (30447 bytes)
2026-06-07 13:40:21 [DEBUG   ] forensic.server.http_server (http_server.py:115): HTTP "GET /_forensic/lock_layer.js HTTP/1.1" 200 -
2026-06-07 13:40:21 [DEBUG   ] forensic.server.router (router.py:104): Router: GET /_forensic/document_layer.js (ajax=False)
2026-06-07 13:40:21 [DEBUG   ] forensic.forensic_api.static (static.py:147): Static: '/_forensic/document_layer.js' ausgeliefert (23673 bytes)
2026-06-07 13:40:21 [DEBUG   ] forensic.server.http_server (http_server.py:115): HTTP "GET /_forensic/document_layer.js HTTP/1.1" 200 -
2026-06-07 13:40:21 [DEBUG   ] forensic.server.router (router.py:104): Router: GET /_forensic/editor_bootstrap.js (ajax=False)
2026-06-07 13:40:21 [DEBUG   ] forensic.forensic_api.static (static.py:147): Static: '/_forensic/editor_bootstrap.js' ausgeliefert (11507 bytes)
2026-06-07 13:40:21 [DEBUG   ] forensic.server.http_server (http_server.py:115): HTTP "GET /_forensic/editor_bootstrap.js HTTP/1.1" 200 -
2026-06-07 13:40:21 [DEBUG   ] forensic.db.forensic_db (forensic_db.py:264): Seite nicht im Scope: '/.well-known/appspecific/com.chrome.devtools.json' (method=GET)
2026-06-07 13:40:21 [DEBUG   ] forensic.server.shell_handler (shell_handler.py:133): Shell: NOT_IN_SCOPE für '/.well-known/appspecific/com.chrome.devtools.json'
2026-06-07 13:40:21 [DEBUG   ] forensic.server.http_server (http_server.py:115): HTTP "GET /.well-known/appspecific/com.chrome.devtools.json HTTP/1.1" 404 -
2026-06-07 13:40:21 [DEBUG   ] forensic.server.router (router.py:104): Router: GET /_forensic/version (ajax=True)
2026-06-07 13:40:21 [DEBUG   ] forensic.server.http_server (http_server.py:115): HTTP "GET /_forensic/version HTTP/1.1" 200 -
2026-06-07 13:40:21 [DEBUG   ] forensic.server.router (router.py:104): Router: POST /_forensic/windows (ajax=True)
2026-06-07 13:40:21 [DEBUG   ] forensic.forensic_api.windows (windows.py:287): /_forensic/windows POST: Fenster 'b6da25f2-b5f3-49fb-9bf1-f61313d9e93d' (Rolle 'userinfo') registriert
2026-06-07 13:40:21 [DEBUG   ] forensic.server.http_server (http_server.py:115): HTTP "POST /_forensic/windows HTTP/1.1" 200 -
2026-06-07 13:40:21 [DEBUG   ] forensic.server.router (router.py:104): Router: GET /_forensic/static/editor/editor.bundle.js.map (ajax=False)
2026-06-07 13:40:21 [DEBUG   ] forensic.forensic_api.static (static.py:211): Editor-Asset: 'editor.bundle.js.map' ausgeliefert (939250 bytes)
2026-06-07 13:40:21 [DEBUG   ] forensic.server.http_server (http_server.py:115): HTTP "GET /_forensic/static/editor/editor.bundle.js.map HTTP/1.1" 200 -
2026-06-07 13:40:21 [DEBUG   ] forensic.server.router (router.py:104): Router: GET /_forensic/events (ajax=False)
2026-06-07 13:40:21 [DEBUG   ] forensic.forensic_api.events (events.py:263): SSE-Preflight: Rolle 'report' frei — 200 OK (kein Stream).
2026-06-07 13:40:21 [DEBUG   ] forensic.server.http_server (http_server.py:115): HTTP "GET /_forensic/events?role=report HTTP/1.1" 200 -
2026-06-07 13:40:21 [DEBUG   ] forensic.server.router (router.py:104): Router: GET /_forensic/events (ajax=False)
2026-06-07 13:40:21 [DEBUG   ] forensic.forensic_api.events (events.py:357): SSE-Rolle 'report' beansprucht: client_id=e6ff2330-ba07-4938-9412-7aadbba8530c
2026-06-07 13:40:21 [DEBUG   ] forensic.server.http_server (http_server.py:115): HTTP "GET /_forensic/events?role=report HTTP/1.1" 200 -
2026-06-07 13:40:21 [DEBUG   ] forensic.server.router (router.py:104): Router: GET /_forensic/annotations (ajax=True)
2026-06-07 13:40:21 [DEBUG   ] forensic.server.router (router.py:104): Router: POST /_forensic/windows (ajax=True)
2026-06-07 13:40:21 [DEBUG   ] forensic.forensic_api.windows (windows.py:287): /_forensic/windows POST: Fenster '57fdba6a-da5c-41eb-b453-c1cbc4a4e6c0' (Rolle 'report') registriert
2026-06-07 13:40:21 [DEBUG   ] forensic.server.http_server (http_server.py:115): HTTP "POST /_forensic/windows HTTP/1.1" 200 -
2026-06-07 13:40:21 [DEBUG   ] forensic.server.router (router.py:104): Router: GET /_forensic/reports (ajax=True)
2026-06-07 13:40:21 [DEBUG   ] forensic.server.http_server (http_server.py:115): HTTP "GET /_forensic/reports HTTP/1.1" 200 -
2026-06-07 13:40:21 [DEBUG   ] forensic.forensic_api.reports (reports.py:91): /_forensic/reports (GET): 1 Berichte ausgeliefert
2026-06-07 13:40:21 [DEBUG   ] forensic.forensic_api.annotations (annotations.py:160): Annotationen geliefert: url='None', count=77
2026-06-07 13:40:21 [DEBUG   ] forensic.server.http_server (http_server.py:115): HTTP "GET /_forensic/annotations HTTP/1.1" 200 -
2026-06-07 13:40:21 [DEBUG   ] forensic.server.router (router.py:104): Router: GET /_forensic/report (ajax=True)
2026-06-07 13:40:21 [DEBUG   ] forensic.server.http_server (http_server.py:115): HTTP "GET /_forensic/report?format=json&report_id=1 HTTP/1.1" 200 -
2026-06-07 13:40:21 [DEBUG   ] forensic.server.router (router.py:104): Router: GET /_forensic/annotations (ajax=True)
2026-06-07 13:40:21 [DEBUG   ] forensic.forensic_api.annotations (annotations.py:160): Annotationen geliefert: url='None', count=77
2026-06-07 13:40:21 [DEBUG   ] forensic.server.http_server (http_server.py:115): HTTP "GET /_forensic/annotations HTTP/1.1" 200 -
2026-06-07 13:40:35 [DEBUG   ] forensic.server.router (router.py:104): Router: POST /_forensic/windows (ajax=True)
2026-06-07 13:40:35 [DEBUG   ] forensic.forensic_api.windows (windows.py:287): /_forensic/windows POST: Fenster '54b291e0-d5b9-4ee9-9c22-ed7c298da892' (Rolle 'userinfo') registriert
2026-06-07 13:40:35 [DEBUG   ] forensic.server.http_server (http_server.py:115): HTTP "POST /_forensic/windows HTTP/1.1" 200 -
2026-06-07 13:40:48 [DEBUG   ] forensic.server.router (router.py:104): Router: POST /_forensic/windows (ajax=True)
2026-06-07 13:40:48 [DEBUG   ] forensic.forensic_api.windows (windows.py:287): /_forensic/windows POST: Fenster '28647da4-1b6f-40de-8490-df54938e70d5' (Rolle 'userinfo') registriert
2026-06-07 13:40:48 [DEBUG   ] forensic.server.http_server (http_server.py:115): HTTP "POST /_forensic/windows HTTP/1.1" 200 -
2026-06-07 13:40:49 [DEBUG   ] forensic (main.py:467): Watchdog: Heartbeat (Dump: 'logs/freeze_dump.txt')
2026-06-07 13:40:50 [DEBUG   ] forensic.server.router (router.py:104): Router: POST /_forensic/windows (ajax=True)
2026-06-07 13:40:50 [DEBUG   ] forensic.forensic_api.windows (windows.py:287): /_forensic/windows POST: Fenster '6c9c384f-d503-449b-a512-06c973b9d079' (Rolle 'main') registriert
2026-06-07 13:40:50 [DEBUG   ] forensic.server.http_server (http_server.py:115): HTTP "POST /_forensic/windows HTTP/1.1" 200 -
2026-06-07 13:40:50 [DEBUG   ] forensic.server.router (router.py:104): Router: POST /_forensic/windows (ajax=True)
2026-06-07 13:40:50 [DEBUG   ] forensic.forensic_api.windows (windows.py:287): /_forensic/windows POST: Fenster 'b1de0a1f-3b7c-4ce1-81c7-a2324ccd5457' (Rolle 'main') registriert
2026-06-07 13:40:50 [DEBUG   ] forensic.server.http_server (http_server.py:115): HTTP "POST /_forensic/windows HTTP/1.1" 200 -
2026-06-07 13:40:51 [DEBUG   ] forensic.server.router (router.py:104): Router: POST /_forensic/windows (ajax=True)
2026-06-07 13:40:51 [DEBUG   ] forensic.forensic_api.windows (windows.py:287): /_forensic/windows POST: Fenster 'b6da25f2-b5f3-49fb-9bf1-f61313d9e93d' (Rolle 'userinfo') registriert
2026-06-07 13:40:51 [DEBUG   ] forensic.server.http_server (http_server.py:115): HTTP "POST /_forensic/windows HTTP/1.1" 200 -
2026-06-07 13:40:51 [DEBUG   ] forensic.server.router (router.py:104): Router: POST /_forensic/windows (ajax=True)
2026-06-07 13:40:51 [DEBUG   ] forensic.forensic_api.windows (windows.py:287): /_forensic/windows POST: Fenster '57fdba6a-da5c-41eb-b453-c1cbc4a4e6c0' (Rolle 'report') registriert
2026-06-07 13:40:51 [DEBUG   ] forensic.server.http_server (http_server.py:115): HTTP "POST /_forensic/windows HTTP/1.1" 200 -
2026-06-07 13:41:05 [DEBUG   ] forensic.server.router (router.py:104): Router: POST /_forensic/windows (ajax=True)
2026-06-07 13:41:05 [DEBUG   ] forensic.forensic_api.windows (windows.py:287): /_forensic/windows POST: Fenster '54b291e0-d5b9-4ee9-9c22-ed7c298da892' (Rolle 'userinfo') registriert
2026-06-07 13:41:05 [DEBUG   ] forensic.server.http_server (http_server.py:115): HTTP "POST /_forensic/windows HTTP/1.1" 200 -
2026-06-07 13:41:18 [DEBUG   ] forensic.server.router (router.py:104): Router: POST /_forensic/windows (ajax=True)
2026-06-07 13:41:18 [DEBUG   ] forensic.forensic_api.windows (windows.py:287): /_forensic/windows POST: Fenster '28647da4-1b6f-40de-8490-df54938e70d5' (Rolle 'userinfo') registriert
2026-06-07 13:41:18 [DEBUG   ] forensic.server.http_server (http_server.py:115): HTTP "POST /_forensic/windows HTTP/1.1" 200 -
2026-06-07 13:41:19 [DEBUG   ] forensic (main.py:467): Watchdog: Heartbeat (Dump: 'logs/freeze_dump.txt')
2026-06-07 13:41:21 [DEBUG   ] forensic.server.router (router.py:104): Router: POST /_forensic/windows (ajax=True)
2026-06-07 13:41:21 [DEBUG   ] forensic.forensic_api.windows (windows.py:287): /_forensic/windows POST: Fenster 'b6da25f2-b5f3-49fb-9bf1-f61313d9e93d' (Rolle 'userinfo') registriert
2026-06-07 13:41:21 [DEBUG   ] forensic.server.http_server (http_server.py:115): HTTP "POST /_forensic/windows HTTP/1.1" 200 -
2026-06-07 13:41:21 [DEBUG   ] forensic.server.router (router.py:104): Router: POST /_forensic/windows (ajax=True)
2026-06-07 13:41:21 [DEBUG   ] forensic.forensic_api.windows (windows.py:287): /_forensic/windows POST: Fenster '57fdba6a-da5c-41eb-b453-c1cbc4a4e6c0' (Rolle 'report') registriert
2026-06-07 13:41:21 [DEBUG   ] forensic.server.http_server (http_server.py:115): HTTP "POST /_forensic/windows HTTP/1.1" 200 -
