2026-07-01 05:17:25 [INFO    ] forensic: Logging initialisiert — Level: DEBUG, Logdatei: /opt/aiw_webserver/logs/forensic_server.log
2026-07-01 05:17:25 [INFO    ] forensic: === Forensischer Webserver startet ===
2026-07-01 05:17:25 [INFO    ] forensic: Config geladen: '/opt/aiw_webserver/config.yaml'
2026-07-01 05:17:25 [DEBUG   ] forensic.core.user_resolver: Systembenutzer ermittelt: 'paul' (Plattform: linux)
2026-07-01 05:17:25 [INFO    ] forensic: Systembenutzer: 'paul'
2026-07-01 05:17:25 [INFO    ] forensic.core.mode_resolver: Startmodus: 'cli'
2026-07-01 05:17:25 [INFO    ] forensic.core.mode_resolver: Modus 'cli': user_id=1488, username='uid_1488', forensic_db='/opt/aiw_webserver/data/forensic/forensic_1488.db'
2026-07-01 05:17:25 [INFO    ] forensic: Kontext: mode='cli', user_id=1488, username='uid_1488'
2026-07-01 05:17:25 [INFO    ] forensic: forensic_db : '/opt/aiw_webserver/data/forensic/forensic_1488.db'
2026-07-01 05:17:25 [INFO    ] forensic: evidence_db : '/opt/aiw_webserver/data/evidence/evidence_1488.db'
2026-07-01 05:17:25 [INFO    ] forensic: default_db  : '/opt/aiw_webserver/data/default.db'
2026-07-01 05:17:25 [INFO    ] forensic: coordinator : '/opt/aiw_webserver/data/coordinator.db'
2026-07-01 05:17:25 [INFO    ] forensic.core.startup_checks: Starte Voraussetzungsprüfungen...
2026-07-01 05:17:25 [DEBUG   ] forensic.core.startup_checks: Datei gefunden: forensic_db = '/opt/aiw_webserver/data/forensic/forensic_1488.db'
2026-07-01 05:17:25 [DEBUG   ] forensic.core.startup_checks: Datei gefunden: evidence_db = '/opt/aiw_webserver/data/evidence/evidence_1488.db'
2026-07-01 05:17:25 [DEBUG   ] forensic.core.startup_checks: default_db gefunden: '/opt/aiw_webserver/data/default.db'
2026-07-01 05:17:25 [DEBUG   ] forensic.core.startup_checks: coordinator_db gefunden: '/opt/aiw_webserver/data/coordinator.db'
2026-07-01 05:17:25 [DEBUG   ] forensic.core.startup_checks: Schema-Version geprüft: 1 (unterstützt: 1, 2) ✓
2026-07-01 05:17:31 [INFO    ] forensic.core.startup_checks: Integritätsprüfung forensic_db erfolgreich: SHA-256 = 73f28eaf2163e1a9... ✓
2026-07-01 05:17:31 [DEBUG   ] forensic.core.startup_checks: forensic_db READ-ONLY-Prüfung bestanden ✓
2026-07-01 05:17:31 [INFO    ] forensic.core.startup_checks: Alle Voraussetzungsprüfungen erfolgreich abgeschlossen.
2026-07-01 05:17:31 [INFO    ] forensic: Alle Startprüfungen bestanden.
2026-07-01 05:17:31 [DEBUG   ] forensic.core.hosts_manager: HostsManager: forum_hostname nicht konfiguriert — no-op.
2026-07-01 05:17:31 [INFO    ] forensic.db.connection_manager: Öffne Datenbankverbindungen (Modus: 'cli', user_id: 1488)
2026-07-01 05:17:31 [DEBUG   ] forensic.db.connection_manager: Haupt-DB geöffnet: '/opt/aiw_webserver/data/evidence/evidence_1488.db'
2026-07-01 05:17:31 [DEBUG   ] forensic.db.connection_manager: ATTACH fdb (READ-ONLY via Authorizer): '/opt/aiw_webserver/data/forensic/forensic_1488.db'
2026-07-01 05:17:31 [ERROR   ] forensic: Datenbankverbindungen konnten nicht aufgebaut werden: database disk image is malformed
Traceback (most recent call last):
  File "/opt/aiw_webserver/main.py", line 461, in main
    bundle   = conn_mgr.open()
  File "/opt/aiw_webserver/db/connection_manager.py", line 160, in open
    return self._open_normal()
           ~~~~~~~~~~~~~~~~~^^
  File "/opt/aiw_webserver/db/connection_manager.py", line 206, in _open_normal
    self._attach_readonly(con, default_path, "ddb")
    ~~~~~~~~~~~~~~~~~~~~~^^^^^^^^^^^^^^^^^^^^^^^^^^
  File "/opt/aiw_webserver/db/connection_manager.py", line 525, in _attach_readonly
    con.execute("ATTACH DATABASE ? AS " + alias, (str(path),))
    ~~~~~~~~~~~^^^^^^^^^^^^^^^^^^^^^^^^^^^^^^^^^^^^^^^^^^^^^^^
sqlite3.DatabaseError: database disk image is malformed
[FEHLER] Datenbankverbindungen konnten nicht aufgebaut werden:
database disk image is malformed
