:8080/favicon.ico:1  Failed to load resource: the server responded with a status of 404 (Not Found)
block:1  Failed to load resource: the server responded with a status of 423 (Locked)
block:1  Failed to load resource: the server responded with a status of 423 (Locked)
order:1  Failed to load resource: the server responded with a status of 423 (Locked)
report:1  Failed to load resource: net::ERR_CONNECTION_REFUSED
Navigated to http://127.0.0.2:8080/_forensic/report
debug_events.js:235 [debug_events.js] Build 200 geladen. window._uevt() verfügbar. Trace-Modus: window.FORENSIC_EVENT_TRACE = true
debug_events.js:241 [debug_events.js] Kill-Switches: window.FORENSIC_DEBUG=false (alles) | window.FORENSIC_EVENT_DEBUG=false (nur Events)
placeholder_chips.js:56 [forensic] placeholder_chips.js: window.PlaceholderChips exportiert
placeholder_wizard.js:75 [forensic] placeholder_wizard.js: window.PlaceholderWizard exportiert
module_panel.js:77 [forensic] module_panel.js: window.ModulePanel exportiert
annotation_sidebar.js:58 [forensic] annotation_sidebar.js: window.AnnotationSidebar exportiert
report_editor.js:86 [forensic] report_editor.js: Exports auf window gesetzt (Build wird async geladen)
userinfo.js:67 [forensic] DOMContentLoaded: userinfo.js aktiv
userinfo.js:67 [forensic] initEditor() gestartet
userinfo.js:67 [forensic] initSSEWindow3() gestartet
report_editor.js:3605 [forensic] report_editor.js: v0.6.231 Build 231 | Exports auf window gesetzt
userinfo.js:67 [forensic] acquireLock() aufgerufen, sseClientId= f5aca580-bdc7-4401-b093-8f3d9a7fdb2a reportId= undefined
userinfo.js:67 [forensic] acquireLock: keine Berichte und keine reportId — uebersprungen
report_editor.js:86 [forensic] initEditorModule() gestartet
report_editor.js:86 [forensic] _initSidebarAccordion() gestartet
report_editor.js:86 [forensic] _initColResizer: Schiebebalken initialisiert
report_editor.js:86 [forensic] _initForumLinkInterceptor: BroadcastChannel bereit
report_editor.js:86 [forensic] _initForumLinkInterceptor: aktiv (window_id= ee90e31f-f4f9-4b85-adbb-997b9212c5bd )
report_editor.js:86 [forensic] _initDragDrop: Drop-Zone registriert auf #editorjs-holder
report_editor.js:86 [forensic] initReportSelector() gestartet
favicon.ico:1  GET http://127.0.0.2:8080/favicon.ico 404 (Not Found)
userinfo.js:67 [forensic] acquireLock() aufgerufen, sseClientId= f5aca580-bdc7-4401-b093-8f3d9a7fdb2a reportId= undefined
userinfo.js:67 [forensic] acquireLock: keine Berichte und keine reportId — uebersprungen
debug_events.js:174 [USER]     [report_editor] click:btn-new-report — Mouse
debug_events.js:174 [USER]     [report_editor] click:btn-create-report — Mouse
report_editor.js:86 [forensic] create-report: Lock aus 201-Response: 042ba37c-660b-4a32-b9d3-ff25de377c61 fuer Bericht 1
report_editor.js:86 [forensic] initReportSelector() gestartet
report_editor.js:86 [forensic] loadReport() report_id= 1 type= interim
report_editor.js:614 report_editor.js: _knownBlockIds initialisiert, 0 Bloecke geladen.
report_editor.js:86 [forensic] _initEditorJs(): window.EditorJS= true
report_editor.js:86 [forensic] _initSidebarAccordion() gestartet
report_editor.js:1026 report_editor.js: Editor bereit, report_id= 1 | readOnly= false
editorjs.mjs:136 Block «paragraph» skipped because saved data is invalid
report_editor.js:1071 report_editor.js: Initialisierungs-Guard freigegeben.
editorjs.mjs:136 Block «paragraph» skipped because saved data is invalid
editorjs.mjs:136 Block «paragraph» skipped because saved data is invalid
debug_events.js:174 [USER]     [module_panel] dragstart:mp-item — Drag&Drop
module_panel.js:77 [forensic] Drag start (Modul, delegiert): module_id= 2 title= Aktivitaetsübersicht und Tatrelevanz
debug_events.js:174 [USER]     [module_panel] dragstart:mp-item — Drag&Drop
module_panel.js:77 [forensic] Drag start (Modul, delegiert): module_id= 2 title= Aktivitaetsübersicht und Tatrelevanz
debug_events.js:162 [USER]     [report_editor] drop:editorjs-holder — Drag&Drop
report_editor.js:86 [forensic] Drop: Ziel-Index= 1 von 1 Bloecken
report_editor.js:86 [forensic] Drop (Modul): module_id= 2 targetIdx= 1
report_editor.js:86 [forensic] Drop (Modul): Block eingefuegt, type= paragraph idx= 1 textLen= 603
report_editor.js:86 [forensic] Drop (Modul): Chips hydriert fuer Block idx= 1
editorjs.mjs:136 Block «paragraph» skipped because saved data is invalid
report_editor.js:86 [forensic] onChange: Block-Anzahl geaendert: Editor= 2  / _currentBlocks= 0  — bereinige _currentBlocks und Formular-Refresh (Bug 2.98/2.121)
editorjs.mjs:136 Block «paragraph» skipped because saved data is invalid
placeholder_wizard.js:189 [PlaceholderWizard] showPlaceholderForm: blocks= 1 focusedId= qQ48RUhWXT onSave= function myUsername= paul
debug_events.js:174 [USER]     [module_panel] dragstart:mp-item — Drag&Drop
module_panel.js:77 [forensic] Drag start (Modul, delegiert): module_id= 6 title= Anlagenverzeichnis
debug_events.js:174 [USER]     [module_panel] dragstart:mp-item — Drag&Drop
module_panel.js:77 [forensic] Drag start (Modul, delegiert): module_id= 6 title= Anlagenverzeichnis
editorjs.mjs:136 Block «paragraph» skipped because saved data is invalid
debug_events.js:162 [USER]     [report_editor] drop:editorjs-holder — Drag&Drop
report_editor.js:86 [forensic] Drop: Ziel-Index= 2 von 2 Bloecken
report_editor.js:86 [forensic] Drop (Modul): module_id= 6 targetIdx= 2
report_editor.js:86 [forensic] Drop (Modul): Block eingefuegt, type= paragraph idx= 2 textLen= 394
report_editor.js:86 [forensic] Drop (Modul): Chips hydriert fuer Block idx= 2
editorjs.mjs:136 Block «paragraph» skipped because saved data is invalid
report_editor.js:86 [forensic] onChange: Block-Anzahl geaendert: Editor= 3  / _currentBlocks= 1  — bereinige _currentBlocks und Formular-Refresh (Bug 2.98/2.121)
editorjs.mjs:136 Block «paragraph» skipped because saved data is invalid
placeholder_wizard.js:189 [PlaceholderWizard] showPlaceholderForm: blocks= 2 focusedId= qQ48RUhWXT onSave= function myUsername= paul
editorjs.mjs:136 Block «paragraph» skipped because saved data is invalid
debug_events.js:174 [USER]     [report_editor] click:btn-new-report — Mouse
editorjs.mjs:136 Block «paragraph» skipped because saved data is invalid
debug_events.js:174 [USER]     [report_editor] click:btn-create-report — Mouse
report_editor.js:2243 report_editor.js: Auto-Save gestartet, report_id= 1 | bekannte Block-IDs: 2
editorjs.mjs:136 Block «paragraph» skipped because saved data is invalid
report_editor.js:2357 report_editor.js: Auto-Save abgeschlossen. | Bloecke gespeichert: 2 | Bloecke geloescht: 0
report_editor.js:86 [forensic] create-report: Lock aus 201-Response: 15546a56-c883-44ea-bc27-c805db9075f3 fuer Bericht 2
report_editor.js:86 [forensic] initReportSelector() gestartet
report_editor.js:86 [forensic] loadReport() report_id= 2 type= final
report_editor.js:86 [forensic] _loadReportImpl: Bericht-Wechsel 1 -> 2 — Save + Lock-Release
report_editor.js:86 [forensic] _loadReportImpl: Save + Lock-Release uebersprungen (Create-Flow)
report_editor.js:614 report_editor.js: _knownBlockIds initialisiert, 0 Bloecke geladen.
report_editor.js:86 [forensic] _initEditorJs(): window.EditorJS= true
report_editor.js:86 [forensic] _initEditorJs: Lock bereits vorhanden fuer Bericht 2 — kein acquireLock noetig
report_editor.js:86 [forensic] _initSidebarAccordion() gestartet
report_editor.js:1026 report_editor.js: Editor bereit, report_id= 2 | readOnly= false
report_editor.js:1071 report_editor.js: Initialisierungs-Guard freigegeben.
debug_events.js:174 [USER]     [module_panel] dragstart:mp-item — Drag&Drop
module_panel.js:77 [forensic] Drag start (Modul, delegiert): module_id= 6 title= Anlagenverzeichnis
debug_events.js:174 [USER]     [module_panel] dragstart:mp-item — Drag&Drop
module_panel.js:77 [forensic] Drag start (Modul, delegiert): module_id= 6 title= Anlagenverzeichnis
debug_events.js:174 [USER]     [module_panel] dragstart:mp-item — Drag&Drop
module_panel.js:77 [forensic] Drag start (Modul, delegiert): module_id= 6 title= Anlagenverzeichnis
debug_events.js:162 [USER]     [report_editor] drop:editorjs-holder — Drag&Drop
report_editor.js:86 [forensic] Drop: Ziel-Index= 1 von 1 Bloecken
report_editor.js:86 [forensic] Drop (Modul): module_id= 6 targetIdx= 1
report_editor.js:86 [forensic] Drop (Modul): Block eingefuegt, type= paragraph idx= 1 textLen= 394
report_editor.js:86 [forensic] Drop (Modul): Chips hydriert fuer Block idx= 1
editorjs.mjs:136 Block «paragraph» skipped because saved data is invalid
report_editor.js:86 [forensic] onChange: Block-Anzahl geaendert: Editor= 2  / _currentBlocks= 0  — bereinige _currentBlocks und Formular-Refresh (Bug 2.98/2.121)
editorjs.mjs:136 Block «paragraph» skipped because saved data is invalid
placeholder_wizard.js:189 [PlaceholderWizard] showPlaceholderForm: blocks= 1 focusedId= 1nqSdfgX0p onSave= function myUsername= paul
debug_events.js:174 [USER]     [module_panel] dragstart:mp-item — Drag&Drop
module_panel.js:77 [forensic] Drag start (Modul, delegiert): module_id= 4 title= Technische Ermittlungsergebnisse
debug_events.js:174 [USER]     [module_panel] dragstart:mp-item — Drag&Drop
module_panel.js:77 [forensic] Drag start (Modul, delegiert): module_id= 4 title= Technische Ermittlungsergebnisse
debug_events.js:174 [USER]     [module_panel] dragstart:mp-item — Drag&Drop
module_panel.js:77 [forensic] Drag start (Modul, delegiert): module_id= 4 title= Technische Ermittlungsergebnisse
editorjs.mjs:136 Block «paragraph» skipped because saved data is invalid
debug_events.js:162 [USER]     [report_editor] drop:editorjs-holder — Drag&Drop
report_editor.js:86 [forensic] Drop: Ziel-Index= 2 von 2 Bloecken
report_editor.js:86 [forensic] Drop (Modul): module_id= 4 targetIdx= 2
report_editor.js:86 [forensic] Drop (Modul): Block eingefuegt, type= paragraph idx= 2 textLen= 438
report_editor.js:86 [forensic] Drop (Modul): Chips hydriert fuer Block idx= 2
editorjs.mjs:136 Block «paragraph» skipped because saved data is invalid
report_editor.js:86 [forensic] onChange: Block-Anzahl geaendert: Editor= 3  / _currentBlocks= 1  — bereinige _currentBlocks und Formular-Refresh (Bug 2.98/2.121)
editorjs.mjs:136 Block «paragraph» skipped because saved data is invalid
placeholder_wizard.js:189 [PlaceholderWizard] showPlaceholderForm: blocks= 2 focusedId= 1nqSdfgX0p onSave= function myUsername= paul
debug_events.js:174 [USER]     [module_panel] dragstart:mp-item — Drag&Drop
module_panel.js:77 [forensic] Drag start (Modul, delegiert): module_id= 2 title= Aktivitaetsübersicht und Tatrelevanz
debug_events.js:174 [USER]     [module_panel] dragstart:mp-item — Drag&Drop
module_panel.js:77 [forensic] Drag start (Modul, delegiert): module_id= 2 title= Aktivitaetsübersicht und Tatrelevanz
debug_events.js:174 [USER]     [module_panel] dragstart:mp-item — Drag&Drop
module_panel.js:77 [forensic] Drag start (Modul, delegiert): module_id= 2 title= Aktivitaetsübersicht und Tatrelevanz
editorjs.mjs:136 Block «paragraph» skipped because saved data is invalid
debug_events.js:162 [USER]     [report_editor] drop:editorjs-holder — Drag&Drop
report_editor.js:86 [forensic] Drop: Ziel-Index= 2 von 3 Bloecken
report_editor.js:86 [forensic] Drop (Modul): module_id= 2 targetIdx= 2
report_editor.js:86 [forensic] Drop (Modul): Block eingefuegt, type= paragraph idx= 2 textLen= 603
report_editor.js:86 [forensic] Drop (Modul): Chips hydriert fuer Block idx= 2
report_editor.js:86 [forensic] onChange: Block-Anzahl geaendert: Editor= 4  / _currentBlocks= 2  — bereinige _currentBlocks und Formular-Refresh (Bug 2.98/2.121)
editorjs.mjs:136 Block «paragraph» skipped because saved data is invalid
editorjs.mjs:136 Block «paragraph» skipped because saved data is invalid
placeholder_wizard.js:189 [PlaceholderWizard] showPlaceholderForm: blocks= 3 focusedId= 1nqSdfgX0p onSave= function myUsername= paul
editorjs.mjs:136 Block «paragraph» skipped because saved data is invalid
debug_events.js:162 [USER]     [report_editor] change:report-select — Input
report_editor.js:86 [forensic] loadReport() report_id= 1 type= interim
report_editor.js:86 [forensic] _loadReportImpl: Bericht-Wechsel 2 -> 1 — Save + Lock-Release
report_editor.js:2243 report_editor.js: Auto-Save gestartet, report_id= 2 | bekannte Block-IDs: 0
 Block «paragraph» skipped because saved data is invalid
report_editor.js:2357 report_editor.js: Auto-Save abgeschlossen. | Bloecke gespeichert: 3 | Bloecke geloescht: 0
report_editor.js:614 report_editor.js: _knownBlockIds initialisiert, 2 Bloecke geladen.
report_editor.js:86 [forensic] _initEditorJs(): window.EditorJS= true
report_editor.js:86 [forensic] _initEditorJs: Lock erwerben fuer neuen Bericht 1
userinfo.js:67 [forensic] acquireLock() aufgerufen, sseClientId= f5aca580-bdc7-4401-b093-8f3d9a7fdb2a reportId= 1
report_editor.js:86 [forensic] _initSidebarAccordion() gestartet
report_editor.js:1026 report_editor.js: Editor bereit, report_id= 1 | readOnly= true
report_editor.js:1071 report_editor.js: Initialisierungs-Guard freigegeben.
debug_events.js:174 [USER]     [module_panel] dragstart:mp-item — Drag&Drop
module_panel.js:77 [forensic] Drag start (Modul, delegiert): module_id= 3 title= Strafrechtliche Einordnung (§§ 176 / 184b StGB)
debug_events.js:174 [USER]     [module_panel] dragstart:mp-item — Drag&Drop
module_panel.js:77 [forensic] Drag start (Modul, delegiert): module_id= 3 title= Strafrechtliche Einordnung (§§ 176 / 184b StGB)
debug_events.js:174 [USER]     [module_panel] dragstart:mp-item — Drag&Drop
module_panel.js:77 [forensic] Drag start (Modul, delegiert): module_id= 3 title= Strafrechtliche Einordnung (§§ 176 / 184b StGB)
debug_events.js:174 [USER]     [module_panel] dragstart:mp-item — Drag&Drop
module_panel.js:77 [forensic] Drag start (Modul, delegiert): module_id= 3 title= Strafrechtliche Einordnung (§§ 176 / 184b StGB)
debug_events.js:162 [USER]     [report_editor] drop:editorjs-holder — Drag&Drop
report_editor.js:86 [forensic] Drop: Editor readOnly — Drop abgelehnt (Lock noch nicht erworben)
debug_events.js:174 [USER]     [module_panel] dragstart:mp-item — Drag&Drop
module_panel.js:77 [forensic] Drag start (Modul, delegiert): module_id= 3 title= Strafrechtliche Einordnung (§§ 176 / 184b StGB)
debug_events.js:174 [USER]     [module_panel] dragstart:mp-item — Drag&Drop
module_panel.js:77 [forensic] Drag start (Modul, delegiert): module_id= 3 title= Strafrechtliche Einordnung (§§ 176 / 184b StGB)
debug_events.js:174 [USER]     [module_panel] dragstart:mp-item — Drag&Drop
module_panel.js:77 [forensic] Drag start (Modul, delegiert): module_id= 3 title= Strafrechtliche Einordnung (§§ 176 / 184b StGB)
debug_events.js:174 [USER]     [module_panel] dragstart:mp-item — Drag&Drop
module_panel.js:77 [forensic] Drag start (Modul, delegiert): module_id= 3 title= Strafrechtliche Einordnung (§§ 176 / 184b StGB)
debug_events.js:162 [USER]     [report_editor] drop:editorjs-holder — Drag&Drop
report_editor.js:86 [forensic] Drop: Editor readOnly — Drop abgelehnt (Lock noch nicht erworben)
debug_events.js:174 [USER]     [module_panel] dragstart:mp-item — Drag&Drop
module_panel.js:77 [forensic] Drag start (Modul, delegiert): module_id= 3 title= Strafrechtliche Einordnung (§§ 176 / 184b StGB)
debug_events.js:174 [USER]     [module_panel] dragstart:mp-item — Drag&Drop
module_panel.js:77 [forensic] Drag start (Modul, delegiert): module_id= 3 title= Strafrechtliche Einordnung (§§ 176 / 184b StGB)
debug_events.js:174 [USER]     [module_panel] dragstart:mp-item — Drag&Drop
module_panel.js:77 [forensic] Drag start (Modul, delegiert): module_id= 3 title= Strafrechtliche Einordnung (§§ 176 / 184b StGB)
debug_events.js:174 [USER]     [module_panel] dragstart:mp-item — Drag&Drop
module_panel.js:77 [forensic] Drag start (Modul, delegiert): module_id= 3 title= Strafrechtliche Einordnung (§§ 176 / 184b StGB)
debug_events.js:162 [USER]     [report_editor] drop:editorjs-holder — Drag&Drop
report_editor.js:86 [forensic] Drop: Editor readOnly — Drop abgelehnt (Lock noch nicht erworben)
debug_events.js:174 [USER]     [module_panel] dragstart:mp-item — Drag&Drop
module_panel.js:77 [forensic] Drag start (Modul, delegiert): module_id= 2 title= Aktivitaetsübersicht und Tatrelevanz
debug_events.js:174 [USER]     [module_panel] dragstart:mp-item — Drag&Drop
module_panel.js:77 [forensic] Drag start (Modul, delegiert): module_id= 2 title= Aktivitaetsübersicht und Tatrelevanz
debug_events.js:174 [USER]     [module_panel] dragstart:mp-item — Drag&Drop
module_panel.js:77 [forensic] Drag start (Modul, delegiert): module_id= 2 title= Aktivitaetsübersicht und Tatrelevanz
debug_events.js:174 [USER]     [module_panel] dragstart:mp-item — Drag&Drop
module_panel.js:77 [forensic] Drag start (Modul, delegiert): module_id= 2 title= Aktivitaetsübersicht und Tatrelevanz
debug_events.js:162 [USER]     [report_editor] drop:editorjs-holder — Drag&Drop
report_editor.js:86 [forensic] Drop: Editor readOnly — Drop abgelehnt (Lock noch nicht erworben)
report_editor.js:86 [forensic] _performAutoSave: Editor readOnly — uebersprungen
