:8080/favicon.ico:1  Failed to load resource: the server responded with a status of 404 (Not Found)
events:1  Failed to load resource: net::ERR_CONNECTION_REFUSED
events:1  Failed to load resource: net::ERR_CONNECTION_REFUSED
events:1  Failed to load resource: net::ERR_CONNECTION_REFUSED
events:1  Failed to load resource: net::ERR_CONNECTION_REFUSED
events:1  Failed to load resource: net::ERR_CONNECTION_REFUSED
events:1  Failed to load resource: net::ERR_CONNECTION_REFUSED
events:1  Failed to load resource: net::ERR_CONNECTION_REFUSED
events:1  Failed to load resource: net::ERR_CONNECTION_REFUSED
events:1  Failed to load resource: net::ERR_CONNECTION_REFUSED
windows:1  Failed to load resource: net::ERR_CONNECTION_REFUSED
windows:1  Failed to load resource: net::ERR_CONNECTION_REFUSED
events:1  Failed to load resource: net::ERR_CONNECTION_REFUSED
events:1  Failed to load resource: net::ERR_CONNECTION_REFUSED
events:1  Failed to load resource: net::ERR_CONNECTION_REFUSED
events:1  Failed to load resource: net::ERR_CONNECTION_REFUSED
events:1  Failed to load resource: net::ERR_CONNECTION_REFUSED
events:1  Failed to load resource: net::ERR_CONNECTION_REFUSED
events:1  Failed to load resource: net::ERR_CONNECTION_REFUSED
events:1  Failed to load resource: net::ERR_CONNECTION_REFUSED
events:1  Failed to load resource: net::ERR_CONNECTION_REFUSED
events:1  Failed to load resource: net::ERR_CONNECTION_REFUSED
windows:1  Failed to load resource: net::ERR_CONNECTION_REFUSED
windows:1  Failed to load resource: net::ERR_CONNECTION_REFUSED
events:1  Failed to load resource: net::ERR_CONNECTION_REFUSED
events:1  Failed to load resource: net::ERR_CONNECTION_REFUSED
events:1  Failed to load resource: net::ERR_CONNECTION_REFUSED
events:1  Failed to load resource: net::ERR_CONNECTION_REFUSED
events:1  Failed to load resource: net::ERR_CONNECTION_REFUSED
events:1  Failed to load resource: net::ERR_CONNECTION_REFUSED
events:1  Failed to load resource: net::ERR_CONNECTION_REFUSED
events:1  Failed to load resource: net::ERR_CONNECTION_REFUSED
events:1  Failed to load resource: net::ERR_CONNECTION_REFUSED
events:1  Failed to load resource: net::ERR_CONNECTION_REFUSED
windows:1  Failed to load resource: net::ERR_CONNECTION_REFUSED
windows:1  Failed to load resource: net::ERR_CONNECTION_REFUSED
events:1  Failed to load resource: net::ERR_CONNECTION_REFUSED
events:1  Failed to load resource: net::ERR_CONNECTION_REFUSED
events:1  Failed to load resource: net::ERR_CONNECTION_REFUSED
events:1  Failed to load resource: net::ERR_CONNECTION_REFUSED
events:1  Failed to load resource: net::ERR_CONNECTION_REFUSED
events:1  Failed to load resource: net::ERR_CONNECTION_REFUSED
events:1  Failed to load resource: net::ERR_CONNECTION_REFUSED
events:1  Failed to load resource: net::ERR_CONNECTION_REFUSED
events:1  Failed to load resource: net::ERR_CONNECTION_REFUSED
events:1  Failed to load resource: net::ERR_CONNECTION_REFUSED
windows:1  Failed to load resource: net::ERR_CONNECTION_REFUSED
windows:1  Failed to load resource: net::ERR_CONNECTION_REFUSED
events:1  Failed to load resource: net::ERR_CONNECTION_REFUSED
events:1  Failed to load resource: net::ERR_CONNECTION_REFUSED
events:1  Failed to load resource: net::ERR_CONNECTION_REFUSED
events:1  Failed to load resource: net::ERR_CONNECTION_REFUSED
events:1  Failed to load resource: net::ERR_CONNECTION_REFUSED
events:1  Failed to load resource: net::ERR_CONNECTION_REFUSED
events:1  Failed to load resource: net::ERR_CONNECTION_REFUSED
events:1  Failed to load resource: net::ERR_CONNECTION_REFUSED
events:1  Failed to load resource: net::ERR_CONNECTION_REFUSED
events:1  Failed to load resource: net::ERR_CONNECTION_REFUSED
windows:1  Failed to load resource: net::ERR_CONNECTION_REFUSED
windows:1  Failed to load resource: net::ERR_CONNECTION_REFUSED
events:1  Failed to load resource: net::ERR_CONNECTION_REFUSED
events:1  Failed to load resource: net::ERR_CONNECTION_REFUSED
events:1  Failed to load resource: net::ERR_CONNECTION_REFUSED
events:1  Failed to load resource: net::ERR_CONNECTION_REFUSED
events:1  Failed to load resource: net::ERR_CONNECTION_REFUSED
events:1  Failed to load resource: net::ERR_CONNECTION_REFUSED
events:1  Failed to load resource: net::ERR_CONNECTION_REFUSED
events:1  Failed to load resource: net::ERR_CONNECTION_REFUSED
events:1  Failed to load resource: net::ERR_CONNECTION_REFUSED
events:1  Failed to load resource: net::ERR_CONNECTION_REFUSED
windows:1  Failed to load resource: net::ERR_CONNECTION_REFUSED
windows:1  Failed to load resource: net::ERR_CONNECTION_REFUSED
events:1  Failed to load resource: net::ERR_CONNECTION_REFUSED
events:1  Failed to load resource: net::ERR_CONNECTION_REFUSED
events:1  Failed to load resource: net::ERR_CONNECTION_REFUSED
events:1  Failed to load resource: net::ERR_CONNECTION_REFUSED
events:1  Failed to load resource: net::ERR_CONNECTION_REFUSED
events:1  Failed to load resource: net::ERR_CONNECTION_REFUSED
events:1  Failed to load resource: net::ERR_CONNECTION_REFUSED
events:1  Failed to load resource: net::ERR_CONNECTION_REFUSED
events:1  Failed to load resource: net::ERR_CONNECTION_REFUSED
events:1  Failed to load resource: net::ERR_CONNECTION_REFUSED
windows:1  Failed to load resource: net::ERR_CONNECTION_REFUSED
windows:1  Failed to load resource: net::ERR_CONNECTION_REFUSED
events:1  Failed to load resource: net::ERR_CONNECTION_REFUSED
events:1  Failed to load resource: net::ERR_CONNECTION_REFUSED
events:1  Failed to load resource: net::ERR_CONNECTION_REFUSED
events:1  Failed to load resource: net::ERR_CONNECTION_REFUSED
events:1  Failed to load resource: net::ERR_CONNECTION_REFUSED
events:1  Failed to load resource: net::ERR_CONNECTION_REFUSED
events:1  Failed to load resource: net::ERR_CONNECTION_REFUSED
events:1  Failed to load resource: net::ERR_CONNECTION_REFUSED
events:1  Failed to load resource: net::ERR_CONNECTION_REFUSED
events:1  Failed to load resource: net::ERR_CONNECTION_REFUSED
windows:1  Failed to load resource: net::ERR_CONNECTION_REFUSED
windows:1  Failed to load resource: net::ERR_CONNECTION_REFUSED
events:1  Failed to load resource: net::ERR_CONNECTION_REFUSED
events:1  Failed to load resource: net::ERR_CONNECTION_REFUSED
events:1  Failed to load resource: net::ERR_CONNECTION_REFUSED
events:1  Failed to load resource: net::ERR_CONNECTION_REFUSED
events:1  Failed to load resource: net::ERR_CONNECTION_REFUSED
events:1  Failed to load resource: net::ERR_CONNECTION_REFUSED
events:1  Failed to load resource: net::ERR_CONNECTION_REFUSED
events:1  Failed to load resource: net::ERR_CONNECTION_REFUSED
events:1  Failed to load resource: net::ERR_CONNECTION_REFUSED
events:1  Failed to load resource: net::ERR_CONNECTION_REFUSED
windows:1  Failed to load resource: net::ERR_CONNECTION_REFUSED
windows:1  Failed to load resource: net::ERR_CONNECTION_REFUSED
events:1  Failed to load resource: net::ERR_CONNECTION_REFUSED
events:1  Failed to load resource: net::ERR_CONNECTION_REFUSED
events:1  Failed to load resource: net::ERR_CONNECTION_REFUSED
events:1  Failed to load resource: net::ERR_CONNECTION_REFUSED
events:1  Failed to load resource: net::ERR_CONNECTION_REFUSED
events:1  Failed to load resource: net::ERR_CONNECTION_REFUSED
events:1  Failed to load resource: net::ERR_CONNECTION_REFUSED
report:1  Failed to load resource: net::ERR_CONNECTION_REFUSED
Navigated to http://127.0.0.2:8080/_forensic/report
debug_events.js:235 [debug_events.js] Build 200 geladen. window._uevt() verfügbar. Trace-Modus: window.FORENSIC_EVENT_TRACE = true
debug_events.js:241 [debug_events.js] Kill-Switches: window.FORENSIC_DEBUG=false (alles) | window.FORENSIC_EVENT_DEBUG=false (nur Events)
placeholder_chips.js:56 [forensic] placeholder_chips.js: window.PlaceholderChips exportiert
placeholder_wizard.js:75 [forensic] placeholder_wizard.js: window.PlaceholderWizard exportiert
module_panel.js:77 [forensic] module_panel.js: window.ModulePanel exportiert
annotation_sidebar.js:58 [forensic] annotation_sidebar.js: window.AnnotationSidebar exportiert
report_editor.js:86 [forensic] report_editor.js: Exports auf window gesetzt (Build wird async geladen)
userinfo.js:67 [forensic] DOMContentLoaded: userinfo.js aktiv
userinfo.js:67 [forensic] initEditor() gestartet
userinfo.js:67 [forensic] initSSEWindow3() gestartet
report_editor.js:3364 [forensic] report_editor.js: v0.6.212 Build 212 | Exports auf window gesetzt
userinfo.js:67 [forensic] acquireLock() aufgerufen, sseClientId= 1456a41d-62c8-4351-9d1d-f09bd538db5c
report_editor.js:86 [forensic] initEditorModule() gestartet
report_editor.js:86 [forensic] _initSidebarAccordion() gestartet
report_editor.js:86 [forensic] _initColResizer: Schiebebalken initialisiert
report_editor.js:86 [forensic] _initForumLinkInterceptor: BroadcastChannel bereit
report_editor.js:86 [forensic] _initForumLinkInterceptor: aktiv (window_id= 34691cd3-a6d6-4633-b15c-e27e8870cd51 )
report_editor.js:86 [forensic] _initDragDrop: Drop-Zone registriert auf #editorjs-holder
report_editor.js:86 [forensic] initReportSelector() gestartet
favicon.ico:1  GET http://127.0.0.2:8080/favicon.ico 404 (Not Found)
userinfo.js:67 [forensic] acquireLock() aufgerufen, sseClientId= 1456a41d-62c8-4351-9d1d-f09bd538db5c
userinfo.js:67 [forensic] acquireLock: Lock bereits vorhanden ( 1de66871-378b-497a-a774-bd094caf0f7f ) — uebersprungen
debug_events.js:162 [USER]     [module_panel] click:mp-chip — Mouse
debug_events.js:162 [USER]     [module_panel] click:mp-item — Mouse
debug_events.js:162 [USER]     [module_panel] click:mp-item — Mouse
debug_events.js:162 [USER]     [module_panel] dblclick:mp-item — Mouse
debug_events.js:174 [USER]     [report_editor] click:btn-new-report — Mouse
debug_events.js:174 [USER]     [report_editor] click:btn-create-report — Mouse
report_editor.js:86 [forensic] initReportSelector() gestartet
report_editor.js:86 [forensic] loadReport() report_id= 1 type= interim
report_editor.js:512 report_editor.js: _knownBlockIds initialisiert, 0 Bloecke geladen.
report_editor.js:86 [forensic] _initEditorJs(): window.EditorJS= true
report_editor.js:86 [forensic] _initSidebarAccordion() gestartet
report_editor.js:845 report_editor.js: Editor bereit, report_id= 1 | readOnly= false
editorjs.mjs:136 Block «paragraph» skipped because saved data is invalid
report_editor.js:890 report_editor.js: Initialisierungs-Guard freigegeben.
debug_events.js:162 [USER]     [module_panel] click:mp-item — Mouse
debug_events.js:162 [USER]     [module_panel] click:mp-item — Mouse
debug_events.js:162 [USER]     [module_panel] dblclick:mp-item — Mouse
module_panel.js:77 [forensic] _insertModule: Block server-seitig gespeichert, blockId= a95b91a5-fe1e-43e1-85cf-6b1429eee162 — Editor-Reload via onInserted-Callback
report_editor.js:86 [forensic] _reloadEditorContent(): Starte Neuladen fuer report_id= 1
report_editor.js:86 [forensic] _reloadEditorContent(): Abgeschlossen. 1 Bloecke geladen.
placeholder_wizard.js:189 [PlaceholderWizard] showPlaceholderForm: blocks= 1 focusedId= a95b91a5-fe1e-43e1-85cf-6b1429eee162 onSave= function myUsername= paul
report_editor.js:86 [forensic] _initSidebarAccordion() gestartet
report_editor.js:845 report_editor.js: Editor bereit, report_id= 1 | readOnly= false
placeholder_wizard.js:189 [PlaceholderWizard] showPlaceholderForm: blocks= 1 focusedId= a95b91a5-fe1e-43e1-85cf-6b1429eee162 onSave= function myUsername= paul
report_editor.js:890 report_editor.js: Initialisierungs-Guard freigegeben.
debug_events.js:162 [USER]     [module_panel] click:mp-chip — Mouse
debug_events.js:162 [USER]     [module_panel] click:mp-cat-tab — Mouse
debug_events.js:174 [USER]     [report_editor] mousedown:captureRange — Mouse
debug_events.js:162 [USER]     [report_editor] click:ph-chip — Mouse
debug_events.js:162 [USER]     [report_editor] click:ph-chip — Mouse
debug_events.js:162 [USER]     [module_panel] mousedown:einzeldaten-insert-btn — Mouse
debug_events.js:162 [USER]     [module_panel] click:einzeldaten-insert-btn — Mouse
module_panel.js:77 [forensic] _insertQuery: Einfuege-Position: blockId= a95b91a5-fe1e-43e1-85cf-6b1429eee162 offset= 46 queryId= user.aoa
module_panel.js:77 [forensic] _insertQuery: Chip inline eingefuegt: user.aoa
placeholder_wizard.js:189 [PlaceholderWizard] showPlaceholderForm: blocks= 1 focusedId= a95b91a5-fe1e-43e1-85cf-6b1429eee162 onSave= function myUsername= paul
debug_events.js:174 [USER]     [report_editor] keydown:captureRange — Keyboard
report_editor.js:877 [forensic] _captureRange: alt= null → neu: blockId= a95b91a5-fe1e-43e1-85cf-6b1429eee162 blockIdx= 0 startOffset= 1
debug_events.js:174 [USER]     [report_editor] keyup:captureRange — Keyboard
report_editor.js:877 [forensic] _captureRange: alt= blockId=a95b91a5-fe1e-43e1-85cf-6b1429eee162 offset=1 → neu: blockId= a95b91a5-fe1e-43e1-85cf-6b1429eee162 blockIdx= 0 startOffset= 2
placeholder_wizard.js:189 [PlaceholderWizard] showPlaceholderForm: blocks= 1 focusedId= a95b91a5-fe1e-43e1-85cf-6b1429eee162 onSave= function myUsername= paul
debug_events.js:162 [USER]     [module_panel] click:mp-cat-tab — Mouse
debug_events.js:162 [USER]     [module_panel] click:mp-cat-tab — Mouse
placeholder_wizard.js:189 [PlaceholderWizard] showPlaceholderForm: blocks= 1 focusedId= a95b91a5-fe1e-43e1-85cf-6b1429eee162 onSave= function myUsername= paul
debug_events.js:162 [USER]     [module_panel] click:mp-cat-tab — Mouse
debug_events.js:162 [USER]     [module_panel] click:mp-chip — Mouse
debug_events.js:162 [USER]     [module_panel] click:mp-cat-tab — Mouse
debug_events.js:162 [USER]     [module_panel] click:mp-cat-tab — Mouse
debug_events.js:162 [USER]     [module_panel] click:mp-cat-tab — Mouse
debug_events.js:162 [USER]     [module_panel] click:mp-cat-tab — Mouse
debug_events.js:162 [USER]     [module_panel] click:mp-chip — Mouse
debug_events.js:162 [USER]     [module_panel] click:mp-cat-tab — Mouse
debug_events.js:162 [USER]     [module_panel] click:mp-cat-tab — Mouse
placeholder_wizard.js:189 [PlaceholderWizard] showPlaceholderForm: blocks= 1 focusedId= a95b91a5-fe1e-43e1-85cf-6b1429eee162 onSave= function myUsername= paul
report_editor.js:2010 report_editor.js: Auto-Save gestartet, report_id= 1 | bekannte Block-IDs: 1
report_editor.js:2124 report_editor.js: Auto-Save abgeschlossen. | Bloecke gespeichert: 1 | Bloecke geloescht: 0
placeholder_wizard.js:189 [PlaceholderWizard] showPlaceholderForm: blocks= 1 focusedId= a95b91a5-fe1e-43e1-85cf-6b1429eee162 onSave= function myUsername= paul
debug_events.js:174 [USER]     [report_editor] mousedown:captureRange — Mouse
report_editor.js:877 [forensic] _captureRange: alt= blockId=a95b91a5-fe1e-43e1-85cf-6b1429eee162 offset=2 → neu: blockId= a95b91a5-fe1e-43e1-85cf-6b1429eee162 blockIdx= 0 startOffset= 2
debug_events.js:162 [USER]     [report_editor] click:ph-chip — Mouse
debug_events.js:162 [USER]     [report_editor] click:ph-chip — Mouse
debug_events.js:174 [USER]     [report_editor] keydown:captureRange — Keyboard
report_editor.js:877 [forensic] _captureRange: alt= blockId=a95b91a5-fe1e-43e1-85cf-6b1429eee162 offset=2 → neu: blockId= a95b91a5-fe1e-43e1-85cf-6b1429eee162 blockIdx= 0 startOffset= 20
debug_events.js:174 [USER]     [report_editor] keyup:captureRange — Keyboard
report_editor.js:877 [forensic] _captureRange: alt= blockId=a95b91a5-fe1e-43e1-85cf-6b1429eee162 offset=19 → neu: blockId= a95b91a5-fe1e-43e1-85cf-6b1429eee162 blockIdx= 0 startOffset= 29
placeholder_wizard.js:189 [PlaceholderWizard] showPlaceholderForm: blocks= 1 focusedId= a95b91a5-fe1e-43e1-85cf-6b1429eee162 onSave= function myUsername= paul
debug_events.js:174 [USER]     [report_editor] mousedown:captureRange — Mouse
report_editor.js:877 [forensic] _captureRange: alt= blockId=a95b91a5-fe1e-43e1-85cf-6b1429eee162 offset=29 → neu: blockId= a95b91a5-fe1e-43e1-85cf-6b1429eee162 blockIdx= 0 startOffset= 29
debug_events.js:162 [USER]     [report_editor] click:ph-chip — Mouse
debug_events.js:162 [USER]     [report_editor] click:ph-chip — Mouse
debug_events.js:174 [USER]     [report_editor] mousedown:captureRange — Mouse
report_editor.js:877 [forensic] _captureRange: alt= blockId=a95b91a5-fe1e-43e1-85cf-6b1429eee162 offset=29 → neu: blockId= a95b91a5-fe1e-43e1-85cf-6b1429eee162 blockIdx= 0 startOffset= 22
editorjs.mjs:136 Block «paragraph» skipped because saved data is invalid
editorjs.mjs:136 Block «paragraph» skipped because saved data is invalid
editorjs.mjs:136 Block «paragraph» skipped because saved data is invalid
editorjs.mjs:136 Block «paragraph» skipped because saved data is invalid
debug_events.js:174 [USER]     [report_editor] click:btn-save-now — Mouse
report_editor.js:2010 report_editor.js: Auto-Save gestartet, report_id= 1 | bekannte Block-IDs: 1
editorjs.mjs:136 Block «paragraph» skipped because saved data is invalid
report_editor.js:2124 report_editor.js: Auto-Save abgeschlossen. | Bloecke gespeichert: 1 | Bloecke geloescht: 0
placeholder_wizard.js:189 [PlaceholderWizard] showPlaceholderForm: blocks= 1 focusedId= a95b91a5-fe1e-43e1-85cf-6b1429eee162 onSave= function myUsername= paul
editorjs.mjs:136 Block «paragraph» skipped because saved data is invalid
debug_events.js:174 [USER]     [report_editor] click:btn-refresh-placeholders — Mouse
report_editor.js:86 [forensic] _reloadEditorContent(): Starte Neuladen fuer report_id= 1
report_editor.js:86 [forensic] _reloadEditorContent(): Abgeschlossen. 1 Bloecke geladen.
report_editor.js:86 [forensic] _initSidebarAccordion() gestartet
report_editor.js:845 report_editor.js: Editor bereit, report_id= 1 | readOnly= false
placeholder_wizard.js:189 [PlaceholderWizard] showPlaceholderForm: blocks= 1 focusedId= a95b91a5-fe1e-43e1-85cf-6b1429eee162 onSave= function myUsername= paul
report_editor.js:890 report_editor.js: Initialisierungs-Guard freigegeben.
report_editor.js:2010 report_editor.js: Auto-Save gestartet, report_id= 1 | bekannte Block-IDs: 1
report_editor.js:2124 report_editor.js: Auto-Save abgeschlossen. | Bloecke gespeichert: 1 | Bloecke geloescht: 0
