Navigated to http://127.0.0.2:8080/_forensic/report
report:204 [web-debug] FORENSIC_DEBUG=true, FORENSIC_EVENT_TRACE=true
debug_events.js:235 [debug_events.js] Build 200 geladen. window._uevt() verfügbar. Trace-Modus: window.FORENSIC_EVENT_TRACE = true
debug_events.js:241 [debug_events.js] Kill-Switches: window.FORENSIC_DEBUG=false (alles) | window.FORENSIC_EVENT_DEBUG=false (nur Events)
placeholder_chips.js:56 [forensic] placeholder_chips.js: window.PlaceholderChips exportiert
placeholder_wizard.js:75 [forensic] placeholder_wizard.js: window.PlaceholderWizard exportiert
module_panel.js:77 [forensic] module_panel.js: window.ModulePanel exportiert
annotation_sidebar.js:58 [forensic] annotation_sidebar.js: window.AnnotationSidebar exportiert
report_editor.js:90 [forensic] report_editor.js: Exports auf window gesetzt (Build wird async geladen)
userinfo.js:59 [userinfo.js] IIFE gestartet, readyState= interactive
userinfo.js:822 [userinfo.js] readyState=interactive — sofortiger Aufruf
userinfo.js:800 [userinfo.js] _onDOMReady() aufgerufen
userinfo.js:68 [forensic] DOMContentLoaded: userinfo.js aktiv
userinfo.js:68 [forensic] initEditor() gestartet
editor_bootstrap.js:49 [editor_bootstrap] bootstrap() gestartet
sse_layer.js:462 [SSELayer] SSELayer konstruiert
editor_bootstrap.js:49 [editor_bootstrap] SSELayer instanziiert
sse_layer.js:462 [SSELayer] connect() aufgerufen aus Zustand: UNINITIALIZED
sse_layer.js:462 [SSELayer] Zustandsübergang: UNINITIALIZED → CONNECTING
sse_layer.js:462 [SSELayer] EventSource öffnen: /_forensic/events
editor_bootstrap.js:49 [editor_bootstrap] ReportLayer instanziiert
editor_bootstrap.js:49 [editor_bootstrap] LockLayer instanziiert
editor_bootstrap.js:49 [editor_bootstrap] DocumentLayer instanziiert
report_editor.js:3482 [forensic] report_editor.js: v0.6.260 Build 260 | Exports auf window gesetzt
sse_layer.js:462 [SSELayer] client_id empfangen: 9f298215-2a6c-436b-bbd1-fb9ca988c136 Zustand vorher: CONNECTING
sse_layer.js:462 [SSELayer] Zustandsübergang: CONNECTING → CONNECTED
report_layer.js:406 [ReportLayer] Zustandsübergang: UNINITIALIZED → IDLE
report_layer.js:406 [ReportLayer] ready — SSELayer ist bereit, ReportLayer in IDLE
lock_layer.js:700 [LockLayer] Zustandsübergang: UNINITIALIZED → IDLE
lock_layer.js:700 [LockLayer] ready — ReportLayer ist bereit, LockLayer in IDLE
document_layer.js:462 [DocumentLayer] ready — LockLayer ist bereit
editor_bootstrap.js:49 [editor_bootstrap] Alle Layer bereit
editor_bootstrap.js:49 [editor_bootstrap] bootstrap() abgeschlossen — alle Listener registriert
debug_events.js:216 [TRACE][USER] keyup → <body#report-editor-body>
userinfo.js:605 [userinfo] initSSEWindow3: Paket 9 — SSELayer übernimmt. Stub.
report_editor.js:90 [forensic] initEditorModule() gestartet
report_editor.js:90 [forensic] _initSidebarAccordion() gestartet
report_editor.js:90 [forensic] _initColResizer: Schiebebalken initialisiert
report_editor.js:90 [forensic] _initForumLinkInterceptor: BroadcastChannel bereit
report_editor.js:90 [forensic] _initForumLinkInterceptor: aktiv (window_id= 615287fe-7c3f-4f9f-a914-8c9831a5f4c1 )
report_editor.js:90 [forensic] _initDragDrop: Drop-Zone registriert auf #editorjs-holder
report_editor.js:90 [forensic] initReportSelector() gestartet
favicon.ico:1  GET http://127.0.0.2:8080/favicon.ico 404 (Not Found)
debug_events.js:216 [TRACE][USER] keyup → <body#report-editor-body>
debug_events.js:216 [TRACE][USER] keyup → <body#report-editor-body>
debug_events.js:216 [TRACE][USER] mousedown → <select#report-select.report-select>
debug_events.js:216 [TRACE][USER] focus → <select#report-select.report-select>
debug_events.js:216 [TRACE][USER] mouseup → <button#btn-new-report.editor-btn>
debug_events.js:216 [TRACE][USER] click → <div#report-selector-bar>
debug_events.js:216 [TRACE][USER] mousedown → <button#btn-new-report.editor-btn>
debug_events.js:216 [TRACE][USER] blur → <select#report-select.report-select>
debug_events.js:216 [TRACE][USER] focus → <button#btn-new-report.editor-btn>
debug_events.js:216 [TRACE][USER] mouseup → <button#btn-new-report.editor-btn>
debug_events.js:216 [TRACE][USER] click → <button#btn-new-report.editor-btn>
debug_events.js:174 [USER]     [report_editor] click:btn-new-report — Mouse
debug_events.js:216 [TRACE][USER] blur → <button#btn-new-report.editor-btn>
debug_events.js:216 [TRACE][USER] focus → <input#new-report-title.report-text-input>
debug_events.js:216 [TRACE][USER] mousedown → <input#new-report-title.report-text-input>
debug_events.js:216 [TRACE][USER] mouseup → <input#new-report-title.report-text-input>
debug_events.js:216 [TRACE][USER] click → <input#new-report-title.report-text-input>
debug_events.js:216 [TRACE][USER] keydown → <input#new-report-title.report-text-input>
debug_events.js:216 [TRACE][USER] input → <input#new-report-title.report-text-input>
debug_events.js:216 [TRACE][USER] change → <input#new-report-title.report-text-input>
debug_events.js:216 [TRACE][USER] keyup → <input#new-report-title.report-text-input>
debug_events.js:216 [TRACE][USER] mousedown → <button#btn-create-report.editor-btn.editor-btn-primary>
debug_events.js:216 [TRACE][USER] blur → <input#new-report-title.report-text-input>
debug_events.js:216 [TRACE][USER] focus → <button#btn-create-report.editor-btn.editor-btn-primary>
debug_events.js:216 [TRACE][USER] mouseup → <button#btn-create-report.editor-btn.editor-btn-primary>
debug_events.js:216 [TRACE][USER] click → <button#btn-create-report.editor-btn.editor-btn-primary>
debug_events.js:174 [USER]     [report_editor] click:btn-create-report — Mouse
report_layer.js:406 [ReportLayer] create() type= interim title= Testbericht
report_layer.js:406 [ReportLayer] Zustandsübergang: IDLE → NEW
report_layer.js:406 [ReportLayer] Zustandsübergang: NEW → OPENED
lock_layer.js:700 [LockLayer] ReportLayer created: lock_id= d61fbcce-9a5b-42ff-b7bf-6e5e55d159f6 → MINE
lock_layer.js:700 [LockLayer] Zustandsübergang: IDLE → MINE
editor_bootstrap.js:49 [editor_bootstrap] LockLayer acquired: lockId= d61fbcce-9a5b-42ff-b7bf-6e5e55d159f6
editor_bootstrap.js:49 [editor_bootstrap] ReportLayer created: reportId= 1
report_layer.js:406 [ReportLayer] NEW → OPENED: report_id= 1 lock_id= d61fbcce-9a5b-42ff-b7bf-6e5e55d159f6
debug_events.js:216 [TRACE][USER] blur → <button#btn-create-report.editor-btn.editor-btn-primary>
debug_events.js:216 [TRACE][USER] mousedown → <div#editorjs-holder.editorjs-holder>
debug_events.js:216 [TRACE][USER] mouseup → <div#editorjs-holder.editorjs-holder>
debug_events.js:216 [TRACE][USER] click → <div#editorjs-holder.editorjs-holder>
debug_events.js:216 [TRACE][USER] mousedown → <div#editorjs-holder.editorjs-holder>
debug_events.js:216 [TRACE][USER] mouseup → <div#editorjs-holder.editorjs-holder>
debug_events.js:216 [TRACE][USER] click → <div#editorjs-holder.editorjs-holder>
debug_events.js:216 [TRACE][USER] mousedown → <div#editorjs-holder.editorjs-holder>
debug_events.js:216 [TRACE][USER] mouseup → <div#editorjs-holder.editorjs-holder>
debug_events.js:216 [TRACE][USER] click → <div#editorjs-holder.editorjs-holder>
debug_events.js:216 [TRACE][USER] mousedown → <button.support-accordion-toggle>
debug_events.js:216 [TRACE][USER] focus → <button.support-accordion-toggle>
debug_events.js:216 [TRACE][USER] mouseup → <button.support-accordion-toggle>
debug_events.js:216 [TRACE][USER] click → <button.support-accordion-toggle>
debug_events.js:216 [TRACE][USER] mousedown → <span.mp-item-title>
debug_events.js:216 [TRACE][USER] blur → <button.support-accordion-toggle>
debug_events.js:216 [TRACE][USER] focus → <div.mp-item>
debug_events.js:216 [TRACE][USER] dragstart → <div.mp-item>
debug_events.js:174 [USER]     [module_panel] dragstart:mp-item — Drag&Drop
module_panel.js:77 [forensic] Drag start (Modul, delegiert): module_id= 1 title= Personenbeschreibung des Beschuldigten
debug_events.js:216 [TRACE][USER] dragover → <span.mp-item-title>
debug_events.js:216 [TRACE][USER] dragover → <span.mp-item-title>
debug_events.js:216 [TRACE][USER] dragover → <span.mp-item-title>
debug_events.js:216 [TRACE][USER] dragover → <span.mp-item-title>
debug_events.js:216 [TRACE][USER] dragover → <div#editorjs-holder.editorjs-holder>
debug_events.js:216 [TRACE][USER] dragover → <div#editorjs-holder.editorjs-holder.editorjs-holder--drag-over>
debug_events.js:216 [TRACE][USER] dragover → <div#editorjs-holder.editorjs-holder.editorjs-holder--drag-over>
debug_events.js:216 [TRACE][USER] dragover → <div#editorjs-holder.editorjs-holder.editorjs-holder--drag-over>
debug_events.js:216 [TRACE][USER] dragover → <div#editorjs-holder.editorjs-holder.editorjs-holder--drag-over>
debug_events.js:216 [TRACE][USER] dragover → <div#editorjs-holder.editorjs-holder.editorjs-holder--drag-over>
debug_events.js:216 [TRACE][USER] dragover → <div#editorjs-holder.editorjs-holder.editorjs-holder--drag-over>
debug_events.js:216 [TRACE][USER] dragover → <div#editorjs-holder.editorjs-holder.editorjs-holder--drag-over>
debug_events.js:216 [TRACE][USER] dragover → <div#editorjs-holder.editorjs-holder.editorjs-holder--drag-over>
debug_events.js:216 [TRACE][USER] dragover → <div#editorjs-holder.editorjs-holder.editorjs-holder--drag-over>
debug_events.js:216 [TRACE][USER] dragover → <div#editorjs-holder.editorjs-holder.editorjs-holder--drag-over>
debug_events.js:216 [TRACE][USER] dragover → <div#editorjs-holder.editorjs-holder.editorjs-holder--drag-over>
debug_events.js:216 [TRACE][USER] dragover → <div#editorjs-holder.editorjs-holder.editorjs-holder--drag-over>
debug_events.js:216 [TRACE][USER] dragover → <div#editorjs-holder.editorjs-holder.editorjs-holder--drag-over>
debug_events.js:216 [TRACE][USER] dragover → <div#editorjs-holder.editorjs-holder.editorjs-holder--drag-over>
debug_events.js:216 [TRACE][USER] dragover → <div#editorjs-holder.editorjs-holder.editorjs-holder--drag-over>
debug_events.js:216 [TRACE][USER] dragover → <div#editorjs-holder.editorjs-holder.editorjs-holder--drag-over>
debug_events.js:216 [TRACE][USER] dragover → <div#editorjs-holder.editorjs-holder.editorjs-holder--drag-over>
debug_events.js:216 [TRACE][USER] dragover → <div#editorjs-holder.editorjs-holder.editorjs-holder--drag-over>
debug_events.js:216 [TRACE][USER] dragover → <div#editorjs-holder.editorjs-holder.editorjs-holder--drag-over>
debug_events.js:216 [TRACE][USER] dragover → <div#editorjs-holder.editorjs-holder.editorjs-holder--drag-over>
debug_events.js:216 [TRACE][USER] dragover → <div#editorjs-holder.editorjs-holder.editorjs-holder--drag-over>
debug_events.js:216 [TRACE][USER] dragover → <div#editorjs-holder.editorjs-holder.editorjs-holder--drag-over>
debug_events.js:216 [TRACE][USER] dragover → <div#editorjs-holder.editorjs-holder.editorjs-holder--drag-over>
debug_events.js:216 [TRACE][USER] dragover → <div#editorjs-holder.editorjs-holder.editorjs-holder--drag-over>
debug_events.js:216 [TRACE][USER] dragover → <div#editorjs-holder.editorjs-holder.editorjs-holder--drag-over>
debug_events.js:216 [TRACE][USER] dragover → <div#editorjs-holder.editorjs-holder.editorjs-holder--drag-over>
debug_events.js:216 [TRACE][USER] dragover → <div#editorjs-holder.editorjs-holder.editorjs-holder--drag-over>
debug_events.js:216 [TRACE][USER] dragover → <div#editorjs-holder.editorjs-holder.editorjs-holder--drag-over>
debug_events.js:216 [TRACE][USER] dragover → <div#editorjs-holder.editorjs-holder.editorjs-holder--drag-over>
debug_events.js:216 [TRACE][USER] dragover → <div#editorjs-holder.editorjs-holder.editorjs-holder--drag-over>
debug_events.js:216 [TRACE][USER] dragover → <div#editorjs-holder.editorjs-holder.editorjs-holder--drag-over>
debug_events.js:216 [TRACE][USER] dragover → <div#editorjs-holder.editorjs-holder.editorjs-holder--drag-over>
debug_events.js:216 [TRACE][USER] dragover → <div#editorjs-holder.editorjs-holder.editorjs-holder--drag-over>
debug_events.js:216 [TRACE][USER] dragover → <div#editorjs-holder.editorjs-holder.editorjs-holder--drag-over>
debug_events.js:216 [TRACE][USER] dragover → <div#editorjs-holder.editorjs-holder.editorjs-holder--drag-over>
debug_events.js:216 [TRACE][USER] dragover → <div#editorjs-holder.editorjs-holder.editorjs-holder--drag-over>
debug_events.js:216 [TRACE][USER] dragover → <div#editorjs-holder.editorjs-holder.editorjs-holder--drag-over>
debug_events.js:216 [TRACE][USER] dragover → <div#editorjs-holder.editorjs-holder.editorjs-holder--drag-over>
debug_events.js:216 [TRACE][USER] dragover → <div#editorjs-holder.editorjs-holder.editorjs-holder--drag-over>
debug_events.js:216 [TRACE][USER] dragover → <div#editorjs-holder.editorjs-holder.editorjs-holder--drag-over>
debug_events.js:216 [TRACE][USER] dragover → <div#editorjs-holder.editorjs-holder.editorjs-holder--drag-over>
debug_events.js:216 [TRACE][USER] dragover → <div#editorjs-holder.editorjs-holder.editorjs-holder--drag-over>
debug_events.js:216 [TRACE][USER] dragover → <div#editorjs-holder.editorjs-holder.editorjs-holder--drag-over>
debug_events.js:216 [TRACE][USER] dragover → <div#editorjs-holder.editorjs-holder.editorjs-holder--drag-over>
debug_events.js:216 [TRACE][USER] dragover → <div#editorjs-holder.editorjs-holder.editorjs-holder--drag-over>
debug_events.js:216 [TRACE][USER] drop → <div#editorjs-holder.editorjs-holder.editorjs-holder--drag-over>
debug_events.js:162 [USER]     [report_editor] drop:editorjs-holder — Drag&Drop
report_editor.js:90 [forensic] Drop: Editor nicht bereit
debug_events.js:216 [TRACE][USER] dragend → <div.mp-item>
debug_events.js:216 [TRACE][USER] blur → <div.mp-item>
