:8080/favicon.ico:1  Failed to load resource: the server responded with a status of 404 (Not Found)
events:1  Failed to load resource: net::ERR_CONNECTION_REFUSED
events:1  Failed to load resource: net::ERR_CONNECTION_REFUSED
events:1  Failed to load resource: net::ERR_CONNECTION_REFUSED
events:1  Failed to load resource: net::ERR_CONNECTION_REFUSED
events:1  Failed to load resource: net::ERR_CONNECTION_REFUSED
events:1  Failed to load resource: net::ERR_CONNECTION_REFUSED
events:1  Failed to load resource: net::ERR_CONNECTION_REFUSED
events:1  Failed to load resource: net::ERR_CONNECTION_REFUSED
events:1  Failed to load resource: net::ERR_CONNECTION_REFUSED
events:1  Failed to load resource: net::ERR_CONNECTION_REFUSED
report:1  Failed to load resource: net::ERR_CONNECTION_REFUSED
Navigated to http://127.0.0.2:8080/_forensic/report
placeholder_chips.js:56 [forensic] placeholder_chips.js: window.PlaceholderChips exportiert
placeholder_wizard.js:75 [forensic] placeholder_wizard.js: window.PlaceholderWizard exportiert
module_panel.js:77 [forensic] module_panel.js: window.ModulePanel exportiert
annotation_sidebar.js:58 [forensic] annotation_sidebar.js: window.AnnotationSidebar exportiert
report_editor.js:86 [forensic] report_editor.js: Exports auf window gesetzt
userinfo.js:67 [forensic] DOMContentLoaded: userinfo.js aktiv
userinfo.js:67 [forensic] initEditor() gestartet
userinfo.js:67 [forensic] initSSEWindow3() gestartet
userinfo.js:67 [forensic] acquireLock() aufgerufen, sseClientId= b47bcfd2-b601-49f1-a0ba-8ed596f39b83
report_editor.js:86 [forensic] initEditorModule() gestartet
report_editor.js:86 [forensic] _initSidebarAccordion() gestartet
report_editor.js:86 [forensic] _initDragDrop: Drop-Zone registriert auf #editorjs-holder
report_editor.js:86 [forensic] initReportSelector() gestartet
favicon.ico:1  GET http://127.0.0.2:8080/favicon.ico 404 (Not Found)
report_editor.js:86 [forensic] loadReport() report_id= 2 type= interim
report_editor.js:454 report_editor.js: _knownBlockIds initialisiert, 41 Bloecke geladen.
report_editor.js:86 [forensic] _initEditorJs(): window.EditorJS= true
report_editor.js:86 [forensic] _initSidebarAccordion() gestartet
report_editor.js:596 report_editor.js: Editor bereit, report_id= 2 | readOnly= false
placeholder_wizard.js:189 [PlaceholderWizard] showPlaceholderForm: blocks= 41 focusedId= wU6z9eBw34 onSave= function myUsername= paul
report_editor.js:606 report_editor.js: Initialisierungs-Guard freigegeben.
report_editor.js:1164 report_editor.js: Chip-Doppelklick: realname o
placeholder_wizard.js:619 [PlaceholderWizard] openAtField: onSave aus Options gesetzt, blockId= pPklymmFi4 fieldName= realname
placeholder_wizard.js:189 [PlaceholderWizard] showPlaceholderForm: blocks= 41 focusedId= pPklymmFi4 onSave= function myUsername= paul
placeholder_wizard.js:189 [PlaceholderWizard] showPlaceholderForm: blocks= 41 focusedId= pPklymmFi4 onSave= function myUsername= paul
placeholder_wizard.js:526 [PlaceholderWizard] _scheduleFieldSave: Timer gesetzt fuer pPklymmFi4:realname value= "H"
placeholder_wizard.js:526 [PlaceholderWizard] _scheduleFieldSave: Timer gesetzt fuer pPklymmFi4:realname value= "He"
placeholder_wizard.js:526 [PlaceholderWizard] _scheduleFieldSave: Timer gesetzt fuer pPklymmFi4:realname value= "Her"
placeholder_wizard.js:526 [PlaceholderWizard] _scheduleFieldSave: Timer gesetzt fuer pPklymmFi4:realname value= "Herb"
placeholder_wizard.js:526 [PlaceholderWizard] _scheduleFieldSave: Timer gesetzt fuer pPklymmFi4:realname value= "Herbe"
placeholder_wizard.js:526 [PlaceholderWizard] _scheduleFieldSave: Timer gesetzt fuer pPklymmFi4:realname value= "Herber"
placeholder_wizard.js:526 [PlaceholderWizard] _scheduleFieldSave: Timer gesetzt fuer pPklymmFi4:realname value= "Herbert"
placeholder_wizard.js:540 [PlaceholderWizard] _saveField: blockId= pPklymmFi4 name= realname val= "Herbert" onSave= function
report_editor.js:1246 report_editor.js: _onPlaceholderFieldSave aufgerufen: blockId= pPklymmFi4 field= realname value= "Herbert"
report_editor.js:1287 report_editor.js: _onPlaceholderFieldSave fetch-Antwort: ok= true status= 200
placeholder_wizard.js:549 [PlaceholderWizard] _saveField: onSave abgeschlossen fuer realname
placeholder_wizard.js:526 [PlaceholderWizard] _scheduleFieldSave: Timer gesetzt fuer pPklymmFi4:realname value= "Herbert "
placeholder_wizard.js:540 [PlaceholderWizard] _saveField: blockId= pPklymmFi4 name= realname val= "Herbert " onSave= function
report_editor.js:1246 report_editor.js: _onPlaceholderFieldSave aufgerufen: blockId= pPklymmFi4 field= realname value= "Herbert "
report_editor.js:1287 report_editor.js: _onPlaceholderFieldSave fetch-Antwort: ok= true status= 200
placeholder_wizard.js:549 [PlaceholderWizard] _saveField: onSave abgeschlossen fuer realname
placeholder_wizard.js:526 [PlaceholderWizard] _scheduleFieldSave: Timer gesetzt fuer pPklymmFi4:realname value= "Herbert H"
placeholder_wizard.js:526 [PlaceholderWizard] _scheduleFieldSave: Timer gesetzt fuer pPklymmFi4:realname value= "Herbert He"
placeholder_wizard.js:526 [PlaceholderWizard] _scheduleFieldSave: Timer gesetzt fuer pPklymmFi4:realname value= "Herbert Her"
placeholder_wizard.js:526 [PlaceholderWizard] _scheduleFieldSave: Timer gesetzt fuer pPklymmFi4:realname value= "Herbert Herr"
placeholder_wizard.js:526 [PlaceholderWizard] _scheduleFieldSave: Timer gesetzt fuer pPklymmFi4:realname value= "Herbert Herrm"
placeholder_wizard.js:526 [PlaceholderWizard] _scheduleFieldSave: Timer gesetzt fuer pPklymmFi4:realname value= "Herbert Herrma"
placeholder_wizard.js:526 [PlaceholderWizard] _scheduleFieldSave: Timer gesetzt fuer pPklymmFi4:realname value= "Herbert Herrman"
placeholder_wizard.js:526 [PlaceholderWizard] _scheduleFieldSave: Timer gesetzt fuer pPklymmFi4:realname value= "Herbert Herrmann"
placeholder_wizard.js:540 [PlaceholderWizard] _saveField: blockId= pPklymmFi4 name= realname val= "Herbert Herrmann" onSave= function
report_editor.js:1246 report_editor.js: _onPlaceholderFieldSave aufgerufen: blockId= pPklymmFi4 field= realname value= "Herbert Herrmann"
report_editor.js:1287 report_editor.js: _onPlaceholderFieldSave fetch-Antwort: ok= true status= 200
placeholder_wizard.js:549 [PlaceholderWizard] _saveField: onSave abgeschlossen fuer realname
report_editor.js:1616 report_editor.js: Auto-Save gestartet, report_id= 2 | bekannte Block-IDs: 41
report_editor.js:1730 report_editor.js: Auto-Save abgeschlossen. | Bloecke gespeichert: 41 | Bloecke geloescht: 0
placeholder_wizard.js:189 [PlaceholderWizard] showPlaceholderForm: blocks= 41 focusedId= pPklymmFi4 onSave= function myUsername= paul
report_editor.js:86 [forensic] _reloadEditorContent(): Starte Neuladen fuer report_id= 2
report_editor.js:86 [forensic] _reloadEditorContent(): Abgeschlossen. 41 Bloecke geladen.
report_editor.js:86 [forensic] _initSidebarAccordion() gestartet
report_editor.js:596 report_editor.js: Editor bereit, report_id= 2 | readOnly= false
placeholder_wizard.js:189 [PlaceholderWizard] showPlaceholderForm: blocks= 41 focusedId= pPklymmFi4 onSave= function myUsername= paul
report_editor.js:606 report_editor.js: Initialisierungs-Guard freigegeben.
report_editor.js:1616 report_editor.js: Auto-Save gestartet, report_id= 2 | bekannte Block-IDs: 41
report_editor.js:1730 report_editor.js: Auto-Save abgeschlossen. | Bloecke gespeichert: 41 | Bloecke geloescht: 0
placeholder_wizard.js:189 [PlaceholderWizard] showPlaceholderForm: blocks= 41 focusedId= pPklymmFi4 onSave= function myUsername= paul
report_editor.js:86 [forensic] _reloadEditorContent(): Starte Neuladen fuer report_id= 2
report_editor.js:86 [forensic] _reloadEditorContent(): Abgeschlossen. 41 Bloecke geladen.
report_editor.js:86 [forensic] _initSidebarAccordion() gestartet
report_editor.js:596 report_editor.js: Editor bereit, report_id= 2 | readOnly= false
placeholder_wizard.js:189 [PlaceholderWizard] showPlaceholderForm: blocks= 41 focusedId= pPklymmFi4 onSave= function myUsername= paul
report_editor.js:606 report_editor.js: Initialisierungs-Guard freigegeben.
Navigated to http://127.0.0.2:8080/_forensic/report
placeholder_chips.js:56 [forensic] placeholder_chips.js: window.PlaceholderChips exportiert
placeholder_wizard.js:75 [forensic] placeholder_wizard.js: window.PlaceholderWizard exportiert
module_panel.js:77 [forensic] module_panel.js: window.ModulePanel exportiert
annotation_sidebar.js:58 [forensic] annotation_sidebar.js: window.AnnotationSidebar exportiert
report_editor.js:86 [forensic] report_editor.js: Exports auf window gesetzt
userinfo.js:67 [forensic] DOMContentLoaded: userinfo.js aktiv
userinfo.js:67 [forensic] initEditor() gestartet
userinfo.js:67 [forensic] initSSEWindow3() gestartet
userinfo.js:67 [forensic] acquireLock() aufgerufen, sseClientId= f7e19428-5851-43fe-b434-673d63c3b58c
report_editor.js:86 [forensic] initEditorModule() gestartet
report_editor.js:86 [forensic] _initSidebarAccordion() gestartet
report_editor.js:86 [forensic] _initDragDrop: Drop-Zone registriert auf #editorjs-holder
report_editor.js:86 [forensic] initReportSelector() gestartet
favicon.ico:1  GET http://127.0.0.2:8080/favicon.ico 404 (Not Found)
report_editor.js:86 [forensic] loadReport() report_id= 2 type= interim
report_editor.js:454 report_editor.js: _knownBlockIds initialisiert, 41 Bloecke geladen.
report_editor.js:86 [forensic] _initEditorJs(): window.EditorJS= true
report_editor.js:86 [forensic] _initSidebarAccordion() gestartet
report_editor.js:596 report_editor.js: Editor bereit, report_id= 2 | readOnly= false
placeholder_wizard.js:189 [PlaceholderWizard] showPlaceholderForm: blocks= 41 focusedId= wU6z9eBw34 onSave= function myUsername= paul
userinfo.js:67 [forensic] acquireLock() aufgerufen, sseClientId= f7e19428-5851-43fe-b434-673d63c3b58c
userinfo.js:67 [forensic] acquireLock: Lock bereits vorhanden ( 546decf1-c3c1-4af5-8abf-173d019d5085 ) — uebersprungen
report_editor.js:606 report_editor.js: Initialisierungs-Guard freigegeben.
