events:1  Failed to load resource: net::ERR_CONNECTION_REFUSED
events:1  Failed to load resource: net::ERR_CONNECTION_REFUSED
report:1  Failed to load resource: net::ERR_CONNECTION_REFUSED
Navigated to http://127.0.0.2:8080/_forensic/report
debug_events.js:235 [debug_events.js] Build 200 geladen. window._uevt() verfügbar. Trace-Modus: window.FORENSIC_EVENT_TRACE = true
debug_events.js:241 [debug_events.js] Kill-Switches: window.FORENSIC_DEBUG=false (alles) | window.FORENSIC_EVENT_DEBUG=false (nur Events)
placeholder_chips.js:56 [forensic] placeholder_chips.js: window.PlaceholderChips exportiert
placeholder_wizard.js:75 [forensic] placeholder_wizard.js: window.PlaceholderWizard exportiert
module_panel.js:77 [forensic] module_panel.js: window.ModulePanel exportiert
annotation_sidebar.js:58 [forensic] annotation_sidebar.js: window.AnnotationSidebar exportiert
report_editor.js:86 [forensic] report_editor.js: Exports auf window gesetzt (Build wird async geladen)
userinfo.js:67 [forensic] DOMContentLoaded: userinfo.js aktiv
userinfo.js:67 [forensic] initEditor() gestartet
userinfo.js:67 [forensic] initSSEWindow3() gestartet
report_editor.js:3364 [forensic] report_editor.js: v0.6.210 Build 210 | Exports auf window gesetzt
userinfo.js:67 [forensic] acquireLock() aufgerufen, sseClientId= 35db2098-a7db-40fd-bc0d-1d840d53f945
report_editor.js:86 [forensic] initEditorModule() gestartet
report_editor.js:86 [forensic] _initSidebarAccordion() gestartet
report_editor.js:86 [forensic] _initColResizer: Schiebebalken initialisiert
report_editor.js:86 [forensic] _initForumLinkInterceptor: BroadcastChannel bereit
report_editor.js:86 [forensic] _initForumLinkInterceptor: aktiv (window_id= a3a9860d-7402-4fec-8ebe-d1005fdf2e64 )
report_editor.js:86 [forensic] _initDragDrop: Drop-Zone registriert auf #editorjs-holder
report_editor.js:86 [forensic] initReportSelector() gestartet
favicon.ico:1  GET http://127.0.0.2:8080/favicon.ico 404 (Not Found)
userinfo.js:67 [forensic] acquireLock() aufgerufen, sseClientId= 35db2098-a7db-40fd-bc0d-1d840d53f945
userinfo.js:67 [forensic] acquireLock: Lock bereits vorhanden ( a4190104-bd15-43df-87cb-e8349d81bf9e ) — uebersprungen
debug_events.js:174 [USER]     [report_editor] click:btn-new-report — Mouse
debug_events.js:174 [USER]     [report_editor] click:btn-create-report — Mouse
report_editor.js:86 [forensic] initReportSelector() gestartet
report_editor.js:86 [forensic] loadReport() report_id= 1 type= interim
report_editor.js:512 report_editor.js: _knownBlockIds initialisiert, 0 Bloecke geladen.
report_editor.js:86 [forensic] _initEditorJs(): window.EditorJS= true
report_editor.js:86 [forensic] _initSidebarAccordion() gestartet
report_editor.js:845 report_editor.js: Editor bereit, report_id= 1 | readOnly= false
placeholder_wizard.js:189 [PlaceholderWizard] showPlaceholderForm: blocks= 0 focusedId= null onSave= function myUsername= paul
editorjs.mjs:136 Block «paragraph» skipped because saved data is invalid
report_editor.js:890 report_editor.js: Initialisierungs-Guard freigegeben.
debug_events.js:162 [USER]     [module_panel] click:mp-chip — Mouse
debug_events.js:162 [USER]     [module_panel] click:mp-item — Mouse
debug_events.js:162 [USER]     [module_panel] click:mp-item — Mouse
debug_events.js:162 [USER]     [module_panel] dblclick:mp-item — Mouse
module_panel.js:77 [forensic] _insertModule: Block server-seitig gespeichert, blockId= 4158323f-a912-46a3-a5f3-60ca1e77c411 — Editor-Reload via onInserted-Callback
report_editor.js:86 [forensic] _reloadEditorContent(): Starte Neuladen fuer report_id= 1
report_editor.js:86 [forensic] _reloadEditorContent(): Abgeschlossen. 1 Bloecke geladen.
placeholder_wizard.js:189 [PlaceholderWizard] showPlaceholderForm: blocks= 1 focusedId= 4158323f-a912-46a3-a5f3-60ca1e77c411 onSave= function myUsername= paul
report_editor.js:86 [forensic] _initSidebarAccordion() gestartet
report_editor.js:845 report_editor.js: Editor bereit, report_id= 1 | readOnly= false
placeholder_wizard.js:189 [PlaceholderWizard] showPlaceholderForm: blocks= 1 focusedId= 4158323f-a912-46a3-a5f3-60ca1e77c411 onSave= function myUsername= paul
report_editor.js:890 report_editor.js: Initialisierungs-Guard freigegeben.
debug_events.js:174 [USER]     [report_editor] mousedown:captureRange — Mouse
editorjs.mjs:136 Block «paragraph» skipped because saved data is invalid
editorjs.mjs:136 Block «paragraph» skipped because saved data is invalid
editorjs.mjs:136 Block «paragraph» skipped because saved data is invalid
editorjs.mjs:136 Block «paragraph» skipped because saved data is invalid
debug_events.js:162 [USER]     [module_panel] click:mp-chip — Mouse
debug_events.js:162 [USER]     [module_panel] click:mp-item — Mouse
debug_events.js:162 [USER]     [module_panel] click:mp-item — Mouse
debug_events.js:162 [USER]     [module_panel] dblclick:mp-item — Mouse
module_panel.js:77 [forensic] _insertModule: Block server-seitig gespeichert, blockId= 8e3774f8-7ed0-447b-ad7e-2a630a5a6f0c — Editor-Reload via onInserted-Callback
report_editor.js:86 [forensic] _reloadEditorContent(): Starte Neuladen fuer report_id= 1
report_editor.js:86 [forensic] _reloadEditorContent(): Abgeschlossen. 2 Bloecke geladen.
placeholder_wizard.js:189 [PlaceholderWizard] showPlaceholderForm: blocks= 2 focusedId= 4158323f-a912-46a3-a5f3-60ca1e77c411 onSave= function myUsername= paul
report_editor.js:86 [forensic] _initSidebarAccordion() gestartet
report_editor.js:845 report_editor.js: Editor bereit, report_id= 1 | readOnly= false
placeholder_wizard.js:189 [PlaceholderWizard] showPlaceholderForm: blocks= 2 focusedId= 4158323f-a912-46a3-a5f3-60ca1e77c411 onSave= function myUsername= paul
report_editor.js:890 report_editor.js: Initialisierungs-Guard freigegeben.
debug_events.js:174 [USER]     [report_editor] mousedown:captureRange — Mouse
debug_events.js:162 [USER]     [report_editor] click:ph-chip — Mouse
debug_events.js:162 [USER]     [report_editor] click:ph-chip — Mouse
debug_events.js:162 [USER]     [report_editor] click:ph-chip — Mouse
debug_events.js:174 [USER]     [report_editor] mousedown:captureRange — Mouse
editorjs.mjs:136 Block «paragraph» skipped because saved data is invalid
editorjs.mjs:136 Block «paragraph» skipped because saved data is invalid
editorjs.mjs:136 Block «paragraph» skipped because saved data is invalid
editorjs.mjs:136 Block «paragraph» skipped because saved data is invalid
debug_events.js:162 [USER]     [module_panel] click:mp-item — Mouse
debug_events.js:162 [USER]     [module_panel] click:mp-item — Mouse
debug_events.js:162 [USER]     [module_panel] dblclick:mp-item — Mouse
module_panel.js:77 [forensic] _insertModule: Block server-seitig gespeichert, blockId= 5e910c7b-49b1-4b55-9219-94365ee003d7 — Editor-Reload via onInserted-Callback
report_editor.js:86 [forensic] _reloadEditorContent(): Starte Neuladen fuer report_id= 1
report_editor.js:86 [forensic] _reloadEditorContent(): Abgeschlossen. 3 Bloecke geladen.
placeholder_wizard.js:189 [PlaceholderWizard] showPlaceholderForm: blocks= 3 focusedId= 4158323f-a912-46a3-a5f3-60ca1e77c411 onSave= function myUsername= paul
report_editor.js:86 [forensic] _initSidebarAccordion() gestartet
report_editor.js:845 report_editor.js: Editor bereit, report_id= 1 | readOnly= false
placeholder_wizard.js:189 [PlaceholderWizard] showPlaceholderForm: blocks= 3 focusedId= 4158323f-a912-46a3-a5f3-60ca1e77c411 onSave= function myUsername= paul
report_editor.js:890 report_editor.js: Initialisierungs-Guard freigegeben.
debug_events.js:162 [USER]     [module_panel] click:mp-chip — Mouse
debug_events.js:162 [USER]     [module_panel] click:mp-chip — Mouse
debug_events.js:174 [USER]     [module_panel] dragstart:mp-item — Drag&Drop
module_panel.js:77 [forensic] Drag start (Modul, delegiert): module_id= 5 title= Ermittlungsfazit und Maßnahmenempfehlung
debug_events.js:174 [USER]     [module_panel] dragstart:mp-item — Drag&Drop
module_panel.js:77 [forensic] Drag start (Modul, delegiert): module_id= 5 title= Ermittlungsfazit und Maßnahmenempfehlung
debug_events.js:174 [USER]     [module_panel] dragstart:mp-item — Drag&Drop
module_panel.js:77 [forensic] Drag start (Modul, delegiert): module_id= 5 title= Ermittlungsfazit und Maßnahmenempfehlung
debug_events.js:174 [USER]     [module_panel] dragstart:mp-item — Drag&Drop
module_panel.js:77 [forensic] Drag start (Modul, delegiert): module_id= 5 title= Ermittlungsfazit und Maßnahmenempfehlung
debug_events.js:174 [USER]     [module_panel] dragstart:mp-item — Drag&Drop
module_panel.js:77 [forensic] Drag start (Modul, delegiert): module_id= 5 title= Ermittlungsfazit und Maßnahmenempfehlung
debug_events.js:174 [USER]     [module_panel] dragstart:mp-item — Drag&Drop
module_panel.js:77 [forensic] Drag start (Modul, delegiert): module_id= 5 title= Ermittlungsfazit und Maßnahmenempfehlung
debug_events.js:174 [USER]     [module_panel] dragstart:mp-item — Drag&Drop
module_panel.js:77 [forensic] Drag start (Modul, delegiert): module_id= 5 title= Ermittlungsfazit und Maßnahmenempfehlung
debug_events.js:162 [USER]     [report_editor] drop:editorjs-holder — Drag&Drop
report_editor.js:86 [forensic] Drop: Ziel-Index= 3 von 3 Bloecken
report_editor.js:86 [forensic] Drop (Modul): module_id= 5 targetIdx= 3
report_editor.js:86 [forensic] Drop (Modul): Block eingefuegt, type= paragraph idx= 3 textLen= 502
report_editor.js:86 [forensic] Drop (Modul): Chips hydriert fuer Block idx= 3
placeholder_wizard.js:189 [PlaceholderWizard] showPlaceholderForm: blocks= 3 focusedId= 4158323f-a912-46a3-a5f3-60ca1e77c411 onSave= function myUsername= paul
debug_events.js:162 [USER]     [module_panel] click:mp-chip — Mouse
debug_events.js:162 [USER]     [module_panel] click:mp-chip — Mouse
debug_events.js:162 [USER]     [module_panel] click:mp-chip — Mouse
debug_events.js:162 [USER]     [module_panel] click:mp-chip — Mouse
debug_events.js:162 [USER]     [module_panel] click:mp-chip — Mouse
debug_events.js:162 [USER]     [module_panel] click:mp-chip — Mouse
report_editor.js:2010 report_editor.js: Auto-Save gestartet, report_id= 1 | bekannte Block-IDs: 3
report_editor.js:2124 report_editor.js: Auto-Save abgeschlossen. | Bloecke gespeichert: 4 | Bloecke geloescht: 0
debug_events.js:162 [USER]     [module_panel] click:mp-chip — Mouse
debug_events.js:162 [USER]     [module_panel] click:mp-chip — Mouse
debug_events.js:162 [USER]     [module_panel] click:mp-chip — Mouse
debug_events.js:162 [USER]     [module_panel] click:mp-chip — Mouse
debug_events.js:162 [USER]     [module_panel] click:mp-chip — Mouse
debug_events.js:162 [USER]     [module_panel] click:mp-chip — Mouse
debug_events.js:162 [USER]     [module_panel] click:mp-chip — Mouse
