:8080/favicon.ico:1  Failed to load resource: the server responded with a status of 404 (Not Found)
windows:1  Failed to load resource: net::ERR_CONNECTION_REFUSED
windows:1  Failed to load resource: net::ERR_CONNECTION_REFUSED
report:1  Failed to load resource: net::ERR_CONNECTION_REFUSED
Navigated to http://127.0.0.2:8080/_forensic/report
debug_events.js:235 [debug_events.js] Build 200 geladen. window._uevt() verfügbar. Trace-Modus: window.FORENSIC_EVENT_TRACE = true
debug_events.js:241 [debug_events.js] Kill-Switches: window.FORENSIC_DEBUG=false (alles) | window.FORENSIC_EVENT_DEBUG=false (nur Events)
placeholder_chips.js:56 [forensic] placeholder_chips.js: window.PlaceholderChips exportiert
placeholder_wizard.js:75 [forensic] placeholder_wizard.js: window.PlaceholderWizard exportiert
module_panel.js:77 [forensic] module_panel.js: window.ModulePanel exportiert
annotation_sidebar.js:58 [forensic] annotation_sidebar.js: window.AnnotationSidebar exportiert
report_editor.js:86 [forensic] report_editor.js: Exports auf window gesetzt (Build wird async geladen)
userinfo.js:67 [forensic] DOMContentLoaded: userinfo.js aktiv
userinfo.js:67 [forensic] initEditor() gestartet
userinfo.js:67 [forensic] initSSEWindow3() gestartet
report_editor.js:3551 [forensic] report_editor.js: v0.6.224 Build 224 | Exports auf window gesetzt
userinfo.js:67 [forensic] acquireLock() aufgerufen, sseClientId= f4442715-176d-4ad2-bce2-95da0ae64340 reportId= undefined
userinfo.js:67 [forensic] acquireLock: keine Berichte und keine reportId — uebersprungen
report_editor.js:86 [forensic] initEditorModule() gestartet
report_editor.js:86 [forensic] _initSidebarAccordion() gestartet
report_editor.js:86 [forensic] _initColResizer: Schiebebalken initialisiert
report_editor.js:86 [forensic] _initForumLinkInterceptor: BroadcastChannel bereit
report_editor.js:86 [forensic] _initForumLinkInterceptor: aktiv (window_id= acda5fa8-9cc9-40cd-b970-5b581477eede )
report_editor.js:86 [forensic] _initDragDrop: Drop-Zone registriert auf #editorjs-holder
report_editor.js:86 [forensic] initReportSelector() gestartet
favicon.ico:1  GET http://127.0.0.2:8080/favicon.ico 404 (Not Found)
userinfo.js:67 [forensic] acquireLock() aufgerufen, sseClientId= f4442715-176d-4ad2-bce2-95da0ae64340 reportId= undefined
userinfo.js:67 [forensic] acquireLock: keine Berichte und keine reportId — uebersprungen
debug_events.js:174 [USER]     [report_editor] click:btn-new-report — Mouse
debug_events.js:174 [USER]     [report_editor] click:btn-create-report — Mouse
report_editor.js:86 [forensic] create-report: Lock aus 201-Response: b12d7c26-b685-4034-a640-9b5153e0f32e fuer Bericht 1
report_editor.js:86 [forensic] initReportSelector() gestartet
report_editor.js:86 [forensic] loadReport() report_id= 1 type= interim
report_editor.js:593 report_editor.js: _knownBlockIds initialisiert, 0 Bloecke geladen.
report_editor.js:86 [forensic] _initEditorJs(): window.EditorJS= true
report_editor.js:86 [forensic] _initSidebarAccordion() gestartet
report_editor.js:1005 report_editor.js: Editor bereit, report_id= 1 | readOnly= false
editorjs.mjs:136 Block «paragraph» skipped because saved data is invalid
report_editor.js:1050 report_editor.js: Initialisierungs-Guard freigegeben.
editorjs.mjs:136 Block «paragraph» skipped because saved data is invalid
editorjs.mjs:136 Block «paragraph» skipped because saved data is invalid
debug_events.js:174 [USER]     [module_panel] dragstart:mp-item — Drag&Drop
module_panel.js:77 [forensic] Drag start (Modul, delegiert): module_id= 1 title= Personenbeschreibung des Beschuldigten
debug_events.js:174 [USER]     [module_panel] dragstart:mp-item — Drag&Drop
module_panel.js:77 [forensic] Drag start (Modul, delegiert): module_id= 1 title= Personenbeschreibung des Beschuldigten
debug_events.js:162 [USER]     [report_editor] drop:editorjs-holder — Drag&Drop
report_editor.js:86 [forensic] Drop: Ziel-Index= 1 von 1 Bloecken
report_editor.js:86 [forensic] Drop (Modul): module_id= 1 targetIdx= 1
report_editor.js:86 [forensic] Drop (Modul): Block eingefuegt, type= paragraph idx= 1 textLen= 450
report_editor.js:86 [forensic] Drop (Modul): Chips hydriert fuer Block idx= 1
editorjs.mjs:136 Block «paragraph» skipped because saved data is invalid
report_editor.js:86 [forensic] onChange: Block-Anzahl geaendert: Editor= 2  / _currentBlocks= 0  — bereinige _currentBlocks und Formular-Refresh (Bug 2.98/2.121)
editorjs.mjs:136 Block «paragraph» skipped because saved data is invalid
placeholder_wizard.js:189 [PlaceholderWizard] showPlaceholderForm: blocks= 1 focusedId= oTt_D_TpTm onSave= function myUsername= paul
editorjs.mjs:136 Block «paragraph» skipped because saved data is invalid
debug_events.js:174 [USER]     [module_panel] dragstart:mp-item — Drag&Drop
module_panel.js:77 [forensic] Drag start (Modul, delegiert): module_id= 6 title= Anlagenverzeichnis
debug_events.js:174 [USER]     [module_panel] dragstart:mp-item — Drag&Drop
module_panel.js:77 [forensic] Drag start (Modul, delegiert): module_id= 6 title= Anlagenverzeichnis
editorjs.mjs:136 Block «paragraph» skipped because saved data is invalid
debug_events.js:162 [USER]     [report_editor] drop:editorjs-holder — Drag&Drop
report_editor.js:86 [forensic] Drop: Ziel-Index= 0 von 2 Bloecken
report_editor.js:86 [forensic] Drop (Modul): module_id= 6 targetIdx= 0
report_editor.js:86 [forensic] Drop (Modul): Block eingefuegt, type= paragraph idx= 0 textLen= 394
report_editor.js:86 [forensic] Drop (Modul): Chips hydriert fuer Block idx= 0
editorjs.mjs:136 Block «paragraph» skipped because saved data is invalid
report_editor.js:86 [forensic] onChange: Block-Anzahl geaendert: Editor= 3  / _currentBlocks= 1  — bereinige _currentBlocks und Formular-Refresh (Bug 2.98/2.121)
editorjs.mjs:136 Block «paragraph» skipped because saved data is invalid
placeholder_wizard.js:189 [PlaceholderWizard] showPlaceholderForm: blocks= 2 focusedId= oTt_D_TpTm onSave= function myUsername= paul
editorjs.mjs:136 Block «paragraph» skipped because saved data is invalid
debug_events.js:174 [USER]     [report_editor] click:btn-new-report — Mouse
editorjs.mjs:136 Block «paragraph» skipped because saved data is invalid
debug_events.js:174 [USER]     [report_editor] click:btn-create-report — Mouse
report_editor.js:2197 report_editor.js: Auto-Save gestartet, report_id= 1 | bekannte Block-IDs: 0
editorjs.mjs:136 Block «paragraph» skipped because saved data is invalid
report_editor.js:215  POST http://127.0.0.2:8080/_forensic/editor/block 423 (Locked)
_fetchWithLock @ report_editor.js:215
_performAutoSave @ report_editor.js:2243
await in _performAutoSave
(anonymous) @ report_editor.js:374
report_editor.js:2253 report_editor.js: Block-Save fehlgeschlagen: Qq9olmEsOa {error: 'Lock erforderlich', code: 'LOCK_REQUIRED'}
_performAutoSave @ report_editor.js:2253
await in _performAutoSave
(anonymous) @ report_editor.js:374
report_editor.js:215  POST http://127.0.0.2:8080/_forensic/editor/block 423 (Locked)
_fetchWithLock @ report_editor.js:215
_performAutoSave @ report_editor.js:2243
await in _performAutoSave
(anonymous) @ report_editor.js:374
report_editor.js:2253 report_editor.js: Block-Save fehlgeschlagen: oTt_D_TpTm {error: 'Lock erforderlich', code: 'LOCK_REQUIRED'}
_performAutoSave @ report_editor.js:2253
await in _performAutoSave
(anonymous) @ report_editor.js:374
report_editor.js:215  POST http://127.0.0.2:8080/_forensic/editor/order 423 (Locked)
_fetchWithLock @ report_editor.js:215
_performAutoSave @ report_editor.js:2300
await in _performAutoSave
(anonymous) @ report_editor.js:374
report_editor.js:2311 report_editor.js: Auto-Save abgeschlossen. | Bloecke gespeichert: 2 | Bloecke geloescht: 0
report_editor.js:86 [forensic] create-report: Lock aus 201-Response: 89c2237f-a361-4696-a3c7-8acf4861bfa2 fuer Bericht 2
report_editor.js:86 [forensic] initReportSelector() gestartet
report_editor.js:86 [forensic] loadReport() report_id= 2 type= final
report_editor.js:86 [forensic] _loadReportImpl: Bericht-Wechsel 1 -> 2 — Save + Lock-Release
report_editor.js:2197 report_editor.js: Auto-Save gestartet, report_id= 1 | bekannte Block-IDs: 2
editorjs.mjs:136 Block «paragraph» skipped because saved data is invalid
report_editor.js:215  POST http://127.0.0.2:8080/_forensic/editor/order 423 (Locked)
_fetchWithLock @ report_editor.js:215
_performAutoSave @ report_editor.js:2300
await in _performAutoSave
_loadReportImpl @ report_editor.js:495
loadReport @ report_editor.js:474
initReportSelector @ report_editor.js:295
await in initReportSelector
(anonymous) @ report_editor.js:424
report_editor.js:2311 report_editor.js: Auto-Save abgeschlossen. | Bloecke gespeichert: 2 | Bloecke geloescht: 0
report_editor.js:593 report_editor.js: _knownBlockIds initialisiert, 0 Bloecke geladen.
report_editor.js:86 [forensic] _initEditorJs(): window.EditorJS= true
report_editor.js:86 [forensic] _initEditorJs: Lock erwerben fuer neuen Bericht 2
userinfo.js:67 [forensic] acquireLock() aufgerufen, sseClientId= f4442715-176d-4ad2-bce2-95da0ae64340 reportId= 2
report_editor.js:86 [forensic] _initSidebarAccordion() gestartet
report_editor.js:1005 report_editor.js: Editor bereit, report_id= 2 | readOnly= true
report_editor.js:1050 report_editor.js: Initialisierungs-Guard freigegeben.
debug_events.js:162 [USER]     [report_editor] change:report-select — Input
report_editor.js:86 [forensic] loadReport() report_id= 1 type= interim
report_editor.js:86 [forensic] _loadReportImpl: Bericht-Wechsel 2 -> 1 — Save + Lock-Release
report_editor.js:2197 report_editor.js: Auto-Save gestartet, report_id= 2 | bekannte Block-IDs: 0
report_editor.js:2202 Editor.js 2.31.6 Editor's content can not be saved in read-only mode
Ie @ editorjs.mjs:136
save @ editorjs.mjs:2985
(anonymous) @ editorjs.mjs:2975
_performAutoSave @ report_editor.js:2202
_loadReportImpl @ report_editor.js:495
loadReport @ report_editor.js:474
(anonymous) @ report_editor.js:279
handleMouseUp_ @ (unknown)
report_editor.js:2204 report_editor.js: Editor.save() fehlgeschlagen: Error: Editor's content can not be saved in read-only mode
    at Ao.save (editorjs.mjs:2985:75)
    at Ht.save (editorjs.mjs:2975:24)
    at _performAutoSave (report_editor.js:2202:36)
    at _loadReportImpl (report_editor.js:495:21)
    at loadReport (report_editor.js:474:15)
    at HTMLSelectElement.<anonymous> (report_editor.js:279:27)
_performAutoSave @ report_editor.js:2204
handleMouseUp_ @ (unknown)
await in handleMouseUp_
_loadReportImpl @ report_editor.js:495
loadReport @ report_editor.js:474
(anonymous) @ report_editor.js:279
handleMouseUp_ @ (unknown)
report_editor.js:593 report_editor.js: _knownBlockIds initialisiert, 0 Bloecke geladen.
report_editor.js:86 [forensic] _initEditorJs(): window.EditorJS= true
report_editor.js:86 [forensic] _initEditorJs: Lock erwerben fuer neuen Bericht 1
userinfo.js:67 [forensic] acquireLock() aufgerufen, sseClientId= f4442715-176d-4ad2-bce2-95da0ae64340 reportId= 1
report_editor.js:86 [forensic] _initSidebarAccordion() gestartet
report_editor.js:1005 report_editor.js: Editor bereit, report_id= 1 | readOnly= true
editorjs.mjs:136 Block «paragraph» skipped because saved data is invalid
editorjs.mjs:136 Block «paragraph» skipped because saved data is invalid
report_editor.js:1050 report_editor.js: Initialisierungs-Guard freigegeben.
debug_events.js:162 [USER]     [report_editor] change:report-select — Input
report_editor.js:86 [forensic] loadReport() report_id= 2 type= final
report_editor.js:86 [forensic] _loadReportImpl: Bericht-Wechsel 1 -> 2 — Save + Lock-Release
report_editor.js:2197 report_editor.js: Auto-Save gestartet, report_id= 1 | bekannte Block-IDs: 0
 Block «paragraph» skipped because saved data is invalid
report_editor.js:2311 report_editor.js: Auto-Save abgeschlossen. | Bloecke gespeichert: 0 | Bloecke geloescht: 0
report_editor.js:593 report_editor.js: _knownBlockIds initialisiert, 0 Bloecke geladen.
report_editor.js:86 [forensic] _initEditorJs(): window.EditorJS= true
report_editor.js:86 [forensic] _initEditorJs: Lock erwerben fuer neuen Bericht 2
userinfo.js:67 [forensic] acquireLock() aufgerufen, sseClientId= f4442715-176d-4ad2-bce2-95da0ae64340 reportId= 2
report_editor.js:86 [forensic] _initSidebarAccordion() gestartet
report_editor.js:1005 report_editor.js: Editor bereit, report_id= 2 | readOnly= true
editorjs.mjs:136 Block «paragraph» skipped because saved data is invalid
editorjs.mjs:136 Block «paragraph» skipped because saved data is invalid
report_editor.js:1050 report_editor.js: Initialisierungs-Guard freigegeben.
debug_events.js:162 [USER]     [report_editor] change:report-select — Input
report_editor.js:86 [forensic] loadReport() report_id= 1 type= interim
report_editor.js:86 [forensic] _loadReportImpl: Bericht-Wechsel 2 -> 1 — Save + Lock-Release
report_editor.js:2197 report_editor.js: Auto-Save gestartet, report_id= 2 | bekannte Block-IDs: 0
 Block «paragraph» skipped because saved data is invalid
report_editor.js:2311 report_editor.js: Auto-Save abgeschlossen. | Bloecke gespeichert: 0 | Bloecke geloescht: 0
report_editor.js:593 report_editor.js: _knownBlockIds initialisiert, 0 Bloecke geladen.
report_editor.js:86 [forensic] _initEditorJs(): window.EditorJS= true
report_editor.js:86 [forensic] _initEditorJs: Lock erwerben fuer neuen Bericht 1
userinfo.js:67 [forensic] acquireLock() aufgerufen, sseClientId= f4442715-176d-4ad2-bce2-95da0ae64340 reportId= 1
report_editor.js:86 [forensic] _initSidebarAccordion() gestartet
report_editor.js:1005 report_editor.js: Editor bereit, report_id= 1 | readOnly= true
editorjs.mjs:136 Block «paragraph» skipped because saved data is invalid
editorjs.mjs:136 Block «paragraph» skipped because saved data is invalid
report_editor.js:1050 report_editor.js: Initialisierungs-Guard freigegeben.
report_editor.js:2197 report_editor.js: Auto-Save gestartet, report_id= 1 | bekannte Block-IDs: 0
editorjs.mjs:136 Block «paragraph» skipped because saved data is invalid
report_editor.js:2311 report_editor.js: Auto-Save abgeschlossen. | Bloecke gespeichert: 0 | Bloecke geloescht: 0
editorjs.mjs:136 Block «paragraph» skipped because saved data is invalid
