favicon.ico:1  Failed to load resource: the server responded with a status of 404 (Not Found)
report:1  Failed to load resource: net::ERR_CONNECTION_REFUSED
Navigated to http://127.0.0.2:8080/_forensic/report
 [forensic] placeholder_chips.js: window.PlaceholderChips exportiert
 [forensic] placeholder_wizard.js: window.PlaceholderWizard exportiert
 [forensic] module_panel.js: window.ModulePanel exportiert
 [forensic] annotation_sidebar.js: window.AnnotationSidebar exportiert
 [forensic] report_editor.js: Exports auf window gesetzt
 [forensic] DOMContentLoaded: userinfo.js aktiv
 [forensic] initEditor() gestartet
 [forensic] initSSEWindow3() gestartet
 [forensic] acquireLock() aufgerufen, sseClientId= 85425d7d-763a-43e0-a280-db3dba715f2d
 [forensic] initEditorModule() gestartet
 [forensic] _initSidebarAccordion() gestartet
 [forensic] _initDragDrop: Drop-Zone registriert auf #editorjs-holder
 [forensic] initReportSelector() gestartet
favicon.ico:1  GET http://127.0.0.2:8080/favicon.ico 404 (Not Found)
 [forensic] loadReport() report_id= 2 type= interim
 report_editor.js: _knownBlockIds initialisiert, 61 Bloecke geladen.
 [forensic] _initEditorJs(): window.EditorJS= true
 [forensic] _initSidebarAccordion() gestartet
 report_editor.js: Editor bereit, report_id= 2 | readOnly= false
 report_editor.js: Initialisierungs-Guard freigegeben.
 [forensic] EvidenceBlock.drop: annId= 2 in Block {evidence_ids: Array(1), group_label: '', display_mode: 'list'}
 [forensic] notifyAnchored: annId= 2
 [forensic] _addEvidence: Sidebar benachrichtigt für annId= 2
 [forensic] EvidenceBlock.drop: annId= 9 in Block {evidence_ids: Array(2), group_label: '', display_mode: 'list'}
 [forensic] notifyAnchored: annId= 9
 [forensic] _addEvidence: Sidebar benachrichtigt für annId= 9
 [forensic] _captureRange: alt= null → neu: blockId= Y_dclr0bnb blockIdx= 7 startOffset= 0
 [forensic] _syncAnchoredFromEditor:  2 verankerte Annotationen
 [forensic] _captureRange: alt= blockId=Y_dclr0bnb offset=0 → neu: blockId= Y_dclr0bnb blockIdx= 7 startOffset= 0
 [forensic] _syncAnchoredFromEditor:  1 verankerte Annotationen
 [forensic] _captureRange: alt= blockId=Y_dclr0bnb offset=0 → neu: blockId= Y_dclr0bnb blockIdx= 7 startOffset= 0
 [forensic] _syncAnchoredFromEditor:  0 verankerte Annotationen
 report_editor.js: Auto-Save gestartet, report_id= 2 | bekannte Block-IDs: 61
 report_editor.js: Auto-Save abgeschlossen. | Bloecke gespeichert: 61 | Bloecke geloescht: 0
 [forensic] _reloadEditorContent(): Starte Neuladen fuer report_id= 2
 [forensic] _reloadEditorContent(): Abgeschlossen. 61 Bloecke geladen.
 [forensic] _initSidebarAccordion() gestartet
 report_editor.js: Editor bereit, report_id= 2 | readOnly= false
 report_editor.js: Initialisierungs-Guard freigegeben.
 report_editor.js: Auto-Save gestartet, report_id= 2 | bekannte Block-IDs: 61
 report_editor.js: Auto-Save abgeschlossen. | Bloecke gespeichert: 61 | Bloecke geloescht: 0
 [forensic] _reloadEditorContent(): Starte Neuladen fuer report_id= 2
 [forensic] _reloadEditorContent(): Abgeschlossen. 61 Bloecke geladen.
 [forensic] _initSidebarAccordion() gestartet
 report_editor.js: Editor bereit, report_id= 2 | readOnly= false
 report_editor.js: Initialisierungs-Guard freigegeben.
 [forensic] _reloadEditorContent(): Starte Neuladen fuer report_id= 2
 [forensic] _reloadEditorContent(): Abgeschlossen. 61 Bloecke geladen.
 [forensic] _initSidebarAccordion() gestartet
 report_editor.js: Editor bereit, report_id= 2 | readOnly= false
 report_editor.js: Initialisierungs-Guard freigegeben.
 [forensic] _reloadEditorContent(): Starte Neuladen fuer report_id= 2
  GET http://127.0.0.2:8080/_forensic/report?format=json&report_id=2 500 (Internal Server Error)
_reloadEditorContent @ report_editor.js:1542
(anonymous) @ report_editor.js:2724
 report_editor.js: _reloadEditorContent fehlgeschlagen: Error: HTTP 500
    at _reloadEditorContent (report_editor.js:1546:29)
    at async HTMLButtonElement.<anonymous> (report_editor.js:2724:17)
_reloadEditorContent @ report_editor.js:1584
await in _reloadEditorContent
(anonymous) @ report_editor.js:2724
Navigated to http://127.0.0.2:8080/_forensic/report
 [forensic] placeholder_chips.js: window.PlaceholderChips exportiert
 [forensic] placeholder_wizard.js: window.PlaceholderWizard exportiert
 [forensic] module_panel.js: window.ModulePanel exportiert
 [forensic] annotation_sidebar.js: window.AnnotationSidebar exportiert
 [forensic] report_editor.js: Exports auf window gesetzt
 [forensic] DOMContentLoaded: userinfo.js aktiv
 [forensic] initEditor() gestartet
 [forensic] initSSEWindow3() gestartet
 [forensic] acquireLock() aufgerufen, sseClientId= 897197b6-358c-47ee-bbbf-78ec5d8dfe0a
 [forensic] initEditorModule() gestartet
 [forensic] _initSidebarAccordion() gestartet
 [forensic] _initDragDrop: Drop-Zone registriert auf #editorjs-holder
 [forensic] initReportSelector() gestartet
favicon.ico:1  GET http://127.0.0.2:8080/favicon.ico 404 (Not Found)
 [forensic] loadReport() report_id= 2 type= interim
  GET http://127.0.0.2:8080/_forensic/report?format=json 500 (Internal Server Error)
_loadReportImpl @ report_editor.js:442
loadReport @ report_editor.js:373
initReportSelector @ report_editor.js:254
await in initReportSelector
initEditorModule @ report_editor.js:2710
initEditor @ userinfo.js:546
await in initEditor
(anonymous) @ userinfo.js:1238
 [forensic] _initEditorJs(): window.EditorJS= true
 [forensic] _initSidebarAccordion() gestartet
 report_editor.js: Editor bereit, report_id= 2 | readOnly= false
 Block «paragraph» skipped because saved data is invalid
 [forensic] acquireLock() aufgerufen, sseClientId= 897197b6-358c-47ee-bbbf-78ec5d8dfe0a
 [forensic] acquireLock: Lock bereits vorhanden ( 2027345a-d0c3-4fa7-b570-cacd9e4e202d ) — uebersprungen
 report_editor.js: Initialisierungs-Guard freigegeben.
 Block «paragraph» skipped because saved data is invalid
 Block «paragraph» skipped because saved data is invalid
 Block «paragraph» skipped because saved data is invalid
 [forensic] _reloadEditorContent(): Starte Neuladen fuer report_id= 2
  GET http://127.0.0.2:8080/_forensic/report?format=json&report_id=2 500 (Internal Server Error)
_reloadEditorContent @ report_editor.js:1542
(anonymous) @ report_editor.js:2724
 report_editor.js: _reloadEditorContent fehlgeschlagen: Error: HTTP 500
    at _reloadEditorContent (report_editor.js:1546:29)
    at async HTMLButtonElement.<anonymous> (report_editor.js:2724:17)
_reloadEditorContent @ report_editor.js:1584
await in _reloadEditorContent
(anonymous) @ report_editor.js:2724
 Block «paragraph» skipped because saved data is invalid
 [forensic] _reloadEditorContent(): Starte Neuladen fuer report_id= 2
  GET http://127.0.0.2:8080/_forensic/report?format=json&report_id=2 500 (Internal Server Error)
_reloadEditorContent @ report_editor.js:1542
(anonymous) @ report_editor.js:2724
 report_editor.js: _reloadEditorContent fehlgeschlagen: Error: HTTP 500
    at _reloadEditorContent (report_editor.js:1546:29)
    at async HTMLButtonElement.<anonymous> (report_editor.js:2724:17)
_reloadEditorContent @ report_editor.js:1584
await in _reloadEditorContent
(anonymous) @ report_editor.js:2724
Navigated to http://127.0.0.2:8080/_forensic/report
 [forensic] placeholder_chips.js: window.PlaceholderChips exportiert
 [forensic] placeholder_wizard.js: window.PlaceholderWizard exportiert
 [forensic] module_panel.js: window.ModulePanel exportiert
 [forensic] annotation_sidebar.js: window.AnnotationSidebar exportiert
 [forensic] report_editor.js: Exports auf window gesetzt
 [forensic] DOMContentLoaded: userinfo.js aktiv
 [forensic] initEditor() gestartet
 [forensic] initSSEWindow3() gestartet
 [forensic] acquireLock() aufgerufen, sseClientId= 52a8b1d4-e6aa-4eb5-8612-7f3c9e9489c7
 [forensic] initEditorModule() gestartet
 [forensic] _initSidebarAccordion() gestartet
 [forensic] _initDragDrop: Drop-Zone registriert auf #editorjs-holder
 [forensic] initReportSelector() gestartet
 [forensic] loadReport() report_id= 2 type= interim
  GET http://127.0.0.2:8080/_forensic/report?format=json 500 (Internal Server Error)
_loadReportImpl @ report_editor.js:442
loadReport @ report_editor.js:373
initReportSelector @ report_editor.js:254
await in initReportSelector
initEditorModule @ report_editor.js:2710
initEditor @ userinfo.js:546
await in initEditor
(anonymous) @ userinfo.js:1238
 [forensic] _initEditorJs(): window.EditorJS= true
 [forensic] _initSidebarAccordion() gestartet
 report_editor.js: Editor bereit, report_id= 2 | readOnly= false
 Block «paragraph» skipped because saved data is invalid
 [forensic] acquireLock() aufgerufen, sseClientId= 52a8b1d4-e6aa-4eb5-8612-7f3c9e9489c7
 [forensic] acquireLock: Lock bereits vorhanden ( e34c0457-45c0-4196-bb0a-283688c15e30 ) — uebersprungen
 report_editor.js: Initialisierungs-Guard freigegeben.
 Block «paragraph» skipped because saved data is invalid
events:1  GET http://127.0.0.2:8080/_forensic/events net::ERR_CONNECTION_REFUSED
events:1  GET http://127.0.0.2:8080/_forensic/events net::ERR_CONNECTION_REFUSED
events:1  GET http://127.0.0.2:8080/_forensic/events net::ERR_CONNECTION_REFUSED
events:1  GET http://127.0.0.2:8080/_forensic/events net::ERR_CONNECTION_REFUSED
events:1  GET http://127.0.0.2:8080/_forensic/events net::ERR_CONNECTION_REFUSED
events:1  GET http://127.0.0.2:8080/_forensic/events net::ERR_CONNECTION_REFUSED
events:1  GET http://127.0.0.2:8080/_forensic/events net::ERR_CONNECTION_REFUSED
events:1  GET http://127.0.0.2:8080/_forensic/events net::ERR_CONNECTION_REFUSED
 [forensic] _captureRange: alt= null → neu: blockId= ? blockIdx= -1 startOffset= 0
Navigated to http://127.0.0.2:8080/_forensic/report
placeholder_chips.js:56 [forensic] placeholder_chips.js: window.PlaceholderChips exportiert
placeholder_wizard.js:75 [forensic] placeholder_wizard.js: window.PlaceholderWizard exportiert
module_panel.js:77 [forensic] module_panel.js: window.ModulePanel exportiert
annotation_sidebar.js:58 [forensic] annotation_sidebar.js: window.AnnotationSidebar exportiert
report_editor.js:86 [forensic] report_editor.js: Exports auf window gesetzt
userinfo.js:67 [forensic] DOMContentLoaded: userinfo.js aktiv
userinfo.js:67 [forensic] initEditor() gestartet
userinfo.js:67 [forensic] initSSEWindow3() gestartet
userinfo.js:67 [forensic] acquireLock() aufgerufen, sseClientId= ca0df5a1-796b-4950-a2c8-2eacf4d74117
report_editor.js:86 [forensic] initEditorModule() gestartet
report_editor.js:86 [forensic] _initSidebarAccordion() gestartet
report_editor.js:86 [forensic] _initDragDrop: Drop-Zone registriert auf #editorjs-holder
report_editor.js:86 [forensic] initReportSelector() gestartet
favicon.ico:1  GET http://127.0.0.2:8080/favicon.ico 404 (Not Found)
userinfo.js:67 [forensic] acquireLock() aufgerufen, sseClientId= ca0df5a1-796b-4950-a2c8-2eacf4d74117
userinfo.js:67 [forensic] acquireLock: Lock bereits vorhanden ( bdbe7257-6a45-45d4-89d8-d21ad5f2d806 ) — uebersprungen
report_editor.js:86 [forensic] initReportSelector() gestartet
report_editor.js:86 [forensic] loadReport() report_id= 1 type= interim
report_editor.js:457 report_editor.js: _knownBlockIds initialisiert, 0 Bloecke geladen.
report_editor.js:86 [forensic] _initEditorJs(): window.EditorJS= true
report_editor.js:86 [forensic] loadReport() report_id= 1 type= interim
report_editor.js:457 report_editor.js: _knownBlockIds initialisiert, 0 Bloecke geladen.
report_editor.js:86 [forensic] _initEditorJs(): window.EditorJS= true
bundle.js:2 Uncaught (in promise) TypeError: Cannot read properties of undefined (reading 'holder')
    at new u (bundle.js:2:12777)
    at onReady (report_editor.js:635:17)
    at editorjs.mjs:11173:26
t @ bundle.js:2
onReady @ report_editor.js:635
(anonymous) @ editorjs.mjs:11173
Promise.then
constructor @ editorjs.mjs:11172
_initEditorJs @ report_editor.js:541
_loadReportImpl @ report_editor.js:478
await in _loadReportImpl
loadReport @ report_editor.js:373
initReportSelector @ report_editor.js:254
await in initReportSelector
(anonymous) @ report_editor.js:317
report_editor.js:86 [forensic] _initSidebarAccordion() gestartet
report_editor.js:647 report_editor.js: Editor bereit, report_id= 1 | readOnly= false
editorjs.mjs:136 Block «paragraph» skipped because saved data is invalid
report_editor.js:692 report_editor.js: Initialisierungs-Guard freigegeben.
editorjs.mjs:136 Block «paragraph» skipped because saved data is invalid
report_editor.js:86 [forensic] Drop: Ziel-Index= 1 von 1 Bloecken
report_editor.js:86 [forensic] Drop (Annotation): annId= 3 targetIdx= 1
report_editor.js:86 [forensic] insertEvidenceBlockFromAnnotation: annId= 3
report_editor.js:86 [forensic] insertEvidenceBlockFromAnnotation: nach Block 0 -> idx 1
report_editor.js:86 [forensic] insertEvidenceBlockFromAnnotation: neuer Block id= HxGi2BNcw6
annotation_sidebar.js:58 [forensic] notifyAnchored: annId= 3
report_editor.js:86 [forensic] insertEvidenceBlockFromAnnotation: Sidebar benachrichtigt für annId= 3
editorjs.mjs:136 Block «paragraph» skipped because saved data is invalid
report_editor.js:86 [forensic] EvidenceBlock.drop: annId= 5 in Block {evidence_ids: Array(1), group_label: '', display_mode: 'list'}
annotation_sidebar.js:58 [forensic] notifyAnchored: annId= 5
report_editor.js:86 [forensic] _addEvidence: Sidebar benachrichtigt für annId= 5
editorjs.mjs:136 Block «paragraph» skipped because saved data is invalid
report_editor.js:679 [forensic] _captureRange: alt= null → neu: blockId= HxGi2BNcw6 blockIdx= 2 startOffset= 0
editorjs.mjs:136 Block «paragraph» skipped because saved data is invalid
report_editor.js:86 [forensic] _syncAnchoredFromEditor:  1 verankerte Annotationen
report_editor.js:679 [forensic] _captureRange: alt= blockId=HxGi2BNcw6 offset=0 → neu: blockId= HxGi2BNcw6 blockIdx= 2 startOffset= 0
editorjs.mjs:136 Block «paragraph» skipped because saved data is invalid
report_editor.js:86 [forensic] _syncAnchoredFromEditor:  0 verankerte Annotationen
report_editor.js:86 [forensic] EvidenceBlock.drop: annId= 5 in Block {evidence_ids: Array(0), group_label: '', display_mode: 'list'}
annotation_sidebar.js:58 [forensic] notifyAnchored: annId= 5
report_editor.js:86 [forensic] _addEvidence: Sidebar benachrichtigt für annId= 5
editorjs.mjs:136 Block «paragraph» skipped because saved data is invalid
report_editor.js:679 [forensic] _captureRange: alt= blockId=HxGi2BNcw6 offset=0 → neu: blockId= HxGi2BNcw6 blockIdx= 2 startOffset= 0
editorjs.mjs:136 Block «paragraph» skipped because saved data is invalid
report_editor.js:86 [forensic] _syncAnchoredFromEditor:  0 verankerte Annotationen
report_editor.js:86 [forensic] EvidenceBlock.drop: annId= 5 in Block {evidence_ids: Array(0), group_label: '', display_mode: 'list'}
annotation_sidebar.js:58 [forensic] notifyAnchored: annId= 5
report_editor.js:86 [forensic] _addEvidence: Sidebar benachrichtigt für annId= 5
editorjs.mjs:136 Block «paragraph» skipped because saved data is invalid
report_editor.js:679 [forensic] _captureRange: alt= blockId=HxGi2BNcw6 offset=0 → neu: blockId= HxGi2BNcw6 blockIdx= 2 startOffset= 0
editorjs.mjs:136 Block «paragraph» skipped because saved data is invalid
report_editor.js:86 [forensic] _syncAnchoredFromEditor:  0 verankerte Annotationen
report_editor.js:86 [forensic] EvidenceBlock.drop: annId= 5 in Block {evidence_ids: Array(0), group_label: '', display_mode: 'list'}
annotation_sidebar.js:58 [forensic] notifyAnchored: annId= 5
report_editor.js:86 [forensic] _addEvidence: Sidebar benachrichtigt für annId= 5
editorjs.mjs:136 Block «paragraph» skipped because saved data is invalid
report_editor.js:679 [forensic] _captureRange: alt= blockId=HxGi2BNcw6 offset=0 → neu: blockId= HxGi2BNcw6 blockIdx= 2 startOffset= 0
editorjs.mjs:136 Block «paragraph» skipped because saved data is invalid
report_editor.js:86 [forensic] _syncAnchoredFromEditor:  0 verankerte Annotationen
report_editor.js:86 [forensic] EvidenceBlock.drop: annId= 4 in Block {evidence_ids: Array(0), group_label: '', display_mode: 'list'}
annotation_sidebar.js:58 [forensic] notifyAnchored: annId= 4
report_editor.js:86 [forensic] _addEvidence: Sidebar benachrichtigt für annId= 4
editorjs.mjs:136 Block «paragraph» skipped because saved data is invalid
report_editor.js:86 [forensic] EvidenceBlock.drop: annId= 5 in Block {evidence_ids: Array(1), group_label: '', display_mode: 'list'}
annotation_sidebar.js:58 [forensic] notifyAnchored: annId= 5
report_editor.js:86 [forensic] _addEvidence: Sidebar benachrichtigt für annId= 5
editorjs.mjs:136 Block «paragraph» skipped because saved data is invalid
report_editor.js:679 [forensic] _captureRange: alt= blockId=HxGi2BNcw6 offset=0 → neu: blockId= ? blockIdx= -1 startOffset= 1
report_editor.js:679 [forensic] _captureRange: alt= blockId=? offset=1 → neu: blockId= ? blockIdx= -1 startOffset= 1
editorjs.mjs:136 Block «paragraph» skipped because saved data is invalid
report_editor.js:1754 report_editor.js: Auto-Save gestartet, report_id= 1 | bekannte Block-IDs: 0
editorjs.mjs:136 Block «paragraph» skipped because saved data is invalid
report_editor.js:1868 report_editor.js: Auto-Save abgeschlossen. | Bloecke gespeichert: 0 | Bloecke geloescht: 0
