favicon.ico:1  Failed to load resource: the server responded with a status of 404 (Not Found)
events:1  Failed to load resource: net::ERR_CONNECTION_REFUSED
events:1  Failed to load resource: net::ERR_CONNECTION_REFUSED
events:1  Failed to load resource: net::ERR_CONNECTION_REFUSED
events:1  Failed to load resource: net::ERR_CONNECTION_REFUSED
events:1  Failed to load resource: net::ERR_CONNECTION_REFUSED
events:1  Failed to load resource: net::ERR_CONNECTION_REFUSED
events:1  Failed to load resource: net::ERR_CONNECTION_REFUSED
events:1  Failed to load resource: net::ERR_CONNECTION_REFUSED
events:1  Failed to load resource: net::ERR_CONNECTION_REFUSED
events:1  Failed to load resource: net::ERR_CONNECTION_REFUSED
events:1  Failed to load resource: net::ERR_CONNECTION_REFUSED
events:1  Failed to load resource: net::ERR_CONNECTION_REFUSED
events:1  Failed to load resource: net::ERR_CONNECTION_REFUSED
events:1  Failed to load resource: net::ERR_CONNECTION_REFUSED
events:1  Failed to load resource: net::ERR_CONNECTION_REFUSED
events:1  Failed to load resource: net::ERR_CONNECTION_REFUSED
events:1  Failed to load resource: net::ERR_CONNECTION_REFUSED
events:1  Failed to load resource: net::ERR_CONNECTION_REFUSED
events:1  Failed to load resource: net::ERR_CONNECTION_REFUSED
events:1  Failed to load resource: net::ERR_CONNECTION_REFUSED
events:1  Failed to load resource: net::ERR_CONNECTION_REFUSED
events:1  Failed to load resource: net::ERR_CONNECTION_REFUSED
events:1  Failed to load resource: net::ERR_CONNECTION_REFUSED
events:1  Failed to load resource: net::ERR_CONNECTION_REFUSED
events:1  Failed to load resource: net::ERR_CONNECTION_REFUSED
events:1  Failed to load resource: net::ERR_CONNECTION_REFUSED
events:1  Failed to load resource: net::ERR_CONNECTION_REFUSED
events:1  Failed to load resource: net::ERR_CONNECTION_REFUSED
events:1  Failed to load resource: net::ERR_CONNECTION_REFUSED
events:1  Failed to load resource: net::ERR_CONNECTION_REFUSED
events:1  Failed to load resource: net::ERR_CONNECTION_REFUSED
report:1  Failed to load resource: net::ERR_CONNECTION_REFUSED
Navigated to http://127.0.0.2:8080/_forensic/report
placeholder_chips.js:56 [forensic] placeholder_chips.js: window.PlaceholderChips exportiert
placeholder_wizard.js:75 [forensic] placeholder_wizard.js: window.PlaceholderWizard exportiert
module_panel.js:77 [forensic] module_panel.js: window.ModulePanel exportiert
annotation_sidebar.js:58 [forensic] annotation_sidebar.js: window.AnnotationSidebar exportiert
report_editor.js:86 [forensic] report_editor.js: Exports auf window gesetzt
userinfo.js:67 [forensic] DOMContentLoaded: userinfo.js aktiv
userinfo.js:67 [forensic] initEditor() gestartet
userinfo.js:67 [forensic] initSSEWindow3() gestartet
userinfo.js:67 [forensic] acquireLock() aufgerufen, sseClientId= 0c99876f-c46f-4d39-9a9b-528e26126f65
report_editor.js:86 [forensic] initEditorModule() gestartet
report_editor.js:86 [forensic] _initSidebarAccordion() gestartet
report_editor.js:86 [forensic] _initDragDrop: Drop-Zone registriert auf #editorjs-holder
report_editor.js:86 [forensic] initReportSelector() gestartet
favicon.ico:1  GET http://127.0.0.2:8080/favicon.ico 404 (Not Found)
report_editor.js:86 [forensic] loadReport() report_id= 2 type= interim
report_editor.js:454 report_editor.js: _knownBlockIds initialisiert, 41 Bloecke geladen.
report_editor.js:86 [forensic] _initEditorJs(): window.EditorJS= true
report_editor.js:86 [forensic] _initSidebarAccordion() gestartet
report_editor.js:596 report_editor.js: Editor bereit, report_id= 2 | readOnly= false
placeholder_wizard.js:189 [PlaceholderWizard] showPlaceholderForm: blocks= 41 focusedId= wU6z9eBw34 onSave= function myUsername= paul
report_editor.js:606 report_editor.js: Initialisierungs-Guard freigegeben.
report_editor.js:1164 report_editor.js: Chip-Doppelklick: realname o
placeholder_wizard.js:619 [PlaceholderWizard] openAtField: onSave aus Options gesetzt, blockId= pPklymmFi4 fieldName= realname
placeholder_wizard.js:189 [PlaceholderWizard] showPlaceholderForm: blocks= 41 focusedId= pPklymmFi4 onSave= function myUsername= paul
placeholder_wizard.js:189 [PlaceholderWizard] showPlaceholderForm: blocks= 41 focusedId= pPklymmFi4 onSave= function myUsername= paul
placeholder_wizard.js:526 [PlaceholderWizard] _scheduleFieldSave: Timer gesetzt fuer pPklymmFi4:realname value= "B"
placeholder_wizard.js:526 [PlaceholderWizard] _scheduleFieldSave: Timer gesetzt fuer pPklymmFi4:realname value= "Be"
placeholder_wizard.js:526 [PlaceholderWizard] _scheduleFieldSave: Timer gesetzt fuer pPklymmFi4:realname value= "Ber"
placeholder_wizard.js:526 [PlaceholderWizard] _scheduleFieldSave: Timer gesetzt fuer pPklymmFi4:realname value= "Bern"
placeholder_wizard.js:526 [PlaceholderWizard] _scheduleFieldSave: Timer gesetzt fuer pPklymmFi4:realname value= "Bernd"
placeholder_wizard.js:526 [PlaceholderWizard] _scheduleFieldSave: Timer gesetzt fuer pPklymmFi4:realname value= "Bernd "
placeholder_wizard.js:526 [PlaceholderWizard] _scheduleFieldSave: Timer gesetzt fuer pPklymmFi4:realname value= "Bernd d"
placeholder_wizard.js:526 [PlaceholderWizard] _scheduleFieldSave: Timer gesetzt fuer pPklymmFi4:realname value= "Bernd da"
placeholder_wizard.js:526 [PlaceholderWizard] _scheduleFieldSave: Timer gesetzt fuer pPklymmFi4:realname value= "Bernd das"
placeholder_wizard.js:526 [PlaceholderWizard] _scheduleFieldSave: Timer gesetzt fuer pPklymmFi4:realname value= "Bernd das "
placeholder_wizard.js:526 [PlaceholderWizard] _scheduleFieldSave: Timer gesetzt fuer pPklymmFi4:realname value= "Bernd das B"
placeholder_wizard.js:526 [PlaceholderWizard] _scheduleFieldSave: Timer gesetzt fuer pPklymmFi4:realname value= "Bernd das Br"
placeholder_wizard.js:526 [PlaceholderWizard] _scheduleFieldSave: Timer gesetzt fuer pPklymmFi4:realname value= "Bernd das Bro"
placeholder_wizard.js:526 [PlaceholderWizard] _scheduleFieldSave: Timer gesetzt fuer pPklymmFi4:realname value= "Bernd das Brot"
placeholder_wizard.js:540 [PlaceholderWizard] _saveField: blockId= pPklymmFi4 name= realname val= "Bernd das Brot" onSave= function
report_editor.js:1246 report_editor.js: _onPlaceholderFieldSave aufgerufen: blockId= pPklymmFi4 field= realname value= "Bernd das Brot"
report_editor.js:1287 report_editor.js: _onPlaceholderFieldSave fetch-Antwort: ok= true status= 200
placeholder_wizard.js:549 [PlaceholderWizard] _saveField: onSave abgeschlossen fuer realname
report_editor.js:1616 report_editor.js: Auto-Save gestartet, report_id= 2 | bekannte Block-IDs: 41
report_editor.js:1730 report_editor.js: Auto-Save abgeschlossen. | Bloecke gespeichert: 41 | Bloecke geloescht: 0
placeholder_wizard.js:189 [PlaceholderWizard] showPlaceholderForm: blocks= 41 focusedId= pPklymmFi4 onSave= function myUsername= paul
placeholder_wizard.js:526 [PlaceholderWizard] _scheduleFieldSave: Timer gesetzt fuer pPklymmFi4:realname value= "B"
placeholder_wizard.js:540 [PlaceholderWizard] _saveField: blockId= pPklymmFi4 name= realname val= "B" onSave= function
report_editor.js:1246 report_editor.js: _onPlaceholderFieldSave aufgerufen: blockId= pPklymmFi4 field= realname value= "B"
placeholder_wizard.js:526 [PlaceholderWizard] _scheduleFieldSave: Timer gesetzt fuer pPklymmFi4:realname value= "Bo"
report_editor.js:1287 report_editor.js: _onPlaceholderFieldSave fetch-Antwort: ok= true status= 200
placeholder_wizard.js:549 [PlaceholderWizard] _saveField: onSave abgeschlossen fuer realname
placeholder_wizard.js:540 [PlaceholderWizard] _saveField: blockId= pPklymmFi4 name= realname val= "Bo" onSave= function
report_editor.js:1246 report_editor.js: _onPlaceholderFieldSave aufgerufen: blockId= pPklymmFi4 field= realname value= "Bo"
report_editor.js:1287 report_editor.js: _onPlaceholderFieldSave fetch-Antwort: ok= true status= 200
placeholder_wizard.js:549 [PlaceholderWizard] _saveField: onSave abgeschlossen fuer realname
placeholder_wizard.js:526 [PlaceholderWizard] _scheduleFieldSave: Timer gesetzt fuer pPklymmFi4:realname value= "Bor"
placeholder_wizard.js:526 [PlaceholderWizard] _scheduleFieldSave: Timer gesetzt fuer pPklymmFi4:realname value= "Bori"
placeholder_wizard.js:526 [PlaceholderWizard] _scheduleFieldSave: Timer gesetzt fuer pPklymmFi4:realname value= "Boris"
placeholder_wizard.js:526 [PlaceholderWizard] _scheduleFieldSave: Timer gesetzt fuer pPklymmFi4:realname value= "Boris "
placeholder_wizard.js:540 [PlaceholderWizard] _saveField: blockId= pPklymmFi4 name= realname val= "Boris " onSave= function
report_editor.js:1246 report_editor.js: _onPlaceholderFieldSave aufgerufen: blockId= pPklymmFi4 field= realname value= "Boris "
report_editor.js:1287 report_editor.js: _onPlaceholderFieldSave fetch-Antwort: ok= true status= 200
placeholder_wizard.js:549 [PlaceholderWizard] _saveField: onSave abgeschlossen fuer realname
placeholder_wizard.js:526 [PlaceholderWizard] _scheduleFieldSave: Timer gesetzt fuer pPklymmFi4:realname value= "Boris B"
placeholder_wizard.js:526 [PlaceholderWizard] _scheduleFieldSave: Timer gesetzt fuer pPklymmFi4:realname value= "Boris Bo"
placeholder_wizard.js:526 [PlaceholderWizard] _scheduleFieldSave: Timer gesetzt fuer pPklymmFi4:realname value= "Boris Bog"
placeholder_wizard.js:540 [PlaceholderWizard] _saveField: blockId= pPklymmFi4 name= realname val= "Boris Bog" onSave= function
report_editor.js:1246 report_editor.js: _onPlaceholderFieldSave aufgerufen: blockId= pPklymmFi4 field= realname value= "Boris Bog"
report_editor.js:1287 report_editor.js: _onPlaceholderFieldSave fetch-Antwort: ok= true status= 200
placeholder_wizard.js:549 [PlaceholderWizard] _saveField: onSave abgeschlossen fuer realname
placeholder_wizard.js:526 [PlaceholderWizard] _scheduleFieldSave: Timer gesetzt fuer pPklymmFi4:realname value= "Boris Bogd"
placeholder_wizard.js:526 [PlaceholderWizard] _scheduleFieldSave: Timer gesetzt fuer pPklymmFi4:realname value= "Boris Bogda"
placeholder_wizard.js:526 [PlaceholderWizard] _scheduleFieldSave: Timer gesetzt fuer pPklymmFi4:realname value= "Boris Bogdan"
placeholder_wizard.js:540 [PlaceholderWizard] _saveField: blockId= pPklymmFi4 name= realname val= "Boris Bogdan" onSave= function
report_editor.js:1246 report_editor.js: _onPlaceholderFieldSave aufgerufen: blockId= pPklymmFi4 field= realname value= "Boris Bogdan"
report_editor.js:1287 report_editor.js: _onPlaceholderFieldSave fetch-Antwort: ok= true status= 200
placeholder_wizard.js:549 [PlaceholderWizard] _saveField: onSave abgeschlossen fuer realname
placeholder_wizard.js:526 [PlaceholderWizard] _scheduleFieldSave: Timer gesetzt fuer pPklymmFi4:realname value= "Boris Bogdano"
placeholder_wizard.js:526 [PlaceholderWizard] _scheduleFieldSave: Timer gesetzt fuer pPklymmFi4:realname value= "Boris Bogdanow"
placeholder_wizard.js:526 [PlaceholderWizard] _scheduleFieldSave: Timer gesetzt fuer pPklymmFi4:realname value= "Boris Bogdanowi"
placeholder_wizard.js:526 [PlaceholderWizard] _scheduleFieldSave: Timer gesetzt fuer pPklymmFi4:realname value= "Boris Bogdanowit"
placeholder_wizard.js:526 [PlaceholderWizard] _scheduleFieldSave: Timer gesetzt fuer pPklymmFi4:realname value= "Boris Bogdanowits"
placeholder_wizard.js:526 [PlaceholderWizard] _scheduleFieldSave: Timer gesetzt fuer pPklymmFi4:realname value= "Boris Bogdanowitsc"
placeholder_wizard.js:526 [PlaceholderWizard] _scheduleFieldSave: Timer gesetzt fuer pPklymmFi4:realname value= "Boris Bogdanowitsch"
placeholder_wizard.js:540 [PlaceholderWizard] _saveField: blockId= pPklymmFi4 name= realname val= "Boris Bogdanowitsch" onSave= function
report_editor.js:1246 report_editor.js: _onPlaceholderFieldSave aufgerufen: blockId= pPklymmFi4 field= realname value= "Boris Bogdanowitsch"
report_editor.js:1287 report_editor.js: _onPlaceholderFieldSave fetch-Antwort: ok= true status= 200
placeholder_wizard.js:549 [PlaceholderWizard] _saveField: onSave abgeschlossen fuer realname
