:8080/favicon.ico:1  Failed to load resource: the server responded with a status of 404 (Not Found)
order:1  Failed to load resource: the server responded with a status of 400 (Bad Request)
order:1  Failed to load resource: the server responded with a status of 400 (Bad Request)
report:1  Failed to load resource: net::ERR_CONNECTION_REFUSED
Navigated to http://127.0.0.2:8080/_forensic/report
placeholder_chips.js:56 [forensic] placeholder_chips.js: window.PlaceholderChips exportiert
placeholder_wizard.js:75 [forensic] placeholder_wizard.js: window.PlaceholderWizard exportiert
module_panel.js:77 [forensic] module_panel.js: window.ModulePanel exportiert
annotation_sidebar.js:58 [forensic] annotation_sidebar.js: window.AnnotationSidebar exportiert
report_editor.js:86 [forensic] report_editor.js: Exports auf window gesetzt
userinfo.js:67 [forensic] DOMContentLoaded: userinfo.js aktiv
userinfo.js:67 [forensic] initEditor() gestartet
userinfo.js:67 [forensic] initSSEWindow3() gestartet
userinfo.js:67 [forensic] acquireLock() aufgerufen, sseClientId= d717b36a-eed0-49e3-95f6-2f00438f7e42
report_editor.js:86 [forensic] initEditorModule() gestartet
report_editor.js:86 [forensic] _initSidebarAccordion() gestartet
report_editor.js:86 [forensic] _initDragDrop: Drop-Zone registriert auf #editorjs-holder
report_editor.js:86 [forensic] initReportSelector() gestartet
favicon.ico:1  GET http://127.0.0.2:8080/favicon.ico 404 (Not Found)
report_editor.js:86 [forensic] loadReport() report_id= 2 type= interim
report_editor.js:454 report_editor.js: _knownBlockIds initialisiert, 46 Bloecke geladen.
report_editor.js:86 [forensic] _initEditorJs(): window.EditorJS= true
report_editor.js:86 [forensic] _initSidebarAccordion() gestartet
report_editor.js:585 report_editor.js: Editor bereit, report_id= 2 | readOnly= false
report_editor.js:595 report_editor.js: Initialisierungs-Guard freigegeben.
module_panel.js:77 [forensic] _insertQuery: Chip inline eingefuegt: user.email
module_panel.js:77 [forensic] _insertQuery: Chip inline eingefuegt: user.aoa
module_panel.js:77 [forensic] _insertQuery: Chip inline eingefuegt: user.email
module_panel.js:77 [forensic] _insertQuery: Chip inline eingefuegt: user.aoa
module_panel.js:77 [forensic] _insertQuery: Chip inline eingefuegt: user.aoa
module_panel.js:77 [forensic] _insertQuery: Chip inline eingefuegt: user.aoa
module_panel.js:77 [forensic] _insertQuery: Chip inline eingefuegt: user.aoa
report_editor.js:1472 report_editor.js: Auto-Save gestartet, report_id= 2 | bekannte Block-IDs: 46
report_editor.js:1584 report_editor.js: Auto-Save abgeschlossen. | Bloecke gespeichert: 46 | Bloecke geloescht: 0
module_panel.js:77 [forensic] _insertQuery: Chip inline eingefuegt: user.aoa
module_panel.js:77 [forensic] _insertQuery: Chip inline eingefuegt: user.first_post_date
module_panel.js:77 [forensic] _insertModule: Block sofort in Editor eingefuegt, idx= 46
report_editor.js:1105 report_editor.js: Chip-Doppelklick: tathandlung m
report_editor.js:1105 report_editor.js: Chip-Doppelklick: tathandlung m
report_editor.js:1105 report_editor.js: Chip-Doppelklick: tatbestand m
report_editor.js:1105 report_editor.js: Chip-Doppelklick: tatbestand m
report_editor.js:86 [forensic] _reloadEditorContent(): Starte Neuladen fuer report_id= 2
report_editor.js:86 [forensic] _reloadEditorContent(): Abgeschlossen. 47 Bloecke geladen.
report_editor.js:86 [forensic] _initSidebarAccordion() gestartet
report_editor.js:585 report_editor.js: Editor bereit, report_id= 2 | readOnly= false
report_editor.js:595 report_editor.js: Initialisierungs-Guard freigegeben.
report_editor.js:1472 report_editor.js: Auto-Save gestartet, report_id= 2 | bekannte Block-IDs: 47
report_editor.js:1584 report_editor.js: Auto-Save abgeschlossen. | Bloecke gespeichert: 47 | Bloecke geloescht: 0
report_editor.js:1105 report_editor.js: Chip-Doppelklick: tatbestand m
report_editor.js:1105 report_editor.js: Chip-Doppelklick: tatbestand m
report_editor.js:1139  GET http://127.0.0.2:8080/_forensic/placeholders/values 500 (Internal Server Error)
_refreshPlaceholderForm @ report_editor.js:1139
_openAccordionSection @ report_editor.js:930
(anonymous) @ report_editor.js:1065
report_editor.js:1472 report_editor.js: Auto-Save gestartet, report_id= undefined | bekannte Block-IDs: 47
report_editor.js:183  POST http://127.0.0.2:8080/_forensic/editor/order 400 (Bad Request)
_fetchWithLock @ report_editor.js:183
_performAutoSave @ report_editor.js:1573
await in _performAutoSave
(anonymous) @ report_editor.js:396
report_editor.js:1584 report_editor.js: Auto-Save abgeschlossen. | Bloecke gespeichert: 47 | Bloecke geloescht: 0
