favicon.ico:1  Failed to load resource: the server responded with a status of 404 (Not Found)
Navigated to http://127.0.0.2:8080/_forensic/report
debug_events.js:235 [debug_events.js] Build 200 geladen. window._uevt() verfügbar. Trace-Modus: window.FORENSIC_EVENT_TRACE = true
debug_events.js:241 [debug_events.js] Kill-Switches: window.FORENSIC_DEBUG=false (alles) | window.FORENSIC_EVENT_DEBUG=false (nur Events)
placeholder_chips.js:56 [forensic] placeholder_chips.js: window.PlaceholderChips exportiert
placeholder_wizard.js:75 [forensic] placeholder_wizard.js: window.PlaceholderWizard exportiert
module_panel.js:77 [forensic] module_panel.js: window.ModulePanel exportiert
annotation_sidebar.js:58 [forensic] annotation_sidebar.js: window.AnnotationSidebar exportiert
report_editor.js:86 [forensic] report_editor.js: Exports auf window gesetzt (Build wird async geladen)
userinfo.js:67 [forensic] DOMContentLoaded: userinfo.js aktiv
userinfo.js:67 [forensic] initEditor() gestartet
userinfo.js:67 [forensic] initSSEWindow3() gestartet
report_editor.js:3651 [forensic] report_editor.js: v0.6.234 Build 234 | Exports auf window gesetzt
userinfo.js:67 [forensic] acquireLock() aufgerufen, sseClientId= c8ff4799-e7e3-4adf-9074-3af43007fc9a reportId= undefined
userinfo.js:67 [forensic] acquireLock: keine Berichte und keine reportId — uebersprungen
report_editor.js:86 [forensic] initEditorModule() gestartet
report_editor.js:86 [forensic] _initSidebarAccordion() gestartet
report_editor.js:86 [forensic] _initColResizer: Schiebebalken initialisiert
report_editor.js:86 [forensic] _initForumLinkInterceptor: BroadcastChannel bereit
report_editor.js:86 [forensic] _initForumLinkInterceptor: aktiv (window_id= fc67b491-e470-48ee-98c6-29679be87ead )
report_editor.js:86 [forensic] _initDragDrop: Drop-Zone registriert auf #editorjs-holder
report_editor.js:86 [forensic] initReportSelector() gestartet
report_editor.js:86 [forensic] loadReport() report_id= 2 type= final
favicon.ico:1  GET http://127.0.0.2:8080/favicon.ico 404 (Not Found)
report_editor.js:627 report_editor.js: _knownBlockIds initialisiert, 3 Bloecke geladen.
report_editor.js:86 [forensic] _initEditorJs(): window.EditorJS= true
report_editor.js:86 [forensic] _initSidebarAccordion() gestartet
report_editor.js:1039 report_editor.js: Editor bereit, report_id= 2 | readOnly= true
placeholder_wizard.js:189 [PlaceholderWizard] showPlaceholderForm: blocks= 3 focusedId= FyMUhvMr8t onSave= function myUsername= paul
userinfo.js:67 [forensic] acquireLock() aufgerufen, sseClientId= c8ff4799-e7e3-4adf-9074-3af43007fc9a reportId= undefined
userinfo.js:67 [forensic] acquireLock: Antwort status= 200 data= {"lock_id":"60de32a6-8573-44d1-9748-a2b2134f9a6e"}
report_editor.js:86 [forensic] loadReport() report_id= 2 type= final
report_editor.js:627 report_editor.js: _knownBlockIds initialisiert, 3 Bloecke geladen.
report_editor.js:86 [forensic] _initEditorJs(): window.EditorJS= true
report_editor.js:86 [forensic] _initSidebarAccordion() gestartet
report_editor.js:1039 report_editor.js: Editor bereit, report_id= 2 | readOnly= false
placeholder_wizard.js:189 [PlaceholderWizard] showPlaceholderForm: blocks= 3 focusedId= FyMUhvMr8t onSave= function myUsername= paul
report_editor.js:1084 report_editor.js: Initialisierungs-Guard freigegeben.
report_editor.js:1084 report_editor.js: Initialisierungs-Guard freigegeben.
debug_events.js:162 [USER]     [report_editor] change:report-select — Input
report_editor.js:86 [forensic] loadReport() report_id= 1 type= interim
report_editor.js:86 [forensic] _loadReportImpl: Bericht-Wechsel 2 -> 1 — Save + Lock-Release
report_editor.js:2289 report_editor.js: Auto-Save gestartet, report_id= 2 | bekannte Block-IDs: 3
report_editor.js:2403 report_editor.js: Auto-Save abgeschlossen. | Bloecke gespeichert: 3 | Bloecke geloescht: 0
report_editor.js:86 [forensic] _loadReportImpl: Lock vorab erwerben fuer Bericht 1
userinfo.js:67 [forensic] acquireLock() aufgerufen, sseClientId= c8ff4799-e7e3-4adf-9074-3af43007fc9a reportId= 1
placeholder_wizard.js:189 [PlaceholderWizard] showPlaceholderForm: blocks= 3 focusedId= FyMUhvMr8t onSave= function myUsername= paul
userinfo.js:67 [forensic] acquireLock: Antwort status= 200 data= {"lock_id":"7a1045f3-dff5-40f9-83ef-54e6c45c9706"}
report_editor.js:86 [forensic] loadReport() report_id= 1 type= interim
report_editor.js:480 report_editor.js: loadReport() bereits aktiv — übersprungen
report_editor.js:627 report_editor.js: _knownBlockIds initialisiert, 3 Bloecke geladen.
report_editor.js:86 [forensic] _initEditorJs(): window.EditorJS= true
report_editor.js:86 [forensic] _initSidebarAccordion() gestartet
report_editor.js:1039 report_editor.js: Editor bereit, report_id= 1 | readOnly= false
placeholder_wizard.js:189 [PlaceholderWizard] showPlaceholderForm: blocks= 3 focusedId= 8GmhC5nWJM onSave= function myUsername= paul
report_editor.js:1084 report_editor.js: Initialisierungs-Guard freigegeben.
debug_events.js:162 [USER]     [report_editor] change:report-select — Input
report_editor.js:86 [forensic] loadReport() report_id= 2 type= final
report_editor.js:86 [forensic] _loadReportImpl: Bericht-Wechsel 1 -> 2 — Save + Lock-Release
report_editor.js:2289 report_editor.js: Auto-Save gestartet, report_id= 1 | bekannte Block-IDs: 3
report_editor.js:2403 report_editor.js: Auto-Save abgeschlossen. | Bloecke gespeichert: 3 | Bloecke geloescht: 0
report_editor.js:86 [forensic] _loadReportImpl: Lock vorab erwerben fuer Bericht 2
userinfo.js:67 [forensic] acquireLock() aufgerufen, sseClientId= c8ff4799-e7e3-4adf-9074-3af43007fc9a reportId= 2
placeholder_wizard.js:189 [PlaceholderWizard] showPlaceholderForm: blocks= 3 focusedId= 8GmhC5nWJM onSave= function myUsername= paul
userinfo.js:67 [forensic] acquireLock: Antwort status= 200 data= {"lock_id":"60de32a6-8573-44d1-9748-a2b2134f9a6e","resumed":true}
report_editor.js:86 [forensic] loadReport() report_id= 2 type= final
report_editor.js:480 report_editor.js: loadReport() bereits aktiv — übersprungen
report_editor.js:627 report_editor.js: _knownBlockIds initialisiert, 3 Bloecke geladen.
report_editor.js:86 [forensic] _initEditorJs(): window.EditorJS= true
report_editor.js:86 [forensic] _initSidebarAccordion() gestartet
report_editor.js:1039 report_editor.js: Editor bereit, report_id= 2 | readOnly= false
placeholder_wizard.js:189 [PlaceholderWizard] showPlaceholderForm: blocks= 3 focusedId= FyMUhvMr8t onSave= function myUsername= paul
report_editor.js:1084 report_editor.js: Initialisierungs-Guard freigegeben.
debug_events.js:162 [USER]     [placeholder_wizard] focus:pf-input — Input
debug_events.js:162 [USER]     [placeholder_wizard] click:pf-block-group — Mouse
debug_events.js:162 [USER]     [placeholder_wizard] keydown:pf-input — Keyboard
debug_events.js:162 [USER]     [placeholder_wizard] input:pf-input — Input
placeholder_wizard.js:530 [PlaceholderWizard] _scheduleFieldSave: Timer gesetzt fuer bI_uzpAvFk:tatbestand value= "<"
debug_events.js:162 [USER]     [placeholder_wizard] keydown:pf-input — Keyboard
debug_events.js:162 [USER]     [placeholder_wizard] input:pf-input — Input
placeholder_wizard.js:530 [PlaceholderWizard] _scheduleFieldSave: Timer gesetzt fuer bI_uzpAvFk:tatbestand value= "<y"
debug_events.js:162 [USER]     [placeholder_wizard] keydown:pf-input — Keyboard
debug_events.js:162 [USER]     [placeholder_wizard] input:pf-input — Input
placeholder_wizard.js:530 [PlaceholderWizard] _scheduleFieldSave: Timer gesetzt fuer bI_uzpAvFk:tatbestand value= "<y<"
debug_events.js:162 [USER]     [placeholder_wizard] keydown:pf-input — Keyboard
debug_events.js:162 [USER]     [placeholder_wizard] input:pf-input — Input
placeholder_wizard.js:530 [PlaceholderWizard] _scheduleFieldSave: Timer gesetzt fuer bI_uzpAvFk:tatbestand value= "<y<x"
debug_events.js:162 [USER]     [placeholder_wizard] keydown:pf-input — Keyboard
debug_events.js:162 [USER]     [placeholder_wizard] input:pf-input — Input
placeholder_wizard.js:530 [PlaceholderWizard] _scheduleFieldSave: Timer gesetzt fuer bI_uzpAvFk:tatbestand value= "<y<xy"
debug_events.js:162 [USER]     [placeholder_wizard] keydown:pf-input — Keyboard
debug_events.js:162 [USER]     [placeholder_wizard] input:pf-input — Input
placeholder_wizard.js:530 [PlaceholderWizard] _scheduleFieldSave: Timer gesetzt fuer bI_uzpAvFk:tatbestand value= "<y<xy<"
placeholder_wizard.js:544 [PlaceholderWizard] _saveField: blockId= bI_uzpAvFk name= tatbestand val= "<y<xy<" onSave= function
report_editor.js:1827 report_editor.js: _onPlaceholderFieldSave aufgerufen: blockId= bI_uzpAvFk field= tatbestand value= "<y<xy<"
report_editor.js:218  POST http://127.0.0.2:8080/_forensic/editor/block 423 (Locked)
_fetchWithLock @ report_editor.js:218
_onPlaceholderFieldSave @ report_editor.js:1860
_saveField @ placeholder_wizard.js:552
(anonymous) @ placeholder_wizard.js:534
setTimeout
_scheduleFieldSave @ placeholder_wizard.js:533
(anonymous) @ placeholder_wizard.js:452
report_editor.js:1868 report_editor.js: _onPlaceholderFieldSave fetch-Antwort: ok= false status= 423
report_editor.js:1872 report_editor.js: Platzhalter-Save fehlgeschlagen: tatbestand {error: 'Lock erforderlich', code: 'LOCK_REQUIRED'}
_onPlaceholderFieldSave @ report_editor.js:1872
await in _onPlaceholderFieldSave
_saveField @ placeholder_wizard.js:552
(anonymous) @ placeholder_wizard.js:534
setTimeout
_scheduleFieldSave @ placeholder_wizard.js:533
(anonymous) @ placeholder_wizard.js:452
placeholder_wizard.js:553 [PlaceholderWizard] _saveField: onSave abgeschlossen fuer tatbestand
debug_events.js:162 [USER]     [placeholder_wizard] focus:pf-input — Input
debug_events.js:162 [USER]     [placeholder_wizard] click:pf-block-group — Mouse
debug_events.js:162 [USER]     [placeholder_wizard] focus:pf-input — Input
debug_events.js:174 [USER]     [module_panel] dragstart:mp-item — Drag&Drop
module_panel.js:77 [forensic] Drag start (Modul, delegiert): module_id= 4 title= Technische Ermittlungsergebnisse
debug_events.js:162 [USER]     [module_panel] click:mp-item — Mouse
debug_events.js:162 [USER]     [module_panel] click:mp-item — Mouse
debug_events.js:162 [USER]     [module_panel] click:mp-item — Mouse
debug_events.js:162 [USER]     [module_panel] dblclick:mp-item — Mouse
module_panel.js:900  POST http://127.0.0.2:8080/_forensic/report 423 (Locked)
_insertModule @ module_panel.js:900
await in _insertModule
(anonymous) @ module_panel.js:533
debug_events.js:174 [USER]     [report_editor] click:btn-new-report — Mouse
debug_events.js:174 [USER]     [report_editor] click:btn-create-report — Mouse
report_editor.js:2289 report_editor.js: Auto-Save gestartet, report_id= 2 | bekannte Block-IDs: 3
report_editor.js:2403 report_editor.js: Auto-Save abgeschlossen. | Bloecke gespeichert: 3 | Bloecke geloescht: 0
report_editor.js:86 [forensic] create-report: Lock aus 201-Response: 664eb1d9-75dd-4e60-92bb-472d01585944 fuer Bericht 3
report_editor.js:86 [forensic] initReportSelector() gestartet
report_editor.js:86 [forensic] loadReport() report_id= 3 type= interim
report_editor.js:86 [forensic] _loadReportImpl: Bericht-Wechsel 2 -> 3 — Save + Lock-Release
report_editor.js:86 [forensic] _loadReportImpl: Save + Lock-Release uebersprungen (Create-Flow)
report_editor.js:86 [forensic] _loadReportImpl: Lock vorab erwerben fuer Bericht 3
userinfo.js:67 [forensic] acquireLock() aufgerufen, sseClientId= c8ff4799-e7e3-4adf-9074-3af43007fc9a reportId= 3
userinfo.js:67 [forensic] acquireLock: Lock bereits vorhanden ( 664eb1d9-75dd-4e60-92bb-472d01585944 ) — uebersprungen
report_editor.js:627 report_editor.js: _knownBlockIds initialisiert, 0 Bloecke geladen.
report_editor.js:86 [forensic] _initEditorJs(): window.EditorJS= true
report_editor.js:86 [forensic] _initSidebarAccordion() gestartet
report_editor.js:1039 report_editor.js: Editor bereit, report_id= 3 | readOnly= false
report_editor.js:1084 report_editor.js: Initialisierungs-Guard freigegeben.
editorjs.mjs:136 Block «paragraph» skipped because saved data is invalid
editorjs.mjs:136 Block «paragraph» skipped because saved data is invalid
debug_events.js:162 [USER]     [module_panel] click:mp-cat-tab — Mouse
debug_events.js:162 [USER]     [module_panel] dblclick:einzeldaten-item — Mouse
module_panel.js:77 [forensic] _insertQuery: Kein aktiver Cursor, lege neuen Block an: user.aliases
module_panel.js:1164  POST http://127.0.0.2:8080/_forensic/report 423 (Locked)
_insertQueryAsNewBlock @ module_panel.js:1164
_insertQuery @ module_panel.js:1115
(anonymous) @ module_panel.js:638
debug_events.js:162 [USER]     [module_panel] dblclick:einzeldaten-item — Mouse
module_panel.js:77 [forensic] _insertQuery: Kein aktiver Cursor, lege neuen Block an: user.id
module_panel.js:1164  POST http://127.0.0.2:8080/_forensic/report 423 (Locked)
_insertQueryAsNewBlock @ module_panel.js:1164
_insertQuery @ module_panel.js:1115
(anonymous) @ module_panel.js:638
