Navigated to http://127.0.0.2:8080/_forensic/report
report:204 [web-debug] FORENSIC_DEBUG=true, FORENSIC_EVENT_TRACE=true
debug_events.js:235 [debug_events.js] Build 200 geladen. window._uevt() verfügbar. Trace-Modus: window.FORENSIC_EVENT_TRACE = true
debug_events.js:241 [debug_events.js] Kill-Switches: window.FORENSIC_DEBUG=false (alles) | window.FORENSIC_EVENT_DEBUG=false (nur Events)
placeholder_chips.js:56 [forensic] placeholder_chips.js: window.PlaceholderChips exportiert
placeholder_wizard.js:75 [forensic] placeholder_wizard.js: window.PlaceholderWizard exportiert
module_panel.js:77 [forensic] module_panel.js: window.ModulePanel exportiert
annotation_sidebar.js:58 [forensic] annotation_sidebar.js: window.AnnotationSidebar exportiert
report_editor.js:112 [forensic] report_editor.js: Exports auf window gesetzt (Build wird async geladen)
userinfo.js:59 [userinfo.js] IIFE gestartet, readyState= interactive
userinfo.js:866 [userinfo.js] readyState=interactive — sofortiger Aufruf
userinfo.js:844 [userinfo.js] _onDOMReady() aufgerufen
userinfo.js:68 [forensic] DOMContentLoaded: userinfo.js aktiv
userinfo.js:68 [forensic] initEditor() gestartet
editor_bootstrap.js:53 [editor_bootstrap] bootstrap() gestartet
sse_layer.js:574 [SSELayer] SSELayer konstruiert
editor_bootstrap.js:53 [editor_bootstrap] SSELayer instanziiert
sse_layer.js:574 [SSELayer] connect() aufgerufen aus Zustand: UNINITIALIZED
sse_layer.js:574 [SSELayer] Zustandsübergang: UNINITIALIZED → CONNECTING
sse_layer.js:574 [SSELayer] EventSource öffnen: /_forensic/events?role=report
editor_bootstrap.js:53 [editor_bootstrap] ReportLayer instanziiert
editor_bootstrap.js:53 [editor_bootstrap] LockLayer instanziiert
editor_bootstrap.js:53 [editor_bootstrap] DocumentLayer instanziiert
report_editor.js:3568 [forensic] report_editor.js: v0.6.278 Build 278 | Exports auf window gesetzt
sse_layer.js:574 [SSELayer] EventSource direkt öffnen (Preflight OK): /_forensic/events?role=report
sse_layer.js:574 [SSELayer] client_id empfangen: e6ff2330-ba07-4938-9412-7aadbba8530c Zustand vorher: CONNECTING
sse_layer.js:574 [SSELayer] Zustandsübergang: CONNECTING → CONNECTED
report_layer.js:406 [ReportLayer] Zustandsübergang: UNINITIALIZED → IDLE
report_layer.js:406 [ReportLayer] ready — SSELayer ist bereit, ReportLayer in IDLE
lock_layer.js:700 [LockLayer] Zustandsübergang: UNINITIALIZED → IDLE
lock_layer.js:700 [LockLayer] ready — ReportLayer ist bereit, LockLayer in IDLE
document_layer.js:608 [DocumentLayer] ready — LockLayer ist bereit
editor_bootstrap.js:53 [editor_bootstrap] Alle Layer bereit
editor_bootstrap.js:53 [editor_bootstrap] bootstrap() abgeschlossen — alle Listener registriert
userinfo.js:649 [userinfo] initSSEWindow3: Paket 9 — SSELayer übernimmt. Stub.
report_editor.js:112 [forensic] initEditorModule() gestartet
report_editor.js:112 [forensic] _initSidebarAccordion() gestartet
report_editor.js:112 [forensic] _initColResizer: Schiebebalken initialisiert
report_editor.js:112 [forensic] _initForumLinkInterceptor: BroadcastChannel bereit
report_editor.js:112 [forensic] _initForumLinkInterceptor: aktiv (window_id= 57fdba6a-da5c-41eb-b453-c1cbc4a4e6c0 )
report_editor.js:112 [forensic] _initDragDrop: Drop-Zone registriert auf #editorjs-holder
report_editor.js:112 [forensic] initReportSelector() gestartet
report_editor.js:112 [forensic] loadReport() report_id= 1 type= interim
report_editor.js:112 [forensic] _loadReportImpl: Lock erwerben für Bericht 1
report_editor.js:112 [forensic] _loadReportImpl: warte auf sseLayer.ready vor acquire()
report_editor.js:112 [forensic] _loadReportImpl: sseLayer.ready aufgelöst, clientId= e6ff2330-ba07-4938-9412-7aadbba8530c
report_editor.js:638 report_editor.js: _knownBlockIds initialisiert, 1 Bloecke geladen.
report_editor.js:112 [forensic] _initEditorJs(): window.EditorJS= true
report_editor.js:112 [forensic] _initSidebarAccordion() gestartet
report_editor.js:1037 report_editor.js: Editor bereit, report_id= 1 | readOnly= true
report_editor.js:1082 report_editor.js: Initialisierungs-Guard freigegeben.
debug_events.js:216 [TRACE][USER] mousedown → <span#report-lock-indicator.report-lock-indicator.report-lock-none>
debug_events.js:216 [TRACE][USER] mouseup → <span#report-lock-indicator.report-lock-indicator.report-lock-none>
debug_events.js:216 [TRACE][USER] click → <span#report-lock-indicator.report-lock-indicator.report-lock-none>
debug_events.js:162 [USER]     [userinfo] click:report-lock-indicator — Mouse
userinfo.js:1439 [userinfo] Lock-Indikator: Lock erwerben (manuell)
debug_events.js:216 [TRACE][USER] mousedown → <div.as-ann-source>
debug_events.js:216 [TRACE][USER] dragstart → <div.as-annotation>
debug_events.js:162 [USER]     [annotation_sidebar] dragstart:as-annotation — Drag&Drop
debug_events.js:216 [TRACE][USER] dragover → <div.as-ann-source>
debug_events.js:216 [TRACE][USER] dragover → <div.as-ann-source>
debug_events.js:216 [TRACE][USER] dragover → <div.as-ann-source>
debug_events.js:216 [TRACE][USER] dragover → <div.as-ann-source>
debug_events.js:216 [TRACE][USER] dragover → <div.as-ann-source>
debug_events.js:216 [TRACE][USER] dragover → <div.as-ann-source>
debug_events.js:216 [TRACE][USER] dragover → <a.as-ann-source-link>
debug_events.js:216 [TRACE][USER] dragover → <div.as-ann-source>
debug_events.js:216 [TRACE][USER] dragover → <div.as-ann-source>
debug_events.js:216 [TRACE][USER] dragover → <div.as-ann-source>
debug_events.js:216 [TRACE][USER] dragover → <div.as-ann-source>
debug_events.js:216 [TRACE][USER] dragover → <div.as-ann-source>
debug_events.js:216 [TRACE][USER] dragover → <div.ce-block.block-wrapper--own>
debug_events.js:216 [TRACE][USER] dragover → <div.ce-block.block-wrapper--own>
debug_events.js:216 [TRACE][USER] dragover → <div.ce-block.block-wrapper--own>
debug_events.js:216 [TRACE][USER] dragover → <div.ce-block.block-wrapper--own>
debug_events.js:216 [TRACE][USER] dragover → <div.ce-block.block-wrapper--own>
debug_events.js:216 [TRACE][USER] dragover → <td.evidence-src-cell>
debug_events.js:216 [TRACE][USER] dragover → <td.evidence-src-cell>
debug_events.js:216 [TRACE][USER] dragover → <td.evidence-note-cell>
debug_events.js:216 [TRACE][USER] dragover → <td.evidence-note-cell>
debug_events.js:216 [TRACE][USER] dragover → <td.evidence-note-cell>
debug_events.js:216 [TRACE][USER] dragover → <td.evidence-note-cell>
debug_events.js:216 [TRACE][USER] dragover → <td.evidence-note-cell>
debug_events.js:216 [TRACE][USER] dragover → <td.evidence-note-cell>
debug_events.js:216 [TRACE][USER] dragover → <td.evidence-note-cell>
debug_events.js:216 [TRACE][USER] dragover → <td.evidence-note-cell>
debug_events.js:216 [TRACE][USER] dragover → <td.evidence-sel-cell>
debug_events.js:216 [TRACE][USER] dragover → <td.evidence-sel-cell>
debug_events.js:216 [TRACE][USER] dragover → <td.evidence-sel-cell>
debug_events.js:216 [TRACE][USER] dragover → <td.evidence-sel-cell>
debug_events.js:216 [TRACE][USER] dragover → <td.evidence-sel-cell>
debug_events.js:216 [TRACE][USER] dragover → <td.evidence-sel-cell>
debug_events.js:216 [TRACE][USER] dragover → <td.evidence-sel-cell>
debug_events.js:216 [TRACE][USER] dragover → <td.evidence-sel-cell>
debug_events.js:216 [TRACE][USER] drop → <td.evidence-sel-cell>
debug_events.js:162 [USER]     [report_editor] drop:editorjs-holder — Drag&Drop
report_editor.js:112 [forensic] Drop: Editor readOnly — Drop abgelehnt (Lock noch nicht erworben)
debug_events.js:216 [TRACE][USER] dragend → <div.as-annotation.as-annotation--dragging>
debug_events.js:174 [USER]     [annotation_sidebar] dragend:as-annotation — Drag&Drop
debug_events.js:216 [TRACE][USER] mousedown → <button.as-btn.as-btn-anchor>
debug_events.js:216 [TRACE][USER] focus → <button.as-btn.as-btn-anchor>
debug_events.js:216 [TRACE][USER] mouseup → <button.as-btn.as-btn-anchor>
debug_events.js:216 [TRACE][USER] click → <button.as-btn.as-btn-anchor>
debug_events.js:162 [USER]     [annotation_sidebar] click:as-btn-anchor — Mouse
annotation_sidebar.js:58 [forensic] _insertAnchor: annId= 79
debug_events.js:216 [TRACE][USER] blur → <button.as-btn.as-btn-anchor>
report_editor.js:112 [forensic] insertEvidenceBlockFromAnnotation: annId= 79
report_editor.js:112 [forensic] insertEvidenceBlockFromAnnotation: Kein Lock
