:8080/favicon.ico:1  Failed to load resource: the server responded with a status of 404 (Not Found)
events:1  Failed to load resource: net::ERR_CONNECTION_REFUSED
report:1  Failed to load resource: net::ERR_CONNECTION_REFUSED
Navigated to http://127.0.0.2:8080/_forensic/report
placeholder_chips.js:56 [forensic] placeholder_chips.js: window.PlaceholderChips exportiert
placeholder_wizard.js:75 [forensic] placeholder_wizard.js: window.PlaceholderWizard exportiert
module_panel.js:77 [forensic] module_panel.js: window.ModulePanel exportiert
annotation_sidebar.js:58 [forensic] annotation_sidebar.js: window.AnnotationSidebar exportiert
report_editor.js:86 [forensic] report_editor.js: Exports auf window gesetzt
userinfo.js:67 [forensic] DOMContentLoaded: userinfo.js aktiv
userinfo.js:67 [forensic] initEditor() gestartet
userinfo.js:67 [forensic] initSSEWindow3() gestartet
userinfo.js:67 [forensic] acquireLock() aufgerufen, sseClientId= 91c77d87-b4c6-444e-bfa8-167ddf780f52
report_editor.js:86 [forensic] initEditorModule() gestartet
report_editor.js:86 [forensic] _initSidebarAccordion() gestartet
report_editor.js:86 [forensic] _initDragDrop: Drop-Zone registriert auf #editorjs-holder
report_editor.js:86 [forensic] initReportSelector() gestartet
favicon.ico:1  GET http://127.0.0.2:8080/favicon.ico 404 (Not Found)
report_editor.js:86 [forensic] loadReport() report_id= 2 type= interim
report_editor.js:457 report_editor.js: _knownBlockIds initialisiert, 47 Bloecke geladen.
report_editor.js:86 [forensic] _initEditorJs(): window.EditorJS= true
report_editor.js:86 [forensic] _initSidebarAccordion() gestartet
report_editor.js:643 report_editor.js: Editor bereit, report_id= 2 | readOnly= false
report_editor.js:680 report_editor.js: Initialisierungs-Guard freigegeben.
module_panel.js:77 [forensic] Drag start (Standard, delegiert): type= delimiter
module_panel.js:77 [forensic] Drag start (Standard, delegiert): type= delimiter
module_panel.js:77 [forensic] Drag start (Standard, delegiert): type= delimiter
report_editor.js:86 [forensic] Drop (Standard): type= delimiter
report_editor.js:86 [forensic] Drop (Standard): Block eingefuegt, type= delimiter idx= 47
report_editor.js:1712 report_editor.js: Auto-Save gestartet, report_id= 2 | bekannte Block-IDs: 47
report_editor.js:1826 report_editor.js: Auto-Save abgeschlossen. | Bloecke gespeichert: 48 | Bloecke geloescht: 0
module_panel.js:77 [forensic] Drag start (Standard, delegiert): type= delimiter
module_panel.js:77 [forensic] Drag start (Standard, delegiert): type= delimiter
module_panel.js:77 [forensic] Drag start (Standard, delegiert): type= delimiter
module_panel.js:77 [forensic] Drag start (Standard, delegiert): type= delimiter
module_panel.js:77 [forensic] Drag start (Standard, delegiert): type= delimiter
module_panel.js:77 [forensic] Drag start (Standard, delegiert): type= delimiter
module_panel.js:77 [forensic] Drag start (Standard, delegiert): type= delimiter
module_panel.js:77 [forensic] Drag start (Standard, delegiert): type= delimiter
module_panel.js:77 [forensic] Drag start (Standard, delegiert): type= delimiter
module_panel.js:77 [forensic] Drag start (Modul, delegiert): module_id= 6 title= Anlagenverzeichnis
module_panel.js:77 [forensic] Drag start (Modul, delegiert): module_id= 6 title= Anlagenverzeichnis
module_panel.js:77 [forensic] Drag start (Modul, delegiert): module_id= 6 title= Anlagenverzeichnis
module_panel.js:77 [forensic] Drag start (Modul, delegiert): module_id= 6 title= Anlagenverzeichnis
module_panel.js:77 [forensic] Drag start (Modul, delegiert): module_id= 6 title= Anlagenverzeichnis
module_panel.js:77 [forensic] Drag start (Modul, delegiert): module_id= 6 title= Anlagenverzeichnis
placeholder_wizard.js:189 [PlaceholderWizard] showPlaceholderForm: blocks= 48 focusedId= wU6z9eBw34 onSave= function myUsername= paul
module_panel.js:77 [forensic] Drag start (Modul, delegiert): module_id= 6 title= Anlagenverzeichnis
module_panel.js:77 [forensic] Drag start (Modul, delegiert): module_id= 6 title= Anlagenverzeichnis
module_panel.js:77 [forensic] Drag start (Modul, delegiert): module_id= 6 title= Anlagenverzeichnis
module_panel.js:77 [forensic] Drag start (Modul, delegiert): module_id= 6 title= Anlagenverzeichnis
report_editor.js:86 [forensic] Drop (Modul): module_id= 6
report_editor.js:86 [forensic] Drop (Modul): Block eingefuegt, type= paragraph idx= 48
editorjs.mjs:136 Block «paragraph» skipped because saved data is invalid
editorjs.mjs:136 Block «paragraph» skipped because saved data is invalid
editorjs.mjs:136 Block «paragraph» skipped because saved data is invalid
editorjs.mjs:136 Block «paragraph» skipped because saved data is invalid
editorjs.mjs:136 Block «paragraph» skipped because saved data is invalid
editorjs.mjs:136 Block «paragraph» skipped because saved data is invalid
editorjs.mjs:136 Block «paragraph» skipped because saved data is invalid
editorjs.mjs:136 Block «paragraph» skipped because saved data is invalid
editorjs.mjs:136 Block «paragraph» skipped because saved data is invalid
editorjs.mjs:136 Block «paragraph» skipped because saved data is invalid
editorjs.mjs:136 Block «paragraph» skipped because saved data is invalid
editorjs.mjs:136 Block «paragraph» skipped because saved data is invalid
editorjs.mjs:136 Block «paragraph» skipped because saved data is invalid
editorjs.mjs:136 Block «paragraph» skipped because saved data is invalid
editorjs.mjs:136 Block «paragraph» skipped because saved data is invalid
editorjs.mjs:136 Block «paragraph» skipped because saved data is invalid
editorjs.mjs:136 Block «paragraph» skipped because saved data is invalid
editorjs.mjs:136 Block «paragraph» skipped because saved data is invalid
editorjs.mjs:136 Block «paragraph» skipped because saved data is invalid
module_panel.js:77 [forensic] _insertModule: Block sofort in Editor eingefuegt, idx= 49
placeholder_wizard.js:189 [PlaceholderWizard] showPlaceholderForm: blocks= 48 focusedId= wU6z9eBw34 onSave= function myUsername= paul
placeholder_wizard.js:189 [PlaceholderWizard] showPlaceholderForm: blocks= 49 focusedId= wU6z9eBw34 onSave= function myUsername= paul
editorjs.mjs:136 Block «paragraph» skipped because saved data is invalid
editorjs.mjs:136 Block «paragraph» skipped because saved data is invalid
editorjs.mjs:136 Block «paragraph» skipped because saved data is invalid
module_panel.js:77 [forensic] Drag start (Modul, delegiert): module_id= 6 title= Anlagenverzeichnis
module_panel.js:77 [forensic] Drag start (Modul, delegiert): module_id= 6 title= Anlagenverzeichnis
module_panel.js:77 [forensic] Drag start (Modul, delegiert): module_id= 6 title= Anlagenverzeichnis
module_panel.js:77 [forensic] Drag start (Modul, delegiert): module_id= 6 title= Anlagenverzeichnis
module_panel.js:77 [forensic] Drag start (Modul, delegiert): module_id= 6 title= Anlagenverzeichnis
report_editor.js:86 [forensic] Drop (Modul): module_id= 6
report_editor.js:86 [forensic] Drop (Modul): Block eingefuegt, type= paragraph idx= 50
editorjs.mjs:136 Block «paragraph» skipped because saved data is invalid
editorjs.mjs:136 Block «paragraph» skipped because saved data is invalid
editorjs.mjs:136 Block «paragraph» skipped because saved data is invalid
editorjs.mjs:136 Block «paragraph» skipped because saved data is invalid
editorjs.mjs:136 Block «paragraph» skipped because saved data is invalid
editorjs.mjs:136 Block «paragraph» skipped because saved data is invalid
editorjs.mjs:136 Block «paragraph» skipped because saved data is invalid
editorjs.mjs:136 Block «paragraph» skipped because saved data is invalid
report_editor.js:1712 report_editor.js: Auto-Save gestartet, report_id= 2 | bekannte Block-IDs: 48
editorjs.mjs:136 Block «paragraph» skipped because saved data is invalid
editorjs.mjs:136 Block «paragraph» skipped because saved data is invalid
report_editor.js:1826 report_editor.js: Auto-Save abgeschlossen. | Bloecke gespeichert: 49 | Bloecke geloescht: 0
