events:1  Failed to load resource: net::ERR_CONNECTION_REFUSED
report:1  Failed to load resource: net::ERR_CONNECTION_REFUSED
Navigated to http://127.0.0.2:8080/_forensic/report
debug_events.js:235 [debug_events.js] Build 200 geladen. window._uevt() verfügbar. Trace-Modus: window.FORENSIC_EVENT_TRACE = true
debug_events.js:241 [debug_events.js] Kill-Switches: window.FORENSIC_DEBUG=false (alles) | window.FORENSIC_EVENT_DEBUG=false (nur Events)
placeholder_chips.js:56 [forensic] placeholder_chips.js: window.PlaceholderChips exportiert
placeholder_wizard.js:75 [forensic] placeholder_wizard.js: window.PlaceholderWizard exportiert
module_panel.js:77 [forensic] module_panel.js: window.ModulePanel exportiert
annotation_sidebar.js:58 [forensic] annotation_sidebar.js: window.AnnotationSidebar exportiert
report_editor.js:86 [forensic] report_editor.js: Exports auf window gesetzt (Build wird async geladen)
userinfo.js:67 [forensic] DOMContentLoaded: userinfo.js aktiv
userinfo.js:67 [forensic] initEditor() gestartet
userinfo.js:67 [forensic] initSSEWindow3() gestartet
report_editor.js:3532 [forensic] report_editor.js: v0.6.220 Build 220 | Exports auf window gesetzt
userinfo.js:67 [forensic] acquireLock() aufgerufen, sseClientId= 1bfcf4ed-a2cf-4c51-b236-1994fd3a92c1
report_editor.js:86 [forensic] initEditorModule() gestartet
report_editor.js:86 [forensic] _initSidebarAccordion() gestartet
report_editor.js:86 [forensic] _initColResizer: Schiebebalken initialisiert
report_editor.js:86 [forensic] _initForumLinkInterceptor: BroadcastChannel bereit
report_editor.js:86 [forensic] _initForumLinkInterceptor: aktiv (window_id= 9e5ff66a-0bd6-49b1-9417-0b194c0b0fd1 )
report_editor.js:86 [forensic] _initDragDrop: Drop-Zone registriert auf #editorjs-holder
report_editor.js:86 [forensic] initReportSelector() gestartet
favicon.ico:1  GET http://127.0.0.2:8080/favicon.ico 404 (Not Found)
report_editor.js:86 [forensic] loadReport() report_id= 1 type= interim
report_editor.js:578 report_editor.js: _knownBlockIds initialisiert, 0 Bloecke geladen.
report_editor.js:86 [forensic] _initEditorJs(): window.EditorJS= true
report_editor.js:86 [forensic] _initSidebarAccordion() gestartet
report_editor.js:990 report_editor.js: Editor bereit, report_id= 1 | readOnly= false
placeholder_wizard.js:189 [PlaceholderWizard] showPlaceholderForm: blocks= 0 focusedId= null onSave= function myUsername= paul
editorjs.mjs:136 Block «paragraph» skipped because saved data is invalid
report_editor.js:1035 report_editor.js: Initialisierungs-Guard freigegeben.
editorjs.mjs:136 Block «paragraph» skipped because saved data is invalid
editorjs.mjs:136 Block «paragraph» skipped because saved data is invalid
editorjs.mjs:136 Block «paragraph» skipped because saved data is invalid
editorjs.mjs:136 Block «paragraph» skipped because saved data is invalid
debug_events.js:162 [USER]     [report_editor] change:report-select — Input
report_editor.js:86 [forensic] loadReport() report_id= 2 type= interim
report_editor.js:86 [forensic] _loadReportImpl: Bericht-Wechsel 1 -> 2 — Save + Lock-Release
report_editor.js:2178 report_editor.js: Auto-Save gestartet, report_id= 1 | bekannte Block-IDs: 0
 Block «paragraph» skipped because saved data is invalid
report_editor.js:2292 report_editor.js: Auto-Save abgeschlossen. | Bloecke gespeichert: 0 | Bloecke geloescht: 0
placeholder_wizard.js:189 [PlaceholderWizard] showPlaceholderForm: blocks= 0 focusedId= null onSave= function myUsername= paul
report_editor.js:578 report_editor.js: _knownBlockIds initialisiert, 2 Bloecke geladen.
report_editor.js:86 [forensic] _initEditorJs(): window.EditorJS= true
report_editor.js:86 [forensic] _initEditorJs: Lock erwerben fuer neuen Bericht 2
userinfo.js:67 [forensic] acquireLock() aufgerufen, sseClientId= 1bfcf4ed-a2cf-4c51-b236-1994fd3a92c1
report_editor.js:86 [forensic] _initSidebarAccordion() gestartet
report_editor.js:990 report_editor.js: Editor bereit, report_id= 2 | readOnly= true
report_editor.js:86 [forensic] loadReport() report_id= 2 type= interim
report_editor.js:86 [forensic] loadReport() report_id= 2 type= interim
report_editor.js:454 report_editor.js: loadReport() bereits aktiv — übersprungen
placeholder_wizard.js:189 [PlaceholderWizard] showPlaceholderForm: blocks= 2 focusedId= 069368b2-2a8f-467e-8463-4620a39faa9e onSave= function myUsername= paul
report_editor.js:578 report_editor.js: _knownBlockIds initialisiert, 2 Bloecke geladen.
report_editor.js:86 [forensic] _initEditorJs(): window.EditorJS= true
report_editor.js:86 [forensic] _initSidebarAccordion() gestartet
report_editor.js:990 report_editor.js: Editor bereit, report_id= 2 | readOnly= false
placeholder_wizard.js:189 [PlaceholderWizard] showPlaceholderForm: blocks= 2 focusedId= 069368b2-2a8f-467e-8463-4620a39faa9e onSave= function myUsername= paul
userinfo.js:67 [forensic] acquireLock() aufgerufen, sseClientId= 1bfcf4ed-a2cf-4c51-b236-1994fd3a92c1
userinfo.js:67 [forensic] acquireLock: Lock bereits vorhanden ( ff1ede48-0188-413b-9444-9a266838a91c ) — uebersprungen
report_editor.js:1035 report_editor.js: Initialisierungs-Guard freigegeben.
report_editor.js:1035 report_editor.js: Initialisierungs-Guard freigegeben.
debug_events.js:162 [USER]     [report_editor] change:report-select — Input
report_editor.js:86 [forensic] loadReport() report_id= 1 type= interim
report_editor.js:86 [forensic] _loadReportImpl: Bericht-Wechsel 2 -> 1 — Save + Lock-Release
report_editor.js:2178 report_editor.js: Auto-Save gestartet, report_id= 2 | bekannte Block-IDs: 2
report_editor.js:2292 report_editor.js: Auto-Save abgeschlossen. | Bloecke gespeichert: 2 | Bloecke geloescht: 0
placeholder_wizard.js:189 [PlaceholderWizard] showPlaceholderForm: blocks= 2 focusedId= 069368b2-2a8f-467e-8463-4620a39faa9e onSave= function myUsername= paul
report_editor.js:578 report_editor.js: _knownBlockIds initialisiert, 0 Bloecke geladen.
report_editor.js:86 [forensic] _initEditorJs(): window.EditorJS= true
report_editor.js:86 [forensic] _initEditorJs: Lock erwerben fuer neuen Bericht 1
userinfo.js:67 [forensic] acquireLock() aufgerufen, sseClientId= 1bfcf4ed-a2cf-4c51-b236-1994fd3a92c1
report_editor.js:86 [forensic] _initSidebarAccordion() gestartet
report_editor.js:990 report_editor.js: Editor bereit, report_id= 1 | readOnly= true
report_editor.js:86 [forensic] loadReport() report_id= 1 type= interim
placeholder_wizard.js:189 [PlaceholderWizard] showPlaceholderForm: blocks= 0 focusedId= null onSave= function myUsername= paul
report_editor.js:578 report_editor.js: _knownBlockIds initialisiert, 0 Bloecke geladen.
report_editor.js:86 [forensic] _initEditorJs(): window.EditorJS= true
report_editor.js:86 [forensic] _initSidebarAccordion() gestartet
report_editor.js:990 report_editor.js: Editor bereit, report_id= 1 | readOnly= false
placeholder_wizard.js:189 [PlaceholderWizard] showPlaceholderForm: blocks= 0 focusedId= null onSave= function myUsername= paul
userinfo.js:67 [forensic] acquireLock() aufgerufen, sseClientId= 1bfcf4ed-a2cf-4c51-b236-1994fd3a92c1
userinfo.js:67 [forensic] acquireLock: Lock bereits vorhanden ( 8c5fa40e-eb5f-4dcd-a9e1-e7398f5f0bec ) — uebersprungen
report_editor.js:1035 report_editor.js: Initialisierungs-Guard freigegeben.
report_editor.js:1035 report_editor.js: Initialisierungs-Guard freigegeben.
debug_events.js:162 [USER]     [report_editor] change:report-select — Input
report_editor.js:86 [forensic] loadReport() report_id= 2 type= interim
report_editor.js:86 [forensic] _loadReportImpl: Bericht-Wechsel 1 -> 2 — Save + Lock-Release
report_editor.js:2178 report_editor.js: Auto-Save gestartet, report_id= 1 | bekannte Block-IDs: 0
 Block «paragraph» skipped because saved data is invalid
report_editor.js:2292 report_editor.js: Auto-Save abgeschlossen. | Bloecke gespeichert: 0 | Bloecke geloescht: 0
placeholder_wizard.js:189 [PlaceholderWizard] showPlaceholderForm: blocks= 0 focusedId= null onSave= function myUsername= paul
report_editor.js:578 report_editor.js: _knownBlockIds initialisiert, 2 Bloecke geladen.
report_editor.js:86 [forensic] _initEditorJs(): window.EditorJS= true
report_editor.js:86 [forensic] _initEditorJs: Lock erwerben fuer neuen Bericht 2
userinfo.js:67 [forensic] acquireLock() aufgerufen, sseClientId= 1bfcf4ed-a2cf-4c51-b236-1994fd3a92c1
report_editor.js:86 [forensic] loadReport() report_id= 2 type= interim
bundle.js:2 Uncaught (in promise) TypeError: Cannot read properties of null (reading 'blocks')
    at new u (bundle.js:2:12738)
    at onReady (report_editor.js:978:17)
    at editorjs.mjs:11173:26
t @ bundle.js:2
onReady @ report_editor.js:978
(anonymous) @ editorjs.mjs:11173
Promise.then
constructor @ editorjs.mjs:11172
_initEditorJs @ report_editor.js:662
_loadReportImpl @ report_editor.js:599
await in _loadReportImpl
loadReport @ report_editor.js:459
(anonymous) @ report_editor.js:279
handleMouseUp_ @ (unknown)
report_editor.js:578 report_editor.js: _knownBlockIds initialisiert, 2 Bloecke geladen.
report_editor.js:86 [forensic] _initEditorJs(): window.EditorJS= true
report_editor.js:86 [forensic] _initSidebarAccordion() gestartet
report_editor.js:990 report_editor.js: Editor bereit, report_id= 2 | readOnly= false
placeholder_wizard.js:189 [PlaceholderWizard] showPlaceholderForm: blocks= 2 focusedId= 069368b2-2a8f-467e-8463-4620a39faa9e onSave= function myUsername= paul
userinfo.js:67 [forensic] acquireLock() aufgerufen, sseClientId= 1bfcf4ed-a2cf-4c51-b236-1994fd3a92c1
userinfo.js:67 [forensic] acquireLock: Lock bereits vorhanden ( be562ec5-49d8-4756-ae08-8c0a111f48e1 ) — uebersprungen
report_editor.js:1035 report_editor.js: Initialisierungs-Guard freigegeben.
debug_events.js:162 [USER]     [report_editor] change:report-select — Input
report_editor.js:86 [forensic] loadReport() report_id= 1 type= interim
report_editor.js:86 [forensic] _loadReportImpl: Bericht-Wechsel 2 -> 1 — Save + Lock-Release
report_editor.js:2178 report_editor.js: Auto-Save gestartet, report_id= 2 | bekannte Block-IDs: 2
report_editor.js:2292 report_editor.js: Auto-Save abgeschlossen. | Bloecke gespeichert: 2 | Bloecke geloescht: 0
placeholder_wizard.js:189 [PlaceholderWizard] showPlaceholderForm: blocks= 2 focusedId= 069368b2-2a8f-467e-8463-4620a39faa9e onSave= function myUsername= paul
report_editor.js:578 report_editor.js: _knownBlockIds initialisiert, 0 Bloecke geladen.
report_editor.js:86 [forensic] _initEditorJs(): window.EditorJS= true
report_editor.js:86 [forensic] _initEditorJs: Lock erwerben fuer neuen Bericht 1
userinfo.js:67 [forensic] acquireLock() aufgerufen, sseClientId= 1bfcf4ed-a2cf-4c51-b236-1994fd3a92c1
report_editor.js:86 [forensic] _initSidebarAccordion() gestartet
report_editor.js:990 report_editor.js: Editor bereit, report_id= 1 | readOnly= true
report_editor.js:86 [forensic] loadReport() report_id= 1 type= interim
report_editor.js:86 [forensic] loadReport() report_id= 1 type= interim
report_editor.js:454 report_editor.js: loadReport() bereits aktiv — übersprungen
placeholder_wizard.js:189 [PlaceholderWizard] showPlaceholderForm: blocks= 0 focusedId= null onSave= function myUsername= paul
report_editor.js:578 report_editor.js: _knownBlockIds initialisiert, 0 Bloecke geladen.
report_editor.js:86 [forensic] _initEditorJs(): window.EditorJS= true
report_editor.js:86 [forensic] _initSidebarAccordion() gestartet
report_editor.js:990 report_editor.js: Editor bereit, report_id= 1 | readOnly= false
placeholder_wizard.js:189 [PlaceholderWizard] showPlaceholderForm: blocks= 0 focusedId= null onSave= function myUsername= paul
userinfo.js:67 [forensic] acquireLock() aufgerufen, sseClientId= 1bfcf4ed-a2cf-4c51-b236-1994fd3a92c1
userinfo.js:67 [forensic] acquireLock: Lock bereits vorhanden ( 48888883-4e13-4333-8950-eec7bf2f7442 ) — uebersprungen
report_editor.js:1035 report_editor.js: Initialisierungs-Guard freigegeben.
report_editor.js:1035 report_editor.js: Initialisierungs-Guard freigegeben.
debug_events.js:162 [USER]     [report_editor] change:report-select — Input
report_editor.js:86 [forensic] loadReport() report_id= 2 type= interim
report_editor.js:86 [forensic] _loadReportImpl: Bericht-Wechsel 1 -> 2 — Save + Lock-Release
report_editor.js:2178 report_editor.js: Auto-Save gestartet, report_id= 1 | bekannte Block-IDs: 0
 Block «paragraph» skipped because saved data is invalid
report_editor.js:2292 report_editor.js: Auto-Save abgeschlossen. | Bloecke gespeichert: 0 | Bloecke geloescht: 0
placeholder_wizard.js:189 [PlaceholderWizard] showPlaceholderForm: blocks= 0 focusedId= null onSave= function myUsername= paul
report_editor.js:578 report_editor.js: _knownBlockIds initialisiert, 2 Bloecke geladen.
report_editor.js:86 [forensic] _initEditorJs(): window.EditorJS= true
report_editor.js:86 [forensic] _initEditorJs: Lock erwerben fuer neuen Bericht 2
userinfo.js:67 [forensic] acquireLock() aufgerufen, sseClientId= 1bfcf4ed-a2cf-4c51-b236-1994fd3a92c1
report_editor.js:86 [forensic] _initSidebarAccordion() gestartet
report_editor.js:990 report_editor.js: Editor bereit, report_id= 2 | readOnly= true
report_editor.js:86 [forensic] loadReport() report_id= 2 type= interim
report_editor.js:86 [forensic] loadReport() report_id= 2 type= interim
report_editor.js:454 report_editor.js: loadReport() bereits aktiv — übersprungen
placeholder_wizard.js:189 [PlaceholderWizard] showPlaceholderForm: blocks= 2 focusedId= 069368b2-2a8f-467e-8463-4620a39faa9e onSave= function myUsername= paul
report_editor.js:578 report_editor.js: _knownBlockIds initialisiert, 2 Bloecke geladen.
report_editor.js:86 [forensic] _initEditorJs(): window.EditorJS= true
report_editor.js:86 [forensic] _initSidebarAccordion() gestartet
report_editor.js:990 report_editor.js: Editor bereit, report_id= 2 | readOnly= false
placeholder_wizard.js:189 [PlaceholderWizard] showPlaceholderForm: blocks= 2 focusedId= 069368b2-2a8f-467e-8463-4620a39faa9e onSave= function myUsername= paul
userinfo.js:67 [forensic] acquireLock() aufgerufen, sseClientId= 1bfcf4ed-a2cf-4c51-b236-1994fd3a92c1
userinfo.js:67 [forensic] acquireLock: Lock bereits vorhanden ( 88d3e1a0-8605-4431-a875-5d991154996f ) — uebersprungen
report_editor.js:1035 report_editor.js: Initialisierungs-Guard freigegeben.
report_editor.js:1035 report_editor.js: Initialisierungs-Guard freigegeben.
debug_events.js:162 [USER]     [report_editor] change:report-select — Input
report_editor.js:86 [forensic] loadReport() report_id= 1 type= interim
report_editor.js:86 [forensic] _loadReportImpl: Bericht-Wechsel 2 -> 1 — Save + Lock-Release
report_editor.js:2178 report_editor.js: Auto-Save gestartet, report_id= 2 | bekannte Block-IDs: 2
report_editor.js:2292 report_editor.js: Auto-Save abgeschlossen. | Bloecke gespeichert: 2 | Bloecke geloescht: 0
placeholder_wizard.js:189 [PlaceholderWizard] showPlaceholderForm: blocks= 2 focusedId= 069368b2-2a8f-467e-8463-4620a39faa9e onSave= function myUsername= paul
report_editor.js:578 report_editor.js: _knownBlockIds initialisiert, 0 Bloecke geladen.
report_editor.js:86 [forensic] _initEditorJs(): window.EditorJS= true
report_editor.js:86 [forensic] _initEditorJs: Lock erwerben fuer neuen Bericht 1
userinfo.js:67 [forensic] acquireLock() aufgerufen, sseClientId= 1bfcf4ed-a2cf-4c51-b236-1994fd3a92c1
report_editor.js:86 [forensic] _initSidebarAccordion() gestartet
report_editor.js:990 report_editor.js: Editor bereit, report_id= 1 | readOnly= true
report_editor.js:86 [forensic] loadReport() report_id= 1 type= interim
placeholder_wizard.js:189 [PlaceholderWizard] showPlaceholderForm: blocks= 0 focusedId= null onSave= function myUsername= paul
report_editor.js:578 report_editor.js: _knownBlockIds initialisiert, 0 Bloecke geladen.
report_editor.js:86 [forensic] _initEditorJs(): window.EditorJS= true
report_editor.js:86 [forensic] _initSidebarAccordion() gestartet
report_editor.js:990 report_editor.js: Editor bereit, report_id= 1 | readOnly= false
placeholder_wizard.js:189 [PlaceholderWizard] showPlaceholderForm: blocks= 0 focusedId= null onSave= function myUsername= paul
userinfo.js:67 [forensic] acquireLock() aufgerufen, sseClientId= 1bfcf4ed-a2cf-4c51-b236-1994fd3a92c1
userinfo.js:67 [forensic] acquireLock: Lock bereits vorhanden ( 95d226b3-9926-4e59-80ea-4041072181aa ) — uebersprungen
report_editor.js:1035 report_editor.js: Initialisierungs-Guard freigegeben.
report_editor.js:1035 report_editor.js: Initialisierungs-Guard freigegeben.
debug_events.js:162 [USER]     [report_editor] change:report-select — Input
report_editor.js:86 [forensic] loadReport() report_id= 2 type= interim
report_editor.js:86 [forensic] _loadReportImpl: Bericht-Wechsel 1 -> 2 — Save + Lock-Release
report_editor.js:2178 report_editor.js: Auto-Save gestartet, report_id= 1 | bekannte Block-IDs: 0
 Block «paragraph» skipped because saved data is invalid
report_editor.js:2292 report_editor.js: Auto-Save abgeschlossen. | Bloecke gespeichert: 0 | Bloecke geloescht: 0
placeholder_wizard.js:189 [PlaceholderWizard] showPlaceholderForm: blocks= 0 focusedId= null onSave= function myUsername= paul
report_editor.js:578 report_editor.js: _knownBlockIds initialisiert, 2 Bloecke geladen.
report_editor.js:86 [forensic] _initEditorJs(): window.EditorJS= true
report_editor.js:86 [forensic] _initEditorJs: Lock erwerben fuer neuen Bericht 2
userinfo.js:67 [forensic] acquireLock() aufgerufen, sseClientId= 1bfcf4ed-a2cf-4c51-b236-1994fd3a92c1
report_editor.js:86 [forensic] _initSidebarAccordion() gestartet
report_editor.js:990 report_editor.js: Editor bereit, report_id= 2 | readOnly= true
report_editor.js:86 [forensic] loadReport() report_id= 2 type= interim
report_editor.js:86 [forensic] loadReport() report_id= 2 type= interim
report_editor.js:454 report_editor.js: loadReport() bereits aktiv — übersprungen
placeholder_wizard.js:189 [PlaceholderWizard] showPlaceholderForm: blocks= 2 focusedId= 069368b2-2a8f-467e-8463-4620a39faa9e onSave= function myUsername= paul
report_editor.js:578 report_editor.js: _knownBlockIds initialisiert, 2 Bloecke geladen.
report_editor.js:86 [forensic] _initEditorJs(): window.EditorJS= true
report_editor.js:86 [forensic] _initSidebarAccordion() gestartet
report_editor.js:990 report_editor.js: Editor bereit, report_id= 2 | readOnly= false
placeholder_wizard.js:189 [PlaceholderWizard] showPlaceholderForm: blocks= 2 focusedId= 069368b2-2a8f-467e-8463-4620a39faa9e onSave= function myUsername= paul
userinfo.js:67 [forensic] acquireLock() aufgerufen, sseClientId= 1bfcf4ed-a2cf-4c51-b236-1994fd3a92c1
userinfo.js:67 [forensic] acquireLock: Lock bereits vorhanden ( 6470656f-3bfd-41b5-8eaf-ba9b39a23ff4 ) — uebersprungen
report_editor.js:1035 report_editor.js: Initialisierungs-Guard freigegeben.
report_editor.js:1035 report_editor.js: Initialisierungs-Guard freigegeben.
debug_events.js:162 [USER]     [report_editor] change:report-select — Input
report_editor.js:86 [forensic] loadReport() report_id= 1 type= interim
report_editor.js:86 [forensic] _loadReportImpl: Bericht-Wechsel 2 -> 1 — Save + Lock-Release
report_editor.js:2178 report_editor.js: Auto-Save gestartet, report_id= 2 | bekannte Block-IDs: 2
report_editor.js:2292 report_editor.js: Auto-Save abgeschlossen. | Bloecke gespeichert: 2 | Bloecke geloescht: 0
placeholder_wizard.js:189 [PlaceholderWizard] showPlaceholderForm: blocks= 2 focusedId= 069368b2-2a8f-467e-8463-4620a39faa9e onSave= function myUsername= paul
report_editor.js:578 report_editor.js: _knownBlockIds initialisiert, 0 Bloecke geladen.
report_editor.js:86 [forensic] _initEditorJs(): window.EditorJS= true
report_editor.js:86 [forensic] _initEditorJs: Lock erwerben fuer neuen Bericht 1
userinfo.js:67 [forensic] acquireLock() aufgerufen, sseClientId= 1bfcf4ed-a2cf-4c51-b236-1994fd3a92c1
report_editor.js:86 [forensic] loadReport() report_id= 1 type= interim
report_editor.js:578 report_editor.js: _knownBlockIds initialisiert, 0 Bloecke geladen.
report_editor.js:86 [forensic] _initEditorJs(): window.EditorJS= true
bundle.js:2 Uncaught (in promise) TypeError: Cannot read properties of undefined (reading 'holder')
    at new u (bundle.js:2:12777)
    at onReady (report_editor.js:978:17)
    at editorjs.mjs:11173:26
t @ bundle.js:2
onReady @ report_editor.js:978
(anonymous) @ editorjs.mjs:11173
Promise.then
constructor @ editorjs.mjs:11172
_initEditorJs @ report_editor.js:662
_loadReportImpl @ report_editor.js:599
await in _loadReportImpl
loadReport @ report_editor.js:459
(anonymous) @ report_editor.js:279
handleMouseUp_ @ (unknown)
report_editor.js:86 [forensic] _initSidebarAccordion() gestartet
report_editor.js:990 report_editor.js: Editor bereit, report_id= 1 | readOnly= false
placeholder_wizard.js:189 [PlaceholderWizard] showPlaceholderForm: blocks= 0 focusedId= null onSave= function myUsername= paul
userinfo.js:67 [forensic] acquireLock() aufgerufen, sseClientId= 1bfcf4ed-a2cf-4c51-b236-1994fd3a92c1
userinfo.js:67 [forensic] acquireLock: Lock bereits vorhanden ( 637b6db7-4855-4c1f-90aa-a513f5c4927c ) — uebersprungen
report_editor.js:1035 report_editor.js: Initialisierungs-Guard freigegeben.
editorjs.mjs:136 Block «paragraph» skipped because saved data is invalid
debug_events.js:174 [USER]     [report_editor] mousedown:captureRange — Mouse
debug_events.js:162 [USER]     [report_editor] click:ph-chip — Mouse
debug_events.js:162 [USER]     [report_editor] click:ph-chip — Mouse
debug_events.js:162 [USER]     [report_editor] click:ph-chip — Mouse
debug_events.js:162 [USER]     [report_editor] click:ph-chip — Mouse
debug_events.js:162 [USER]     [report_editor] click:ph-chip — Mouse
debug_events.js:162 [USER]     [report_editor] click:ph-chip — Mouse
debug_events.js:162 [USER]     [report_editor] click:ph-chip — Mouse
debug_events.js:162 [USER]     [report_editor] click:ph-chip — Mouse
debug_events.js:162 [USER]     [report_editor] click:ph-chip — Mouse
debug_events.js:162 [USER]     [report_editor] click:ph-chip — Mouse
debug_events.js:162 [USER]     [report_editor] click:ph-chip — Mouse
debug_events.js:162 [USER]     [report_editor] click:ph-chip — Mouse
debug_events.js:162 [USER]     [report_editor] click:ph-chip — Mouse
debug_events.js:162 [USER]     [report_editor] click:ph-chip — Mouse
debug_events.js:162 [USER]     [report_editor] click:ph-chip — Mouse
editorjs.mjs:136 Block «paragraph» skipped because saved data is invalid
editorjs.mjs:136 Block «paragraph» skipped because saved data is invalid
debug_events.js:174 [USER]     [report_editor] mousedown:captureRange — Mouse
report_editor.js:1022 [forensic] _captureRange: alt= null → neu: blockId= _-8XghkIAB blockIdx= 0 startOffset= 0
debug_events.js:162 [USER]     [report_editor] click:ph-chip — Mouse
debug_events.js:162 [USER]     [report_editor] click:ph-chip — Mouse
debug_events.js:162 [USER]     [report_editor] click:ph-chip — Mouse
debug_events.js:162 [USER]     [report_editor] click:ph-chip — Mouse
debug_events.js:162 [USER]     [report_editor] click:ph-chip — Mouse
debug_events.js:162 [USER]     [report_editor] click:ph-chip — Mouse
debug_events.js:162 [USER]     [report_editor] click:ph-chip — Mouse
debug_events.js:162 [USER]     [report_editor] click:ph-chip — Mouse
debug_events.js:162 [USER]     [report_editor] click:ph-chip — Mouse
debug_events.js:162 [USER]     [report_editor] click:ph-chip — Mouse
debug_events.js:162 [USER]     [report_editor] click:ph-chip — Mouse
debug_events.js:162 [USER]     [report_editor] click:ph-chip — Mouse
debug_events.js:162 [USER]     [report_editor] click:ph-chip — Mouse
debug_events.js:162 [USER]     [report_editor] click:ph-chip — Mouse
debug_events.js:162 [USER]     [report_editor] click:ph-chip — Mouse
editorjs.mjs:136 Block «paragraph» skipped because saved data is invalid
debug_events.js:174 [USER]     [report_editor] mousedown:captureRange — Mouse
report_editor.js:1022 [forensic] _captureRange: alt= blockId=_-8XghkIAB offset=0 → neu: blockId= _-8XghkIAB blockIdx= 0 startOffset= 0
debug_events.js:162 [USER]     [report_editor] click:ph-chip — Mouse
debug_events.js:162 [USER]     [report_editor] click:ph-chip — Mouse
debug_events.js:162 [USER]     [report_editor] click:ph-chip — Mouse
debug_events.js:162 [USER]     [report_editor] click:ph-chip — Mouse
debug_events.js:162 [USER]     [report_editor] click:ph-chip — Mouse
debug_events.js:162 [USER]     [report_editor] click:ph-chip — Mouse
debug_events.js:162 [USER]     [report_editor] click:ph-chip — Mouse
debug_events.js:162 [USER]     [report_editor] click:ph-chip — Mouse
debug_events.js:162 [USER]     [report_editor] click:ph-chip — Mouse
debug_events.js:162 [USER]     [report_editor] click:ph-chip — Mouse
debug_events.js:162 [USER]     [report_editor] click:ph-chip — Mouse
debug_events.js:162 [USER]     [report_editor] click:ph-chip — Mouse
debug_events.js:162 [USER]     [report_editor] click:ph-chip — Mouse
debug_events.js:162 [USER]     [report_editor] click:ph-chip — Mouse
debug_events.js:162 [USER]     [report_editor] click:ph-chip — Mouse
editorjs.mjs:136 Block «paragraph» skipped because saved data is invalid
debug_events.js:174 [USER]     [report_editor] mousedown:captureRange — Mouse
report_editor.js:1022 [forensic] _captureRange: alt= blockId=_-8XghkIAB offset=0 → neu: blockId= WuzMQ_x82k blockIdx= 1 startOffset= 0
debug_events.js:162 [USER]     [report_editor] click:ph-chip — Mouse
debug_events.js:162 [USER]     [report_editor] click:ph-chip — Mouse
debug_events.js:162 [USER]     [report_editor] click:ph-chip — Mouse
debug_events.js:162 [USER]     [report_editor] click:ph-chip — Mouse
debug_events.js:162 [USER]     [report_editor] click:ph-chip — Mouse
debug_events.js:162 [USER]     [report_editor] click:ph-chip — Mouse
debug_events.js:162 [USER]     [report_editor] click:ph-chip — Mouse
debug_events.js:162 [USER]     [report_editor] click:ph-chip — Mouse
debug_events.js:162 [USER]     [report_editor] click:ph-chip — Mouse
debug_events.js:162 [USER]     [report_editor] click:ph-chip — Mouse
debug_events.js:162 [USER]     [report_editor] click:ph-chip — Mouse
debug_events.js:162 [USER]     [report_editor] click:ph-chip — Mouse
debug_events.js:162 [USER]     [report_editor] click:ph-chip — Mouse
debug_events.js:162 [USER]     [report_editor] click:ph-chip — Mouse
debug_events.js:162 [USER]     [report_editor] click:ph-chip — Mouse
editorjs.mjs:136 Block «paragraph» skipped because saved data is invalid
debug_events.js:162 [USER]     [report_editor] change:report-select — Input
report_editor.js:86 [forensic] loadReport() report_id= 2 type= interim
report_editor.js:86 [forensic] _loadReportImpl: Bericht-Wechsel 1 -> 2 — Save + Lock-Release
report_editor.js:2178 report_editor.js: Auto-Save gestartet, report_id= 1 | bekannte Block-IDs: 0
 Block «paragraph» skipped because saved data is invalid
report_editor.js:2292 report_editor.js: Auto-Save abgeschlossen. | Bloecke gespeichert: 0 | Bloecke geloescht: 0
placeholder_wizard.js:189 [PlaceholderWizard] showPlaceholderForm: blocks= 0 focusedId= null onSave= function myUsername= paul
report_editor.js:578 report_editor.js: _knownBlockIds initialisiert, 2 Bloecke geladen.
report_editor.js:86 [forensic] _initEditorJs(): window.EditorJS= true
report_editor.js:86 [forensic] _initEditorJs: Lock erwerben fuer neuen Bericht 2
userinfo.js:67 [forensic] acquireLock() aufgerufen, sseClientId= 1bfcf4ed-a2cf-4c51-b236-1994fd3a92c1
report_editor.js:86 [forensic] _initSidebarAccordion() gestartet
report_editor.js:990 report_editor.js: Editor bereit, report_id= 2 | readOnly= true
report_editor.js:86 [forensic] loadReport() report_id= 2 type= interim
report_editor.js:86 [forensic] loadReport() report_id= 2 type= interim
report_editor.js:454 report_editor.js: loadReport() bereits aktiv — übersprungen
placeholder_wizard.js:189 [PlaceholderWizard] showPlaceholderForm: blocks= 2 focusedId= 069368b2-2a8f-467e-8463-4620a39faa9e onSave= function myUsername= paul
report_editor.js:578 report_editor.js: _knownBlockIds initialisiert, 2 Bloecke geladen.
report_editor.js:86 [forensic] _initEditorJs(): window.EditorJS= true
report_editor.js:86 [forensic] _initSidebarAccordion() gestartet
report_editor.js:990 report_editor.js: Editor bereit, report_id= 2 | readOnly= false
placeholder_wizard.js:189 [PlaceholderWizard] showPlaceholderForm: blocks= 2 focusedId= 069368b2-2a8f-467e-8463-4620a39faa9e onSave= function myUsername= paul
userinfo.js:67 [forensic] acquireLock() aufgerufen, sseClientId= 1bfcf4ed-a2cf-4c51-b236-1994fd3a92c1
userinfo.js:67 [forensic] acquireLock: Lock bereits vorhanden ( 9af3bd02-6f87-407d-9e98-44c81a9bd4bc ) — uebersprungen
report_editor.js:1035 report_editor.js: Initialisierungs-Guard freigegeben.
report_editor.js:1035 report_editor.js: Initialisierungs-Guard freigegeben.
debug_events.js:162 [USER]     [report_editor] change:report-select — Input
report_editor.js:86 [forensic] loadReport() report_id= 1 type= interim
report_editor.js:86 [forensic] _loadReportImpl: Bericht-Wechsel 2 -> 1 — Save + Lock-Release
report_editor.js:2178 report_editor.js: Auto-Save gestartet, report_id= 2 | bekannte Block-IDs: 2
report_editor.js:2292 report_editor.js: Auto-Save abgeschlossen. | Bloecke gespeichert: 2 | Bloecke geloescht: 0
placeholder_wizard.js:189 [PlaceholderWizard] showPlaceholderForm: blocks= 2 focusedId= 069368b2-2a8f-467e-8463-4620a39faa9e onSave= function myUsername= paul
report_editor.js:578 report_editor.js: _knownBlockIds initialisiert, 0 Bloecke geladen.
report_editor.js:86 [forensic] _initEditorJs(): window.EditorJS= true
report_editor.js:86 [forensic] _initEditorJs: Lock erwerben fuer neuen Bericht 1
userinfo.js:67 [forensic] acquireLock() aufgerufen, sseClientId= 1bfcf4ed-a2cf-4c51-b236-1994fd3a92c1
report_editor.js:86 [forensic] _initSidebarAccordion() gestartet
report_editor.js:990 report_editor.js: Editor bereit, report_id= 1 | readOnly= true
report_editor.js:86 [forensic] loadReport() report_id= 1 type= interim
report_editor.js:86 [forensic] loadReport() report_id= 1 type= interim
report_editor.js:454 report_editor.js: loadReport() bereits aktiv — übersprungen
placeholder_wizard.js:189 [PlaceholderWizard] showPlaceholderForm: blocks= 0 focusedId= null onSave= function myUsername= paul
report_editor.js:578 report_editor.js: _knownBlockIds initialisiert, 0 Bloecke geladen.
report_editor.js:86 [forensic] _initEditorJs(): window.EditorJS= true
report_editor.js:86 [forensic] _initSidebarAccordion() gestartet
report_editor.js:990 report_editor.js: Editor bereit, report_id= 1 | readOnly= false
placeholder_wizard.js:189 [PlaceholderWizard] showPlaceholderForm: blocks= 0 focusedId= null onSave= function myUsername= paul
userinfo.js:67 [forensic] acquireLock() aufgerufen, sseClientId= 1bfcf4ed-a2cf-4c51-b236-1994fd3a92c1
userinfo.js:67 [forensic] acquireLock: Lock bereits vorhanden ( a9cf0f42-d233-44dc-aaf2-57060bedcd26 ) — uebersprungen
report_editor.js:1035 report_editor.js: Initialisierungs-Guard freigegeben.
report_editor.js:1035 report_editor.js: Initialisierungs-Guard freigegeben.
debug_events.js:162 [USER]     [report_editor] change:report-select — Input
report_editor.js:86 [forensic] loadReport() report_id= 2 type= interim
report_editor.js:86 [forensic] _loadReportImpl: Bericht-Wechsel 1 -> 2 — Save + Lock-Release
report_editor.js:2178 report_editor.js: Auto-Save gestartet, report_id= 1 | bekannte Block-IDs: 0
 Block «paragraph» skipped because saved data is invalid
report_editor.js:2292 report_editor.js: Auto-Save abgeschlossen. | Bloecke gespeichert: 0 | Bloecke geloescht: 0
placeholder_wizard.js:189 [PlaceholderWizard] showPlaceholderForm: blocks= 0 focusedId= null onSave= function myUsername= paul
report_editor.js:578 report_editor.js: _knownBlockIds initialisiert, 2 Bloecke geladen.
report_editor.js:86 [forensic] _initEditorJs(): window.EditorJS= true
report_editor.js:86 [forensic] _initEditorJs: Lock erwerben fuer neuen Bericht 2
userinfo.js:67 [forensic] acquireLock() aufgerufen, sseClientId= 1bfcf4ed-a2cf-4c51-b236-1994fd3a92c1
report_editor.js:86 [forensic] _initSidebarAccordion() gestartet
report_editor.js:990 report_editor.js: Editor bereit, report_id= 2 | readOnly= true
report_editor.js:86 [forensic] loadReport() report_id= 2 type= interim
placeholder_wizard.js:189 [PlaceholderWizard] showPlaceholderForm: blocks= 2 focusedId= 069368b2-2a8f-467e-8463-4620a39faa9e onSave= function myUsername= paul
report_editor.js:578 report_editor.js: _knownBlockIds initialisiert, 2 Bloecke geladen.
report_editor.js:86 [forensic] _initEditorJs(): window.EditorJS= true
report_editor.js:86 [forensic] _initSidebarAccordion() gestartet
report_editor.js:990 report_editor.js: Editor bereit, report_id= 2 | readOnly= false
placeholder_wizard.js:189 [PlaceholderWizard] showPlaceholderForm: blocks= 2 focusedId= 069368b2-2a8f-467e-8463-4620a39faa9e onSave= function myUsername= paul
userinfo.js:67 [forensic] acquireLock() aufgerufen, sseClientId= 1bfcf4ed-a2cf-4c51-b236-1994fd3a92c1
userinfo.js:67 [forensic] acquireLock: Lock bereits vorhanden ( 09a3f058-42fe-4c58-9c48-16c30a7edd53 ) — uebersprungen
report_editor.js:1035 report_editor.js: Initialisierungs-Guard freigegeben.
report_editor.js:1035 report_editor.js: Initialisierungs-Guard freigegeben.
debug_events.js:162 [USER]     [report_editor] change:report-select — Input
report_editor.js:86 [forensic] loadReport() report_id= 1 type= interim
report_editor.js:86 [forensic] _loadReportImpl: Bericht-Wechsel 2 -> 1 — Save + Lock-Release
report_editor.js:2178 report_editor.js: Auto-Save gestartet, report_id= 2 | bekannte Block-IDs: 2
report_editor.js:2292 report_editor.js: Auto-Save abgeschlossen. | Bloecke gespeichert: 2 | Bloecke geloescht: 0
placeholder_wizard.js:189 [PlaceholderWizard] showPlaceholderForm: blocks= 2 focusedId= 069368b2-2a8f-467e-8463-4620a39faa9e onSave= function myUsername= paul
report_editor.js:578 report_editor.js: _knownBlockIds initialisiert, 0 Bloecke geladen.
report_editor.js:86 [forensic] _initEditorJs(): window.EditorJS= true
report_editor.js:86 [forensic] _initEditorJs: Lock erwerben fuer neuen Bericht 1
userinfo.js:67 [forensic] acquireLock() aufgerufen, sseClientId= 1bfcf4ed-a2cf-4c51-b236-1994fd3a92c1
report_editor.js:86 [forensic] _initSidebarAccordion() gestartet
report_editor.js:990 report_editor.js: Editor bereit, report_id= 1 | readOnly= true
report_editor.js:86 [forensic] loadReport() report_id= 1 type= interim
report_editor.js:86 [forensic] loadReport() report_id= 1 type= interim
report_editor.js:454 report_editor.js: loadReport() bereits aktiv — übersprungen
placeholder_wizard.js:189 [PlaceholderWizard] showPlaceholderForm: blocks= 0 focusedId= null onSave= function myUsername= paul
report_editor.js:578 report_editor.js: _knownBlockIds initialisiert, 0 Bloecke geladen.
report_editor.js:86 [forensic] _initEditorJs(): window.EditorJS= true
report_editor.js:86 [forensic] _initSidebarAccordion() gestartet
report_editor.js:990 report_editor.js: Editor bereit, report_id= 1 | readOnly= false
placeholder_wizard.js:189 [PlaceholderWizard] showPlaceholderForm: blocks= 0 focusedId= null onSave= function myUsername= paul
userinfo.js:67 [forensic] acquireLock() aufgerufen, sseClientId= 1bfcf4ed-a2cf-4c51-b236-1994fd3a92c1
userinfo.js:67 [forensic] acquireLock: Lock bereits vorhanden ( 3bd48850-a888-447e-8311-4681bd946b76 ) — uebersprungen
report_editor.js:1035 report_editor.js: Initialisierungs-Guard freigegeben.
report_editor.js:1035 report_editor.js: Initialisierungs-Guard freigegeben.
debug_events.js:162 [USER]     [report_editor] change:report-select — Input
report_editor.js:86 [forensic] loadReport() report_id= 2 type= interim
report_editor.js:86 [forensic] _loadReportImpl: Bericht-Wechsel 1 -> 2 — Save + Lock-Release
report_editor.js:2178 report_editor.js: Auto-Save gestartet, report_id= 1 | bekannte Block-IDs: 0
 Block «paragraph» skipped because saved data is invalid
report_editor.js:2292 report_editor.js: Auto-Save abgeschlossen. | Bloecke gespeichert: 0 | Bloecke geloescht: 0
placeholder_wizard.js:189 [PlaceholderWizard] showPlaceholderForm: blocks= 0 focusedId= null onSave= function myUsername= paul
report_editor.js:578 report_editor.js: _knownBlockIds initialisiert, 2 Bloecke geladen.
report_editor.js:86 [forensic] _initEditorJs(): window.EditorJS= true
report_editor.js:86 [forensic] _initEditorJs: Lock erwerben fuer neuen Bericht 2
userinfo.js:67 [forensic] acquireLock() aufgerufen, sseClientId= 1bfcf4ed-a2cf-4c51-b236-1994fd3a92c1
report_editor.js:86 [forensic] _initSidebarAccordion() gestartet
report_editor.js:990 report_editor.js: Editor bereit, report_id= 2 | readOnly= true
report_editor.js:86 [forensic] loadReport() report_id= 2 type= interim
report_editor.js:86 [forensic] loadReport() report_id= 2 type= interim
report_editor.js:454 report_editor.js: loadReport() bereits aktiv — übersprungen
placeholder_wizard.js:189 [PlaceholderWizard] showPlaceholderForm: blocks= 2 focusedId= 069368b2-2a8f-467e-8463-4620a39faa9e onSave= function myUsername= paul
report_editor.js:578 report_editor.js: _knownBlockIds initialisiert, 2 Bloecke geladen.
report_editor.js:86 [forensic] _initEditorJs(): window.EditorJS= true
report_editor.js:86 [forensic] _initSidebarAccordion() gestartet
report_editor.js:990 report_editor.js: Editor bereit, report_id= 2 | readOnly= false
placeholder_wizard.js:189 [PlaceholderWizard] showPlaceholderForm: blocks= 2 focusedId= 069368b2-2a8f-467e-8463-4620a39faa9e onSave= function myUsername= paul
userinfo.js:67 [forensic] acquireLock() aufgerufen, sseClientId= 1bfcf4ed-a2cf-4c51-b236-1994fd3a92c1
userinfo.js:67 [forensic] acquireLock: Lock bereits vorhanden ( 7a41d930-7363-49fc-b2be-35db80393f09 ) — uebersprungen
report_editor.js:1035 report_editor.js: Initialisierungs-Guard freigegeben.
report_editor.js:1035 report_editor.js: Initialisierungs-Guard freigegeben.
debug_events.js:162 [USER]     [report_editor] change:report-select — Input
report_editor.js:86 [forensic] loadReport() report_id= 1 type= interim
report_editor.js:86 [forensic] _loadReportImpl: Bericht-Wechsel 2 -> 1 — Save + Lock-Release
report_editor.js:2178 report_editor.js: Auto-Save gestartet, report_id= 2 | bekannte Block-IDs: 2
report_editor.js:2292 report_editor.js: Auto-Save abgeschlossen. | Bloecke gespeichert: 2 | Bloecke geloescht: 0
placeholder_wizard.js:189 [PlaceholderWizard] showPlaceholderForm: blocks= 2 focusedId= 069368b2-2a8f-467e-8463-4620a39faa9e onSave= function myUsername= paul
report_editor.js:578 report_editor.js: _knownBlockIds initialisiert, 0 Bloecke geladen.
report_editor.js:86 [forensic] _initEditorJs(): window.EditorJS= true
report_editor.js:86 [forensic] _initEditorJs: Lock erwerben fuer neuen Bericht 1
userinfo.js:67 [forensic] acquireLock() aufgerufen, sseClientId= 1bfcf4ed-a2cf-4c51-b236-1994fd3a92c1
report_editor.js:86 [forensic] _initSidebarAccordion() gestartet
report_editor.js:990 report_editor.js: Editor bereit, report_id= 1 | readOnly= true
report_editor.js:86 [forensic] loadReport() report_id= 1 type= interim
placeholder_wizard.js:189 [PlaceholderWizard] showPlaceholderForm: blocks= 0 focusedId= null onSave= function myUsername= paul
report_editor.js:578 report_editor.js: _knownBlockIds initialisiert, 0 Bloecke geladen.
report_editor.js:86 [forensic] _initEditorJs(): window.EditorJS= true
report_editor.js:86 [forensic] _initSidebarAccordion() gestartet
report_editor.js:990 report_editor.js: Editor bereit, report_id= 1 | readOnly= false
placeholder_wizard.js:189 [PlaceholderWizard] showPlaceholderForm: blocks= 0 focusedId= null onSave= function myUsername= paul
userinfo.js:67 [forensic] acquireLock() aufgerufen, sseClientId= 1bfcf4ed-a2cf-4c51-b236-1994fd3a92c1
userinfo.js:67 [forensic] acquireLock: Lock bereits vorhanden ( 0f857315-ff19-4176-b448-40ee7c18734f ) — uebersprungen
report_editor.js:1035 report_editor.js: Initialisierungs-Guard freigegeben.
report_editor.js:1035 report_editor.js: Initialisierungs-Guard freigegeben.
debug_events.js:162 [USER]     [report_editor] change:report-select — Input
report_editor.js:86 [forensic] loadReport() report_id= 2 type= interim
report_editor.js:86 [forensic] _loadReportImpl: Bericht-Wechsel 1 -> 2 — Save + Lock-Release
report_editor.js:2178 report_editor.js: Auto-Save gestartet, report_id= 1 | bekannte Block-IDs: 0
 Block «paragraph» skipped because saved data is invalid
report_editor.js:2292 report_editor.js: Auto-Save abgeschlossen. | Bloecke gespeichert: 0 | Bloecke geloescht: 0
placeholder_wizard.js:189 [PlaceholderWizard] showPlaceholderForm: blocks= 0 focusedId= null onSave= function myUsername= paul
report_editor.js:578 report_editor.js: _knownBlockIds initialisiert, 2 Bloecke geladen.
report_editor.js:86 [forensic] _initEditorJs(): window.EditorJS= true
report_editor.js:86 [forensic] _initEditorJs: Lock erwerben fuer neuen Bericht 2
userinfo.js:67 [forensic] acquireLock() aufgerufen, sseClientId= 1bfcf4ed-a2cf-4c51-b236-1994fd3a92c1
report_editor.js:86 [forensic] _initSidebarAccordion() gestartet
report_editor.js:990 report_editor.js: Editor bereit, report_id= 2 | readOnly= true
report_editor.js:86 [forensic] loadReport() report_id= 2 type= interim
placeholder_wizard.js:189 [PlaceholderWizard] showPlaceholderForm: blocks= 2 focusedId= 069368b2-2a8f-467e-8463-4620a39faa9e onSave= function myUsername= paul
report_editor.js:578 report_editor.js: _knownBlockIds initialisiert, 2 Bloecke geladen.
report_editor.js:86 [forensic] _initEditorJs(): window.EditorJS= true
report_editor.js:86 [forensic] _initSidebarAccordion() gestartet
report_editor.js:990 report_editor.js: Editor bereit, report_id= 2 | readOnly= false
placeholder_wizard.js:189 [PlaceholderWizard] showPlaceholderForm: blocks= 2 focusedId= 069368b2-2a8f-467e-8463-4620a39faa9e onSave= function myUsername= paul
userinfo.js:67 [forensic] acquireLock() aufgerufen, sseClientId= 1bfcf4ed-a2cf-4c51-b236-1994fd3a92c1
userinfo.js:67 [forensic] acquireLock: Lock bereits vorhanden ( 14857718-c56c-4878-97b4-0bcfc16ab480 ) — uebersprungen
report_editor.js:1035 report_editor.js: Initialisierungs-Guard freigegeben.
report_editor.js:1035 report_editor.js: Initialisierungs-Guard freigegeben.
debug_events.js:162 [USER]     [report_editor] change:report-select — Input
report_editor.js:86 [forensic] loadReport() report_id= 1 type= interim
report_editor.js:86 [forensic] _loadReportImpl: Bericht-Wechsel 2 -> 1 — Save + Lock-Release
report_editor.js:2178 report_editor.js: Auto-Save gestartet, report_id= 2 | bekannte Block-IDs: 2
report_editor.js:2292 report_editor.js: Auto-Save abgeschlossen. | Bloecke gespeichert: 2 | Bloecke geloescht: 0
placeholder_wizard.js:189 [PlaceholderWizard] showPlaceholderForm: blocks= 2 focusedId= 069368b2-2a8f-467e-8463-4620a39faa9e onSave= function myUsername= paul
report_editor.js:578 report_editor.js: _knownBlockIds initialisiert, 0 Bloecke geladen.
report_editor.js:86 [forensic] _initEditorJs(): window.EditorJS= true
report_editor.js:86 [forensic] _initEditorJs: Lock erwerben fuer neuen Bericht 1
userinfo.js:67 [forensic] acquireLock() aufgerufen, sseClientId= 1bfcf4ed-a2cf-4c51-b236-1994fd3a92c1
report_editor.js:86 [forensic] _initSidebarAccordion() gestartet
report_editor.js:990 report_editor.js: Editor bereit, report_id= 1 | readOnly= true
report_editor.js:86 [forensic] loadReport() report_id= 1 type= interim
report_editor.js:86 [forensic] loadReport() report_id= 1 type= interim
report_editor.js:454 report_editor.js: loadReport() bereits aktiv — übersprungen
placeholder_wizard.js:189 [PlaceholderWizard] showPlaceholderForm: blocks= 0 focusedId= null onSave= function myUsername= paul
report_editor.js:578 report_editor.js: _knownBlockIds initialisiert, 0 Bloecke geladen.
report_editor.js:86 [forensic] _initEditorJs(): window.EditorJS= true
report_editor.js:86 [forensic] _initSidebarAccordion() gestartet
report_editor.js:990 report_editor.js: Editor bereit, report_id= 1 | readOnly= false
placeholder_wizard.js:189 [PlaceholderWizard] showPlaceholderForm: blocks= 0 focusedId= null onSave= function myUsername= paul
userinfo.js:67 [forensic] acquireLock() aufgerufen, sseClientId= 1bfcf4ed-a2cf-4c51-b236-1994fd3a92c1
userinfo.js:67 [forensic] acquireLock: Lock bereits vorhanden ( edacdc10-98a7-4612-925e-5bf1b615a99e ) — uebersprungen
report_editor.js:1035 report_editor.js: Initialisierungs-Guard freigegeben.
report_editor.js:1035 report_editor.js: Initialisierungs-Guard freigegeben.
editorjs.mjs:136 Block «paragraph» skipped because saved data is invalid
