Navigated to http://127.0.0.2:8080/_forensic/report
report:204 [web-debug] FORENSIC_DEBUG=true, FORENSIC_EVENT_TRACE=true
debug_events.js:235 [debug_events.js] Build 200 geladen. window._uevt() verfügbar. Trace-Modus: window.FORENSIC_EVENT_TRACE = true
debug_events.js:241 [debug_events.js] Kill-Switches: window.FORENSIC_DEBUG=false (alles) | window.FORENSIC_EVENT_DEBUG=false (nur Events)
placeholder_chips.js:56 [forensic] placeholder_chips.js: window.PlaceholderChips exportiert
placeholder_wizard.js:75 [forensic] placeholder_wizard.js: window.PlaceholderWizard exportiert
module_panel.js:77 [forensic] module_panel.js: window.ModulePanel exportiert
annotation_sidebar.js:58 [forensic] annotation_sidebar.js: window.AnnotationSidebar exportiert
report_editor.js:90 [forensic] report_editor.js: Exports auf window gesetzt (Build wird async geladen)
editor_bootstrap.js:49 [editor_bootstrap] bootstrap() gestartet
sse_layer.js:462 [SSELayer] SSELayer konstruiert
editor_bootstrap.js:49 [editor_bootstrap] SSELayer instanziiert
sse_layer.js:462 [SSELayer] connect() aufgerufen aus Zustand: UNINITIALIZED
sse_layer.js:462 [SSELayer] Zustandsübergang: UNINITIALIZED → CONNECTING
sse_layer.js:462 [SSELayer] EventSource öffnen: /_forensic/events
editor_bootstrap.js:49 [editor_bootstrap] ReportLayer instanziiert
editor_bootstrap.js:49 [editor_bootstrap] LockLayer instanziiert
editor_bootstrap.js:49 [editor_bootstrap] DocumentLayer instanziiert
report_editor.js:3482 [forensic] report_editor.js: v0.6.257 Build 257 | Exports auf window gesetzt
sse_layer.js:462 [SSELayer] client_id empfangen: 85835fee-97c0-47e3-9d0a-f620464b4f66 Zustand vorher: CONNECTING
sse_layer.js:462 [SSELayer] Zustandsübergang: CONNECTING → CONNECTED
report_layer.js:406 [ReportLayer] Zustandsübergang: UNINITIALIZED → IDLE
report_layer.js:406 [ReportLayer] ready — SSELayer ist bereit, ReportLayer in IDLE
lock_layer.js:700 [LockLayer] Zustandsübergang: UNINITIALIZED → IDLE
lock_layer.js:700 [LockLayer] ready — ReportLayer ist bereit, LockLayer in IDLE
document_layer.js:462 [DocumentLayer] ready — LockLayer ist bereit
editor_bootstrap.js:49 [editor_bootstrap] Alle Layer bereit
editor_bootstrap.js:49 [editor_bootstrap] bootstrap() abgeschlossen — alle Listener registriert
favicon.ico:1  GET http://127.0.0.2:8080/favicon.ico 404 (Not Found)
// userinfo.js nochmals manuell evaluieren und Fehler fangen
fetch('/_forensic/userinfo.js')
  .then(r => r.text())
  .then(src => {
    try {
      eval(src);
      console.log('userinfo.js eval OK — DOMContentLoaded jetzt manuell triggern');
      // DOMContentLoaded-Ersatz: direkt initEditor aufrufen
      if (document.getElementById('report-editor-body')) {
        console.log('report-editor-body vorhanden — rufe initEditor()');
      }
    } catch(err) {
      console.error('userinfo.js FEHLER:', err.message);
      console.error('Stack:', err.stack);
    }
  });
Promise {<pending>}
VM833:7 userinfo.js eval OK — DOMContentLoaded jetzt manuell triggern
VM833:10 report-editor-body vorhanden — rufe initEditor()
// 1. Zustand beim Ausführen dieser Zeile
console.log('readyState:', document.readyState);

// 2. Wurde userinfo.js überhaupt ausgeführt?
console.log('initBroadcastLock:', typeof initBroadcastLock);
console.log('releaseLock:', typeof window.releaseLock);
console.log('_broadcastChannel:', typeof _broadcastChannel);

// 3. Wurde initEditorModule je aufgerufen?
console.log('initEditorModule:', typeof window.initEditorModule);
console.log('_currentReport:', window._currentReport);
console.log('_editor:', !!window._editor);

// 4. Sind die Akkordeon-Listener gesetzt?
const btn = document.querySelector('.support-accordion-toggle');
console.log('accordion button:', btn);
console.log('accordion listeners (getEventListeners):', 
  typeof getEventListeners !== 'undefined' ? getEventListeners(btn) : 'nicht verfügbar');
VM837:2 readyState: complete
VM837:5 initBroadcastLock: undefined
VM837:6 releaseLock: undefined
VM837:7 _broadcastChannel: undefined
VM837:10 initEditorModule: function
VM837:11 _currentReport: undefined
VM837:12 _editor: false
VM837:16 accordion button: <button class=​"support-accordion-toggle" type=​"button" aria-expanded=​"true" aria-controls=​"accordion-body-blocks">​…​</button>​flex
VM837:17 accordion listeners (getEventListeners): {}
undefined
