Navigated to http://127.0.0.2:8080/_forensic/report
report:204 [web-debug] FORENSIC_DEBUG=true, FORENSIC_EVENT_TRACE=true
debug_events.js:235 [debug_events.js] Build 200 geladen. window._uevt() verfügbar. Trace-Modus: window.FORENSIC_EVENT_TRACE = true
debug_events.js:241 [debug_events.js] Kill-Switches: window.FORENSIC_DEBUG=false (alles) | window.FORENSIC_EVENT_DEBUG=false (nur Events)
placeholder_chips.js:56 [forensic] placeholder_chips.js: window.PlaceholderChips exportiert
placeholder_wizard.js:75 [forensic] placeholder_wizard.js: window.PlaceholderWizard exportiert
module_panel.js:77 [forensic] module_panel.js: window.ModulePanel exportiert
annotation_sidebar.js:58 [forensic] annotation_sidebar.js: window.AnnotationSidebar exportiert
report_editor.js:112 [forensic] report_editor.js: Exports auf window gesetzt (Build wird async geladen)
userinfo.js:59 [userinfo.js] IIFE gestartet, readyState= interactive
userinfo.js:866 [userinfo.js] readyState=interactive — sofortiger Aufruf
userinfo.js:844 [userinfo.js] _onDOMReady() aufgerufen
userinfo.js:68 [forensic] DOMContentLoaded: userinfo.js aktiv
userinfo.js:68 [forensic] initEditor() gestartet
editor_bootstrap.js:53 [editor_bootstrap] bootstrap() gestartet
sse_layer.js:604 [SSELayer] SSELayer konstruiert
editor_bootstrap.js:53 [editor_bootstrap] SSELayer instanziiert
sse_layer.js:604 [SSELayer] connect() aufgerufen aus Zustand: UNINITIALIZED
sse_layer.js:604 [SSELayer] Zustandsübergang: UNINITIALIZED → CONNECTING
sse_layer.js:604 [SSELayer] EventSource öffnen: /_forensic/events?role=report
editor_bootstrap.js:53 [editor_bootstrap] ReportLayer instanziiert
editor_bootstrap.js:53 [editor_bootstrap] LockLayer instanziiert
editor_bootstrap.js:53 [editor_bootstrap] DocumentLayer instanziiert
report_editor.js:3571 [forensic] report_editor.js: v0.6.285 Build 285 | Exports auf window gesetzt
sse_layer.js:604 [SSELayer] EventSource direkt öffnen (Preflight OK): /_forensic/events?role=report
sse_layer.js:604 [SSELayer] client_id empfangen: 32b964f9-f2b0-4cd2-bf94-17ab68264e3c Zustand vorher: CONNECTING
sse_layer.js:604 [SSELayer] Zustandsübergang: CONNECTING → CONNECTED
report_layer.js:406 [ReportLayer] Zustandsübergang: UNINITIALIZED → IDLE
report_layer.js:406 [ReportLayer] ready — SSELayer ist bereit, ReportLayer in IDLE
lock_layer.js:718 [LockLayer] Zustandsübergang: UNINITIALIZED → IDLE
lock_layer.js:718 [LockLayer] ready — ReportLayer ist bereit, LockLayer in IDLE
document_layer.js:608 [DocumentLayer] ready — LockLayer ist bereit
editor_bootstrap.js:53 [editor_bootstrap] Alle Layer bereit
editor_bootstrap.js:53 [editor_bootstrap] bootstrap() abgeschlossen — alle Listener registriert
favicon.ico:1  GET http://127.0.0.2:8080/favicon.ico 404 (Not Found)
userinfo.js:649 [userinfo] initSSEWindow3: Paket 9 — SSELayer übernimmt. Stub.
report_editor.js:112 [forensic] initEditorModule() gestartet
report_editor.js:112 [forensic] _initSidebarAccordion() gestartet
report_editor.js:112 [forensic] _initColResizer: Schiebebalken initialisiert
report_editor.js:112 [forensic] _initForumLinkInterceptor: BroadcastChannel bereit
report_editor.js:112 [forensic] _initForumLinkInterceptor: aktiv (window_id= 2d3d7afa-fdd7-49e5-b945-078e0af4a2ec )
report_editor.js:112 [forensic] _initDragDrop: Drop-Zone registriert auf #editorjs-holder
report_editor.js:112 [forensic] initReportSelector() gestartet
report_editor.js:112 [forensic] loadReport() report_id= 1 type= interim
report_editor.js:112 [forensic] _loadReportImpl: Lock erwerben für Bericht 1
report_editor.js:112 [forensic] _loadReportImpl: reportLayer.open() für Bericht 1
report_layer.js:406 [ReportLayer] open() reportId= 1
report_layer.js:406 [ReportLayer] Zustandsübergang: IDLE → OPENING
report_layer.js:406 [ReportLayer] Zustandsübergang: OPENING → OPENED
lock_layer.js:718 [LockLayer] ReportLayer OPENED — prüfe sessionStorage auf lockId
report_layer.js:406 [ReportLayer] OPENED: report_id= 1
lock_layer.js:718 [LockLayer] Zustandsübergang: IDLE → ACQUIRING
lock_layer.js:718 [LockLayer] Zustandsübergang: ACQUIRING → MINE
editor_bootstrap.js:53 [editor_bootstrap] LockLayer acquired: lockId= a44e6e58-5bcb-4bbe-843b-c3fa1e3a303b
lock_layer.js:718 [LockLayer] MINE: lock_id= a44e6e58-5bcb-4bbe-843b-c3fa1e3a303b
report_editor.js:112 [forensic] _loadReportImpl: Bloecke aus reportLayer ( 1 )
report_editor.js:642 report_editor.js: _knownBlockIds initialisiert, 1 Bloecke geladen.
report_editor.js:112 [forensic] _initEditorJs(): window.EditorJS= true
report_editor.js:112 [forensic] _initSidebarAccordion() gestartet
report_editor.js:1040 report_editor.js: Editor bereit, report_id= 1 | readOnly= false
report_editor.js:1085 report_editor.js: Initialisierungs-Guard freigegeben.
debug_events.js:216 [TRACE][USER] mousedown → <span#report-lock-indicator.report-lock-indicator.report-lock-none.lock-mine>
debug_events.js:216 [TRACE][USER] mouseup → <span#report-lock-indicator.report-lock-indicator.report-lock-none.lock-mine>
debug_events.js:216 [TRACE][USER] click → <span#report-lock-indicator.report-lock-indicator.report-lock-none.lock-mine>
debug_events.js:162 [USER]     [userinfo] click:report-lock-indicator — Mouse
userinfo.js:1435 [userinfo] Lock-Indikator: Lock freigeben (manuell)
lock_layer.js:718 [LockLayer] release(): lockId= a44e6e58-5bcb-4bbe-843b-c3fa1e3a303b reportId= 1 sync= false
lock_layer.js:718 [LockLayer] Zustandsübergang: MINE → RELEASING
lock_layer.js:718 [LockLayer] Zustandsübergang: RELEASING → IDLE
editor_bootstrap.js:53 [editor_bootstrap] LockLayer released — Editor auf readOnly
lock_layer.js:718 [LockLayer] RELEASING → IDLE
report_editor.js:112 [forensic] _syncAnchoredFromInstances: 0 verankerte Annotationen
editor_bootstrap.js:53 [editor_bootstrap] Editor readOnly aktiviert nach Lock-Freigabe
debug_events.js:216 [TRACE][USER] mousedown → <span#report-lock-indicator.report-lock-indicator.report-lock-none.lock-free>
debug_events.js:216 [TRACE][USER] mouseup → <span#report-lock-indicator.report-lock-indicator.report-lock-none.lock-free>
debug_events.js:216 [TRACE][USER] click → <span#report-lock-indicator.report-lock-indicator.report-lock-none.lock-free>
debug_events.js:162 [USER]     [userinfo] click:report-lock-indicator — Mouse
userinfo.js:1439 [userinfo] Lock-Indikator: Lock erwerben (manuell)
lock_layer.js:718 [LockLayer] Zustandsübergang: IDLE → ACQUIRING
lock_layer.js:718 [LockLayer] Zustandsübergang: ACQUIRING → MINE
editor_bootstrap.js:53 [editor_bootstrap] LockLayer acquired: lockId= 472b10db-a15d-4aef-b486-9a208076dbbd
lock_layer.js:718 [LockLayer] MINE: lock_id= 472b10db-a15d-4aef-b486-9a208076dbbd
report_editor.js:112 [forensic] _syncAnchoredFromInstances: 0 verankerte Annotationen
editor_bootstrap.js:53 [editor_bootstrap] Editor readOnly deaktiviert nach Lock-Erwerb
debug_events.js:216 [TRACE][USER] mousedown → <span#report-lock-indicator.report-lock-indicator.report-lock-none.lock-mine>
debug_events.js:216 [TRACE][USER] mouseup → <span#report-lock-indicator.report-lock-indicator.report-lock-none.lock-mine>
debug_events.js:216 [TRACE][USER] click → <span#report-lock-indicator.report-lock-indicator.report-lock-none.lock-mine>
debug_events.js:162 [USER]     [userinfo] click:report-lock-indicator — Mouse
userinfo.js:1435 [userinfo] Lock-Indikator: Lock freigeben (manuell)
lock_layer.js:718 [LockLayer] release(): lockId= 472b10db-a15d-4aef-b486-9a208076dbbd reportId= 1 sync= false
lock_layer.js:718 [LockLayer] Zustandsübergang: MINE → RELEASING
lock_layer.js:718 [LockLayer] Zustandsübergang: RELEASING → IDLE
editor_bootstrap.js:53 [editor_bootstrap] LockLayer released — Editor auf readOnly
lock_layer.js:718 [LockLayer] RELEASING → IDLE
report_editor.js:112 [forensic] _syncAnchoredFromInstances: 0 verankerte Annotationen
editor_bootstrap.js:53 [editor_bootstrap] Editor readOnly aktiviert nach Lock-Freigabe
debug_events.js:216 [TRACE][USER] mousedown → <div.as-annotation>
debug_events.js:216 [TRACE][USER] dragstart → <div.as-annotation>
debug_events.js:162 [USER]     [annotation_sidebar] dragstart:as-annotation — Drag&Drop
debug_events.js:216 [TRACE][USER] dragover → <div.as-annotation.as-annotation--dragging>
debug_events.js:216 [TRACE][USER] dragover → <div.as-annotation.as-annotation--dragging>
debug_events.js:216 [TRACE][USER] dragover → <div.as-annotation.as-annotation--dragging>
debug_events.js:216 [TRACE][USER] dragover → <div.as-annotation.as-annotation--dragging>
debug_events.js:216 [TRACE][USER] dragover → <div.as-annotation.as-annotation--dragging>
debug_events.js:216 [TRACE][USER] dragover → <div.as-annotation.as-annotation--dragging>
debug_events.js:216 [TRACE][USER] dragover → <div.as-ann-meta>
debug_events.js:216 [TRACE][USER] dragover → <a.as-ann-source-link>
debug_events.js:216 [TRACE][USER] dragover → <div.as-ann-notes>
debug_events.js:216 [TRACE][USER] dragover → <div.as-ann-notes>
debug_events.js:216 [TRACE][USER] dragover → <div.ce-block.block-wrapper--own>
debug_events.js:216 [TRACE][USER] dragover → <div.ce-block.block-wrapper--own>
debug_events.js:216 [TRACE][USER] dragover → <div.ce-block.block-wrapper--own>
debug_events.js:216 [TRACE][USER] dragover → <td.evidence-src-cell>
debug_events.js:216 [TRACE][USER] dragover → <td.evidence-note-cell>
debug_events.js:216 [TRACE][USER] dragover → <td.evidence-note-cell>
debug_events.js:216 [TRACE][USER] dragover → <td.evidence-note-cell>
debug_events.js:216 [TRACE][USER] dragover → <td.evidence-note-cell>
debug_events.js:216 [TRACE][USER] dragover → <td.evidence-note-cell>
debug_events.js:216 [TRACE][USER] dragover → <td.evidence-note-cell>
debug_events.js:216 [TRACE][USER] dragover → <td.evidence-note-cell>
debug_events.js:216 [TRACE][USER] dragover → <td.evidence-note-cell>
debug_events.js:216 [TRACE][USER] dragover → <td.evidence-note-cell>
debug_events.js:216 [TRACE][USER] dragover → <td.evidence-note-cell>
debug_events.js:216 [TRACE][USER] dragover → <td.evidence-sel-cell>
debug_events.js:216 [TRACE][USER] dragover → <td.evidence-sel-cell>
debug_events.js:216 [TRACE][USER] dragover → <td.evidence-sel-cell>
debug_events.js:216 [TRACE][USER] dragover → <td.evidence-sel-cell>
debug_events.js:216 [TRACE][USER] dragover → <td.evidence-sel-cell>
debug_events.js:216 [TRACE][USER] dragover → <td.evidence-sel-cell>
debug_events.js:216 [TRACE][USER] dragover → <td.evidence-sel-cell>
debug_events.js:216 [TRACE][USER] dragover → <td.evidence-sel-cell>
debug_events.js:216 [TRACE][USER] drop → <td.evidence-sel-cell>
debug_events.js:162 [USER]     [report_editor] drop:editorjs-holder — Drag&Drop
report_editor.js:112 [forensic] Drop: Editor readOnly — Drop abgelehnt (Lock noch nicht erworben)
debug_events.js:216 [TRACE][USER] dragend → <div.as-annotation.as-annotation--dragging>
debug_events.js:174 [USER]     [annotation_sidebar] dragend:as-annotation — Drag&Drop
debug_events.js:216 [TRACE][USER] mousedown → <span#report-lock-indicator.report-lock-indicator.report-lock-none.lock-free>
debug_events.js:216 [TRACE][USER] mouseup → <span#report-lock-indicator.report-lock-indicator.report-lock-none.lock-free>
debug_events.js:216 [TRACE][USER] click → <span#report-lock-indicator.report-lock-indicator.report-lock-none.lock-free>
debug_events.js:162 [USER]     [userinfo] click:report-lock-indicator — Mouse
userinfo.js:1439 [userinfo] Lock-Indikator: Lock erwerben (manuell)
lock_layer.js:718 [LockLayer] Zustandsübergang: IDLE → ACQUIRING
lock_layer.js:718 [LockLayer] Zustandsübergang: ACQUIRING → MINE
editor_bootstrap.js:53 [editor_bootstrap] LockLayer acquired: lockId= 019844a3-8ff1-426c-9916-2b4755ed8297
lock_layer.js:718 [LockLayer] MINE: lock_id= 019844a3-8ff1-426c-9916-2b4755ed8297
report_editor.js:112 [forensic] _syncAnchoredFromInstances: 0 verankerte Annotationen
editor_bootstrap.js:53 [editor_bootstrap] Editor readOnly deaktiviert nach Lock-Erwerb
debug_events.js:216 [TRACE][USER] mousedown → <button#btn-print.report-btn>
debug_events.js:216 [TRACE][USER] focus → <button#btn-print.report-btn>
debug_events.js:216 [TRACE][USER] mouseup → <button#btn-print.report-btn>
debug_events.js:216 [TRACE][USER] click → <button#btn-print.report-btn>
debug_events.js:174 [USER]     [report_editor] click:btn-print — Mouse
debug_events.js:216 [TRACE][USER] blur → <button#btn-print.report-btn>
report_editor.js:2226 report_editor.js: Auto-Save gestartet, report_id= 1 | bekannte Block-IDs: 1
report_editor.js:2325 report_editor.js: Auto-Save abgeschlossen. | Bloecke gespeichert: 1 | Bloecke geloescht: 0
debug_events.js:216 [TRACE][USER] mousedown → <button.support-accordion-toggle>
debug_events.js:216 [TRACE][USER] focus → <button.support-accordion-toggle>
debug_events.js:216 [TRACE][USER] mouseup → <button.support-accordion-toggle>
debug_events.js:216 [TRACE][USER] click → <button.support-accordion-toggle>
debug_events.js:216 [TRACE][USER] mousedown → <span.mp-item-desc>
debug_events.js:216 [TRACE][USER] blur → <button.support-accordion-toggle>
debug_events.js:216 [TRACE][USER] focus → <div.mp-item>
debug_events.js:216 [TRACE][USER] dragstart → <div.mp-item>
debug_events.js:174 [USER]     [module_panel] dragstart:mp-item — Drag&Drop
module_panel.js:77 [forensic] Drag start (Modul, delegiert): module_id= 1 title= Personenbeschreibung des Beschuldigten
debug_events.js:216 [TRACE][USER] dragover → <span.mp-item-desc>
debug_events.js:216 [TRACE][USER] dragover → <span.mp-item-desc>
debug_events.js:216 [TRACE][USER] dragover → <span.mp-item-desc>
debug_events.js:216 [TRACE][USER] dragover → <span.mp-item-desc>
debug_events.js:216 [TRACE][USER] dragover → <div.ce-block.block-wrapper--own>
debug_events.js:216 [TRACE][USER] dragover → <div.ce-block.block-wrapper--own.ce-block--drop-target>
debug_events.js:216 [TRACE][USER] dragover → <div.ce-block.block-wrapper--own.ce-block--drop-target>
debug_events.js:216 [TRACE][USER] dragover → <div.ce-block.block-wrapper--own.ce-block--drop-target>
debug_events.js:216 [TRACE][USER] dragover → <td.evidence-note-cell>
debug_events.js:216 [TRACE][USER] dragover → <td.evidence-note-cell>
debug_events.js:216 [TRACE][USER] dragover → <td.evidence-note-cell>
debug_events.js:216 [TRACE][USER] dragover → <td.evidence-note-cell>
debug_events.js:216 [TRACE][USER] dragover → <td.evidence-sel-cell>
debug_events.js:216 [TRACE][USER] dragover → <td.evidence-sel-cell>
debug_events.js:216 [TRACE][USER] dragover → <td.evidence-cat-cell.evidence-cat-CAT_PERSON>
debug_events.js:216 [TRACE][USER] dragover → <td.evidence-cat-cell.evidence-cat-CAT_PERSON>
debug_events.js:216 [TRACE][USER] dragover → <td.evidence-cat-cell.evidence-cat-CAT_PERSON>
debug_events.js:216 [TRACE][USER] dragover → <td.evidence-cat-cell.evidence-cat-CAT_PERSON>
debug_events.js:216 [TRACE][USER] dragover → <td.evidence-cat-cell.evidence-cat-CAT_PERSON>
debug_events.js:216 [TRACE][USER] dragover → <td.evidence-cat-cell.evidence-cat-CAT_PERSON>
debug_events.js:216 [TRACE][USER] dragover → <td.evidence-cat-cell.evidence-cat-CAT_PERSON>
debug_events.js:216 [TRACE][USER] dragover → <td.evidence-cat-cell.evidence-cat-CAT_PERSON>
debug_events.js:216 [TRACE][USER] dragover → <td.evidence-cat-cell.evidence-cat-CAT_PERSON>
debug_events.js:216 [TRACE][USER] dragover → <td.evidence-cat-cell.evidence-cat-CAT_PERSON>
debug_events.js:216 [TRACE][USER] dragover → <td.evidence-cat-cell.evidence-cat-CAT_PERSON>
debug_events.js:216 [TRACE][USER] dragover → <td.evidence-cat-cell.evidence-cat-CAT_PERSON>
debug_events.js:216 [TRACE][USER] dragover → <td.evidence-cat-cell.evidence-cat-CAT_PERSON>
debug_events.js:216 [TRACE][USER] dragover → <td.evidence-cat-cell.evidence-cat-CAT_PERSON>
debug_events.js:216 [TRACE][USER] dragover → <td.evidence-cat-cell.evidence-cat-CAT_PERSON>
debug_events.js:216 [TRACE][USER] dragover → <td.evidence-cat-cell.evidence-cat-CAT_PERSON>
debug_events.js:216 [TRACE][USER] dragover → <td.evidence-cat-cell.evidence-cat-CAT_PERSON>
debug_events.js:216 [TRACE][USER] dragover → <td.evidence-cat-cell.evidence-cat-CAT_PERSON>
debug_events.js:216 [TRACE][USER] dragover → <td.evidence-cat-cell.evidence-cat-CAT_PERSON>
debug_events.js:216 [TRACE][USER] dragover → <td.evidence-cat-cell.evidence-cat-CAT_PERSON>
debug_events.js:216 [TRACE][USER] dragover → <td.evidence-cat-cell.evidence-cat-CAT_PERSON>
debug_events.js:216 [TRACE][USER] dragover → <td.evidence-cat-cell.evidence-cat-CAT_PERSON>
debug_events.js:216 [TRACE][USER] dragover → <td.evidence-cat-cell.evidence-cat-CAT_PERSON>
debug_events.js:216 [TRACE][USER] dragover → <td.evidence-cat-cell.evidence-cat-CAT_PERSON>
debug_events.js:216 [TRACE][USER] dragover → <td.evidence-cat-cell.evidence-cat-CAT_PERSON>
debug_events.js:216 [TRACE][USER] dragover → <td.evidence-cat-cell.evidence-cat-CAT_PERSON>
debug_events.js:216 [TRACE][USER] dragover → <td.evidence-cat-cell.evidence-cat-CAT_PERSON>
debug_events.js:216 [TRACE][USER] dragover → <td.evidence-cat-cell.evidence-cat-CAT_PERSON>
debug_events.js:216 [TRACE][USER] dragover → <td.evidence-cat-cell.evidence-cat-CAT_PERSON>
debug_events.js:216 [TRACE][USER] dragover → <td.evidence-cat-cell.evidence-cat-CAT_PERSON>
debug_events.js:216 [TRACE][USER] dragover → <th>
debug_events.js:216 [TRACE][USER] dragover → <th>
debug_events.js:216 [TRACE][USER] dragover → <th>
debug_events.js:216 [TRACE][USER] dragover → <th>
debug_events.js:216 [TRACE][USER] dragover → <div.evidence-block.evidence-block--mode-table>
debug_events.js:216 [TRACE][USER] dragover → <div.evidence-block.evidence-block--mode-table>
debug_events.js:216 [TRACE][USER] dragover → <input.evidence-label-input>
debug_events.js:216 [TRACE][USER] dragover → <input.evidence-label-input>
debug_events.js:216 [TRACE][USER] dragover → <input.evidence-label-input>
debug_events.js:216 [TRACE][USER] dragover → <input.evidence-label-input>
debug_events.js:216 [TRACE][USER] dragover → <input.evidence-label-input>
debug_events.js:216 [TRACE][USER] dragover → <input.evidence-label-input>
debug_events.js:216 [TRACE][USER] dragover → <input.evidence-label-input>
debug_events.js:216 [TRACE][USER] dragover → <input.evidence-label-input>
debug_events.js:216 [TRACE][USER] dragover → <input.evidence-label-input>
debug_events.js:216 [TRACE][USER] dragover → <div.evidence-block.evidence-block--mode-table>
debug_events.js:216 [TRACE][USER] dragover → <div.evidence-block.evidence-block--mode-table>
debug_events.js:216 [TRACE][USER] dragover → <span.evidence-block-title>
debug_events.js:216 [TRACE][USER] dragover → <span.evidence-block-title>
debug_events.js:216 [TRACE][USER] dragover → <span.evidence-block-title>
debug_events.js:216 [TRACE][USER] dragover → <span.evidence-block-title>
debug_events.js:216 [TRACE][USER] dragover → <span.evidence-block-title>
debug_events.js:216 [TRACE][USER] dragover → <span.evidence-block-title>
debug_events.js:216 [TRACE][USER] dragover → <span.evidence-block-title>
debug_events.js:216 [TRACE][USER] dragover → <span.evidence-block-title>
debug_events.js:216 [TRACE][USER] dragover → <span.evidence-block-title>
debug_events.js:216 [TRACE][USER] dragover → <span.evidence-block-title>
debug_events.js:216 [TRACE][USER] dragover → <span.evidence-block-title>
debug_events.js:216 [TRACE][USER] dragover → <div.evidence-block.evidence-block--mode-table>
debug_events.js:216 [TRACE][USER] dragover → <div.evidence-block.evidence-block--mode-table>
debug_events.js:216 [TRACE][USER] drop → <div.evidence-block.evidence-block--mode-table>
debug_events.js:216 [TRACE][USER] blur → <div.mp-item>
debug_events.js:216 [TRACE][USER] focus → <input.evidence-label-input>
debug_events.js:162 [USER]     [report_editor] drop:editorjs-holder — Drag&Drop
report_editor.js:112 [forensic] Drop: Ziel-Index= 0 von 1 Bloecken
report_editor.js:112 [forensic] Drop (Modul): module_id= 1 targetIdx= 0
debug_events.js:216 [TRACE][USER] dragend → <div.mp-item>
debug_events.js:216 [TRACE][USER] blur → <input.evidence-label-input>
debug_events.js:216 [TRACE][USER] focus → <div.ce-paragraph.cdx-block>
report_editor.js:112 [forensic] Drop (Modul): Block eingefuegt, type= paragraph idx= 0 textLen= 450
debug_events.js:216 [TRACE][USER] input → <div.ce-paragraph.cdx-block>
report_editor.js:112 [forensic] Drop (Modul): Chips hydriert fuer Block idx= 0
report_editor.js:112 [forensic] onChange: Block-Anzahl geaendert: Editor= 2  / _currentBlocks= 1  — bereinige _currentBlocks und Formular-Refresh (Bug 2.98/2.121)
placeholder_wizard.js:189 [PlaceholderWizard] showPlaceholderForm: blocks= 2 focusedId= PSnO2XY66E onSave= function myUsername= paul
debug_events.js:216 [TRACE][USER] mousedown → <button#btn-print.report-btn>
debug_events.js:216 [TRACE][USER] blur → <div.ce-paragraph.cdx-block>
debug_events.js:216 [TRACE][USER] focus → <button#btn-print.report-btn>
debug_events.js:216 [TRACE][USER] mouseup → <button#btn-print.report-btn>
debug_events.js:216 [TRACE][USER] click → <button#btn-print.report-btn>
debug_events.js:174 [USER]     [report_editor] click:btn-print — Mouse
debug_events.js:216 [TRACE][USER] blur → <button#btn-print.report-btn>
report_editor.js:2226 report_editor.js: Auto-Save gestartet, report_id= 1 | bekannte Block-IDs: 1
report_editor.js:2325 report_editor.js: Auto-Save abgeschlossen. | Bloecke gespeichert: 2 | Bloecke geloescht: 0
debug_events.js:216 [TRACE][USER] keyup → <body#report-editor-body>
debug_events.js:216 [TRACE][USER] mousedown → <button.support-accordion-toggle>
debug_events.js:216 [TRACE][USER] focus → <button.support-accordion-toggle>
debug_events.js:216 [TRACE][USER] mouseup → <button.support-accordion-toggle>
debug_events.js:216 [TRACE][USER] click → <button.support-accordion-toggle>
placeholder_wizard.js:189 [PlaceholderWizard] showPlaceholderForm: blocks= 2 focusedId= oCHCBvopA_ onSave= function myUsername= paul
debug_events.js:216 [TRACE][USER] mousedown → <input#pf-input-oCHCBvopA_-realname.pf-input>
debug_events.js:216 [TRACE][USER] blur → <button.support-accordion-toggle>
debug_events.js:216 [TRACE][USER] focus → <input#pf-input-oCHCBvopA_-realname.pf-input>
debug_events.js:162 [USER]     [placeholder_wizard] focus:pf-input — Input
debug_events.js:216 [TRACE][USER] mouseup → <input#pf-input-oCHCBvopA_-realname.pf-input>
debug_events.js:216 [TRACE][USER] click → <input#pf-input-oCHCBvopA_-realname.pf-input>
debug_events.js:162 [USER]     [placeholder_wizard] click:pf-block-group — Mouse
debug_events.js:216 [TRACE][USER] keydown → <input#pf-input-oCHCBvopA_-realname.pf-input>
debug_events.js:162 [USER]     [placeholder_wizard] keydown:pf-input — Keyboard
debug_events.js:216 [TRACE][USER] keydown → <input#pf-input-oCHCBvopA_-realname.pf-input>
debug_events.js:162 [USER]     [placeholder_wizard] keydown:pf-input — Keyboard
debug_events.js:216 [TRACE][USER] keypress → <input#pf-input-oCHCBvopA_-realname.pf-input>
debug_events.js:216 [TRACE][USER] input → <input#pf-input-oCHCBvopA_-realname.pf-input>
debug_events.js:162 [USER]     [placeholder_wizard] input:pf-input — Input
placeholder_wizard.js:530 [PlaceholderWizard] _scheduleFieldSave: Timer gesetzt fuer oCHCBvopA_:realname value= "H"
debug_events.js:216 [TRACE][USER] keyup → <input#pf-input-oCHCBvopA_-realname.pf-input.pf-input--valid>
debug_events.js:216 [TRACE][USER] keyup → <input#pf-input-oCHCBvopA_-realname.pf-input.pf-input--valid>
debug_events.js:216 [TRACE][USER] keydown → <input#pf-input-oCHCBvopA_-realname.pf-input.pf-input--valid>
debug_events.js:162 [USER]     [placeholder_wizard] keydown:pf-input — Keyboard
debug_events.js:216 [TRACE][USER] keypress → <input#pf-input-oCHCBvopA_-realname.pf-input.pf-input--valid>
debug_events.js:216 [TRACE][USER] input → <input#pf-input-oCHCBvopA_-realname.pf-input.pf-input--valid>
debug_events.js:162 [USER]     [placeholder_wizard] input:pf-input — Input
placeholder_wizard.js:530 [PlaceholderWizard] _scheduleFieldSave: Timer gesetzt fuer oCHCBvopA_:realname value= "Ha"
debug_events.js:216 [TRACE][USER] keyup → <input#pf-input-oCHCBvopA_-realname.pf-input.pf-input--valid>
debug_events.js:216 [TRACE][USER] keydown → <input#pf-input-oCHCBvopA_-realname.pf-input.pf-input--valid>
debug_events.js:162 [USER]     [placeholder_wizard] keydown:pf-input — Keyboard
debug_events.js:216 [TRACE][USER] keypress → <input#pf-input-oCHCBvopA_-realname.pf-input.pf-input--valid>
debug_events.js:216 [TRACE][USER] input → <input#pf-input-oCHCBvopA_-realname.pf-input.pf-input--valid>
debug_events.js:162 [USER]     [placeholder_wizard] input:pf-input — Input
placeholder_wizard.js:530 [PlaceholderWizard] _scheduleFieldSave: Timer gesetzt fuer oCHCBvopA_:realname value= "Han"
debug_events.js:216 [TRACE][USER] keyup → <input#pf-input-oCHCBvopA_-realname.pf-input.pf-input--valid>
debug_events.js:216 [TRACE][USER] keydown → <input#pf-input-oCHCBvopA_-realname.pf-input.pf-input--valid>
debug_events.js:162 [USER]     [placeholder_wizard] keydown:pf-input — Keyboard
debug_events.js:216 [TRACE][USER] keypress → <input#pf-input-oCHCBvopA_-realname.pf-input.pf-input--valid>
debug_events.js:216 [TRACE][USER] input → <input#pf-input-oCHCBvopA_-realname.pf-input.pf-input--valid>
debug_events.js:162 [USER]     [placeholder_wizard] input:pf-input — Input
placeholder_wizard.js:530 [PlaceholderWizard] _scheduleFieldSave: Timer gesetzt fuer oCHCBvopA_:realname value= "Hand"
debug_events.js:216 [TRACE][USER] keyup → <input#pf-input-oCHCBvopA_-realname.pf-input.pf-input--valid>
debug_events.js:216 [TRACE][USER] keydown → <input#pf-input-oCHCBvopA_-realname.pf-input.pf-input--valid>
debug_events.js:162 [USER]     [placeholder_wizard] keydown:pf-input — Keyboard
debug_events.js:216 [TRACE][USER] input → <input#pf-input-oCHCBvopA_-realname.pf-input.pf-input--valid>
debug_events.js:162 [USER]     [placeholder_wizard] input:pf-input — Input
placeholder_wizard.js:530 [PlaceholderWizard] _scheduleFieldSave: Timer gesetzt fuer oCHCBvopA_:realname value= "Han"
debug_events.js:216 [TRACE][USER] keyup → <input#pf-input-oCHCBvopA_-realname.pf-input.pf-input--valid>
debug_events.js:216 [TRACE][USER] keydown → <input#pf-input-oCHCBvopA_-realname.pf-input.pf-input--valid>
debug_events.js:162 [USER]     [placeholder_wizard] keydown:pf-input — Keyboard
debug_events.js:216 [TRACE][USER] keypress → <input#pf-input-oCHCBvopA_-realname.pf-input.pf-input--valid>
debug_events.js:216 [TRACE][USER] input → <input#pf-input-oCHCBvopA_-realname.pf-input.pf-input--valid>
debug_events.js:162 [USER]     [placeholder_wizard] input:pf-input — Input
placeholder_wizard.js:530 [PlaceholderWizard] _scheduleFieldSave: Timer gesetzt fuer oCHCBvopA_:realname value= "Hans"
debug_events.js:216 [TRACE][USER] keyup → <input#pf-input-oCHCBvopA_-realname.pf-input.pf-input--valid>
debug_events.js:216 [TRACE][USER] keydown → <input#pf-input-oCHCBvopA_-realname.pf-input.pf-input--valid>
debug_events.js:162 [USER]     [placeholder_wizard] keydown:pf-input — Keyboard
debug_events.js:216 [TRACE][USER] keypress → <input#pf-input-oCHCBvopA_-realname.pf-input.pf-input--valid>
debug_events.js:216 [TRACE][USER] input → <input#pf-input-oCHCBvopA_-realname.pf-input.pf-input--valid>
debug_events.js:162 [USER]     [placeholder_wizard] input:pf-input — Input
placeholder_wizard.js:530 [PlaceholderWizard] _scheduleFieldSave: Timer gesetzt fuer oCHCBvopA_:realname value= "Hans "
debug_events.js:216 [TRACE][USER] keyup → <input#pf-input-oCHCBvopA_-realname.pf-input.pf-input--valid>
debug_events.js:216 [TRACE][USER] keydown → <input#pf-input-oCHCBvopA_-realname.pf-input.pf-input--valid>
debug_events.js:162 [USER]     [placeholder_wizard] keydown:pf-input — Keyboard
debug_events.js:216 [TRACE][USER] keydown → <input#pf-input-oCHCBvopA_-realname.pf-input.pf-input--valid>
debug_events.js:162 [USER]     [placeholder_wizard] keydown:pf-input — Keyboard
debug_events.js:216 [TRACE][USER] keypress → <input#pf-input-oCHCBvopA_-realname.pf-input.pf-input--valid>
debug_events.js:216 [TRACE][USER] input → <input#pf-input-oCHCBvopA_-realname.pf-input.pf-input--valid>
debug_events.js:162 [USER]     [placeholder_wizard] input:pf-input — Input
placeholder_wizard.js:530 [PlaceholderWizard] _scheduleFieldSave: Timer gesetzt fuer oCHCBvopA_:realname value= "Hans M"
debug_events.js:216 [TRACE][USER] keyup → <input#pf-input-oCHCBvopA_-realname.pf-input.pf-input--valid>
debug_events.js:216 [TRACE][USER] keyup → <input#pf-input-oCHCBvopA_-realname.pf-input.pf-input--valid>
debug_events.js:216 [TRACE][USER] keydown → <input#pf-input-oCHCBvopA_-realname.pf-input.pf-input--valid>
debug_events.js:162 [USER]     [placeholder_wizard] keydown:pf-input — Keyboard
debug_events.js:216 [TRACE][USER] keypress → <input#pf-input-oCHCBvopA_-realname.pf-input.pf-input--valid>
debug_events.js:216 [TRACE][USER] input → <input#pf-input-oCHCBvopA_-realname.pf-input.pf-input--valid>
debug_events.js:162 [USER]     [placeholder_wizard] input:pf-input — Input
placeholder_wizard.js:530 [PlaceholderWizard] _scheduleFieldSave: Timer gesetzt fuer oCHCBvopA_:realname value= "Hans Ma"
debug_events.js:216 [TRACE][USER] keyup → <input#pf-input-oCHCBvopA_-realname.pf-input.pf-input--valid>
debug_events.js:216 [TRACE][USER] keydown → <input#pf-input-oCHCBvopA_-realname.pf-input.pf-input--valid>
debug_events.js:162 [USER]     [placeholder_wizard] keydown:pf-input — Keyboard
debug_events.js:216 [TRACE][USER] keypress → <input#pf-input-oCHCBvopA_-realname.pf-input.pf-input--valid>
debug_events.js:216 [TRACE][USER] input → <input#pf-input-oCHCBvopA_-realname.pf-input.pf-input--valid>
debug_events.js:162 [USER]     [placeholder_wizard] input:pf-input — Input
placeholder_wizard.js:530 [PlaceholderWizard] _scheduleFieldSave: Timer gesetzt fuer oCHCBvopA_:realname value= "Hans Mai"
debug_events.js:216 [TRACE][USER] keyup → <input#pf-input-oCHCBvopA_-realname.pf-input.pf-input--valid>
debug_events.js:216 [TRACE][USER] keydown → <input#pf-input-oCHCBvopA_-realname.pf-input.pf-input--valid>
debug_events.js:162 [USER]     [placeholder_wizard] keydown:pf-input — Keyboard
debug_events.js:216 [TRACE][USER] keypress → <input#pf-input-oCHCBvopA_-realname.pf-input.pf-input--valid>
debug_events.js:216 [TRACE][USER] input → <input#pf-input-oCHCBvopA_-realname.pf-input.pf-input--valid>
debug_events.js:162 [USER]     [placeholder_wizard] input:pf-input — Input
placeholder_wizard.js:530 [PlaceholderWizard] _scheduleFieldSave: Timer gesetzt fuer oCHCBvopA_:realname value= "Hans Maie"
debug_events.js:216 [TRACE][USER] keydown → <input#pf-input-oCHCBvopA_-realname.pf-input.pf-input--valid>
debug_events.js:162 [USER]     [placeholder_wizard] keydown:pf-input — Keyboard
debug_events.js:216 [TRACE][USER] keypress → <input#pf-input-oCHCBvopA_-realname.pf-input.pf-input--valid>
debug_events.js:216 [TRACE][USER] input → <input#pf-input-oCHCBvopA_-realname.pf-input.pf-input--valid>
debug_events.js:162 [USER]     [placeholder_wizard] input:pf-input — Input
placeholder_wizard.js:530 [PlaceholderWizard] _scheduleFieldSave: Timer gesetzt fuer oCHCBvopA_:realname value= "Hans Maier"
debug_events.js:216 [TRACE][USER] keyup → <input#pf-input-oCHCBvopA_-realname.pf-input.pf-input--valid>
debug_events.js:216 [TRACE][USER] keyup → <input#pf-input-oCHCBvopA_-realname.pf-input.pf-input--valid>
placeholder_wizard.js:544 [PlaceholderWizard] _saveField: blockId= oCHCBvopA_ name= realname val= "Hans Maier" onSave= function
report_editor.js:1762 report_editor.js: _onPlaceholderFieldSave aufgerufen: blockId= oCHCBvopA_ field= realname value= "Hans Maier"
report_editor.js:1805 report_editor.js: _onPlaceholderFieldSave fetch-Antwort: ok= undefined status= undefined
placeholder_wizard.js:555 placeholder_wizard.js: Feld-Save fehlgeschlagen: realname TypeError: resp.json is not a function
    at Object._onPlaceholderFieldSave [as onSave] (report_editor.js:1808:32)
    at async _saveField (placeholder_wizard.js:552:9)
_saveField @ placeholder_wizard.js:555
await in _saveField
(anonymous) @ placeholder_wizard.js:534
setTimeout
_scheduleFieldSave @ placeholder_wizard.js:533
(anonymous) @ placeholder_wizard.js:452
debug_events.js:216 [TRACE][USER] keydown → <input#pf-input-oCHCBvopA_-realname.pf-input.pf-input--valid>
debug_events.js:162 [USER]     [placeholder_wizard] keydown:pf-input — Keyboard
debug_events.js:216 [TRACE][USER] keypress → <input#pf-input-oCHCBvopA_-realname.pf-input.pf-input--valid>
debug_events.js:216 [TRACE][USER] change → <input#pf-input-oCHCBvopA_-realname.pf-input.pf-input--valid>
debug_events.js:216 [TRACE][USER] keyup → <input#pf-input-oCHCBvopA_-realname.pf-input.pf-input--valid>
debug_events.js:216 [TRACE][USER] mousedown → <input#pf-input-oCHCBvopA_-realname.pf-input.pf-input--valid>
debug_events.js:216 [TRACE][USER] mouseup → <input#pf-input-oCHCBvopA_-realname.pf-input.pf-input--valid>
debug_events.js:216 [TRACE][USER] click → <input#pf-input-oCHCBvopA_-realname.pf-input.pf-input--valid>
debug_events.js:162 [USER]     [placeholder_wizard] click:pf-block-group — Mouse
report_editor.js:2226 report_editor.js: Auto-Save gestartet, report_id= 1 | bekannte Block-IDs: 2
report_editor.js:2325 report_editor.js: Auto-Save abgeschlossen. | Bloecke gespeichert: 2 | Bloecke geloescht: 0
debug_events.js:216 [TRACE][USER] mousedown → <div#accordion-body-form.support-accordion-body>
debug_events.js:216 [TRACE][USER] blur → <input#pf-input-oCHCBvopA_-realname.pf-input.pf-input--valid>
debug_events.js:216 [TRACE][USER] mouseup → <div#accordion-body-form.support-accordion-body>
debug_events.js:216 [TRACE][USER] click → <div#accordion-body-form.support-accordion-body>
debug_events.js:216 [TRACE][USER] mousedown → <input#pf-input-oCHCBvopA_-realname.pf-input.pf-input--valid>
debug_events.js:216 [TRACE][USER] focus → <input#pf-input-oCHCBvopA_-realname.pf-input.pf-input--valid>
debug_events.js:162 [USER]     [placeholder_wizard] focus:pf-input — Input
debug_events.js:216 [TRACE][USER] mouseup → <input#pf-input-oCHCBvopA_-realname.pf-input.pf-input--valid>
debug_events.js:216 [TRACE][USER] click → <input#pf-input-oCHCBvopA_-realname.pf-input.pf-input--valid>
debug_events.js:162 [USER]     [placeholder_wizard] click:pf-block-group — Mouse
debug_events.js:216 [TRACE][USER] mousedown → <button.support-accordion-toggle>
debug_events.js:216 [TRACE][USER] blur → <input#pf-input-oCHCBvopA_-realname.pf-input.pf-input--valid>
debug_events.js:216 [TRACE][USER] focus → <button.support-accordion-toggle>
debug_events.js:216 [TRACE][USER] mouseup → <button.support-accordion-toggle>
debug_events.js:216 [TRACE][USER] click → <button.support-accordion-toggle>
debug_events.js:216 [TRACE][USER] mousedown → <button.support-accordion-toggle>
debug_events.js:216 [TRACE][USER] blur → <button.support-accordion-toggle>
debug_events.js:216 [TRACE][USER] focus → <button.support-accordion-toggle>
debug_events.js:216 [TRACE][USER] mouseup → <button.support-accordion-toggle>
debug_events.js:216 [TRACE][USER] click → <button.support-accordion-toggle>
placeholder_wizard.js:189 [PlaceholderWizard] showPlaceholderForm: blocks= 2 focusedId= oCHCBvopA_ onSave= function myUsername= paul
debug_events.js:216 [TRACE][USER] mousedown → <input#pf-input-oCHCBvopA_-realname.pf-input.pf-input--valid>
debug_events.js:216 [TRACE][USER] blur → <button.support-accordion-toggle>
debug_events.js:216 [TRACE][USER] focus → <input#pf-input-oCHCBvopA_-realname.pf-input.pf-input--valid>
debug_events.js:162 [USER]     [placeholder_wizard] focus:pf-input — Input
debug_events.js:216 [TRACE][USER] mouseup → <input#pf-input-oCHCBvopA_-realname.pf-input.pf-input--valid>
debug_events.js:216 [TRACE][USER] click → <input#pf-input-oCHCBvopA_-realname.pf-input.pf-input--valid>
debug_events.js:162 [USER]     [placeholder_wizard] click:pf-block-group — Mouse
debug_events.js:216 [TRACE][USER] mousedown → <div.ce-paragraph.cdx-block>
debug_events.js:174 [USER]     [report_editor] mousedown:captureRange — Mouse
debug_events.js:216 [TRACE][USER] blur → <input#pf-input-oCHCBvopA_-realname.pf-input.pf-input--valid>
debug_events.js:216 [TRACE][USER] focus → <div.ce-paragraph.cdx-block>
debug_events.js:216 [TRACE][USER] mouseup → <div.ce-paragraph.cdx-block>
debug_events.js:216 [TRACE][USER] click → <div.ce-paragraph.cdx-block>
debug_events.js:162 [USER]     [report_editor] click:ph-chip — Mouse
debug_events.js:216 [TRACE][USER] mousedown → <span.ph-chip.ph-chip-optional.ph-chip-empty>
debug_events.js:174 [USER]     [report_editor] mousedown:captureRange — Mouse
report_editor.js:1072 [forensic] _captureRange: alt= null → neu: blockId= oCHCBvopA_ blockIdx= 0 startOffset= 17
debug_events.js:216 [TRACE][USER] mouseup → <span.ph-chip.ph-chip-optional.ph-chip-empty>
debug_events.js:216 [TRACE][USER] click → <span.ph-chip.ph-chip-optional.ph-chip-empty>
debug_events.js:162 [USER]     [report_editor] click:ph-chip — Mouse
debug_events.js:216 [TRACE][USER] mousedown → <span.ph-chip.ph-chip-optional.ph-chip-empty>
debug_events.js:174 [USER]     [report_editor] mousedown:captureRange — Mouse
report_editor.js:1072 [forensic] _captureRange: alt= blockId=oCHCBvopA_ offset=17 → neu: blockId= oCHCBvopA_ blockIdx= 0 startOffset= 17
debug_events.js:216 [TRACE][USER] mouseup → <span.ph-chip.ph-chip-optional.ph-chip-empty>
debug_events.js:216 [TRACE][USER] click → <span.ph-chip.ph-chip-optional.ph-chip-empty>
debug_events.js:162 [USER]     [report_editor] click:ph-chip — Mouse
debug_events.js:216 [TRACE][USER] dblclick → <span.ph-chip.ph-chip-optional.ph-chip-empty>
debug_events.js:174 [USER]     [report_editor] dblclick:ph-chip — Mouse
report_editor.js:1667 report_editor.js: Chip-Doppelklick: realname o
placeholder_wizard.js:623 [PlaceholderWizard] openAtField: onSave aus Options gesetzt, blockId= oCHCBvopA_ fieldName= realname
placeholder_wizard.js:189 [PlaceholderWizard] showPlaceholderForm: blocks= 2 focusedId= oCHCBvopA_ onSave= function myUsername= paul
debug_events.js:216 [TRACE][USER] blur → <div.ce-paragraph.cdx-block>
debug_events.js:216 [TRACE][USER] focus → <input#pf-input-oCHCBvopA_-realname.pf-input.pf-input--valid>
debug_events.js:162 [USER]     [placeholder_wizard] focus:pf-input — Input
debug_events.js:216 [TRACE][USER] mousedown → <span.ph-chip.ph-chip-optional.ph-chip-empty>
debug_events.js:174 [USER]     [report_editor] mousedown:captureRange — Mouse
debug_events.js:216 [TRACE][USER] blur → <input#pf-input-oCHCBvopA_-realname.pf-input.pf-input--valid>
debug_events.js:216 [TRACE][USER] focus → <div.ce-paragraph.cdx-block>
debug_events.js:216 [TRACE][USER] mouseup → <span.ph-chip.ph-chip-optional.ph-chip-empty>
debug_events.js:216 [TRACE][USER] click → <span.ph-chip.ph-chip-optional.ph-chip-empty>
debug_events.js:162 [USER]     [report_editor] click:ph-chip — Mouse
debug_events.js:216 [TRACE][USER] mousedown → <span.ph-chip.ph-chip-optional.ph-chip-empty>
debug_events.js:174 [USER]     [report_editor] mousedown:captureRange — Mouse
debug_events.js:216 [TRACE][USER] mouseup → <span.ph-chip.ph-chip-optional.ph-chip-empty>
debug_events.js:216 [TRACE][USER] click → <span.ph-chip.ph-chip-optional.ph-chip-empty>
debug_events.js:162 [USER]     [report_editor] click:ph-chip — Mouse
debug_events.js:216 [TRACE][USER] dblclick → <span.ph-chip.ph-chip-optional.ph-chip-empty>
debug_events.js:174 [USER]     [report_editor] dblclick:ph-chip — Mouse
report_editor.js:1667 report_editor.js: Chip-Doppelklick: realname o
placeholder_wizard.js:623 [PlaceholderWizard] openAtField: onSave aus Options gesetzt, blockId= oCHCBvopA_ fieldName= realname
placeholder_wizard.js:189 [PlaceholderWizard] showPlaceholderForm: blocks= 2 focusedId= oCHCBvopA_ onSave= function myUsername= paul
debug_events.js:216 [TRACE][USER] blur → <div.ce-paragraph.cdx-block>
debug_events.js:216 [TRACE][USER] focus → <input#pf-input-oCHCBvopA_-realname.pf-input.pf-input--valid>
debug_events.js:162 [USER]     [placeholder_wizard] focus:pf-input — Input
debug_events.js:216 [TRACE][USER] mousedown → <button.support-accordion-toggle>
debug_events.js:216 [TRACE][USER] blur → <input#pf-input-oCHCBvopA_-realname.pf-input.pf-input--valid>
debug_events.js:216 [TRACE][USER] focus → <button.support-accordion-toggle>
debug_events.js:216 [TRACE][USER] mouseup → <button.support-accordion-toggle>
debug_events.js:216 [TRACE][USER] click → <button.support-accordion-toggle>
debug_events.js:216 [TRACE][USER] mousedown → <div.ce-paragraph.cdx-block>
debug_events.js:174 [USER]     [report_editor] mousedown:captureRange — Mouse
debug_events.js:216 [TRACE][USER] blur → <button.support-accordion-toggle>
debug_events.js:216 [TRACE][USER] focus → <div.ce-paragraph.cdx-block>
debug_events.js:216 [TRACE][USER] mouseup → <div.ce-paragraph.cdx-block>
debug_events.js:216 [TRACE][USER] click → <div.ce-paragraph.cdx-block>
debug_events.js:162 [USER]     [report_editor] click:ph-chip — Mouse
debug_events.js:216 [TRACE][USER] mousedown → <span.ph-chip.ph-chip-optional.ph-chip-empty>
debug_events.js:174 [USER]     [report_editor] mousedown:captureRange — Mouse
report_editor.js:1072 [forensic] _captureRange: alt= blockId=oCHCBvopA_ offset=17 → neu: blockId= oCHCBvopA_ blockIdx= 0 startOffset= 12
debug_events.js:216 [TRACE][USER] mouseup → <span.ph-chip.ph-chip-optional.ph-chip-empty>
debug_events.js:216 [TRACE][USER] click → <span.ph-chip.ph-chip-optional.ph-chip-empty>
debug_events.js:162 [USER]     [report_editor] click:ph-chip — Mouse
debug_events.js:216 [TRACE][USER] mousedown → <button.support-accordion-toggle>
debug_events.js:216 [TRACE][USER] blur → <div.ce-paragraph.cdx-block>
debug_events.js:216 [TRACE][USER] focus → <button.support-accordion-toggle>
debug_events.js:216 [TRACE][USER] mouseup → <button.support-accordion-toggle>
debug_events.js:216 [TRACE][USER] click → <button.support-accordion-toggle>
placeholder_wizard.js:189 [PlaceholderWizard] showPlaceholderForm: blocks= 2 focusedId= oCHCBvopA_ onSave= function myUsername= paul
debug_events.js:216 [TRACE][USER] mousedown → <div.ce-paragraph.cdx-block>
debug_events.js:174 [USER]     [report_editor] mousedown:captureRange — Mouse
report_editor.js:1072 [forensic] _captureRange: alt= blockId=oCHCBvopA_ offset=12 → neu: blockId= oCHCBvopA_ blockIdx= 0 startOffset= 12
debug_events.js:216 [TRACE][USER] blur → <button.support-accordion-toggle>
debug_events.js:216 [TRACE][USER] focus → <div.ce-paragraph.cdx-block>
debug_events.js:216 [TRACE][USER] mouseup → <div.ce-paragraph.cdx-block>
debug_events.js:216 [TRACE][USER] click → <div.ce-paragraph.cdx-block>
debug_events.js:162 [USER]     [report_editor] click:ph-chip — Mouse
debug_events.js:216 [TRACE][USER] mousedown → <span.ph-chip.ph-chip-optional.ph-chip-empty>
debug_events.js:174 [USER]     [report_editor] mousedown:captureRange — Mouse
report_editor.js:1072 [forensic] _captureRange: alt= blockId=oCHCBvopA_ offset=12 → neu: blockId= oCHCBvopA_ blockIdx= 0 startOffset= 7
debug_events.js:216 [TRACE][USER] mouseup → <span.ph-chip.ph-chip-optional.ph-chip-empty>
debug_events.js:216 [TRACE][USER] click → <span.ph-chip.ph-chip-optional.ph-chip-empty>
debug_events.js:162 [USER]     [report_editor] click:ph-chip — Mouse
debug_events.js:216 [TRACE][USER] mousedown → <span.ph-chip.ph-chip-optional.ph-chip-empty>
debug_events.js:174 [USER]     [report_editor] mousedown:captureRange — Mouse
report_editor.js:1072 [forensic] _captureRange: alt= blockId=oCHCBvopA_ offset=7 → neu: blockId= oCHCBvopA_ blockIdx= 0 startOffset= 7
debug_events.js:216 [TRACE][USER] mouseup → <span.ph-chip.ph-chip-optional.ph-chip-empty>
debug_events.js:216 [TRACE][USER] click → <span.ph-chip.ph-chip-optional.ph-chip-empty>
debug_events.js:162 [USER]     [report_editor] click:ph-chip — Mouse
debug_events.js:216 [TRACE][USER] dblclick → <span.ph-chip.ph-chip-optional.ph-chip-empty>
debug_events.js:174 [USER]     [report_editor] dblclick:ph-chip — Mouse
report_editor.js:1667 report_editor.js: Chip-Doppelklick: realname o
placeholder_wizard.js:623 [PlaceholderWizard] openAtField: onSave aus Options gesetzt, blockId= oCHCBvopA_ fieldName= realname
placeholder_wizard.js:189 [PlaceholderWizard] showPlaceholderForm: blocks= 2 focusedId= oCHCBvopA_ onSave= function myUsername= paul
debug_events.js:216 [TRACE][USER] blur → <div.ce-paragraph.cdx-block>
debug_events.js:216 [TRACE][USER] focus → <input#pf-input-oCHCBvopA_-realname.pf-input.pf-input--valid>
debug_events.js:162 [USER]     [placeholder_wizard] focus:pf-input — Input
debug_events.js:216 [TRACE][USER] mousedown → <input#pf-input-oCHCBvopA_-realname.pf-input.pf-input--valid>
debug_events.js:216 [TRACE][USER] mouseup → <input#pf-input-oCHCBvopA_-realname.pf-input.pf-input--valid>
debug_events.js:216 [TRACE][USER] click → <input#pf-input-oCHCBvopA_-realname.pf-input.pf-input--valid>
debug_events.js:162 [USER]     [placeholder_wizard] click:pf-block-group — Mouse
debug_events.js:216 [TRACE][USER] keydown → <input#pf-input-oCHCBvopA_-realname.pf-input.pf-input--valid>
debug_events.js:162 [USER]     [placeholder_wizard] keydown:pf-input — Keyboard
debug_events.js:216 [TRACE][USER] keypress → <input#pf-input-oCHCBvopA_-realname.pf-input.pf-input--valid>
debug_events.js:216 [TRACE][USER] keyup → <input#pf-input-oCHCBvopA_-realname.pf-input.pf-input--valid>
debug_events.js:216 [TRACE][USER] mousedown → <button#btn-refresh-placeholders.report-btn>
debug_events.js:216 [TRACE][USER] blur → <input#pf-input-oCHCBvopA_-realname.pf-input.pf-input--valid>
debug_events.js:216 [TRACE][USER] focus → <button#btn-refresh-placeholders.report-btn>
debug_events.js:216 [TRACE][USER] mouseup → <button#btn-refresh-placeholders.report-btn>
debug_events.js:216 [TRACE][USER] click → <button#btn-refresh-placeholders.report-btn>
debug_events.js:174 [USER]     [report_editor] click:btn-refresh-placeholders — Mouse
debug_events.js:216 [TRACE][USER] blur → <button#btn-refresh-placeholders.report-btn>
report_editor.js:112 [forensic] _reloadEditorContent(): Starte Neuladen fuer report_id= 1
report_editor.js:112 [forensic] _syncAnchoredFromInstances: 0 verankerte Annotationen
report_editor.js:112 [forensic] _reloadEditorContent(): Abgeschlossen. 2 Bloecke geladen.
report_editor.js:112 [forensic] _initSidebarAccordion() gestartet
report_editor.js:1040 report_editor.js: Editor bereit, report_id= 1 | readOnly= false
placeholder_wizard.js:189 [PlaceholderWizard] showPlaceholderForm: blocks= 2 focusedId= oCHCBvopA_ onSave= function myUsername= paul
report_editor.js:1085 report_editor.js: Initialisierungs-Guard freigegeben.
