Navigated to http://127.0.0.2:8080/_forensic/report
report:204 [web-debug] FORENSIC_DEBUG=true, FORENSIC_EVENT_TRACE=true
debug_events.js:235 [debug_events.js] Build 200 geladen. window._uevt() verfügbar. Trace-Modus: window.FORENSIC_EVENT_TRACE = true
debug_events.js:241 [debug_events.js] Kill-Switches: window.FORENSIC_DEBUG=false (alles) | window.FORENSIC_EVENT_DEBUG=false (nur Events)
placeholder_chips.js:56 [forensic] placeholder_chips.js: window.PlaceholderChips exportiert
placeholder_wizard.js:75 [forensic] placeholder_wizard.js: window.PlaceholderWizard exportiert
module_panel.js:77 [forensic] module_panel.js: window.ModulePanel exportiert
annotation_sidebar.js:58 [forensic] annotation_sidebar.js: window.AnnotationSidebar exportiert
report_editor.js:90 [forensic] report_editor.js: Exports auf window gesetzt (Build wird async geladen)
editor_bootstrap.js:49 [editor_bootstrap] bootstrap() gestartet
sse_layer.js:462 [SSELayer] SSELayer konstruiert
editor_bootstrap.js:49 [editor_bootstrap] SSELayer instanziiert
sse_layer.js:462 [SSELayer] connect() aufgerufen aus Zustand: UNINITIALIZED
sse_layer.js:462 [SSELayer] Zustandsübergang: UNINITIALIZED → CONNECTING
sse_layer.js:462 [SSELayer] EventSource öffnen: /_forensic/events
editor_bootstrap.js:49 [editor_bootstrap] ReportLayer instanziiert
editor_bootstrap.js:49 [editor_bootstrap] LockLayer instanziiert
editor_bootstrap.js:49 [editor_bootstrap] DocumentLayer instanziiert
report_editor.js:3482 [forensic] report_editor.js: v0.6.256 Build 256 | Exports auf window gesetzt
sse_layer.js:462 [SSELayer] client_id empfangen: 6ad99e91-e639-4061-ac94-64ae50e4f750 Zustand vorher: CONNECTING
sse_layer.js:462 [SSELayer] Zustandsübergang: CONNECTING → CONNECTED
report_layer.js:406 [ReportLayer] Zustandsübergang: UNINITIALIZED → IDLE
report_layer.js:406 [ReportLayer] ready — SSELayer ist bereit, ReportLayer in IDLE
lock_layer.js:700 [LockLayer] Zustandsübergang: UNINITIALIZED → IDLE
lock_layer.js:700 [LockLayer] ready — ReportLayer ist bereit, LockLayer in IDLE
document_layer.js:462 [DocumentLayer] ready — LockLayer ist bereit
editor_bootstrap.js:49 [editor_bootstrap] Alle Layer bereit
editor_bootstrap.js:49 [editor_bootstrap] bootstrap() abgeschlossen — alle Listener registriert
favicon.ico:1  GET http://127.0.0.2:8080/favicon.ico 404 (Not Found)
debug_events.js:216 [TRACE][USER] keyup → <body#report-editor-body>
debug_events.js:216 [TRACE][USER] keyup → <body#report-editor-body>
debug_events.js:216 [TRACE][USER] keyup → <body#report-editor-body>
debug_events.js:216 [TRACE][USER] mousedown → <button.support-accordion-toggle>
debug_events.js:216 [TRACE][USER] focus → <button.support-accordion-toggle>
debug_events.js:216 [TRACE][USER] mouseup → <button.support-accordion-toggle>
debug_events.js:216 [TRACE][USER] click → <button.support-accordion-toggle>
debug_events.js:216 [TRACE][USER] mousedown → <button.support-accordion-toggle>
debug_events.js:216 [TRACE][USER] blur → <button.support-accordion-toggle>
debug_events.js:216 [TRACE][USER] focus → <button.support-accordion-toggle>
debug_events.js:216 [TRACE][USER] mouseup → <button.support-accordion-toggle>
debug_events.js:216 [TRACE][USER] click → <button.support-accordion-toggle>
debug_events.js:216 [TRACE][USER] mousedown → <button.support-accordion-toggle>
debug_events.js:216 [TRACE][USER] blur → <button.support-accordion-toggle>
debug_events.js:216 [TRACE][USER] focus → <button.support-accordion-toggle>
debug_events.js:216 [TRACE][USER] mouseup → <button.support-accordion-toggle>
debug_events.js:216 [TRACE][USER] click → <button.support-accordion-toggle>
debug_events.js:216 [TRACE][USER] mousedown → <button.support-accordion-toggle>
debug_events.js:216 [TRACE][USER] blur → <button.support-accordion-toggle>
debug_events.js:216 [TRACE][USER] focus → <button.support-accordion-toggle>
debug_events.js:216 [TRACE][USER] mouseup → <button.support-accordion-toggle>
debug_events.js:216 [TRACE][USER] click → <button.support-accordion-toggle>
debug_events.js:216 [TRACE][USER] blur → <button.support-accordion-toggle>
