favicon.ico:1  Failed to load resource: the server responded with a status of 404 (Not Found)
block:1  Failed to load resource: the server responded with a status of 423 (Locked)
block:1  Failed to load resource: the server responded with a status of 423 (Locked)
order:1  Failed to load resource: the server responded with a status of 423 (Locked)
order:1  Failed to load resource: the server responded with a status of 423 (Locked)
events:1  Failed to load resource: net::ERR_CONNECTION_REFUSED
events:1  Failed to load resource: net::ERR_CONNECTION_REFUSED
events:1  Failed to load resource: net::ERR_CONNECTION_REFUSED
events:1  Failed to load resource: net::ERR_CONNECTION_REFUSED
windows:1  Failed to load resource: net::ERR_CONNECTION_REFUSED
windows:1  Failed to load resource: net::ERR_CONNECTION_REFUSED
events:1  Failed to load resource: net::ERR_CONNECTION_REFUSED
events:1  Failed to load resource: net::ERR_CONNECTION_REFUSED
events:1  Failed to load resource: net::ERR_CONNECTION_REFUSED
events:1  Failed to load resource: net::ERR_CONNECTION_REFUSED
events:1  Failed to load resource: net::ERR_CONNECTION_REFUSED
events:1  Failed to load resource: net::ERR_CONNECTION_REFUSED
events:1  Failed to load resource: net::ERR_CONNECTION_REFUSED
events:1  Failed to load resource: net::ERR_CONNECTION_REFUSED
events:1  Failed to load resource: net::ERR_CONNECTION_REFUSED
events:1  Failed to load resource: net::ERR_CONNECTION_REFUSED
windows:1  Failed to load resource: net::ERR_CONNECTION_REFUSED
windows:1  Failed to load resource: net::ERR_CONNECTION_REFUSED
events:1  Failed to load resource: net::ERR_CONNECTION_REFUSED
events:1  Failed to load resource: net::ERR_CONNECTION_REFUSED
events:1  Failed to load resource: net::ERR_CONNECTION_REFUSED
events:1  Failed to load resource: net::ERR_CONNECTION_REFUSED
events:1  Failed to load resource: net::ERR_CONNECTION_REFUSED
events:1  Failed to load resource: net::ERR_CONNECTION_REFUSED
events:1  Failed to load resource: net::ERR_CONNECTION_REFUSED
events:1  Failed to load resource: net::ERR_CONNECTION_REFUSED
events:1  Failed to load resource: net::ERR_CONNECTION_REFUSED
events:1  Failed to load resource: net::ERR_CONNECTION_REFUSED
windows:1  Failed to load resource: net::ERR_CONNECTION_REFUSED
windows:1  Failed to load resource: net::ERR_CONNECTION_REFUSED
events:1  Failed to load resource: net::ERR_CONNECTION_REFUSED
events:1  Failed to load resource: net::ERR_CONNECTION_REFUSED
events:1  Failed to load resource: net::ERR_CONNECTION_REFUSED
events:1  Failed to load resource: net::ERR_CONNECTION_REFUSED
events:1  Failed to load resource: net::ERR_CONNECTION_REFUSED
events:1  Failed to load resource: net::ERR_CONNECTION_REFUSED
events:1  Failed to load resource: net::ERR_CONNECTION_REFUSED
events:1  Failed to load resource: net::ERR_CONNECTION_REFUSED
events:1  Failed to load resource: net::ERR_CONNECTION_REFUSED
events:1  Failed to load resource: net::ERR_CONNECTION_REFUSED
windows:1  Failed to load resource: net::ERR_CONNECTION_REFUSED
windows:1  Failed to load resource: net::ERR_CONNECTION_REFUSED
events:1  Failed to load resource: net::ERR_CONNECTION_REFUSED
events:1  Failed to load resource: net::ERR_CONNECTION_REFUSED
events:1  Failed to load resource: net::ERR_CONNECTION_REFUSED
events:1  Failed to load resource: net::ERR_CONNECTION_REFUSED
events:1  Failed to load resource: net::ERR_CONNECTION_REFUSED
events:1  Failed to load resource: net::ERR_CONNECTION_REFUSED
events:1  Failed to load resource: net::ERR_CONNECTION_REFUSED
events:1  Failed to load resource: net::ERR_CONNECTION_REFUSED
events:1  Failed to load resource: net::ERR_CONNECTION_REFUSED
events:1  Failed to load resource: net::ERR_CONNECTION_REFUSED
windows:1  Failed to load resource: net::ERR_CONNECTION_REFUSED
windows:1  Failed to load resource: net::ERR_CONNECTION_REFUSED
events:1  Failed to load resource: net::ERR_CONNECTION_REFUSED
events:1  Failed to load resource: net::ERR_CONNECTION_REFUSED
events:1  Failed to load resource: net::ERR_CONNECTION_REFUSED
events:1  Failed to load resource: net::ERR_CONNECTION_REFUSED
events:1  Failed to load resource: net::ERR_CONNECTION_REFUSED
events:1  Failed to load resource: net::ERR_CONNECTION_REFUSED
events:1  Failed to load resource: net::ERR_CONNECTION_REFUSED
events:1  Failed to load resource: net::ERR_CONNECTION_REFUSED
events:1  Failed to load resource: net::ERR_CONNECTION_REFUSED
events:1  Failed to load resource: net::ERR_CONNECTION_REFUSED
windows:1  Failed to load resource: net::ERR_CONNECTION_REFUSED
windows:1  Failed to load resource: net::ERR_CONNECTION_REFUSED
events:1  Failed to load resource: net::ERR_CONNECTION_REFUSED
events:1  Failed to load resource: net::ERR_CONNECTION_REFUSED
events:1  Failed to load resource: net::ERR_CONNECTION_REFUSED
events:1  Failed to load resource: net::ERR_CONNECTION_REFUSED
events:1  Failed to load resource: net::ERR_CONNECTION_REFUSED
events:1  Failed to load resource: net::ERR_CONNECTION_REFUSED
events:1  Failed to load resource: net::ERR_CONNECTION_REFUSED
events:1  Failed to load resource: net::ERR_CONNECTION_REFUSED
events:1  Failed to load resource: net::ERR_CONNECTION_REFUSED
events:1  Failed to load resource: net::ERR_CONNECTION_REFUSED
windows:1  Failed to load resource: net::ERR_CONNECTION_REFUSED
windows:1  Failed to load resource: net::ERR_CONNECTION_REFUSED
events:1  Failed to load resource: net::ERR_CONNECTION_REFUSED
events:1  Failed to load resource: net::ERR_CONNECTION_REFUSED
events:1  Failed to load resource: net::ERR_CONNECTION_REFUSED
events:1  Failed to load resource: net::ERR_CONNECTION_REFUSED
events:1  Failed to load resource: net::ERR_CONNECTION_REFUSED
events:1  Failed to load resource: net::ERR_CONNECTION_REFUSED
events:1  Failed to load resource: net::ERR_CONNECTION_REFUSED
events:1  Failed to load resource: net::ERR_CONNECTION_REFUSED
events:1  Failed to load resource: net::ERR_CONNECTION_REFUSED
events:1  Failed to load resource: net::ERR_CONNECTION_REFUSED
windows:1  Failed to load resource: net::ERR_CONNECTION_REFUSED
windows:1  Failed to load resource: net::ERR_CONNECTION_REFUSED
events:1  Failed to load resource: net::ERR_CONNECTION_REFUSED
events:1  Failed to load resource: net::ERR_CONNECTION_REFUSED
events:1  Failed to load resource: net::ERR_CONNECTION_REFUSED
events:1  Failed to load resource: net::ERR_CONNECTION_REFUSED
events:1  Failed to load resource: net::ERR_CONNECTION_REFUSED
events:1  Failed to load resource: net::ERR_CONNECTION_REFUSED
events:1  Failed to load resource: net::ERR_CONNECTION_REFUSED
events:1  Failed to load resource: net::ERR_CONNECTION_REFUSED
events:1  Failed to load resource: net::ERR_CONNECTION_REFUSED
events:1  Failed to load resource: net::ERR_CONNECTION_REFUSED
windows:1  Failed to load resource: net::ERR_CONNECTION_REFUSED
windows:1  Failed to load resource: net::ERR_CONNECTION_REFUSED
events:1  Failed to load resource: net::ERR_CONNECTION_REFUSED
events:1  Failed to load resource: net::ERR_CONNECTION_REFUSED
events:1  Failed to load resource: net::ERR_CONNECTION_REFUSED
events:1  Failed to load resource: net::ERR_CONNECTION_REFUSED
events:1  Failed to load resource: net::ERR_CONNECTION_REFUSED
events:1  Failed to load resource: net::ERR_CONNECTION_REFUSED
events:1  Failed to load resource: net::ERR_CONNECTION_REFUSED
events:1  Failed to load resource: net::ERR_CONNECTION_REFUSED
events:1  Failed to load resource: net::ERR_CONNECTION_REFUSED
events:1  Failed to load resource: net::ERR_CONNECTION_REFUSED
windows:1  Failed to load resource: net::ERR_CONNECTION_REFUSED
windows:1  Failed to load resource: net::ERR_CONNECTION_REFUSED
events:1  Failed to load resource: net::ERR_CONNECTION_REFUSED
events:1  Failed to load resource: net::ERR_CONNECTION_REFUSED
events:1  Failed to load resource: net::ERR_CONNECTION_REFUSED
events:1  Failed to load resource: net::ERR_CONNECTION_REFUSED
events:1  Failed to load resource: net::ERR_CONNECTION_REFUSED
events:1  Failed to load resource: net::ERR_CONNECTION_REFUSED
report:1  Failed to load resource: net::ERR_CONNECTION_REFUSED
Navigated to http://127.0.0.2:8080/_forensic/report
debug_events.js:235 [debug_events.js] Build 200 geladen. window._uevt() verfügbar. Trace-Modus: window.FORENSIC_EVENT_TRACE = true
debug_events.js:241 [debug_events.js] Kill-Switches: window.FORENSIC_DEBUG=false (alles) | window.FORENSIC_EVENT_DEBUG=false (nur Events)
placeholder_chips.js:56 [forensic] placeholder_chips.js: window.PlaceholderChips exportiert
placeholder_wizard.js:75 [forensic] placeholder_wizard.js: window.PlaceholderWizard exportiert
module_panel.js:77 [forensic] module_panel.js: window.ModulePanel exportiert
annotation_sidebar.js:58 [forensic] annotation_sidebar.js: window.AnnotationSidebar exportiert
report_editor.js:86 [forensic] report_editor.js: Exports auf window gesetzt (Build wird async geladen)
userinfo.js:67 [forensic] DOMContentLoaded: userinfo.js aktiv
userinfo.js:67 [forensic] initEditor() gestartet
userinfo.js:67 [forensic] initSSEWindow3() gestartet
report_editor.js:3564 [forensic] report_editor.js: v0.6.225 Build 225 | Exports auf window gesetzt
userinfo.js:67 [forensic] acquireLock() aufgerufen, sseClientId= f228fc3f-8d25-4002-9a19-cdbc080f6392 reportId= undefined
userinfo.js:67 [forensic] acquireLock: keine Berichte und keine reportId — uebersprungen
report_editor.js:86 [forensic] initEditorModule() gestartet
report_editor.js:86 [forensic] _initSidebarAccordion() gestartet
report_editor.js:86 [forensic] _initColResizer: Schiebebalken initialisiert
report_editor.js:86 [forensic] _initForumLinkInterceptor: BroadcastChannel bereit
report_editor.js:86 [forensic] _initForumLinkInterceptor: aktiv (window_id= f7575527-42d4-47bd-812a-9a6147883cf0 )
report_editor.js:86 [forensic] _initDragDrop: Drop-Zone registriert auf #editorjs-holder
report_editor.js:86 [forensic] initReportSelector() gestartet
:8080/favicon.ico:1  GET http://127.0.0.2:8080/favicon.ico 404 (Not Found)
userinfo.js:67 [forensic] acquireLock() aufgerufen, sseClientId= f228fc3f-8d25-4002-9a19-cdbc080f6392 reportId= undefined
userinfo.js:67 [forensic] acquireLock: keine Berichte und keine reportId — uebersprungen
debug_events.js:174 [USER]     [report_editor] click:btn-new-report — Mouse
debug_events.js:174 [USER]     [report_editor] click:btn-create-report — Mouse
report_editor.js:86 [forensic] create-report: Lock aus 201-Response: 7a8186e3-347d-40b8-9135-d4c10e895929 fuer Bericht 1
report_editor.js:86 [forensic] initReportSelector() gestartet
report_editor.js:86 [forensic] loadReport() report_id= 1 type= interim
report_editor.js:599 report_editor.js: _knownBlockIds initialisiert, 0 Bloecke geladen.
report_editor.js:86 [forensic] _initEditorJs(): window.EditorJS= true
report_editor.js:86 [forensic] _initSidebarAccordion() gestartet
report_editor.js:1011 report_editor.js: Editor bereit, report_id= 1 | readOnly= false
editorjs.mjs:136 Block «paragraph» skipped because saved data is invalid
report_editor.js:1056 report_editor.js: Initialisierungs-Guard freigegeben.
debug_events.js:174 [USER]     [module_panel] dragstart:mp-item — Drag&Drop
module_panel.js:77 [forensic] Drag start (Modul, delegiert): module_id= 1 title= Personenbeschreibung des Beschuldigten
debug_events.js:174 [USER]     [module_panel] dragstart:mp-item — Drag&Drop
module_panel.js:77 [forensic] Drag start (Modul, delegiert): module_id= 1 title= Personenbeschreibung des Beschuldigten
debug_events.js:162 [USER]     [report_editor] drop:editorjs-holder — Drag&Drop
report_editor.js:86 [forensic] Drop: Ziel-Index= 1 von 1 Bloecken
report_editor.js:86 [forensic] Drop (Modul): module_id= 1 targetIdx= 1
report_editor.js:86 [forensic] Drop (Modul): Block eingefuegt, type= paragraph idx= 1 textLen= 450
report_editor.js:86 [forensic] Drop (Modul): Chips hydriert fuer Block idx= 1
editorjs.mjs:136 Block «paragraph» skipped because saved data is invalid
report_editor.js:86 [forensic] onChange: Block-Anzahl geaendert: Editor= 2  / _currentBlocks= 0  — bereinige _currentBlocks und Formular-Refresh (Bug 2.98/2.121)
editorjs.mjs:136 Block «paragraph» skipped because saved data is invalid
placeholder_wizard.js:189 [PlaceholderWizard] showPlaceholderForm: blocks= 1 focusedId= npBSAaLKUW onSave= function myUsername= paul
editorjs.mjs:136 Block «paragraph» skipped because saved data is invalid
debug_events.js:174 [USER]     [module_panel] dragstart:mp-item — Drag&Drop
module_panel.js:77 [forensic] Drag start (Modul, delegiert): module_id= 4 title= Technische Ermittlungsergebnisse
debug_events.js:174 [USER]     [module_panel] dragstart:mp-item — Drag&Drop
module_panel.js:77 [forensic] Drag start (Modul, delegiert): module_id= 4 title= Technische Ermittlungsergebnisse
editorjs.mjs:136 Block «paragraph» skipped because saved data is invalid
debug_events.js:162 [USER]     [report_editor] drop:editorjs-holder — Drag&Drop
report_editor.js:86 [forensic] Drop: Ziel-Index= 1 von 2 Bloecken
report_editor.js:86 [forensic] Drop (Modul): module_id= 4 targetIdx= 1
report_editor.js:86 [forensic] Drop (Modul): Block eingefuegt, type= paragraph idx= 1 textLen= 438
report_editor.js:86 [forensic] Drop (Modul): Chips hydriert fuer Block idx= 1
editorjs.mjs:136 Block «paragraph» skipped because saved data is invalid
report_editor.js:86 [forensic] onChange: Block-Anzahl geaendert: Editor= 3  / _currentBlocks= 1  — bereinige _currentBlocks und Formular-Refresh (Bug 2.98/2.121)
editorjs.mjs:136 Block «paragraph» skipped because saved data is invalid
placeholder_wizard.js:189 [PlaceholderWizard] showPlaceholderForm: blocks= 2 focusedId= npBSAaLKUW onSave= function myUsername= paul
editorjs.mjs:136 Block «paragraph» skipped because saved data is invalid
debug_events.js:174 [USER]     [report_editor] click:btn-new-report — Mouse
editorjs.mjs:136 Block «paragraph» skipped because saved data is invalid
debug_events.js:174 [USER]     [report_editor] click:btn-create-report — Mouse
report_editor.js:2210 report_editor.js: Auto-Save gestartet, report_id= 1 | bekannte Block-IDs: 2
editorjs.mjs:136 Block «paragraph» skipped because saved data is invalid
report_editor.js:215  POST http://127.0.0.2:8080/_forensic/editor/block 423 (Locked)
_fetchWithLock @ report_editor.js:215
_performAutoSave @ report_editor.js:2256
await in _performAutoSave
(anonymous) @ report_editor.js:380
report_editor.js:2266 report_editor.js: Block-Save fehlgeschlagen: EmnTmi-txJ {error: 'Lock erforderlich', code: 'LOCK_REQUIRED'}
_performAutoSave @ report_editor.js:2266
await in _performAutoSave
(anonymous) @ report_editor.js:380
report_editor.js:215  POST http://127.0.0.2:8080/_forensic/editor/block 423 (Locked)
_fetchWithLock @ report_editor.js:215
_performAutoSave @ report_editor.js:2256
await in _performAutoSave
(anonymous) @ report_editor.js:380
report_editor.js:2266 report_editor.js: Block-Save fehlgeschlagen: npBSAaLKUW {error: 'Lock erforderlich', code: 'LOCK_REQUIRED'}
_performAutoSave @ report_editor.js:2266
await in _performAutoSave
(anonymous) @ report_editor.js:380
report_editor.js:215  POST http://127.0.0.2:8080/_forensic/editor/order 423 (Locked)
_fetchWithLock @ report_editor.js:215
_performAutoSave @ report_editor.js:2313
await in _performAutoSave
(anonymous) @ report_editor.js:380
report_editor.js:2324 report_editor.js: Auto-Save abgeschlossen. | Bloecke gespeichert: 2 | Bloecke geloescht: 0
report_editor.js:86 [forensic] create-report: Lock aus 201-Response: 752103aa-8e71-48dd-93dd-9ce07e4c5ee1 fuer Bericht 2
report_editor.js:86 [forensic] initReportSelector() gestartet
report_editor.js:86 [forensic] loadReport() report_id= 2 type= final
report_editor.js:86 [forensic] _loadReportImpl: Bericht-Wechsel 1 -> 2 — Save + Lock-Release
report_editor.js:2210 report_editor.js: Auto-Save gestartet, report_id= 1 | bekannte Block-IDs: 2
editorjs.mjs:136 Block «paragraph» skipped because saved data is invalid
report_editor.js:215  POST http://127.0.0.2:8080/_forensic/editor/order 423 (Locked)
_fetchWithLock @ report_editor.js:215
_performAutoSave @ report_editor.js:2313
await in _performAutoSave
_loadReportImpl @ report_editor.js:501
loadReport @ report_editor.js:480
initReportSelector @ report_editor.js:295
await in initReportSelector
(anonymous) @ report_editor.js:430
report_editor.js:2324 report_editor.js: Auto-Save abgeschlossen. | Bloecke gespeichert: 2 | Bloecke geloescht: 0
report_editor.js:599 report_editor.js: _knownBlockIds initialisiert, 0 Bloecke geladen.
report_editor.js:86 [forensic] _initEditorJs(): window.EditorJS= true
report_editor.js:86 [forensic] _initEditorJs: Lock erwerben fuer neuen Bericht 2
userinfo.js:67 [forensic] acquireLock() aufgerufen, sseClientId= f228fc3f-8d25-4002-9a19-cdbc080f6392 reportId= 2
report_editor.js:86 [forensic] _initSidebarAccordion() gestartet
report_editor.js:1011 report_editor.js: Editor bereit, report_id= 2 | readOnly= true
editorjs.mjs:136 Block «paragraph» skipped because saved data is invalid
editorjs.mjs:136 Block «paragraph» skipped because saved data is invalid
report_editor.js:1056 report_editor.js: Initialisierungs-Guard freigegeben.
debug_events.js:174 [USER]     [module_panel] dragstart:mp-item — Drag&Drop
module_panel.js:77 [forensic] Drag start (Modul, delegiert): module_id= 5 title= Ermittlungsfazit und Maßnahmenempfehlung
debug_events.js:174 [USER]     [module_panel] dragstart:mp-item — Drag&Drop
module_panel.js:77 [forensic] Drag start (Modul, delegiert): module_id= 5 title= Ermittlungsfazit und Maßnahmenempfehlung
debug_events.js:174 [USER]     [module_panel] dragstart:mp-item — Drag&Drop
module_panel.js:77 [forensic] Drag start (Modul, delegiert): module_id= 5 title= Ermittlungsfazit und Maßnahmenempfehlung
debug_events.js:162 [USER]     [report_editor] drop:editorjs-holder — Drag&Drop
report_editor.js:86 [forensic] Drop: Ziel-Index= 0 von 1 Bloecken
report_editor.js:86 [forensic] Drop (Modul): module_id= 5 targetIdx= 0
report_editor.js:86 [forensic] Drop (Modul): Block eingefuegt, type= paragraph idx= 0 textLen= 502
report_editor.js:86 [forensic] Drop (Modul): Chips hydriert fuer Block idx= 0
editorjs.mjs:136 Block «paragraph» skipped because saved data is invalid
report_editor.js:86 [forensic] onChange: Block-Anzahl geaendert: Editor= 2  / _currentBlocks= 0  — bereinige _currentBlocks und Formular-Refresh (Bug 2.98/2.121)
editorjs.mjs:136 Block «paragraph» skipped because saved data is invalid
placeholder_wizard.js:189 [PlaceholderWizard] showPlaceholderForm: blocks= 1 focusedId= SEdiA0I3u9 onSave= function myUsername= paul
editorjs.mjs:136 Block «paragraph» skipped because saved data is invalid
debug_events.js:174 [USER]     [module_panel] dragstart:mp-item — Drag&Drop
module_panel.js:77 [forensic] Drag start (Modul, delegiert): module_id= 2 title= Aktivitaetsübersicht und Tatrelevanz
debug_events.js:174 [USER]     [module_panel] dragstart:mp-item — Drag&Drop
module_panel.js:77 [forensic] Drag start (Modul, delegiert): module_id= 2 title= Aktivitaetsübersicht und Tatrelevanz
debug_events.js:174 [USER]     [module_panel] dragstart:mp-item — Drag&Drop
module_panel.js:77 [forensic] Drag start (Modul, delegiert): module_id= 2 title= Aktivitaetsübersicht und Tatrelevanz
editorjs.mjs:136 Block «paragraph» skipped because saved data is invalid
debug_events.js:162 [USER]     [report_editor] drop:editorjs-holder — Drag&Drop
report_editor.js:86 [forensic] Drop: Ziel-Index= 2 von 2 Bloecken
report_editor.js:86 [forensic] Drop (Modul): module_id= 2 targetIdx= 2
report_editor.js:86 [forensic] Drop (Modul): Block eingefuegt, type= paragraph idx= 2 textLen= 603
report_editor.js:86 [forensic] Drop (Modul): Chips hydriert fuer Block idx= 2
editorjs.mjs:136 Block «paragraph» skipped because saved data is invalid
report_editor.js:86 [forensic] onChange: Block-Anzahl geaendert: Editor= 3  / _currentBlocks= 1  — bereinige _currentBlocks und Formular-Refresh (Bug 2.98/2.121)
editorjs.mjs:136 Block «paragraph» skipped because saved data is invalid
placeholder_wizard.js:189 [PlaceholderWizard] showPlaceholderForm: blocks= 2 focusedId= SEdiA0I3u9 onSave= function myUsername= paul
editorjs.mjs:136 Block «paragraph» skipped because saved data is invalid
editorjs.mjs:136 Block «paragraph» skipped because saved data is invalid
editorjs.mjs:136 Block «paragraph» skipped because saved data is invalid
debug_events.js:162 [USER]     [report_editor] change:report-select — Input
report_editor.js:86 [forensic] loadReport() report_id= 1 type= interim
report_editor.js:86 [forensic] _loadReportImpl: Bericht-Wechsel 2 -> 1 — Save + Lock-Release
report_editor.js:2210 report_editor.js: Auto-Save gestartet, report_id= 2 | bekannte Block-IDs: 0
 Block «paragraph» skipped because saved data is invalid
report_editor.js:215  POST http://127.0.0.2:8080/_forensic/editor/block 423 (Locked)
_fetchWithLock @ report_editor.js:215
_performAutoSave @ report_editor.js:2256
handleMouseUp_ @ (unknown)
await in handleMouseUp_
_loadReportImpl @ report_editor.js:501
loadReport @ report_editor.js:480
(anonymous) @ report_editor.js:279
handleMouseUp_ @ (unknown)
report_editor.js:2266 report_editor.js: Block-Save fehlgeschlagen: SEdiA0I3u9 {error: 'Lock erforderlich', code: 'LOCK_REQUIRED'}
_performAutoSave @ report_editor.js:2266
await in _performAutoSave
handleMouseUp_ @ (unknown)
await in handleMouseUp_
_loadReportImpl @ report_editor.js:501
loadReport @ report_editor.js:480
(anonymous) @ report_editor.js:279
handleMouseUp_ @ (unknown)
report_editor.js:215  POST http://127.0.0.2:8080/_forensic/editor/block 423 (Locked)
_fetchWithLock @ report_editor.js:215
_performAutoSave @ report_editor.js:2256
await in _performAutoSave
handleMouseUp_ @ (unknown)
await in handleMouseUp_
_loadReportImpl @ report_editor.js:501
loadReport @ report_editor.js:480
(anonymous) @ report_editor.js:279
handleMouseUp_ @ (unknown)
report_editor.js:2266 report_editor.js: Block-Save fehlgeschlagen: 80B11ELMnw {error: 'Lock erforderlich', code: 'LOCK_REQUIRED'}
_performAutoSave @ report_editor.js:2266
await in _performAutoSave
handleMouseUp_ @ (unknown)
await in handleMouseUp_
_loadReportImpl @ report_editor.js:501
loadReport @ report_editor.js:480
(anonymous) @ report_editor.js:279
handleMouseUp_ @ (unknown)
report_editor.js:215  POST http://127.0.0.2:8080/_forensic/editor/order 423 (Locked)
_fetchWithLock @ report_editor.js:215
_performAutoSave @ report_editor.js:2313
await in _performAutoSave
handleMouseUp_ @ (unknown)
await in handleMouseUp_
_loadReportImpl @ report_editor.js:501
loadReport @ report_editor.js:480
(anonymous) @ report_editor.js:279
handleMouseUp_ @ (unknown)
report_editor.js:2324 report_editor.js: Auto-Save abgeschlossen. | Bloecke gespeichert: 2 | Bloecke geloescht: 0
report_editor.js:599 report_editor.js: _knownBlockIds initialisiert, 0 Bloecke geladen.
report_editor.js:86 [forensic] _initEditorJs(): window.EditorJS= true
report_editor.js:86 [forensic] _initEditorJs: Lock erwerben fuer neuen Bericht 1
userinfo.js:67 [forensic] acquireLock() aufgerufen, sseClientId= f228fc3f-8d25-4002-9a19-cdbc080f6392 reportId= 1
report_editor.js:86 [forensic] _initSidebarAccordion() gestartet
report_editor.js:1011 report_editor.js: Editor bereit, report_id= 1 | readOnly= true
editorjs.mjs:136 Block «paragraph» skipped because saved data is invalid
editorjs.mjs:136 Block «paragraph» skipped because saved data is invalid
report_editor.js:1056 report_editor.js: Initialisierungs-Guard freigegeben.
report_editor.js:2210 report_editor.js: Auto-Save gestartet, report_id= 2 | bekannte Block-IDs: 0
editorjs.mjs:136 Block «paragraph» skipped because saved data is invalid
report_editor.js:2324 report_editor.js: Auto-Save abgeschlossen. | Bloecke gespeichert: 0 | Bloecke geloescht: 0
