favicon.ico:1  Failed to load resource: the server responded with a status of 404 (Not Found)
events:1  Failed to load resource: net::ERR_CONNECTION_REFUSED
events:1  Failed to load resource: net::ERR_CONNECTION_REFUSED
events:1  Failed to load resource: net::ERR_CONNECTION_REFUSED
events:1  Failed to load resource: net::ERR_CONNECTION_REFUSED
events:1  Failed to load resource: net::ERR_CONNECTION_REFUSED
events:1  Failed to load resource: net::ERR_CONNECTION_REFUSED
events:1  Failed to load resource: net::ERR_CONNECTION_REFUSED
events:1  Failed to load resource: net::ERR_CONNECTION_REFUSED
events:1  Failed to load resource: net::ERR_CONNECTION_REFUSED
events:1  Failed to load resource: net::ERR_CONNECTION_REFUSED
events:1  Failed to load resource: net::ERR_CONNECTION_REFUSED
events:1  Failed to load resource: net::ERR_CONNECTION_REFUSED
events:1  Failed to load resource: net::ERR_CONNECTION_REFUSED
events:1  Failed to load resource: net::ERR_CONNECTION_REFUSED
events:1  Failed to load resource: net::ERR_CONNECTION_REFUSED
events:1  Failed to load resource: net::ERR_CONNECTION_REFUSED
events:1  Failed to load resource: net::ERR_CONNECTION_REFUSED
events:1  Failed to load resource: net::ERR_CONNECTION_REFUSED
events:1  Failed to load resource: net::ERR_CONNECTION_REFUSED
events:1  Failed to load resource: net::ERR_CONNECTION_REFUSED
events:1  Failed to load resource: net::ERR_CONNECTION_REFUSED
events:1  Failed to load resource: net::ERR_CONNECTION_REFUSED
events:1  Failed to load resource: net::ERR_CONNECTION_REFUSED
events:1  Failed to load resource: net::ERR_CONNECTION_REFUSED
events:1  Failed to load resource: net::ERR_CONNECTION_REFUSED
events:1  Failed to load resource: net::ERR_CONNECTION_REFUSED
events:1  Failed to load resource: net::ERR_CONNECTION_REFUSED
events:1  Failed to load resource: net::ERR_CONNECTION_REFUSED
events:1  Failed to load resource: net::ERR_CONNECTION_REFUSED
events:1  Failed to load resource: net::ERR_CONNECTION_REFUSED
events:1  Failed to load resource: net::ERR_CONNECTION_REFUSED
events:1  Failed to load resource: net::ERR_CONNECTION_REFUSED
events:1  Failed to load resource: net::ERR_CONNECTION_REFUSED
events:1  Failed to load resource: net::ERR_CONNECTION_REFUSED
events:1  Failed to load resource: net::ERR_CONNECTION_REFUSED
events:1  Failed to load resource: net::ERR_CONNECTION_REFUSED
events:1  Failed to load resource: net::ERR_CONNECTION_REFUSED
events:1  Failed to load resource: net::ERR_CONNECTION_REFUSED
events:1  Failed to load resource: net::ERR_CONNECTION_REFUSED
events:1  Failed to load resource: net::ERR_CONNECTION_REFUSED
events:1  Failed to load resource: net::ERR_CONNECTION_REFUSED
events:1  Failed to load resource: net::ERR_CONNECTION_REFUSED
events:1  Failed to load resource: net::ERR_CONNECTION_REFUSED
events:1  Failed to load resource: net::ERR_CONNECTION_REFUSED
events:1  Failed to load resource: net::ERR_CONNECTION_REFUSED
events:1  Failed to load resource: net::ERR_CONNECTION_REFUSED
events:1  Failed to load resource: net::ERR_CONNECTION_REFUSED
events:1  Failed to load resource: net::ERR_CONNECTION_REFUSED
events:1  Failed to load resource: net::ERR_CONNECTION_REFUSED
events:1  Failed to load resource: net::ERR_CONNECTION_REFUSED
events:1  Failed to load resource: net::ERR_CONNECTION_REFUSED
events:1  Failed to load resource: net::ERR_CONNECTION_REFUSED
events:1  Failed to load resource: net::ERR_CONNECTION_REFUSED
events:1  Failed to load resource: net::ERR_CONNECTION_REFUSED
events:1  Failed to load resource: net::ERR_CONNECTION_REFUSED
events:1  Failed to load resource: net::ERR_CONNECTION_REFUSED
events:1  Failed to load resource: net::ERR_CONNECTION_REFUSED
events:1  Failed to load resource: net::ERR_CONNECTION_REFUSED
events:1  Failed to load resource: net::ERR_CONNECTION_REFUSED
events:1  Failed to load resource: net::ERR_CONNECTION_REFUSED
events:1  Failed to load resource: net::ERR_CONNECTION_REFUSED
events:1  Failed to load resource: net::ERR_CONNECTION_REFUSED
events:1  Failed to load resource: net::ERR_CONNECTION_REFUSED
events:1  Failed to load resource: net::ERR_CONNECTION_REFUSED
events:1  Failed to load resource: net::ERR_CONNECTION_REFUSED
events:1  Failed to load resource: net::ERR_CONNECTION_REFUSED
events:1  Failed to load resource: net::ERR_CONNECTION_REFUSED
events:1  Failed to load resource: net::ERR_CONNECTION_REFUSED
events:1  Failed to load resource: net::ERR_CONNECTION_REFUSED
events:1  Failed to load resource: net::ERR_CONNECTION_REFUSED
events:1  Failed to load resource: net::ERR_CONNECTION_REFUSED
events:1  Failed to load resource: net::ERR_CONNECTION_REFUSED
events:1  Failed to load resource: net::ERR_CONNECTION_REFUSED
events:1  Failed to load resource: net::ERR_CONNECTION_REFUSED
events:1  Failed to load resource: net::ERR_CONNECTION_REFUSED
events:1  Failed to load resource: net::ERR_CONNECTION_REFUSED
events:1  Failed to load resource: net::ERR_CONNECTION_REFUSED
events:1  Failed to load resource: net::ERR_CONNECTION_REFUSED
events:1  Failed to load resource: net::ERR_CONNECTION_REFUSED
events:1  Failed to load resource: net::ERR_CONNECTION_REFUSED
events:1  Failed to load resource: net::ERR_CONNECTION_REFUSED
events:1  Failed to load resource: net::ERR_CONNECTION_REFUSED
events:1  Failed to load resource: net::ERR_CONNECTION_REFUSED
events:1  Failed to load resource: net::ERR_CONNECTION_REFUSED
events:1  Failed to load resource: net::ERR_CONNECTION_REFUSED
events:1  Failed to load resource: net::ERR_CONNECTION_REFUSED
events:1  Failed to load resource: net::ERR_CONNECTION_REFUSED
events:1  Failed to load resource: net::ERR_CONNECTION_REFUSED
events:1  Failed to load resource: net::ERR_CONNECTION_REFUSED
events:1  Failed to load resource: net::ERR_CONNECTION_REFUSED
events:1  Failed to load resource: net::ERR_CONNECTION_REFUSED
events:1  Failed to load resource: net::ERR_CONNECTION_REFUSED
events:1  Failed to load resource: net::ERR_CONNECTION_REFUSED
events:1  Failed to load resource: net::ERR_CONNECTION_REFUSED
events:1  Failed to load resource: net::ERR_CONNECTION_REFUSED
events:1  Failed to load resource: net::ERR_CONNECTION_REFUSED
events:1  Failed to load resource: net::ERR_CONNECTION_REFUSED
events:1  Failed to load resource: net::ERR_CONNECTION_REFUSED
events:1  Failed to load resource: net::ERR_CONNECTION_REFUSED
events:1  Failed to load resource: net::ERR_CONNECTION_REFUSED
events:1  Failed to load resource: net::ERR_CONNECTION_REFUSED
events:1  Failed to load resource: net::ERR_CONNECTION_REFUSED
events:1  Failed to load resource: net::ERR_CONNECTION_REFUSED
events:1  Failed to load resource: net::ERR_CONNECTION_REFUSED
events:1  Failed to load resource: net::ERR_CONNECTION_REFUSED
events:1  Failed to load resource: net::ERR_CONNECTION_REFUSED
events:1  Failed to load resource: net::ERR_CONNECTION_REFUSED
events:1  Failed to load resource: net::ERR_CONNECTION_REFUSED
events:1  Failed to load resource: net::ERR_CONNECTION_REFUSED
events:1  Failed to load resource: net::ERR_CONNECTION_REFUSED
events:1  Failed to load resource: net::ERR_CONNECTION_REFUSED
events:1  Failed to load resource: net::ERR_CONNECTION_REFUSED
events:1  Failed to load resource: net::ERR_CONNECTION_REFUSED
events:1  Failed to load resource: net::ERR_CONNECTION_REFUSED
events:1  Failed to load resource: net::ERR_CONNECTION_REFUSED
events:1  Failed to load resource: net::ERR_CONNECTION_REFUSED
events:1  Failed to load resource: net::ERR_CONNECTION_REFUSED
events:1  Failed to load resource: net::ERR_CONNECTION_REFUSED
events:1  Failed to load resource: net::ERR_CONNECTION_REFUSED
events:1  Failed to load resource: net::ERR_CONNECTION_REFUSED
events:1  Failed to load resource: net::ERR_CONNECTION_REFUSED
events:1  Failed to load resource: net::ERR_CONNECTION_REFUSED
events:1  Failed to load resource: net::ERR_CONNECTION_REFUSED
events:1  Failed to load resource: net::ERR_CONNECTION_REFUSED
events:1  Failed to load resource: net::ERR_CONNECTION_REFUSED
events:1  Failed to load resource: net::ERR_CONNECTION_REFUSED
events:1  Failed to load resource: net::ERR_CONNECTION_REFUSED
events:1  Failed to load resource: net::ERR_CONNECTION_REFUSED
events:1  Failed to load resource: net::ERR_CONNECTION_REFUSED
events:1  Failed to load resource: net::ERR_CONNECTION_REFUSED
events:1  Failed to load resource: net::ERR_CONNECTION_REFUSED
events:1  Failed to load resource: net::ERR_CONNECTION_REFUSED
events:1  Failed to load resource: net::ERR_CONNECTION_REFUSED
events:1  Failed to load resource: net::ERR_CONNECTION_REFUSED
events:1  Failed to load resource: net::ERR_CONNECTION_REFUSED
events:1  Failed to load resource: net::ERR_CONNECTION_REFUSED
events:1  Failed to load resource: net::ERR_CONNECTION_REFUSED
events:1  Failed to load resource: net::ERR_CONNECTION_REFUSED
events:1  Failed to load resource: net::ERR_CONNECTION_REFUSED
events:1  Failed to load resource: net::ERR_CONNECTION_REFUSED
events:1  Failed to load resource: net::ERR_CONNECTION_REFUSED
events:1  Failed to load resource: net::ERR_CONNECTION_REFUSED
events:1  Failed to load resource: net::ERR_CONNECTION_REFUSED
events:1  Failed to load resource: net::ERR_CONNECTION_REFUSED
events:1  Failed to load resource: net::ERR_CONNECTION_REFUSED
events:1  Failed to load resource: net::ERR_CONNECTION_REFUSED
events:1  Failed to load resource: net::ERR_CONNECTION_REFUSED
events:1  Failed to load resource: net::ERR_CONNECTION_REFUSED
events:1  Failed to load resource: net::ERR_CONNECTION_REFUSED
events:1  Failed to load resource: net::ERR_CONNECTION_REFUSED
events:1  Failed to load resource: net::ERR_CONNECTION_REFUSED
events:1  Failed to load resource: net::ERR_CONNECTION_REFUSED
events:1  Failed to load resource: net::ERR_CONNECTION_REFUSED
events:1  Failed to load resource: net::ERR_CONNECTION_REFUSED
events:1  Failed to load resource: net::ERR_CONNECTION_REFUSED
events:1  Failed to load resource: net::ERR_CONNECTION_REFUSED
events:1  Failed to load resource: net::ERR_CONNECTION_REFUSED
events:1  Failed to load resource: net::ERR_CONNECTION_REFUSED
events:1  Failed to load resource: net::ERR_CONNECTION_REFUSED
events:1  Failed to load resource: net::ERR_CONNECTION_REFUSED
events:1  Failed to load resource: net::ERR_CONNECTION_REFUSED
events:1  Failed to load resource: net::ERR_CONNECTION_REFUSED
events:1  Failed to load resource: net::ERR_CONNECTION_REFUSED
events:1  Failed to load resource: net::ERR_CONNECTION_REFUSED
events:1  Failed to load resource: net::ERR_CONNECTION_REFUSED
events:1  Failed to load resource: net::ERR_CONNECTION_REFUSED
events:1  Failed to load resource: net::ERR_CONNECTION_REFUSED
events:1  Failed to load resource: net::ERR_CONNECTION_REFUSED
events:1  Failed to load resource: net::ERR_CONNECTION_REFUSED
events:1  Failed to load resource: net::ERR_CONNECTION_REFUSED
events:1  Failed to load resource: net::ERR_CONNECTION_REFUSED
events:1  Failed to load resource: net::ERR_CONNECTION_REFUSED
events:1  Failed to load resource: net::ERR_CONNECTION_REFUSED
events:1  Failed to load resource: net::ERR_CONNECTION_REFUSED
events:1  Failed to load resource: net::ERR_CONNECTION_REFUSED
events:1  Failed to load resource: net::ERR_CONNECTION_REFUSED
events:1  Failed to load resource: net::ERR_CONNECTION_REFUSED
events:1  Failed to load resource: net::ERR_CONNECTION_REFUSED
events:1  Failed to load resource: net::ERR_CONNECTION_REFUSED
events:1  Failed to load resource: net::ERR_CONNECTION_REFUSED
events:1  Failed to load resource: net::ERR_CONNECTION_REFUSED
events:1  Failed to load resource: net::ERR_CONNECTION_REFUSED
events:1  Failed to load resource: net::ERR_CONNECTION_REFUSED
events:1  Failed to load resource: net::ERR_CONNECTION_REFUSED
events:1  Failed to load resource: net::ERR_CONNECTION_REFUSED
events:1  Failed to load resource: net::ERR_CONNECTION_REFUSED
events:1  Failed to load resource: net::ERR_CONNECTION_REFUSED
events:1  Failed to load resource: net::ERR_CONNECTION_REFUSED
events:1  Failed to load resource: net::ERR_CONNECTION_REFUSED
events:1  Failed to load resource: net::ERR_CONNECTION_REFUSED
events:1  Failed to load resource: net::ERR_CONNECTION_REFUSED
events:1  Failed to load resource: net::ERR_CONNECTION_REFUSED
events:1  Failed to load resource: net::ERR_CONNECTION_REFUSED
events:1  Failed to load resource: net::ERR_CONNECTION_REFUSED
events:1  Failed to load resource: net::ERR_CONNECTION_REFUSED
events:1  Failed to load resource: net::ERR_CONNECTION_REFUSED
events:1  Failed to load resource: net::ERR_CONNECTION_REFUSED
events:1  Failed to load resource: net::ERR_CONNECTION_REFUSED
events:1  Failed to load resource: net::ERR_CONNECTION_REFUSED
events:1  Failed to load resource: net::ERR_CONNECTION_REFUSED
events:1  Failed to load resource: net::ERR_CONNECTION_REFUSED
events:1  Failed to load resource: net::ERR_CONNECTION_REFUSED
events:1  Failed to load resource: net::ERR_CONNECTION_REFUSED
events:1  Failed to load resource: net::ERR_CONNECTION_REFUSED
events:1  Failed to load resource: net::ERR_CONNECTION_REFUSED
events:1  Failed to load resource: net::ERR_CONNECTION_REFUSED
events:1  Failed to load resource: net::ERR_CONNECTION_REFUSED
events:1  Failed to load resource: net::ERR_CONNECTION_REFUSED
events:1  Failed to load resource: net::ERR_CONNECTION_REFUSED
events:1  Failed to load resource: net::ERR_CONNECTION_REFUSED
events:1  Failed to load resource: net::ERR_CONNECTION_REFUSED
events:1  Failed to load resource: net::ERR_CONNECTION_REFUSED
events:1  Failed to load resource: net::ERR_CONNECTION_REFUSED
events:1  Failed to load resource: net::ERR_CONNECTION_REFUSED
events:1  Failed to load resource: net::ERR_CONNECTION_REFUSED
events:1  Failed to load resource: net::ERR_CONNECTION_REFUSED
events:1  Failed to load resource: net::ERR_CONNECTION_REFUSED
events:1  Failed to load resource: net::ERR_CONNECTION_REFUSED
events:1  Failed to load resource: net::ERR_CONNECTION_REFUSED
events:1  Failed to load resource: net::ERR_CONNECTION_REFUSED
events:1  Failed to load resource: net::ERR_CONNECTION_REFUSED
events:1  Failed to load resource: net::ERR_CONNECTION_REFUSED
events:1  Failed to load resource: net::ERR_CONNECTION_REFUSED
events:1  Failed to load resource: net::ERR_CONNECTION_REFUSED
events:1  Failed to load resource: net::ERR_CONNECTION_REFUSED
events:1  Failed to load resource: net::ERR_CONNECTION_REFUSED
events:1  Failed to load resource: net::ERR_CONNECTION_REFUSED
events:1  Failed to load resource: net::ERR_CONNECTION_REFUSED
events:1  Failed to load resource: net::ERR_CONNECTION_REFUSED
events:1  Failed to load resource: net::ERR_CONNECTION_REFUSED
events:1  Failed to load resource: net::ERR_CONNECTION_REFUSED
events:1  Failed to load resource: net::ERR_CONNECTION_REFUSED
events:1  Failed to load resource: net::ERR_CONNECTION_REFUSED
events:1  Failed to load resource: net::ERR_CONNECTION_REFUSED
events:1  Failed to load resource: net::ERR_CONNECTION_REFUSED
events:1  Failed to load resource: net::ERR_CONNECTION_REFUSED
events:1  Failed to load resource: net::ERR_CONNECTION_REFUSED
events:1  Failed to load resource: net::ERR_CONNECTION_REFUSED
events:1  Failed to load resource: net::ERR_CONNECTION_REFUSED
events:1  Failed to load resource: net::ERR_CONNECTION_REFUSED
events:1  Failed to load resource: net::ERR_CONNECTION_REFUSED
report:1  Failed to load resource: net::ERR_CONNECTION_REFUSED
Navigated to http://127.0.0.2:8080/_forensic/report
placeholder_chips.js:56 [forensic] placeholder_chips.js: window.PlaceholderChips exportiert
placeholder_wizard.js:75 [forensic] placeholder_wizard.js: window.PlaceholderWizard exportiert
module_panel.js:77 [forensic] module_panel.js: window.ModulePanel exportiert
annotation_sidebar.js:58 [forensic] annotation_sidebar.js: window.AnnotationSidebar exportiert
report_editor.js:86 [forensic] report_editor.js: Exports auf window gesetzt
userinfo.js:67 [forensic] DOMContentLoaded: userinfo.js aktiv
userinfo.js:67 [forensic] initEditor() gestartet
userinfo.js:67 [forensic] initSSEWindow3() gestartet
userinfo.js:67 [forensic] acquireLock() aufgerufen, sseClientId= 1750f6d6-7633-4f31-a805-0348f61b4361
report_editor.js:86 [forensic] initEditorModule() gestartet
report_editor.js:86 [forensic] _initSidebarAccordion() gestartet
report_editor.js:86 [forensic] _initDragDrop: Drop-Zone registriert auf #editorjs-holder
report_editor.js:86 [forensic] initReportSelector() gestartet
favicon.ico:1  GET http://127.0.0.2:8080/favicon.ico 404 (Not Found)
report_editor.js:86 [forensic] loadReport() report_id= 2 type= interim
report_editor.js:457 report_editor.js: _knownBlockIds initialisiert, 68 Bloecke geladen.
report_editor.js:86 [forensic] _initEditorJs(): window.EditorJS= true
report_editor.js:86 [forensic] _initSidebarAccordion() gestartet
report_editor.js:643 report_editor.js: Editor bereit, report_id= 2 | readOnly= false
report_editor.js:688 report_editor.js: Initialisierungs-Guard freigegeben.
report_editor.js:675 [forensic] _captureRange: alt= null → neu: blockId= ? blockIdx= -1 startOffset= 1
report_editor.js:675 [forensic] _captureRange: alt= blockId=? offset=1 → neu: blockId= ? blockIdx= -1 startOffset= 1
report_editor.js:675 [forensic] _captureRange: alt= blockId=? offset=0 → neu: blockId= ? blockIdx= -1 startOffset= 1
report_editor.js:675 [forensic] _captureRange: alt= blockId=? offset=1 → neu: blockId= ? blockIdx= -1 startOffset= 1
report_editor.js:675 [forensic] _captureRange: alt= blockId=? offset=0 → neu: blockId= ? blockIdx= -1 startOffset= 1
report_editor.js:675 [forensic] _captureRange: alt= blockId=? offset=1 → neu: blockId= ? blockIdx= -1 startOffset= 1
report_editor.js:675 [forensic] _captureRange: alt= blockId=? offset=0 → neu: blockId= ? blockIdx= -1 startOffset= 1
report_editor.js:675 [forensic] _captureRange: alt= blockId=? offset=1 → neu: blockId= ? blockIdx= -1 startOffset= 1
report_editor.js:675 [forensic] _captureRange: alt= blockId=? offset=0 → neu: blockId= ? blockIdx= -1 startOffset= 1
report_editor.js:675 [forensic] _captureRange: alt= blockId=? offset=1 → neu: blockId= ? blockIdx= -1 startOffset= 1
report_editor.js:675 [forensic] _captureRange: alt= blockId=? offset=0 → neu: blockId= ? blockIdx= -1 startOffset= 1
report_editor.js:675 [forensic] _captureRange: alt= blockId=? offset=1 → neu: blockId= ? blockIdx= -1 startOffset= 1
report_editor.js:675 [forensic] _captureRange: alt= blockId=? offset=0 → neu: blockId= ? blockIdx= -1 startOffset= 1
report_editor.js:675 [forensic] _captureRange: alt= blockId=? offset=1 → neu: blockId= ? blockIdx= -1 startOffset= 1
report_editor.js:675 [forensic] _captureRange: alt= blockId=? offset=0 → neu: blockId= ? blockIdx= -1 startOffset= 1
report_editor.js:675 [forensic] _captureRange: alt= blockId=? offset=1 → neu: blockId= ? blockIdx= -1 startOffset= 1
report_editor.js:86 [forensic] Drop: Ziel-Index= 7 von 60 Bloecken
report_editor.js:86 [forensic] Drop (Annotation): annId= 8 targetIdx= 7
report_editor.js:86 [forensic] insertEvidenceBlockFromAnnotation: annId= 8
report_editor.js:86 [forensic] insertEvidenceBlockFromAnnotation: nach Block 6 -> idx 7
report_editor.js:86 [forensic] insertEvidenceBlockFromAnnotation: neuer Block id= y-0yiIL8T_
annotation_sidebar.js:58 [forensic] notifyAnchored: annId= 8
report_editor.js:86 [forensic] insertEvidenceBlockFromAnnotation: Sidebar benachrichtigt für annId= 8
report_editor.js:1720 report_editor.js: Auto-Save gestartet, report_id= 2 | bekannte Block-IDs: 68
report_editor.js:1792 report_editor.js: Geloeschte Bloecke erkannt: (8) ['5VR4YV1DKj', 'gyuYSZ03Eh', '_fXvyjaO70', 'ZhpWVhAo7h', '0tbLku37XJ', 's1EKXKACox', 'y6Hel26Cf9', 'a6I-NPWFfk']
report_editor.js:1803 report_editor.js: Block geloescht: 5VR4YV1DKj | Status: 200
report_editor.js:1803 report_editor.js: Block geloescht: gyuYSZ03Eh | Status: 200
report_editor.js:1803 report_editor.js: Block geloescht: _fXvyjaO70 | Status: 200
report_editor.js:1803 report_editor.js: Block geloescht: ZhpWVhAo7h | Status: 200
report_editor.js:1803 report_editor.js: Block geloescht: 0tbLku37XJ | Status: 200
report_editor.js:1803 report_editor.js: Block geloescht: s1EKXKACox | Status: 200
report_editor.js:1803 report_editor.js: Block geloescht: y6Hel26Cf9 | Status: 200
report_editor.js:1803 report_editor.js: Block geloescht: a6I-NPWFfk | Status: 200
report_editor.js:1834 report_editor.js: Auto-Save abgeschlossen. | Bloecke gespeichert: 61 | Bloecke geloescht: 8
report_editor.js:86 [forensic] EvidenceBlock.drop: annId= 5 in Block {evidence_ids: Array(1), group_label: '', display_mode: 'list'}
annotation_sidebar.js:58 [forensic] notifyAnchored: annId= 5
report_editor.js:86 [forensic] _addEvidence: Sidebar benachrichtigt für annId= 5
report_editor.js:86 [forensic] EvidenceBlock.drop: annId= 7 in Block {evidence_ids: Array(2), group_label: '', display_mode: 'list'}
annotation_sidebar.js:58 [forensic] notifyAnchored: annId= 7
report_editor.js:86 [forensic] _addEvidence: Sidebar benachrichtigt für annId= 7
report_editor.js:675 [forensic] _captureRange: alt= blockId=? offset=0 → neu: blockId= ? blockIdx= -1 startOffset= 1
report_editor.js:675 [forensic] _captureRange: alt= blockId=? offset=1 → neu: blockId= ? blockIdx= -1 startOffset= 1
report_editor.js:86 [forensic] _reloadEditorContent(): Starte Neuladen fuer report_id= 2
report_editor.js:86 [forensic] _reloadEditorContent(): Abgeschlossen. 61 Bloecke geladen.
report_editor.js:86 [forensic] _initSidebarAccordion() gestartet
report_editor.js:643 report_editor.js: Editor bereit, report_id= 2 | readOnly= false
report_editor.js:688 report_editor.js: Initialisierungs-Guard freigegeben.
report_editor.js:675 [forensic] _captureRange: alt= blockId=? offset=0 → neu: blockId= ? blockIdx= -1 startOffset= 1
report_editor.js:675 [forensic] _captureRange: alt= blockId=? offset=1 → neu: blockId= ? blockIdx= -1 startOffset= 1
report_editor.js:1720 report_editor.js: Auto-Save gestartet, report_id= 2 | bekannte Block-IDs: 61
report_editor.js:1792 report_editor.js: Geloeschte Bloecke erkannt: ['y-0yiIL8T_']
report_editor.js:1803 report_editor.js: Block geloescht: y-0yiIL8T_ | Status: 200
report_editor.js:1834 report_editor.js: Auto-Save abgeschlossen. | Bloecke gespeichert: 60 | Bloecke geloescht: 1
report_editor.js:86 [forensic] _reloadEditorContent(): Starte Neuladen fuer report_id= 2
report_editor.js:86 [forensic] _reloadEditorContent(): Abgeschlossen. 60 Bloecke geladen.
report_editor.js:86 [forensic] _initSidebarAccordion() gestartet
report_editor.js:643 report_editor.js: Editor bereit, report_id= 2 | readOnly= false
report_editor.js:688 report_editor.js: Initialisierungs-Guard freigegeben.
report_editor.js:1720 report_editor.js: Auto-Save gestartet, report_id= 2 | bekannte Block-IDs: 60
report_editor.js:1834 report_editor.js: Auto-Save abgeschlossen. | Bloecke gespeichert: 60 | Bloecke geloescht: 0
report_editor.js:86 [forensic] Drop: Ziel-Index= 7 von 60 Bloecken
report_editor.js:86 [forensic] Drop (Annotation): annId= 3 targetIdx= 7
report_editor.js:86 [forensic] insertEvidenceBlockFromAnnotation: annId= 3
report_editor.js:86 [forensic] insertEvidenceBlockFromAnnotation: nach Block 6 -> idx 7
report_editor.js:86 [forensic] insertEvidenceBlockFromAnnotation: neuer Block id= Y_dclr0bnb
annotation_sidebar.js:58 [forensic] notifyAnchored: annId= 3
report_editor.js:86 [forensic] insertEvidenceBlockFromAnnotation: Sidebar benachrichtigt für annId= 3
report_editor.js:86 [forensic] EvidenceBlock.drop: annId= 4 in Block {evidence_ids: Array(1), group_label: '', display_mode: 'list'}
annotation_sidebar.js:58 [forensic] notifyAnchored: annId= 4
report_editor.js:86 [forensic] _addEvidence: Sidebar benachrichtigt für annId= 4
report_editor.js:1720 report_editor.js: Auto-Save gestartet, report_id= 2 | bekannte Block-IDs: 60
report_editor.js:1834 report_editor.js: Auto-Save abgeschlossen. | Bloecke gespeichert: 61 | Bloecke geloescht: 0
report_editor.js:675 [forensic] _captureRange: alt= blockId=? offset=0 → neu: blockId= Y_dclr0bnb blockIdx= 7 startOffset= 0
report_editor.js:1720 report_editor.js: Auto-Save gestartet, report_id= 2 | bekannte Block-IDs: 61
report_editor.js:1834 report_editor.js: Auto-Save abgeschlossen. | Bloecke gespeichert: 61 | Bloecke geloescht: 0
