editorjs.mjs:136 Block «paragraph» skipped because saved data is invalid
debug_events.js:216 [TRACE][USER] focus → <div.ce-paragraph.cdx-block>
debug_events.js:216 [TRACE][USER] mousedown → <div.as-ann-meta>
debug_events.js:216 [TRACE][USER] blur → <div.ce-paragraph.cdx-block>
debug_events.js:216 [TRACE][USER] dragstart → <div.as-annotation>
debug_events.js:162 [USER]     [annotation_sidebar] dragstart:as-annotation — Drag&Drop
editorjs.mjs:136 Block «paragraph» skipped because saved data is invalid
debug_events.js:216 [TRACE][USER] dragover → <div.as-ann-meta>
debug_events.js:216 [TRACE][USER] dragover → <div.as-ann-meta>
debug_events.js:216 [TRACE][USER] dragover → <div.as-ann-meta>
debug_events.js:216 [TRACE][USER] dragover → <div.as-ann-meta>
debug_events.js:216 [TRACE][USER] dragover → <span.as-ann-date>
debug_events.js:216 [TRACE][USER] dragover → <div#editorjs-holder.editorjs-holder>
debug_events.js:216 [TRACE][USER] dragover → <div#editorjs-holder.editorjs-holder.editorjs-holder--drag-over>
debug_events.js:216 [TRACE][USER] dragover → <div#editorjs-holder.editorjs-holder.editorjs-holder--drag-over>
debug_events.js:216 [TRACE][USER] dragover → <div#editorjs-holder.editorjs-holder.editorjs-holder--drag-over>
debug_events.js:216 [TRACE][USER] dragover → <div#editorjs-holder.editorjs-holder.editorjs-holder--drag-over>
debug_events.js:216 [TRACE][USER] dragover → <div#editorjs-holder.editorjs-holder.editorjs-holder--drag-over>
debug_events.js:216 [TRACE][USER] dragover → <div#editorjs-holder.editorjs-holder.editorjs-holder--drag-over>
debug_events.js:216 [TRACE][USER] dragover → <div#editorjs-holder.editorjs-holder.editorjs-holder--drag-over>
debug_events.js:216 [TRACE][USER] dragover → <div#editorjs-holder.editorjs-holder.editorjs-holder--drag-over>
debug_events.js:216 [TRACE][USER] dragover → <div#editorjs-holder.editorjs-holder.editorjs-holder--drag-over>
debug_events.js:216 [TRACE][USER] dragover → <div#editorjs-holder.editorjs-holder.editorjs-holder--drag-over>
debug_events.js:216 [TRACE][USER] dragover → <div#editorjs-holder.editorjs-holder.editorjs-holder--drag-over>
debug_events.js:216 [TRACE][USER] dragover → <div#editorjs-holder.editorjs-holder.editorjs-holder--drag-over>
debug_events.js:216 [TRACE][USER] dragover → <div#editorjs-holder.editorjs-holder.editorjs-holder--drag-over>
debug_events.js:216 [TRACE][USER] dragover → <div#editorjs-holder.editorjs-holder.editorjs-holder--drag-over>
debug_events.js:216 [TRACE][USER] dragover → <div#editorjs-holder.editorjs-holder.editorjs-holder--drag-over>
debug_events.js:216 [TRACE][USER] dragover → <div#editorjs-holder.editorjs-holder.editorjs-holder--drag-over>
debug_events.js:216 [TRACE][USER] dragover → <div#editorjs-holder.editorjs-holder.editorjs-holder--drag-over>
debug_events.js:216 [TRACE][USER] dragover → <div#editorjs-holder.editorjs-holder.editorjs-holder--drag-over>
debug_events.js:216 [TRACE][USER] dragover → <div#editorjs-holder.editorjs-holder.editorjs-holder--drag-over>
debug_events.js:216 [TRACE][USER] dragover → <div#editorjs-holder.editorjs-holder.editorjs-holder--drag-over>
debug_events.js:216 [TRACE][USER] dragover → <div#editorjs-holder.editorjs-holder.editorjs-holder--drag-over>
debug_events.js:216 [TRACE][USER] dragover → <div#editorjs-holder.editorjs-holder.editorjs-holder--drag-over>
debug_events.js:216 [TRACE][USER] dragover → <div#editorjs-holder.editorjs-holder.editorjs-holder--drag-over>
debug_events.js:216 [TRACE][USER] dragover → <div#editorjs-holder.editorjs-holder.editorjs-holder--drag-over>
debug_events.js:216 [TRACE][USER] dragover → <div#editorjs-holder.editorjs-holder.editorjs-holder--drag-over>
debug_events.js:216 [TRACE][USER] dragover → <div#editorjs-holder.editorjs-holder.editorjs-holder--drag-over>
debug_events.js:216 [TRACE][USER] dragover → <div#editorjs-holder.editorjs-holder.editorjs-holder--drag-over>
debug_events.js:216 [TRACE][USER] dragover → <div#editorjs-holder.editorjs-holder.editorjs-holder--drag-over>
debug_events.js:216 [TRACE][USER] dragover → <div#editorjs-holder.editorjs-holder.editorjs-holder--drag-over>
debug_events.js:216 [TRACE][USER] dragover → <div#editorjs-holder.editorjs-holder.editorjs-holder--drag-over>
debug_events.js:216 [TRACE][USER] dragover → <div#editorjs-holder.editorjs-holder.editorjs-holder--drag-over>
debug_events.js:216 [TRACE][USER] dragover → <div#editorjs-holder.editorjs-holder.editorjs-holder--drag-over>
debug_events.js:216 [TRACE][USER] dragover → <div#editorjs-holder.editorjs-holder.editorjs-holder--drag-over>
debug_events.js:216 [TRACE][USER] drop → <div#editorjs-holder.editorjs-holder.editorjs-holder--drag-over>
debug_events.js:216 [TRACE][USER] focus → <div.ce-paragraph.cdx-block>
debug_events.js:162 [USER]     [report_editor] drop:editorjs-holder — Drag&Drop
report_editor.js:90 [forensic] Drop: Ziel-Index= 1 von 1 Bloecken
report_editor.js:90 [forensic] Drop (Annotation): annId= 78 targetIdx= 1
report_editor.js:90 [forensic] insertEvidenceBlockFromAnnotation: annId= 78
report_editor.js:90 [forensic] insertEvidenceBlockFromAnnotation: nach Block 0 -> idx 1
report_editor.js:90 [forensic] insertEvidenceBlockFromAnnotation: neuer Block id= 0p-cFf-EBj
debug_events.js:216 [TRACE][USER] dragend → <div.as-annotation.as-annotation--dragging>
debug_events.js:174 [USER]     [annotation_sidebar] dragend:as-annotation — Drag&Drop
document_layer.js:394  POST http://127.0.0.2:8080/_forensic/report 423 (Locked)
_sendRequest @ document_layer.js:394
_docSend @ report_editor.js:230
insertEvidenceBlockFromAnnotation @ report_editor.js:2761
await in insertEvidenceBlockFromAnnotation
(anonymous) @ report_editor.js:3083
document_layer.js:462 [DocumentLayer] _sendRequest: Server-Fehler 423 add_anchor {error: 'Lock erforderlich', code: 'LOCK_REQUIRED'}
annotation_sidebar.js:58 [forensic] notifyAnchored: annId= 78
report_editor.js:90 [forensic] insertEvidenceBlockFromAnnotation: Sidebar benachrichtigt für annId= 78
editorjs.mjs:136 Block «paragraph» skipped because saved data is invalid
report_editor.js:90 [forensic] onChange: Block-Anzahl geaendert: Editor= 2  / _currentBlocks= 0  — bereinige _currentBlocks und Formular-Refresh (Bug 2.98/2.121)
editorjs.mjs:136 Block «paragraph» skipped because saved data is invalid
report_editor.js:90 [forensic] onChange: sofortiger delete_block fuer (3) ['xHX1O2lLCQ', 'IvCu_ylza2', 'ugsrjyjbcJ']
document_layer.js:394  POST http://127.0.0.2:8080/_forensic/report 423 (Locked)
_sendRequest @ document_layer.js:394
_docSend @ report_editor.js:230
(anonymous) @ report_editor.js:818
onChange @ report_editor.js:817
await in onChange
(anonymous) @ editorjs.mjs:8564
setTimeout
particularBlockChanged @ editorjs.mjs:8562
(anonymous) @ editorjs.mjs:8529
(anonymous) @ editorjs.mjs:889
emit @ editorjs.mjs:888
blockDidMutated @ editorjs.mjs:7902
insert @ editorjs.mjs:7522
(anonymous) @ editorjs.mjs:1995
insertEvidenceBlockFromAnnotation @ report_editor.js:2742
(anonymous) @ report_editor.js:3083
document_layer.js:462 [DocumentLayer] _sendRequest: Server-Fehler 423 delete_block {error: 'Lock erforderlich', code: 'LOCK_REQUIRED'}
document_layer.js:394  POST http://127.0.0.2:8080/_forensic/report 423 (Locked)
_sendRequest @ document_layer.js:394
_docSend @ report_editor.js:230
(anonymous) @ report_editor.js:818
onChange @ report_editor.js:817
await in onChange
(anonymous) @ editorjs.mjs:8564
setTimeout
particularBlockChanged @ editorjs.mjs:8562
(anonymous) @ editorjs.mjs:8529
(anonymous) @ editorjs.mjs:889
emit @ editorjs.mjs:888
blockDidMutated @ editorjs.mjs:7902
insert @ editorjs.mjs:7522
(anonymous) @ editorjs.mjs:1995
insertEvidenceBlockFromAnnotation @ report_editor.js:2742
(anonymous) @ report_editor.js:3083
document_layer.js:462 [DocumentLayer] _sendRequest: Server-Fehler 423 delete_block {error: 'Lock erforderlich', code: 'LOCK_REQUIRED'}
document_layer.js:394  POST http://127.0.0.2:8080/_forensic/report 423 (Locked)
_sendRequest @ document_layer.js:394
_docSend @ report_editor.js:230
(anonymous) @ report_editor.js:818
onChange @ report_editor.js:817
await in onChange
(anonymous) @ editorjs.mjs:8564
setTimeout
particularBlockChanged @ editorjs.mjs:8562
(anonymous) @ editorjs.mjs:8529
(anonymous) @ editorjs.mjs:889
emit @ editorjs.mjs:888
blockDidMutated @ editorjs.mjs:7902
insert @ editorjs.mjs:7522
(anonymous) @ editorjs.mjs:1995
insertEvidenceBlockFromAnnotation @ report_editor.js:2742
(anonymous) @ report_editor.js:3083
document_layer.js:462 [DocumentLayer] _sendRequest: Server-Fehler 423 delete_block {error: 'Lock erforderlich', code: 'LOCK_REQUIRED'}
placeholder_wizard.js:189 [PlaceholderWizard] showPlaceholderForm: blocks= 1 focusedId= 0p-cFf-EBj onSave= function myUsername= paul
editorjs.mjs:136 Block «paragraph» skipped because saved data is invalid
debug_events.js:216 [TRACE][USER] mousedown → <div.as-ann-source>
debug_events.js:216 [TRACE][USER] blur → <div.ce-paragraph.cdx-block>
debug_events.js:216 [TRACE][USER] dragstart → <div.as-annotation>
debug_events.js:162 [USER]     [annotation_sidebar] dragstart:as-annotation — Drag&Drop
debug_events.js:216 [TRACE][USER] dragover → <div.as-ann-source>
debug_events.js:216 [TRACE][USER] dragover → <div.as-ann-source>
debug_events.js:216 [TRACE][USER] dragover → <div.as-ann-source>
debug_events.js:216 [TRACE][USER] dragover → <div.as-ann-source>
debug_events.js:216 [TRACE][USER] dragover → <div.as-ann-source>
debug_events.js:216 [TRACE][USER] dragover → <div.as-ann-source>
debug_events.js:216 [TRACE][USER] dragover → <button.as-btn.as-btn-anchor>
editorjs.mjs:136 Block «paragraph» skipped because saved data is invalid
debug_events.js:216 [TRACE][USER] dragover → <div.ce-block.block-wrapper--own>
debug_events.js:216 [TRACE][USER] dragover → <div.ce-block.block-wrapper--own.ce-block--drop-target>
debug_events.js:216 [TRACE][USER] dragover → <div.ce-block.block-wrapper--own.ce-block--drop-target>
debug_events.js:216 [TRACE][USER] dragover → <div.ce-block.block-wrapper--own.ce-block--drop-target>
debug_events.js:216 [TRACE][USER] dragover → <div.ce-block.block-wrapper--own.ce-block--drop-target>
debug_events.js:216 [TRACE][USER] dragover → <div.ce-block.block-wrapper--own.ce-block--drop-target>
debug_events.js:216 [TRACE][USER] dragover → <div.ce-block.block-wrapper--own.ce-block--drop-target>
debug_events.js:216 [TRACE][USER] dragover → <div.ce-block.block-wrapper--own.ce-block--drop-target>
debug_events.js:216 [TRACE][USER] dragover → <div.ce-block.block-wrapper--own.ce-block--drop-target>
debug_events.js:216 [TRACE][USER] dragover → <div.ce-block.block-wrapper--own.ce-block--drop-target>
debug_events.js:216 [TRACE][USER] dragover → <div.ce-block.block-wrapper--own.ce-block--drop-target>
debug_events.js:216 [TRACE][USER] dragover → <div.ce-block.block-wrapper--own.ce-block--drop-target>
debug_events.js:216 [TRACE][USER] dragover → <div.evidence-block.evidence-block--mode-list>
debug_events.js:216 [TRACE][USER] dragover → <td.evidence-item-value>
debug_events.js:216 [TRACE][USER] dragover → <td.evidence-item-value>
debug_events.js:216 [TRACE][USER] dragover → <td.evidence-item-value>
debug_events.js:216 [TRACE][USER] dragover → <td.evidence-item-value>
debug_events.js:216 [TRACE][USER] dragover → <td.evidence-item-value>
debug_events.js:216 [TRACE][USER] dragover → <td.evidence-item-value>
debug_events.js:216 [TRACE][USER] dragover → <td.evidence-item-value>
debug_events.js:216 [TRACE][USER] dragover → <td.evidence-item-value>
debug_events.js:216 [TRACE][USER] dragover → <td.evidence-item-value>
debug_events.js:216 [TRACE][USER] dragover → <td.evidence-item-value>
debug_events.js:216 [TRACE][USER] dragover → <td.evidence-item-value>
debug_events.js:216 [TRACE][USER] dragover → <td.evidence-item-value>
debug_events.js:216 [TRACE][USER] dragover → <td.evidence-item-value>
debug_events.js:216 [TRACE][USER] dragover → <td.evidence-item-value>
debug_events.js:216 [TRACE][USER] dragover → <td.evidence-item-value>
debug_events.js:216 [TRACE][USER] dragover → <td.evidence-item-value>
debug_events.js:216 [TRACE][USER] dragover → <td.evidence-item-value>
debug_events.js:216 [TRACE][USER] dragover → <td.evidence-item-value>
debug_events.js:216 [TRACE][USER] dragover → <td.evidence-item-value>
editorjs.mjs:136 Block «paragraph» skipped because saved data is invalid
debug_events.js:216 [TRACE][USER] dragover → <td.evidence-item-value>
editorjs.mjs:136 Block «paragraph» skipped because saved data is invalid
debug_events.js:216 [TRACE][USER] dragover → <td.evidence-item-value>
editorjs.mjs:136 Block «paragraph» skipped because saved data is invalid
debug_events.js:216 [TRACE][USER] dragover → <td.evidence-item-value>
editorjs.mjs:136 Block «paragraph» skipped because saved data is invalid
debug_events.js:216 [TRACE][USER] dragover → <td.evidence-item-value>
editorjs.mjs:136 Block «paragraph» skipped because saved data is invalid
debug_events.js:216 [TRACE][USER] dragover → <td.evidence-item-value>
editorjs.mjs:136 Block «paragraph» skipped because saved data is invalid
debug_events.js:216 [TRACE][USER] dragover → <td.evidence-item-value>
editorjs.mjs:136 Block «paragraph» skipped because saved data is invalid
debug_events.js:216 [TRACE][USER] dragover → <td.evidence-item-value>
debug_events.js:216 [TRACE][USER] drop → <td.evidence-item-value>
debug_events.js:216 [TRACE][USER] focus → <input.evidence-label-input>
debug_events.js:162 [USER]     [report_editor] drop:EvidenceBlock — Drag&Drop
report_editor.js:90 [forensic] EvidenceBlock.drop: annId= 74 in Block {evidence_ids: Array(1), group_label: '', display_mode: 'list'}
debug_events.js:216 [TRACE][USER] dragend → <div.as-annotation.as-annotation--dragging>
debug_events.js:174 [USER]     [annotation_sidebar] dragend:as-annotation — Drag&Drop
document_layer.js:394  POST http://127.0.0.2:8080/_forensic/report 423 (Locked)
_sendRequest @ document_layer.js:394
_docSend @ report_editor.js:230
_addEvidence @ report_editor.js:2616
(anonymous) @ report_editor.js:2415
document_layer.js:462 [DocumentLayer] _sendRequest: Server-Fehler 423 add_anchor {error: 'Lock erforderlich', code: 'LOCK_REQUIRED'}
report_editor.js:2622 report_editor.js: Evidence-Add fehlgeschlagen: 74
_addEvidence @ report_editor.js:2622
await in _addEvidence
(anonymous) @ report_editor.js:2415
editorjs.mjs:136 Block «paragraph» skipped because saved data is invalid
editorjs.mjs:136 Block «paragraph» skipped because saved data is invalid
placeholder_wizard.js:189 [PlaceholderWizard] showPlaceholderForm: blocks= 1 focusedId= 0p-cFf-EBj onSave= function myUsername= paul
debug_events.js:216 [TRACE][USER] mousedown → <button.evidence-remove-btn>
debug_events.js:174 [USER]     [report_editor] mousedown:captureRange — Mouse
report_editor.js:990 [forensic] _captureRange: alt= blockId=? offset=0 → neu: blockId= 0p-cFf-EBj blockIdx= 1 startOffset= 1
debug_events.js:216 [TRACE][USER] blur → <input.evidence-label-input>
debug_events.js:216 [TRACE][USER] focus → <button.evidence-remove-btn>
debug_events.js:216 [TRACE][USER] mouseup → <button.evidence-remove-btn>
debug_events.js:216 [TRACE][USER] click → <button.evidence-remove-btn>
debug_events.js:162 [USER]     [report_editor] click:evidence-remove-btn — Mouse
document_layer.js:394  POST http://127.0.0.2:8080/_forensic/report 423 (Locked)
_sendRequest @ document_layer.js:394
_docSend @ report_editor.js:230
_removeEvidence @ report_editor.js:2638
(anonymous) @ report_editor.js:2555
document_layer.js:462 [DocumentLayer] _sendRequest: Server-Fehler 423 delete_block {error: 'Lock erforderlich', code: 'LOCK_REQUIRED'}
report_editor.js:2640 report_editor.js: Evidence-Remove fehlgeschlagen: 78
_removeEvidence @ report_editor.js:2640
await in _removeEvidence
(anonymous) @ report_editor.js:2555
editorjs.mjs:136 Block «paragraph» skipped because saved data is invalid
editorjs.mjs:136 Block «paragraph» skipped because saved data is invalid
debug_events.js:216 [TRACE][USER] blur → <button.evidence-remove-btn>
editorjs.mjs:136 Block «paragraph» skipped because saved data is invalid
report_editor.js:2144 report_editor.js: Auto-Save gestartet, report_id= 1 | bekannte Block-IDs: 3
editorjs.mjs:136 Block «paragraph» skipped because saved data is invalid
document_layer.js:394  POST http://127.0.0.2:8080/_forensic/report 423 (Locked)
_sendRequest @ document_layer.js:394
_docSend @ report_editor.js:230
_performAutoSave @ report_editor.js:2190
await in _performAutoSave
(anonymous) @ report_editor.js:2103
setTimeout
_scheduleAutoSave @ report_editor.js:2103
onChange @ report_editor.js:935
await in onChange
(anonymous) @ editorjs.mjs:8564
setTimeout
particularBlockChanged @ editorjs.mjs:8562
(anonymous) @ editorjs.mjs:8529
(anonymous) @ editorjs.mjs:889
emit @ editorjs.mjs:888
blockDidMutated @ editorjs.mjs:7902
(anonymous) @ editorjs.mjs:7857
(anonymous) @ editorjs.mjs:889
emit @ editorjs.mjs:888
(anonymous) @ editorjs.mjs:1587
(anonymous) @ editorjs.mjs:1955
(anonymous) @ editorjs.mjs:889
emit @ editorjs.mjs:888
redactorChanged @ editorjs.mjs:8573
(anonymous) @ editorjs.mjs:8527
attributes
(anonymous) @ report_editor.js:2411
document_layer.js:462 [DocumentLayer] _sendRequest: Server-Fehler 423 save_block {error: 'Lock erforderlich', code: 'LOCK_REQUIRED'}
report_editor.js:2197 report_editor.js: Block-Save fehlgeschlagen: 0p-cFf-EBj
_performAutoSave @ report_editor.js:2197
await in _performAutoSave
(anonymous) @ report_editor.js:2103
setTimeout
_scheduleAutoSave @ report_editor.js:2103
onChange @ report_editor.js:935
await in onChange
(anonymous) @ editorjs.mjs:8564
setTimeout
particularBlockChanged @ editorjs.mjs:8562
(anonymous) @ editorjs.mjs:8529
(anonymous) @ editorjs.mjs:889
emit @ editorjs.mjs:888
blockDidMutated @ editorjs.mjs:7902
(anonymous) @ editorjs.mjs:7857
(anonymous) @ editorjs.mjs:889
emit @ editorjs.mjs:888
(anonymous) @ editorjs.mjs:1587
(anonymous) @ editorjs.mjs:1955
(anonymous) @ editorjs.mjs:889
emit @ editorjs.mjs:888
redactorChanged @ editorjs.mjs:8573
(anonymous) @ editorjs.mjs:8527
attributes
(anonymous) @ report_editor.js:2411
report_editor.js:2213 report_editor.js: Geloeschte Bloecke erkannt: (3) ['xHX1O2lLCQ', 'IvCu_ylza2', 'ugsrjyjbcJ']
document_layer.js:394  POST http://127.0.0.2:8080/_forensic/report 423 (Locked)
_sendRequest @ document_layer.js:394
_docSend @ report_editor.js:230
_performAutoSave @ report_editor.js:2217
await in _performAutoSave
(anonymous) @ report_editor.js:2103
setTimeout
_scheduleAutoSave @ report_editor.js:2103
onChange @ report_editor.js:935
await in onChange
(anonymous) @ editorjs.mjs:8564
setTimeout
particularBlockChanged @ editorjs.mjs:8562
(anonymous) @ editorjs.mjs:8529
(anonymous) @ editorjs.mjs:889
emit @ editorjs.mjs:888
blockDidMutated @ editorjs.mjs:7902
(anonymous) @ editorjs.mjs:7857
(anonymous) @ editorjs.mjs:889
emit @ editorjs.mjs:888
(anonymous) @ editorjs.mjs:1587
(anonymous) @ editorjs.mjs:1955
(anonymous) @ editorjs.mjs:889
emit @ editorjs.mjs:888
redactorChanged @ editorjs.mjs:8573
(anonymous) @ editorjs.mjs:8527
attributes
(anonymous) @ report_editor.js:2411
document_layer.js:462 [DocumentLayer] _sendRequest: Server-Fehler 423 delete_block {error: 'Lock erforderlich', code: 'LOCK_REQUIRED'}
report_editor.js:2222 report_editor.js: delete_block fehlgeschlagen: xHX1O2lLCQ
_performAutoSave @ report_editor.js:2222
await in _performAutoSave
(anonymous) @ report_editor.js:2103
setTimeout
_scheduleAutoSave @ report_editor.js:2103
onChange @ report_editor.js:935
await in onChange
(anonymous) @ editorjs.mjs:8564
setTimeout
particularBlockChanged @ editorjs.mjs:8562
(anonymous) @ editorjs.mjs:8529
(anonymous) @ editorjs.mjs:889
emit @ editorjs.mjs:888
blockDidMutated @ editorjs.mjs:7902
(anonymous) @ editorjs.mjs:7857
(anonymous) @ editorjs.mjs:889
emit @ editorjs.mjs:888
(anonymous) @ editorjs.mjs:1587
(anonymous) @ editorjs.mjs:1955
(anonymous) @ editorjs.mjs:889
emit @ editorjs.mjs:888
redactorChanged @ editorjs.mjs:8573
(anonymous) @ editorjs.mjs:8527
attributes
(anonymous) @ report_editor.js:2411
document_layer.js:394  POST http://127.0.0.2:8080/_forensic/report 423 (Locked)
_sendRequest @ document_layer.js:394
_docSend @ report_editor.js:230
_performAutoSave @ report_editor.js:2217
await in _performAutoSave
(anonymous) @ report_editor.js:2103
setTimeout
_scheduleAutoSave @ report_editor.js:2103
onChange @ report_editor.js:935
await in onChange
(anonymous) @ editorjs.mjs:8564
setTimeout
particularBlockChanged @ editorjs.mjs:8562
(anonymous) @ editorjs.mjs:8529
(anonymous) @ editorjs.mjs:889
emit @ editorjs.mjs:888
blockDidMutated @ editorjs.mjs:7902
(anonymous) @ editorjs.mjs:7857
(anonymous) @ editorjs.mjs:889
emit @ editorjs.mjs:888
(anonymous) @ editorjs.mjs:1587
(anonymous) @ editorjs.mjs:1955
(anonymous) @ editorjs.mjs:889
emit @ editorjs.mjs:888
redactorChanged @ editorjs.mjs:8573
(anonymous) @ editorjs.mjs:8527
attributes
(anonymous) @ report_editor.js:2411
document_layer.js:462 [DocumentLayer] _sendRequest: Server-Fehler 423 delete_block {error: 'Lock erforderlich', code: 'LOCK_REQUIRED'}
report_editor.js:2222 report_editor.js: delete_block fehlgeschlagen: IvCu_ylza2
_performAutoSave @ report_editor.js:2222
await in _performAutoSave
(anonymous) @ report_editor.js:2103
setTimeout
_scheduleAutoSave @ report_editor.js:2103
onChange @ report_editor.js:935
await in onChange
(anonymous) @ editorjs.mjs:8564
setTimeout
particularBlockChanged @ editorjs.mjs:8562
(anonymous) @ editorjs.mjs:8529
(anonymous) @ editorjs.mjs:889
emit @ editorjs.mjs:888
blockDidMutated @ editorjs.mjs:7902
(anonymous) @ editorjs.mjs:7857
(anonymous) @ editorjs.mjs:889
emit @ editorjs.mjs:888
(anonymous) @ editorjs.mjs:1587
(anonymous) @ editorjs.mjs:1955
(anonymous) @ editorjs.mjs:889
emit @ editorjs.mjs:888
redactorChanged @ editorjs.mjs:8573
(anonymous) @ editorjs.mjs:8527
attributes
(anonymous) @ report_editor.js:2411
document_layer.js:394  POST http://127.0.0.2:8080/_forensic/report 423 (Locked)
_sendRequest @ document_layer.js:394
_docSend @ report_editor.js:230
_performAutoSave @ report_editor.js:2217
await in _performAutoSave
(anonymous) @ report_editor.js:2103
setTimeout
_scheduleAutoSave @ report_editor.js:2103
onChange @ report_editor.js:935
await in onChange
(anonymous) @ editorjs.mjs:8564
setTimeout
particularBlockChanged @ editorjs.mjs:8562
(anonymous) @ editorjs.mjs:8529
(anonymous) @ editorjs.mjs:889
emit @ editorjs.mjs:888
blockDidMutated @ editorjs.mjs:7902
(anonymous) @ editorjs.mjs:7857
(anonymous) @ editorjs.mjs:889
emit @ editorjs.mjs:888
(anonymous) @ editorjs.mjs:1587
(anonymous) @ editorjs.mjs:1955
(anonymous) @ editorjs.mjs:889
emit @ editorjs.mjs:888
redactorChanged @ editorjs.mjs:8573
(anonymous) @ editorjs.mjs:8527
attributes
(anonymous) @ report_editor.js:2411
document_layer.js:462 [DocumentLayer] _sendRequest: Server-Fehler 423 delete_block {error: 'Lock erforderlich', code: 'LOCK_REQUIRED'}
report_editor.js:2222 report_editor.js: delete_block fehlgeschlagen: ugsrjyjbcJ
_performAutoSave @ report_editor.js:2222
await in _performAutoSave
(anonymous) @ report_editor.js:2103
setTimeout
_scheduleAutoSave @ report_editor.js:2103
onChange @ report_editor.js:935
await in onChange
(anonymous) @ editorjs.mjs:8564
setTimeout
particularBlockChanged @ editorjs.mjs:8562
(anonymous) @ editorjs.mjs:8529
(anonymous) @ editorjs.mjs:889
emit @ editorjs.mjs:888
blockDidMutated @ editorjs.mjs:7902
(anonymous) @ editorjs.mjs:7857
(anonymous) @ editorjs.mjs:889
emit @ editorjs.mjs:888
(anonymous) @ editorjs.mjs:1587
(anonymous) @ editorjs.mjs:1955
(anonymous) @ editorjs.mjs:889
emit @ editorjs.mjs:888
redactorChanged @ editorjs.mjs:8573
(anonymous) @ editorjs.mjs:8527
attributes
(anonymous) @ report_editor.js:2411
document_layer.js:394  POST http://127.0.0.2:8080/_forensic/report 423 (Locked)
_sendRequest @ document_layer.js:394
_docSend @ report_editor.js:230
_performAutoSave @ report_editor.js:2235
await in _performAutoSave
(anonymous) @ report_editor.js:2103
setTimeout
_scheduleAutoSave @ report_editor.js:2103
onChange @ report_editor.js:935
await in onChange
(anonymous) @ editorjs.mjs:8564
setTimeout
particularBlockChanged @ editorjs.mjs:8562
(anonymous) @ editorjs.mjs:8529
(anonymous) @ editorjs.mjs:889
emit @ editorjs.mjs:888
blockDidMutated @ editorjs.mjs:7902
(anonymous) @ editorjs.mjs:7857
(anonymous) @ editorjs.mjs:889
emit @ editorjs.mjs:888
(anonymous) @ editorjs.mjs:1587
(anonymous) @ editorjs.mjs:1955
(anonymous) @ editorjs.mjs:889
emit @ editorjs.mjs:888
redactorChanged @ editorjs.mjs:8573
(anonymous) @ editorjs.mjs:8527
attributes
(anonymous) @ report_editor.js:2411
document_layer.js:462 [DocumentLayer] _sendRequest: Server-Fehler 423 reorder {error: 'Lock erforderlich', code: 'LOCK_REQUIRED'}
report_editor.js:2243 report_editor.js: Auto-Save abgeschlossen. | Bloecke gespeichert: 1 | Bloecke geloescht: 3
