:8080/favicon.ico:1  Failed to load resource: the server responded with a status of 404 (Not Found)
events:1  Failed to load resource: net::ERR_CONNECTION_REFUSED
events:1  Failed to load resource: net::ERR_CONNECTION_REFUSED
report:1  Failed to load resource: net::ERR_CONNECTION_REFUSED
placeholder_chips.js:56 [forensic] placeholder_chips.js: window.PlaceholderChips exportiert
placeholder_wizard.js:75 [forensic] placeholder_wizard.js: window.PlaceholderWizard exportiert
module_panel.js:77 [forensic] module_panel.js: window.ModulePanel exportiert
annotation_sidebar.js:58 [forensic] annotation_sidebar.js: window.AnnotationSidebar exportiert
report_editor.js:86 [forensic] report_editor.js: Exports auf window gesetzt
userinfo.js:67 [forensic] DOMContentLoaded: userinfo.js aktiv
userinfo.js:67 [forensic] initEditor() gestartet
userinfo.js:67 [forensic] initSSEWindow3() gestartet
Navigated to http://127.0.0.2:8080/_forensic/report
userinfo.js:67 [forensic] acquireLock() aufgerufen, sseClientId= a153310d-3764-4f44-9c75-131abd166a61
report_editor.js:86 [forensic] initEditorModule() gestartet
report_editor.js:86 [forensic] _initSidebarAccordion() gestartet
report_editor.js:86 [forensic] _initDragDrop: Drop-Zone registriert auf #editorjs-holder
report_editor.js:86 [forensic] initReportSelector() gestartet
favicon.ico:1  GET http://127.0.0.2:8080/favicon.ico 404 (Not Found)
report_editor.js:86 [forensic] loadReport() report_id= 2 type= interim
report_editor.js:454 report_editor.js: _knownBlockIds initialisiert, 41 Bloecke geladen.
report_editor.js:86 [forensic] _initEditorJs(): window.EditorJS= true
report_editor.js:86 [forensic] _initSidebarAccordion() gestartet
report_editor.js:620 report_editor.js: Editor bereit, report_id= 2 | readOnly= false
report_editor.js:657 report_editor.js: Initialisierungs-Guard freigegeben.
editorjs.mjs:136 Block «paragraph» skipped because saved data is invalid
editorjs.mjs:136 Block «paragraph» skipped because saved data is invalid
placeholder_wizard.js:189 [PlaceholderWizard] showPlaceholderForm: blocks= 41 focusedId= wU6z9eBw34 onSave= function myUsername= paul
editorjs.mjs:136 Block «paragraph» skipped because saved data is invalid
module_panel.js:77 [forensic] Standard-Block einfuegen: type= delimiter
editorjs.mjs:136 Block «paragraph» skipped because saved data is invalid
editorjs.mjs:136 Block «paragraph» skipped because saved data is invalid
placeholder_wizard.js:189 [PlaceholderWizard] showPlaceholderForm: blocks= 41 focusedId= wU6z9eBw34 onSave= function myUsername= paul
editorjs.mjs:136 Block «paragraph» skipped because saved data is invalid
editorjs.mjs:136 Block «paragraph» skipped because saved data is invalid
editorjs.mjs:136 Block «paragraph» skipped because saved data is invalid
editorjs.mjs:136 Block «paragraph» skipped because saved data is invalid
editorjs.mjs:136 Block «paragraph» skipped because saved data is invalid
module_panel.js:77 [forensic] Standard-Block einfuegen: type= delimiter
editorjs.mjs:136 Block «paragraph» skipped because saved data is invalid
editorjs.mjs:136 Block «paragraph» skipped because saved data is invalid
placeholder_wizard.js:189 [PlaceholderWizard] showPlaceholderForm: blocks= 41 focusedId= wU6z9eBw34 onSave= function myUsername= paul
editorjs.mjs:136 Block «paragraph» skipped because saved data is invalid
editorjs.mjs:136 Block «paragraph» skipped because saved data is invalid
editorjs.mjs:136 Block «paragraph» skipped because saved data is invalid
editorjs.mjs:136 Block «paragraph» skipped because saved data is invalid
editorjs.mjs:136 Block «paragraph» skipped because saved data is invalid
editorjs.mjs:136 Block «paragraph» skipped because saved data is invalid
placeholder_wizard.js:189 [PlaceholderWizard] showPlaceholderForm: blocks= 41 focusedId= wU6z9eBw34 onSave= function myUsername= paul
editorjs.mjs:136 Block «paragraph» skipped because saved data is invalid
editorjs.mjs:136 Block «paragraph» skipped because saved data is invalid
editorjs.mjs:136 Block «paragraph» skipped because saved data is invalid
placeholder_wizard.js:189 [PlaceholderWizard] showPlaceholderForm: blocks= 41 focusedId= wU6z9eBw34 onSave= function myUsername= paul
editorjs.mjs:136 Block «paragraph» skipped because saved data is invalid
editorjs.mjs:136 Block «paragraph» skipped because saved data is invalid
editorjs.mjs:136 Block «paragraph» skipped because saved data is invalid
editorjs.mjs:136 Block «paragraph» skipped because saved data is invalid
editorjs.mjs:136 Block «paragraph» skipped because saved data is invalid
editorjs.mjs:136 Block «paragraph» skipped because saved data is invalid
placeholder_wizard.js:189 [PlaceholderWizard] showPlaceholderForm: blocks= 41 focusedId= wU6z9eBw34 onSave= function myUsername= paul
editorjs.mjs:136 Block «paragraph» skipped because saved data is invalid
editorjs.mjs:136 Block «paragraph» skipped because saved data is invalid
placeholder_wizard.js:189 [PlaceholderWizard] showPlaceholderForm: blocks= 41 focusedId= wU6z9eBw34 onSave= function myUsername= paul
editorjs.mjs:136 Block «paragraph» skipped because saved data is invalid
editorjs.mjs:136 Block «paragraph» skipped because saved data is invalid
placeholder_wizard.js:189 [PlaceholderWizard] showPlaceholderForm: blocks= 41 focusedId= wU6z9eBw34 onSave= function myUsername= paul
editorjs.mjs:136 Block «paragraph» skipped because saved data is invalid
editorjs.mjs:136 Block «paragraph» skipped because saved data is invalid
editorjs.mjs:136 Block «paragraph» skipped because saved data is invalid
report_editor.js:1676 report_editor.js: Auto-Save gestartet, report_id= 2 | bekannte Block-IDs: 41
editorjs.mjs:136 Block «paragraph» skipped because saved data is invalid
report_editor.js:1790 report_editor.js: Auto-Save abgeschlossen. | Bloecke gespeichert: 42 | Bloecke geloescht: 0
editorjs.mjs:136 Block «paragraph» skipped because saved data is invalid
editorjs.mjs:136 Block «paragraph» skipped because saved data is invalid
editorjs.mjs:136 Block «paragraph» skipped because saved data is invalid
editorjs.mjs:136 Block «paragraph» skipped because saved data is invalid
editorjs.mjs:136 Block «paragraph» skipped because saved data is invalid
editorjs.mjs:136 Block «paragraph» skipped because saved data is invalid
editorjs.mjs:136 Block «paragraph» skipped because saved data is invalid
editorjs.mjs:136 Block «paragraph» skipped because saved data is invalid
editorjs.mjs:136 Block «paragraph» skipped because saved data is invalid
editorjs.mjs:136 Block «paragraph» skipped because saved data is invalid
editorjs.mjs:136 Block «paragraph» skipped because saved data is invalid
editorjs.mjs:136 Block «paragraph» skipped because saved data is invalid
editorjs.mjs:136 Block «paragraph» skipped because saved data is invalid
editorjs.mjs:136 Block «paragraph» skipped because saved data is invalid
editorjs.mjs:136 Block «paragraph» skipped because saved data is invalid
editorjs.mjs:136 Block «paragraph» skipped because saved data is invalid
editorjs.mjs:136 Block «paragraph» skipped because saved data is invalid
editorjs.mjs:136 Block «paragraph» skipped because saved data is invalid
placeholder_wizard.js:189 [PlaceholderWizard] showPlaceholderForm: blocks= 42 focusedId= wU6z9eBw34 onSave= function myUsername= paul
editorjs.mjs:136 Block «paragraph» skipped because saved data is invalid
editorjs.mjs:136 Block «paragraph» skipped because saved data is invalid
editorjs.mjs:136 Block «paragraph» skipped because saved data is invalid
editorjs.mjs:136 Block «paragraph» skipped because saved data is invalid
editorjs.mjs:136 Block «paragraph» skipped because saved data is invalid
editorjs.mjs:136 Block «paragraph» skipped because saved data is invalid
editorjs.mjs:136 Block «paragraph» skipped because saved data is invalid
editorjs.mjs:136 Block «paragraph» skipped because saved data is invalid
placeholder_wizard.js:189 [PlaceholderWizard] showPlaceholderForm: blocks= 42 focusedId= wU6z9eBw34 onSave= function myUsername= paul
editorjs.mjs:136 Block «paragraph» skipped because saved data is invalid
editorjs.mjs:136 Block «paragraph» skipped because saved data is invalid
editorjs.mjs:136 Block «paragraph» skipped because saved data is invalid
editorjs.mjs:136 Block «paragraph» skipped because saved data is invalid
placeholder_wizard.js:189 [PlaceholderWizard] showPlaceholderForm: blocks= 42 focusedId= wU6z9eBw34 onSave= function myUsername= paul
editorjs.mjs:136 Block «paragraph» skipped because saved data is invalid
editorjs.mjs:136 Block «paragraph» skipped because saved data is invalid
editorjs.mjs:136 Block «paragraph» skipped because saved data is invalid
editorjs.mjs:136 Block «paragraph» skipped because saved data is invalid
editorjs.mjs:136 Block «paragraph» skipped because saved data is invalid
editorjs.mjs:136 Block «paragraph» skipped because saved data is invalid
editorjs.mjs:136 Block «paragraph» skipped because saved data is invalid
editorjs.mjs:136 Block «paragraph» skipped because saved data is invalid
editorjs.mjs:136 Block «paragraph» skipped because saved data is invalid
placeholder_wizard.js:189 [PlaceholderWizard] showPlaceholderForm: blocks= 42 focusedId= pPklymmFi4 onSave= function myUsername= paul
editorjs.mjs:136 Block «paragraph» skipped because saved data is invalid
report_editor.js:1676 report_editor.js: Auto-Save gestartet, report_id= 2 | bekannte Block-IDs: 42
editorjs.mjs:136 Block «paragraph» skipped because saved data is invalid
report_editor.js:1748 report_editor.js: Geloeschte Bloecke erkannt: ['21fe8fd1-1d4a-44d1-bd7c-c077a30b6351']
report_editor.js:1759 report_editor.js: Block geloescht: 21fe8fd1-1d4a-44d1-bd7c-c077a30b6351 | Status: 200
report_editor.js:1790 report_editor.js: Auto-Save abgeschlossen. | Bloecke gespeichert: 41 | Bloecke geloescht: 1
placeholder_wizard.js:189 [PlaceholderWizard] showPlaceholderForm: blocks= 41 focusedId= pPklymmFi4 onSave= function myUsername= paul
editorjs.mjs:136 Block «paragraph» skipped because saved data is invalid
editorjs.mjs:136 Block «paragraph» skipped because saved data is invalid
report_editor.js:1224 report_editor.js: Chip-Doppelklick: kalbfleisch m
editorjs.mjs:136 Block «paragraph» skipped because saved data is invalid
placeholder_wizard.js:619 [PlaceholderWizard] openAtField: onSave aus Options gesetzt, blockId= 4bZQRqQoFu fieldName= kalbfleisch
placeholder_wizard.js:189 [PlaceholderWizard] showPlaceholderForm: blocks= 41 focusedId= 4bZQRqQoFu onSave= function myUsername= paul
placeholder_wizard.js:189 [PlaceholderWizard] showPlaceholderForm: blocks= 41 focusedId= 4bZQRqQoFu onSave= function myUsername= paul
editorjs.mjs:136 Block «paragraph» skipped because saved data is invalid
editorjs.mjs:136 Block «paragraph» skipped because saved data is invalid
editorjs.mjs:136 Block «paragraph» skipped because saved data is invalid
placeholder_wizard.js:526 [PlaceholderWizard] _scheduleFieldSave: Timer gesetzt fuer 4bZQRqQoFu:kalbfleisch value= "T"
placeholder_wizard.js:526 [PlaceholderWizard] _scheduleFieldSave: Timer gesetzt fuer 4bZQRqQoFu:kalbfleisch value= "Ta"
placeholder_wizard.js:526 [PlaceholderWizard] _scheduleFieldSave: Timer gesetzt fuer 4bZQRqQoFu:kalbfleisch value= "Tas"
placeholder_wizard.js:526 [PlaceholderWizard] _scheduleFieldSave: Timer gesetzt fuer 4bZQRqQoFu:kalbfleisch value= "Tasc"
placeholder_wizard.js:526 [PlaceholderWizard] _scheduleFieldSave: Timer gesetzt fuer 4bZQRqQoFu:kalbfleisch value= "Tasch"
placeholder_wizard.js:526 [PlaceholderWizard] _scheduleFieldSave: Timer gesetzt fuer 4bZQRqQoFu:kalbfleisch value= "Tasche"
placeholder_wizard.js:526 [PlaceholderWizard] _scheduleFieldSave: Timer gesetzt fuer 4bZQRqQoFu:kalbfleisch value= "Taschen"
placeholder_wizard.js:526 [PlaceholderWizard] _scheduleFieldSave: Timer gesetzt fuer 4bZQRqQoFu:kalbfleisch value= "Taschenr"
placeholder_wizard.js:526 [PlaceholderWizard] _scheduleFieldSave: Timer gesetzt fuer 4bZQRqQoFu:kalbfleisch value= "Taschenru"
placeholder_wizard.js:526 [PlaceholderWizard] _scheduleFieldSave: Timer gesetzt fuer 4bZQRqQoFu:kalbfleisch value= "Taschenr"
placeholder_wizard.js:526 [PlaceholderWizard] _scheduleFieldSave: Timer gesetzt fuer 4bZQRqQoFu:kalbfleisch value= "Taschen"
placeholder_wizard.js:526 [PlaceholderWizard] _scheduleFieldSave: Timer gesetzt fuer 4bZQRqQoFu:kalbfleisch value= "Taschent"
placeholder_wizard.js:526 [PlaceholderWizard] _scheduleFieldSave: Timer gesetzt fuer 4bZQRqQoFu:kalbfleisch value= "Taschentu"
placeholder_wizard.js:526 [PlaceholderWizard] _scheduleFieldSave: Timer gesetzt fuer 4bZQRqQoFu:kalbfleisch value= "Taschentuc"
placeholder_wizard.js:526 [PlaceholderWizard] _scheduleFieldSave: Timer gesetzt fuer 4bZQRqQoFu:kalbfleisch value= "Taschentuch"
placeholder_wizard.js:540 [PlaceholderWizard] _saveField: blockId= 4bZQRqQoFu name= kalbfleisch val= "Taschentuch" onSave= function
report_editor.js:1306 report_editor.js: _onPlaceholderFieldSave aufgerufen: blockId= 4bZQRqQoFu field= kalbfleisch value= "Taschentuch"
report_editor.js:1347 report_editor.js: _onPlaceholderFieldSave fetch-Antwort: ok= true status= 200
placeholder_wizard.js:549 [PlaceholderWizard] _saveField: onSave abgeschlossen fuer kalbfleisch
editorjs.mjs:136 Block «paragraph» skipped because saved data is invalid
editorjs.mjs:136 Block «paragraph» skipped because saved data is invalid
report_editor.js:1676 report_editor.js: Auto-Save gestartet, report_id= 2 | bekannte Block-IDs: 41
editorjs.mjs:136 Block «paragraph» skipped because saved data is invalid
report_editor.js:1790 report_editor.js: Auto-Save abgeschlossen. | Bloecke gespeichert: 41 | Bloecke geloescht: 0
editorjs.mjs:136 Block «paragraph» skipped because saved data is invalid
editorjs.mjs:136 Block «paragraph» skipped because saved data is invalid
editorjs.mjs:136 Block «paragraph» skipped because saved data is invalid
editorjs.mjs:136 Block «paragraph» skipped because saved data is invalid
editorjs.mjs:136 Block «paragraph» skipped because saved data is invalid
editorjs.mjs:136 Block «paragraph» skipped because saved data is invalid
editorjs.mjs:136 Block «paragraph» skipped because saved data is invalid
editorjs.mjs:136 Block «paragraph» skipped because saved data is invalid
editorjs.mjs:136 Block «paragraph» skipped because saved data is invalid
editorjs.mjs:136 Block «paragraph» skipped because saved data is invalid
editorjs.mjs:136 Block «paragraph» skipped because saved data is invalid
editorjs.mjs:136 Block «paragraph» skipped because saved data is invalid
editorjs.mjs:136 Block «paragraph» skipped because saved data is invalid
editorjs.mjs:136 Block «paragraph» skipped because saved data is invalid
editorjs.mjs:136 Block «paragraph» skipped because saved data is invalid
editorjs.mjs:136 Block «paragraph» skipped because saved data is invalid
editorjs.mjs:136 Block «paragraph» skipped because saved data is invalid
editorjs.mjs:136 Block «paragraph» skipped because saved data is invalid
editorjs.mjs:136 Block «paragraph» skipped because saved data is invalid
editorjs.mjs:136 Block «paragraph» skipped because saved data is invalid
editorjs.mjs:136 Block «paragraph» skipped because saved data is invalid
editorjs.mjs:136 Block «paragraph» skipped because saved data is invalid
editorjs.mjs:136 Block «paragraph» skipped because saved data is invalid
editorjs.mjs:136 Block «paragraph» skipped because saved data is invalid
editorjs.mjs:136 Block «paragraph» skipped because saved data is invalid
editorjs.mjs:136 Block «paragraph» skipped because saved data is invalid
editorjs.mjs:136 Block «paragraph» skipped because saved data is invalid
editorjs.mjs:136 Block «paragraph» skipped because saved data is invalid
editorjs.mjs:136 Block «paragraph» skipped because saved data is invalid
editorjs.mjs:136 Block «paragraph» skipped because saved data is invalid
editorjs.mjs:136 Block «paragraph» skipped because saved data is invalid
editorjs.mjs:136 Block «paragraph» skipped because saved data is invalid
editorjs.mjs:136 Block «paragraph» skipped because saved data is invalid
editorjs.mjs:136 Block «paragraph» skipped because saved data is invalid
editorjs.mjs:136 Block «paragraph» skipped because saved data is invalid
editorjs.mjs:136 Block «paragraph» skipped because saved data is invalid
editorjs.mjs:136 Block «paragraph» skipped because saved data is invalid
