:8080/favicon.ico:1  Failed to load resource: the server responded with a status of 404 (Not Found)
values:1  Failed to load resource: the server responded with a status of 500 (Internal Server Error)
order:1  Failed to load resource: the server responded with a status of 400 (Bad Request)
events:1  Failed to load resource: net::ERR_CONNECTION_REFUSED
report:1  Failed to load resource: net::ERR_CONNECTION_REFUSED
Navigated to http://127.0.0.2:8080/_forensic/report
placeholder_chips.js:56 [forensic] placeholder_chips.js: window.PlaceholderChips exportiert
placeholder_wizard.js:75 [forensic] placeholder_wizard.js: window.PlaceholderWizard exportiert
module_panel.js:77 [forensic] module_panel.js: window.ModulePanel exportiert
annotation_sidebar.js:58 [forensic] annotation_sidebar.js: window.AnnotationSidebar exportiert
report_editor.js:86 [forensic] report_editor.js: Exports auf window gesetzt
userinfo.js:67 [forensic] DOMContentLoaded: userinfo.js aktiv
userinfo.js:67 [forensic] initEditor() gestartet
userinfo.js:67 [forensic] initSSEWindow3() gestartet
userinfo.js:67 [forensic] acquireLock() aufgerufen, sseClientId= 790c48a6-4098-43ee-aa2d-ff920a3c303c
report_editor.js:86 [forensic] initEditorModule() gestartet
report_editor.js:86 [forensic] _initSidebarAccordion() gestartet
report_editor.js:86 [forensic] _initDragDrop: Drop-Zone registriert auf #editorjs-holder
report_editor.js:86 [forensic] initReportSelector() gestartet
favicon.ico:1  GET http://127.0.0.2:8080/favicon.ico 404 (Not Found)
report_editor.js:86 [forensic] loadReport() report_id= 2 type= interim
report_editor.js:454 report_editor.js: _knownBlockIds initialisiert, 49 Bloecke geladen.
report_editor.js:86 [forensic] _initEditorJs(): window.EditorJS= true
report_editor.js:86 [forensic] _initSidebarAccordion() gestartet
report_editor.js:585 report_editor.js: Editor bereit, report_id= 2 | readOnly= false
report_editor.js:595 report_editor.js: Initialisierungs-Guard freigegeben.
module_panel.js:77 [forensic] _insertQuery: Chip inline eingefuegt: user.pn_total
report_editor.js:1130 report_editor.js: Chip-Doppelklick: realname o
report_editor.js:1130 report_editor.js: Chip-Doppelklick: platzhalter m
report_editor.js:1130 report_editor.js: Chip-Doppelklick: tathandlung m
bundle.js:2 Uncaught (in promise) IndexSizeError: Failed to execute 'getRangeAt' on 'Selection': 0 is not a valid index.
    at f.value (bundle.js:2:881)
    at u.value (bundle.js:2:14933)
    at u.value (bundle.js:2:14699)
    at bundle.js:2:14118
value @ bundle.js:2
value @ bundle.js:2
value @ bundle.js:2
(anonymous) @ bundle.js:2
Promise.then
value @ bundle.js:2
(anonymous) @ bundle.js:2
(anonymous) @ bundle.js:2
(anonymous) @ bundle.js:2
setTimeout
(anonymous) @ bundle.js:2
value @ bundle.js:2
(anonymous) @ bundle.js:2
attributes
(anonymous) @ report_editor.js:1058
setTimeout
(anonymous) @ report_editor.js:1057
report_editor.js:1547 report_editor.js: Auto-Save gestartet, report_id= 2 | bekannte Block-IDs: 49
report_editor.js:1659 report_editor.js: Auto-Save abgeschlossen. | Bloecke gespeichert: 49 | Bloecke geloescht: 0
report_editor.js:1458 report_editor.js: Anker eingefuegt: 2 -> cEqVULVn60
report_editor.js:86 [forensic] _reloadEditorContent(): Starte Neuladen fuer report_id= 2
report_editor.js:86 [forensic] _reloadEditorContent(): Abgeschlossen. 49 Bloecke geladen.
report_editor.js:86 [forensic] _initSidebarAccordion() gestartet
report_editor.js:585 report_editor.js: Editor bereit, report_id= 2 | readOnly= false
report_editor.js:595 report_editor.js: Initialisierungs-Guard freigegeben.
module_panel.js:77 [forensic] _insertQuery: Chip inline eingefuegt: user.id
report_editor.js:86 [forensic] _reloadEditorContent(): Starte Neuladen fuer report_id= 2
report_editor.js:86 [forensic] _reloadEditorContent(): Abgeschlossen. 49 Bloecke geladen.
report_editor.js:86 [forensic] _initSidebarAccordion() gestartet
report_editor.js:585 report_editor.js: Editor bereit, report_id= 2 | readOnly= false
report_editor.js:595 report_editor.js: Initialisierungs-Guard freigegeben.
module_panel.js:77 [forensic] _insertQuery: Chip inline eingefuegt: user.id
module_panel.js:77 [forensic] _insertQuery: Chip inline eingefuegt: user.email
module_panel.js:77 [forensic] _insertQuery: Chip inline eingefuegt: user.first_post_date
report_editor.js:1547 report_editor.js: Auto-Save gestartet, report_id= 2 | bekannte Block-IDs: 49
report_editor.js:1659 report_editor.js: Auto-Save abgeschlossen. | Bloecke gespeichert: 49 | Bloecke geloescht: 0
report_editor.js:1547 report_editor.js: Auto-Save gestartet, report_id= undefined | bekannte Block-IDs: 49
report_editor.js:1619 report_editor.js: Geloeschte Bloecke erkannt: ['6b0ac64f-3a00-420f-9b99-497a3969c92b']
report_editor.js:183  POST http://127.0.0.2:8080/_forensic/editor/block 400 (Bad Request)
_fetchWithLock @ report_editor.js:183
_performAutoSave @ report_editor.js:1621
await in _performAutoSave
(anonymous) @ report_editor.js:396
report_editor.js:1633 report_editor.js: delete_block fehlgeschlagen: 6b0ac64f-3a00-420f-9b99-497a3969c92b 400 {error: "Unbekannte Aktion: 'delete_block'. Zulaessig: save, delete", code: 'UNKNOWN_ACTION'}
_performAutoSave @ report_editor.js:1633
await in _performAutoSave
(anonymous) @ report_editor.js:396
report_editor.js:183  POST http://127.0.0.2:8080/_forensic/editor/order 400 (Bad Request)
_fetchWithLock @ report_editor.js:183
_performAutoSave @ report_editor.js:1648
await in _performAutoSave
(anonymous) @ report_editor.js:396
report_editor.js:1659 report_editor.js: Auto-Save abgeschlossen. | Bloecke gespeichert: 48 | Bloecke geloescht: 1
report_editor.js:86 [forensic] _reloadEditorContent(): Starte Neuladen fuer report_id= 2
report_editor.js:86 [forensic] _reloadEditorContent(): Abgeschlossen. 49 Bloecke geladen.
report_editor.js:86 [forensic] _initSidebarAccordion() gestartet
report_editor.js:585 report_editor.js: Editor bereit, report_id= 2 | readOnly= false
report_editor.js:595 report_editor.js: Initialisierungs-Guard freigegeben.
report_editor.js:1547 report_editor.js: Auto-Save gestartet, report_id= undefined | bekannte Block-IDs: 49
report_editor.js:1619 report_editor.js: Geloeschte Bloecke erkannt: (12) ['ef75e706-dedd-435e-ae62-1ed82b040743', '1e7bd7c5-a255-49f8-83a7-04f9c0a88c07', 'b18d53c4-8663-4517-9664-825ea6faaaec', '6b0ac64f-3a00-420f-9b99-497a3969c92b', '3e826a38-d7c4-46c1-b44c-86ece89ca95e', 'c07412b8-5be3-4fb1-8138-cddef458c7de', 'c7b9448a-a144-482c-a677-75bfef051543', '0f481d39-f202-449c-b24b-28cd1c2da9fb', '94f30f18-2106-4631-b9d2-a2d78ae830e4', '91509f5d-c323-4791-9ff0-1ad099779a87', 'e25ce51c-7eeb-47a8-ba19-915c2f4e5d3b', 'ffbc71f9-3bad-4846-bb79-3e076318775c']
report_editor.js:183  POST http://127.0.0.2:8080/_forensic/editor/block 400 (Bad Request)
_fetchWithLock @ report_editor.js:183
_performAutoSave @ report_editor.js:1621
await in _performAutoSave
(anonymous) @ report_editor.js:396
report_editor.js:1633 report_editor.js: delete_block fehlgeschlagen: ef75e706-dedd-435e-ae62-1ed82b040743 400 {error: "Unbekannte Aktion: 'delete_block'. Zulaessig: save, delete", code: 'UNKNOWN_ACTION'}
_performAutoSave @ report_editor.js:1633
await in _performAutoSave
(anonymous) @ report_editor.js:396
report_editor.js:183  POST http://127.0.0.2:8080/_forensic/editor/block 400 (Bad Request)
_fetchWithLock @ report_editor.js:183
_performAutoSave @ report_editor.js:1621
await in _performAutoSave
(anonymous) @ report_editor.js:396
report_editor.js:1633 report_editor.js: delete_block fehlgeschlagen: 1e7bd7c5-a255-49f8-83a7-04f9c0a88c07 400 {error: "Unbekannte Aktion: 'delete_block'. Zulaessig: save, delete", code: 'UNKNOWN_ACTION'}
_performAutoSave @ report_editor.js:1633
await in _performAutoSave
(anonymous) @ report_editor.js:396
report_editor.js:183  POST http://127.0.0.2:8080/_forensic/editor/block 400 (Bad Request)
_fetchWithLock @ report_editor.js:183
_performAutoSave @ report_editor.js:1621
await in _performAutoSave
(anonymous) @ report_editor.js:396
report_editor.js:1633 report_editor.js: delete_block fehlgeschlagen: b18d53c4-8663-4517-9664-825ea6faaaec 400 {error: "Unbekannte Aktion: 'delete_block'. Zulaessig: save, delete", code: 'UNKNOWN_ACTION'}
_performAutoSave @ report_editor.js:1633
await in _performAutoSave
(anonymous) @ report_editor.js:396
report_editor.js:183  POST http://127.0.0.2:8080/_forensic/editor/block 400 (Bad Request)
_fetchWithLock @ report_editor.js:183
_performAutoSave @ report_editor.js:1621
await in _performAutoSave
(anonymous) @ report_editor.js:396
report_editor.js:1633 report_editor.js: delete_block fehlgeschlagen: 6b0ac64f-3a00-420f-9b99-497a3969c92b 400 {error: "Unbekannte Aktion: 'delete_block'. Zulaessig: save, delete", code: 'UNKNOWN_ACTION'}
_performAutoSave @ report_editor.js:1633
await in _performAutoSave
(anonymous) @ report_editor.js:396
report_editor.js:183  POST http://127.0.0.2:8080/_forensic/editor/block 400 (Bad Request)
_fetchWithLock @ report_editor.js:183
_performAutoSave @ report_editor.js:1621
await in _performAutoSave
(anonymous) @ report_editor.js:396
report_editor.js:1633 report_editor.js: delete_block fehlgeschlagen: 3e826a38-d7c4-46c1-b44c-86ece89ca95e 400 {error: "Unbekannte Aktion: 'delete_block'. Zulaessig: save, delete", code: 'UNKNOWN_ACTION'}
_performAutoSave @ report_editor.js:1633
await in _performAutoSave
(anonymous) @ report_editor.js:396
report_editor.js:183  POST http://127.0.0.2:8080/_forensic/editor/block 400 (Bad Request)
_fetchWithLock @ report_editor.js:183
_performAutoSave @ report_editor.js:1621
await in _performAutoSave
(anonymous) @ report_editor.js:396
report_editor.js:1633 report_editor.js: delete_block fehlgeschlagen: c07412b8-5be3-4fb1-8138-cddef458c7de 400 {error: "Unbekannte Aktion: 'delete_block'. Zulaessig: save, delete", code: 'UNKNOWN_ACTION'}
_performAutoSave @ report_editor.js:1633
await in _performAutoSave
(anonymous) @ report_editor.js:396
report_editor.js:183  POST http://127.0.0.2:8080/_forensic/editor/block 400 (Bad Request)
_fetchWithLock @ report_editor.js:183
_performAutoSave @ report_editor.js:1621
await in _performAutoSave
(anonymous) @ report_editor.js:396
report_editor.js:1633 report_editor.js: delete_block fehlgeschlagen: c7b9448a-a144-482c-a677-75bfef051543 400 {error: "Unbekannte Aktion: 'delete_block'. Zulaessig: save, delete", code: 'UNKNOWN_ACTION'}
_performAutoSave @ report_editor.js:1633
await in _performAutoSave
(anonymous) @ report_editor.js:396
report_editor.js:183  POST http://127.0.0.2:8080/_forensic/editor/block 400 (Bad Request)
_fetchWithLock @ report_editor.js:183
_performAutoSave @ report_editor.js:1621
await in _performAutoSave
(anonymous) @ report_editor.js:396
report_editor.js:1633 report_editor.js: delete_block fehlgeschlagen: 0f481d39-f202-449c-b24b-28cd1c2da9fb 400 {error: "Unbekannte Aktion: 'delete_block'. Zulaessig: save, delete", code: 'UNKNOWN_ACTION'}
_performAutoSave @ report_editor.js:1633
await in _performAutoSave
(anonymous) @ report_editor.js:396
report_editor.js:183  POST http://127.0.0.2:8080/_forensic/editor/block 400 (Bad Request)
_fetchWithLock @ report_editor.js:183
_performAutoSave @ report_editor.js:1621
await in _performAutoSave
(anonymous) @ report_editor.js:396
report_editor.js:1633 report_editor.js: delete_block fehlgeschlagen: 94f30f18-2106-4631-b9d2-a2d78ae830e4 400 {error: "Unbekannte Aktion: 'delete_block'. Zulaessig: save, delete", code: 'UNKNOWN_ACTION'}
_performAutoSave @ report_editor.js:1633
await in _performAutoSave
(anonymous) @ report_editor.js:396
report_editor.js:183  POST http://127.0.0.2:8080/_forensic/editor/block 400 (Bad Request)
_fetchWithLock @ report_editor.js:183
_performAutoSave @ report_editor.js:1621
await in _performAutoSave
(anonymous) @ report_editor.js:396
report_editor.js:1633 report_editor.js: delete_block fehlgeschlagen: 91509f5d-c323-4791-9ff0-1ad099779a87 400 {error: "Unbekannte Aktion: 'delete_block'. Zulaessig: save, delete", code: 'UNKNOWN_ACTION'}
_performAutoSave @ report_editor.js:1633
await in _performAutoSave
(anonymous) @ report_editor.js:396
report_editor.js:183  POST http://127.0.0.2:8080/_forensic/editor/block 400 (Bad Request)
_fetchWithLock @ report_editor.js:183
_performAutoSave @ report_editor.js:1621
await in _performAutoSave
(anonymous) @ report_editor.js:396
report_editor.js:1633 report_editor.js: delete_block fehlgeschlagen: e25ce51c-7eeb-47a8-ba19-915c2f4e5d3b 400 {error: "Unbekannte Aktion: 'delete_block'. Zulaessig: save, delete", code: 'UNKNOWN_ACTION'}
_performAutoSave @ report_editor.js:1633
await in _performAutoSave
(anonymous) @ report_editor.js:396
report_editor.js:183  POST http://127.0.0.2:8080/_forensic/editor/block 400 (Bad Request)
_fetchWithLock @ report_editor.js:183
_performAutoSave @ report_editor.js:1621
await in _performAutoSave
(anonymous) @ report_editor.js:396
report_editor.js:1633 report_editor.js: delete_block fehlgeschlagen: ffbc71f9-3bad-4846-bb79-3e076318775c 400 {error: "Unbekannte Aktion: 'delete_block'. Zulaessig: save, delete", code: 'UNKNOWN_ACTION'}
_performAutoSave @ report_editor.js:1633
await in _performAutoSave
(anonymous) @ report_editor.js:396
report_editor.js:183  POST http://127.0.0.2:8080/_forensic/editor/order 400 (Bad Request)
_fetchWithLock @ report_editor.js:183
_performAutoSave @ report_editor.js:1648
await in _performAutoSave
(anonymous) @ report_editor.js:396
report_editor.js:1659 report_editor.js: Auto-Save abgeschlossen. | Bloecke gespeichert: 37 | Bloecke geloescht: 12
report_editor.js:1547 report_editor.js: Auto-Save gestartet, report_id= 2 | bekannte Block-IDs: 37
report_editor.js:1659 report_editor.js: Auto-Save abgeschlossen. | Bloecke gespeichert: 37 | Bloecke geloescht: 0
report_editor.js:86 [forensic] _reloadEditorContent(): Starte Neuladen fuer report_id= 2
report_editor.js:86 [forensic] _reloadEditorContent(): Abgeschlossen. 49 Bloecke geladen.
report_editor.js:86 [forensic] _initSidebarAccordion() gestartet
report_editor.js:585 report_editor.js: Editor bereit, report_id= 2 | readOnly= false
report_editor.js:595 report_editor.js: Initialisierungs-Guard freigegeben.
report_editor.js:1130 report_editor.js: Chip-Doppelklick: platzhalter m
report_editor.js:1130 report_editor.js: Chip-Doppelklick: platzhalter m
report_editor.js:1130 report_editor.js: Chip-Doppelklick: platzhalter m
report_editor.js:1130 report_editor.js: Chip-Doppelklick: platzhalter m
report_editor.js:1130 report_editor.js: Chip-Doppelklick: platzhalter m
report_editor.js:1164  GET http://127.0.0.2:8080/_forensic/placeholders/values 500 (Internal Server Error)
_refreshPlaceholderForm @ report_editor.js:1164
_openAccordionSection @ report_editor.js:930
(anonymous) @ report_editor.js:1090
report_editor.js:1547 report_editor.js: Auto-Save gestartet, report_id= undefined | bekannte Block-IDs: 49
report_editor.js:183  POST http://127.0.0.2:8080/_forensic/editor/order 400 (Bad Request)
_fetchWithLock @ report_editor.js:183
_performAutoSave @ report_editor.js:1648
await in _performAutoSave
(anonymous) @ report_editor.js:396
report_editor.js:1659 report_editor.js: Auto-Save abgeschlossen. | Bloecke gespeichert: 49 | Bloecke geloescht: 0
report_editor.js:1547 report_editor.js: Auto-Save gestartet, report_id= 2 | bekannte Block-IDs: 49
report_editor.js:1659 report_editor.js: Auto-Save abgeschlossen. | Bloecke gespeichert: 49 | Bloecke geloescht: 0
report_editor.js:1130 report_editor.js: Chip-Doppelklick: kalbfleisch m
report_editor.js:1130 report_editor.js: Chip-Doppelklick: kalbfleisch m
report_editor.js:1130 report_editor.js: Chip-Doppelklick: kalbfleisch m
report_editor.js:1130 report_editor.js: Chip-Doppelklick: kalbfleisch m
report_editor.js:1130 report_editor.js: Chip-Doppelklick: kalbfleisch m
report_editor.js:1164  GET http://127.0.0.2:8080/_forensic/placeholders/values 500 (Internal Server Error)
_refreshPlaceholderForm @ report_editor.js:1164
_openAccordionSection @ report_editor.js:930
(anonymous) @ report_editor.js:1090
report_editor.js:1164  GET http://127.0.0.2:8080/_forensic/placeholders/values 500 (Internal Server Error)
_refreshPlaceholderForm @ report_editor.js:1164
_openAccordionSection @ report_editor.js:930
(anonymous) @ report_editor.js:1090
report_editor.js:1130 report_editor.js: Chip-Doppelklick: kalbfleisch m
report_editor.js:1130 report_editor.js: Chip-Doppelklick: kalbfleisch m
report_editor.js:1130 report_editor.js: Chip-Doppelklick: kalbfleisch m
report_editor.js:1130 report_editor.js: Chip-Doppelklick: kalbfleisch m
report_editor.js:1130 report_editor.js: Chip-Doppelklick: kalbfleisch m
report_editor.js:1164  GET http://127.0.0.2:8080/_forensic/placeholders/values 500 (Internal Server Error)
_refreshPlaceholderForm @ report_editor.js:1164
_openAccordionSection @ report_editor.js:930
(anonymous) @ report_editor.js:1090
report_editor.js:1164  GET http://127.0.0.2:8080/_forensic/placeholders/values 500 (Internal Server Error)
_refreshPlaceholderForm @ report_editor.js:1164
_openAccordionSection @ report_editor.js:930
(anonymous) @ report_editor.js:1090
report_editor.js:1130 report_editor.js: Chip-Doppelklick: kalbfleisch m
report_editor.js:1130 report_editor.js: Chip-Doppelklick: kalbfleisch m
report_editor.js:1130 report_editor.js: Chip-Doppelklick: kalbfleisch m
report_editor.js:1130 report_editor.js: Chip-Doppelklick: kalbfleisch m
report_editor.js:1130 report_editor.js: Chip-Doppelklick: kalbfleisch m
report_editor.js:1164  GET http://127.0.0.2:8080/_forensic/placeholders/values 500 (Internal Server Error)
_refreshPlaceholderForm @ report_editor.js:1164
_openAccordionSection @ report_editor.js:930
(anonymous) @ report_editor.js:1090
report_editor.js:1130 report_editor.js: Chip-Doppelklick: kalbfleisch m
report_editor.js:1130 report_editor.js: Chip-Doppelklick: kalbfleisch m
report_editor.js:1130 report_editor.js: Chip-Doppelklick: kalbfleisch m
report_editor.js:1130 report_editor.js: Chip-Doppelklick: kalbfleisch m
report_editor.js:1130 report_editor.js: Chip-Doppelklick: kalbfleisch m
report_editor.js:1164  GET http://127.0.0.2:8080/_forensic/placeholders/values 500 (Internal Server Error)
_refreshPlaceholderForm @ report_editor.js:1164
_openAccordionSection @ report_editor.js:930
(anonymous) @ report_editor.js:1090
report_editor.js:1164  GET http://127.0.0.2:8080/_forensic/placeholders/values 500 (Internal Server Error)
_refreshPlaceholderForm @ report_editor.js:1164
_openAccordionSection @ report_editor.js:930
(anonymous) @ report_editor.js:1090
report_editor.js:1164  GET http://127.0.0.2:8080/_forensic/placeholders/values 500 (Internal Server Error)
_refreshPlaceholderForm @ report_editor.js:1164
_openAccordionSection @ report_editor.js:930
(anonymous) @ report_editor.js:1090
report_editor.js:1130 report_editor.js: Chip-Doppelklick: kalbfleisch m
report_editor.js:1130 report_editor.js: Chip-Doppelklick: kalbfleisch m
report_editor.js:1130 report_editor.js: Chip-Doppelklick: kalbfleisch m
report_editor.js:1130 report_editor.js: Chip-Doppelklick: kalbfleisch m
report_editor.js:1130 report_editor.js: Chip-Doppelklick: kalbfleisch m
report_editor.js:1164  GET http://127.0.0.2:8080/_forensic/placeholders/values 500 (Internal Server Error)
_refreshPlaceholderForm @ report_editor.js:1164
_openAccordionSection @ report_editor.js:930
(anonymous) @ report_editor.js:1090
report_editor.js:1130 report_editor.js: Chip-Doppelklick: kalbfleisch m
report_editor.js:1130 report_editor.js: Chip-Doppelklick: kalbfleisch m
report_editor.js:1130 report_editor.js: Chip-Doppelklick: kalbfleisch m
report_editor.js:1130 report_editor.js: Chip-Doppelklick: kalbfleisch m
report_editor.js:1130 report_editor.js: Chip-Doppelklick: kalbfleisch m
report_editor.js:1164  GET http://127.0.0.2:8080/_forensic/placeholders/values 500 (Internal Server Error)
_refreshPlaceholderForm @ report_editor.js:1164
_openAccordionSection @ report_editor.js:930
openAtField @ placeholder_wizard.js:553
(anonymous) @ report_editor.js:1119
Promise.then
(anonymous) @ report_editor.js:1100
report_editor.js:1164  GET http://127.0.0.2:8080/_forensic/placeholders/values 500 (Internal Server Error)
_refreshPlaceholderForm @ report_editor.js:1164
_openAccordionSection @ report_editor.js:930
(anonymous) @ report_editor.js:1090
report_editor.js:1130 report_editor.js: Chip-Doppelklick: kalbfleisch m
report_editor.js:1130 report_editor.js: Chip-Doppelklick: kalbfleisch m
report_editor.js:1130 report_editor.js: Chip-Doppelklick: kalbfleisch m
report_editor.js:1130 report_editor.js: Chip-Doppelklick: kalbfleisch m
report_editor.js:1130 report_editor.js: Chip-Doppelklick: kalbfleisch m
report_editor.js:1164  GET http://127.0.0.2:8080/_forensic/placeholders/values 500 (Internal Server Error)
_refreshPlaceholderForm @ report_editor.js:1164
_openAccordionSection @ report_editor.js:930
(anonymous) @ report_editor.js:1090
report_editor.js:1130 report_editor.js: Chip-Doppelklick: kalbfleisch m
report_editor.js:1130 report_editor.js: Chip-Doppelklick: kalbfleisch m
report_editor.js:1130 report_editor.js: Chip-Doppelklick: kalbfleisch m
report_editor.js:1130 report_editor.js: Chip-Doppelklick: kalbfleisch m
report_editor.js:1130 report_editor.js: Chip-Doppelklick: kalbfleisch m
report_editor.js:1164  GET http://127.0.0.2:8080/_forensic/placeholders/values 500 (Internal Server Error)
_refreshPlaceholderForm @ report_editor.js:1164
_openAccordionSection @ report_editor.js:930
(anonymous) @ report_editor.js:1090
report_editor.js:1164  GET http://127.0.0.2:8080/_forensic/placeholders/values 500 (Internal Server Error)
_refreshPlaceholderForm @ report_editor.js:1164
_openAccordionSection @ report_editor.js:930
(anonymous) @ report_editor.js:1090
report_editor.js:1130 report_editor.js: Chip-Doppelklick: kalbfleisch m
report_editor.js:1130 report_editor.js: Chip-Doppelklick: kalbfleisch m
report_editor.js:1130 report_editor.js: Chip-Doppelklick: kalbfleisch m
report_editor.js:1130 report_editor.js: Chip-Doppelklick: kalbfleisch m
report_editor.js:1130 report_editor.js: Chip-Doppelklick: kalbfleisch m
report_editor.js:1130 report_editor.js: Chip-Doppelklick: kalbfleisch m
report_editor.js:1130 report_editor.js: Chip-Doppelklick: kalbfleisch m
report_editor.js:1130 report_editor.js: Chip-Doppelklick: kalbfleisch m
report_editor.js:1130 report_editor.js: Chip-Doppelklick: kalbfleisch m
report_editor.js:1130 report_editor.js: Chip-Doppelklick: kalbfleisch m
report_editor.js:1130 report_editor.js: Chip-Doppelklick: kalbfleisch m
report_editor.js:1130 report_editor.js: Chip-Doppelklick: kalbfleisch m
report_editor.js:1130 report_editor.js: Chip-Doppelklick: kalbfleisch m
report_editor.js:1130 report_editor.js: Chip-Doppelklick: kalbfleisch m
report_editor.js:1130 report_editor.js: Chip-Doppelklick: kalbfleisch m
report_editor.js:1164  GET http://127.0.0.2:8080/_forensic/placeholders/values 500 (Internal Server Error)
_refreshPlaceholderForm @ report_editor.js:1164
_openAccordionSection @ report_editor.js:930
(anonymous) @ report_editor.js:1090
report_editor.js:1164  GET http://127.0.0.2:8080/_forensic/placeholders/values 500 (Internal Server Error)
_refreshPlaceholderForm @ report_editor.js:1164
_openAccordionSection @ report_editor.js:930
(anonymous) @ report_editor.js:1090
report_editor.js:1130 report_editor.js: Chip-Doppelklick: kalbfleisch m
report_editor.js:1130 report_editor.js: Chip-Doppelklick: kalbfleisch m
report_editor.js:1130 report_editor.js: Chip-Doppelklick: kalbfleisch m
report_editor.js:1130 report_editor.js: Chip-Doppelklick: kalbfleisch m
report_editor.js:1130 report_editor.js: Chip-Doppelklick: kalbfleisch m
report_editor.js:1130 report_editor.js: Chip-Doppelklick: kalbfleisch m
report_editor.js:1130 report_editor.js: Chip-Doppelklick: kalbfleisch m
report_editor.js:1130 report_editor.js: Chip-Doppelklick: kalbfleisch m
report_editor.js:1130 report_editor.js: Chip-Doppelklick: kalbfleisch m
report_editor.js:1130 report_editor.js: Chip-Doppelklick: kalbfleisch m
report_editor.js:1130 report_editor.js: Chip-Doppelklick: kalbfleisch m
report_editor.js:1130 report_editor.js: Chip-Doppelklick: kalbfleisch m
report_editor.js:1130 report_editor.js: Chip-Doppelklick: kalbfleisch m
report_editor.js:1130 report_editor.js: Chip-Doppelklick: kalbfleisch m
report_editor.js:1130 report_editor.js: Chip-Doppelklick: kalbfleisch m
report_editor.js:1164  GET http://127.0.0.2:8080/_forensic/placeholders/values 500 (Internal Server Error)
_refreshPlaceholderForm @ report_editor.js:1164
_openAccordionSection @ report_editor.js:930
(anonymous) @ report_editor.js:1090
report_editor.js:1547 report_editor.js: Auto-Save gestartet, report_id= 2 | bekannte Block-IDs: 49
report_editor.js:1659 report_editor.js: Auto-Save abgeschlossen. | Bloecke gespeichert: 49 | Bloecke geloescht: 0
report_editor.js:1547 report_editor.js: Auto-Save gestartet, report_id= 2 | bekannte Block-IDs: 49
report_editor.js:1659 report_editor.js: Auto-Save abgeschlossen. | Bloecke gespeichert: 49 | Bloecke geloescht: 0
report_editor.js:1130 report_editor.js: Chip-Doppelklick: kalbfleisch m
report_editor.js:1130 report_editor.js: Chip-Doppelklick: kalbfleisch m
report_editor.js:1130 report_editor.js: Chip-Doppelklick: kalbfleisch m
report_editor.js:1130 report_editor.js: Chip-Doppelklick: kalbfleisch m
report_editor.js:1130 report_editor.js: Chip-Doppelklick: kalbfleisch m
report_editor.js:1164  GET http://127.0.0.2:8080/_forensic/placeholders/values 500 (Internal Server Error)
_refreshPlaceholderForm @ report_editor.js:1164
_openAccordionSection @ report_editor.js:930
(anonymous) @ report_editor.js:1090
report_editor.js:1164  GET http://127.0.0.2:8080/_forensic/placeholders/values 500 (Internal Server Error)
_refreshPlaceholderForm @ report_editor.js:1164
_openAccordionSection @ report_editor.js:930
(anonymous) @ report_editor.js:1090
report_editor.js:1547 report_editor.js: Auto-Save gestartet, report_id= 2 | bekannte Block-IDs: 49
report_editor.js:1659 report_editor.js: Auto-Save abgeschlossen. | Bloecke gespeichert: 49 | Bloecke geloescht: 0
