debug_events.js:235 [debug_events.js] Build 200 geladen. window._uevt() verfügbar. Trace-Modus: window.FORENSIC_EVENT_TRACE = true
debug_events.js:241 [debug_events.js] Kill-Switches: window.FORENSIC_DEBUG=false (alles) | window.FORENSIC_EVENT_DEBUG=false (nur Events)
placeholder_chips.js:56 [forensic] placeholder_chips.js: window.PlaceholderChips exportiert
placeholder_wizard.js:75 [forensic] placeholder_wizard.js: window.PlaceholderWizard exportiert
module_panel.js:77 [forensic] module_panel.js: window.ModulePanel exportiert
annotation_sidebar.js:58 [forensic] annotation_sidebar.js: window.AnnotationSidebar exportiert
report_editor.js:86 [forensic] report_editor.js: Exports auf window gesetzt (Build wird async geladen)
userinfo.js:67 [forensic] DOMContentLoaded: userinfo.js aktiv
userinfo.js:67 [forensic] initEditor() gestartet
userinfo.js:67 [forensic] initSSEWindow3() gestartet
Navigated to http://127.0.0.2:8080/_forensic/report
report_editor.js:3669 [forensic] report_editor.js: v0.6.237 Build 237 | Exports auf window gesetzt
userinfo.js:67 [forensic] acquireLock() aufgerufen, sseClientId= 82386f33-c66f-4477-96c4-7da106957af6 reportId= undefined
userinfo.js:67 [forensic] acquireLock: keine reportId — uebersprungen
report_editor.js:86 [forensic] initEditorModule() gestartet
report_editor.js:86 [forensic] _initSidebarAccordion() gestartet
report_editor.js:86 [forensic] _initColResizer: Schiebebalken initialisiert
report_editor.js:86 [forensic] _initForumLinkInterceptor: BroadcastChannel bereit
report_editor.js:86 [forensic] _initForumLinkInterceptor: aktiv (window_id= c495d4e5-4e6a-4de3-b545-aa1eacda6960 )
report_editor.js:86 [forensic] _initDragDrop: Drop-Zone registriert auf #editorjs-holder
report_editor.js:86 [forensic] initReportSelector() gestartet
favicon.ico:1  GET http://127.0.0.2:8080/favicon.ico 404 (Not Found)
report_editor.js:86 [forensic] loadReport() report_id= 2 type= final
report_editor.js:640 report_editor.js: _knownBlockIds initialisiert, 3 Bloecke geladen.
report_editor.js:86 [forensic] _initEditorJs(): window.EditorJS= true
report_editor.js:86 [forensic] initReportSelector: Lock erwerben fuer Bericht 2
userinfo.js:67 [forensic] acquireLock() aufgerufen, sseClientId= 82386f33-c66f-4477-96c4-7da106957af6 reportId= 2
userinfo.js:67 [forensic] acquireLock: Antwort status= 200 data= {"lock_id":"0dcd4c92-a443-4dfc-9909-ffc04996b744"}
report_editor.js:86 [forensic] _initSidebarAccordion() gestartet
report_editor.js:1052 report_editor.js: Editor bereit, report_id= 2 | readOnly= true
userinfo.js:67 [forensic] acquireLock() aufgerufen, sseClientId= 82386f33-c66f-4477-96c4-7da106957af6 reportId= undefined
userinfo.js:67 [forensic] acquireLock: Lock bereits vorhanden ( 0dcd4c92-a443-4dfc-9909-ffc04996b744 ) — uebersprungen
report_editor.js:1097 report_editor.js: Initialisierungs-Guard freigegeben.
debug_events.js:174 [USER]     [module_panel] mousedown:mp-insert-btn — Mouse
debug_events.js:174 [USER]     [module_panel] click:mp-insert-btn — Mouse
module_panel.js:902  POST http://127.0.0.2:8080/_forensic/report 423 (Locked)
_insertModule @ module_panel.js:902
await in _insertModule
(anonymous) @ module_panel.js:549
debug_events.js:162 [USER]     [module_panel] click:std-block-insert-secondary — Mouse
report_editor.js:86 [forensic] onChange: Block-Anzahl geaendert: Editor= 4  / _currentBlocks= 3  — bereinige _currentBlocks und Formular-Refresh (Bug 2.98/2.121)
report_editor.js:848 Editor.js 2.31.6 Editor's content can not be saved in read-only mode
Ie @ editorjs.mjs:136
save @ editorjs.mjs:2985
(anonymous) @ editorjs.mjs:2975
onChange @ report_editor.js:848
(anonymous) @ editorjs.mjs:8564
setTimeout
particularBlockChanged @ editorjs.mjs:8562
(anonymous) @ editorjs.mjs:8529
(anonymous) @ editorjs.mjs:889
emit @ editorjs.mjs:888
blockDidMutated @ editorjs.mjs:7902
insert @ editorjs.mjs:7522
(anonymous) @ editorjs.mjs:1995
(anonymous) @ module_panel.js:828
placeholder_wizard.js:189 [PlaceholderWizard] showPlaceholderForm: blocks= 3 focusedId= FyMUhvMr8t onSave= function myUsername= paul
debug_events.js:162 [USER]     [module_panel] click:mp-cat-tab — Mouse
debug_events.js:162 [USER]     [module_panel] click:mp-cat-tab — Mouse
debug_events.js:162 [USER]     [module_panel] mousedown:einzeldaten-insert-btn — Mouse
debug_events.js:162 [USER]     [module_panel] click:einzeldaten-insert-btn — Mouse
module_panel.js:77 [forensic] _insertQuery: Kein aktiver Cursor, lege neuen Block an: user.first_post_date
module_panel.js:1170  POST http://127.0.0.2:8080/_forensic/report 423 (Locked)
_insertQueryAsNewBlock @ module_panel.js:1170
_insertQuery @ module_panel.js:1117
(anonymous) @ module_panel.js:627
placeholder_wizard.js:189 [PlaceholderWizard] showPlaceholderForm: blocks= 3 focusedId= FyMUhvMr8t onSave= function myUsername= paul
debug_events.js:162 [USER]     [placeholder_wizard] focus:pf-input — Input
debug_events.js:162 [USER]     [placeholder_wizard] click:pf-block-group — Mouse
debug_events.js:162 [USER]     [placeholder_wizard] keydown:pf-input — Keyboard
debug_events.js:162 [USER]     [placeholder_wizard] keydown:pf-input — Keyboard
debug_events.js:162 [USER]     [placeholder_wizard] input:pf-input — Input
placeholder_wizard.js:530 [PlaceholderWizard] _scheduleFieldSave: Timer gesetzt fuer bI_uzpAvFk:tathandlung value= "H"
debug_events.js:162 [USER]     [placeholder_wizard] keydown:pf-input — Keyboard
debug_events.js:162 [USER]     [placeholder_wizard] input:pf-input — Input
placeholder_wizard.js:530 [PlaceholderWizard] _scheduleFieldSave: Timer gesetzt fuer bI_uzpAvFk:tathandlung value= "Hu"
debug_events.js:162 [USER]     [placeholder_wizard] keydown:pf-input — Keyboard
debug_events.js:162 [USER]     [placeholder_wizard] input:pf-input — Input
placeholder_wizard.js:530 [PlaceholderWizard] _scheduleFieldSave: Timer gesetzt fuer bI_uzpAvFk:tathandlung value= "Hun"
debug_events.js:162 [USER]     [placeholder_wizard] keydown:pf-input — Keyboard
debug_events.js:162 [USER]     [placeholder_wizard] input:pf-input — Input
placeholder_wizard.js:530 [PlaceholderWizard] _scheduleFieldSave: Timer gesetzt fuer bI_uzpAvFk:tathandlung value= "Hund"
placeholder_wizard.js:544 [PlaceholderWizard] _saveField: blockId= bI_uzpAvFk name= tathandlung val= "Hund" onSave= function
report_editor.js:1840 report_editor.js: _onPlaceholderFieldSave aufgerufen: blockId= bI_uzpAvFk field= tathandlung value= "Hund"
report_editor.js:1885 report_editor.js: _onPlaceholderFieldSave fetch-Antwort: ok= true status= 200
placeholder_wizard.js:553 [PlaceholderWizard] _saveField: onSave abgeschlossen fuer tathandlung
report_editor.js:86 [forensic] _performAutoSave: Editor readOnly — uebersprungen
debug_events.js:162 [USER]     [placeholder_wizard] focus:pf-input — Input
debug_events.js:174 [USER]     [report_editor] click:btn-save-now — Mouse
report_editor.js:86 [forensic] _performAutoSave: Editor readOnly — uebersprungen
