Navigated to http://127.0.0.2:8080/_forensic/report
report:204 [web-debug] FORENSIC_DEBUG=true, FORENSIC_EVENT_TRACE=true
debug_events.js:235 [debug_events.js] Build 200 geladen. window._uevt() verfügbar. Trace-Modus: window.FORENSIC_EVENT_TRACE = true
debug_events.js:241 [debug_events.js] Kill-Switches: window.FORENSIC_DEBUG=false (alles) | window.FORENSIC_EVENT_DEBUG=false (nur Events)
placeholder_chips.js:56 [forensic] placeholder_chips.js: window.PlaceholderChips exportiert
placeholder_wizard.js:75 [forensic] placeholder_wizard.js: window.PlaceholderWizard exportiert
module_panel.js:77 [forensic] module_panel.js: window.ModulePanel exportiert
annotation_sidebar.js:58 [forensic] annotation_sidebar.js: window.AnnotationSidebar exportiert
report_editor.js:112 [forensic] report_editor.js: Exports auf window gesetzt (Build wird async geladen)
userinfo.js:59 [userinfo.js] IIFE gestartet, readyState= interactive
userinfo.js:866 [userinfo.js] readyState=interactive — sofortiger Aufruf
userinfo.js:844 [userinfo.js] _onDOMReady() aufgerufen
userinfo.js:68 [forensic] DOMContentLoaded: userinfo.js aktiv
userinfo.js:68 [forensic] initEditor() gestartet
editor_bootstrap.js:53 [editor_bootstrap] bootstrap() gestartet
sse_layer.js:574 [SSELayer] SSELayer konstruiert
editor_bootstrap.js:53 [editor_bootstrap] SSELayer instanziiert
sse_layer.js:574 [SSELayer] connect() aufgerufen aus Zustand: UNINITIALIZED
sse_layer.js:574 [SSELayer] Zustandsübergang: UNINITIALIZED → CONNECTING
sse_layer.js:574 [SSELayer] EventSource öffnen: /_forensic/events?role=report
editor_bootstrap.js:53 [editor_bootstrap] ReportLayer instanziiert
editor_bootstrap.js:53 [editor_bootstrap] LockLayer instanziiert
editor_bootstrap.js:53 [editor_bootstrap] DocumentLayer instanziiert
report_editor.js:3591 [forensic] report_editor.js: v0.6.279 Build 279 | Exports auf window gesetzt
sse_layer.js:574 [SSELayer] EventSource direkt öffnen (Preflight OK): /_forensic/events?role=report
sse_layer.js:574 [SSELayer] client_id empfangen: 81ef3666-b787-48ce-9bd0-890a57ec83ff Zustand vorher: CONNECTING
sse_layer.js:574 [SSELayer] Zustandsübergang: CONNECTING → CONNECTED
report_layer.js:406 [ReportLayer] Zustandsübergang: UNINITIALIZED → IDLE
report_layer.js:406 [ReportLayer] ready — SSELayer ist bereit, ReportLayer in IDLE
lock_layer.js:700 [LockLayer] Zustandsübergang: UNINITIALIZED → IDLE
lock_layer.js:700 [LockLayer] ready — ReportLayer ist bereit, LockLayer in IDLE
document_layer.js:608 [DocumentLayer] ready — LockLayer ist bereit
editor_bootstrap.js:53 [editor_bootstrap] Alle Layer bereit
editor_bootstrap.js:53 [editor_bootstrap] bootstrap() abgeschlossen — alle Listener registriert
favicon.ico:1  GET http://127.0.0.2:8080/favicon.ico 404 (Not Found)
userinfo.js:649 [userinfo] initSSEWindow3: Paket 9 — SSELayer übernimmt. Stub.
report_editor.js:112 [forensic] initEditorModule() gestartet
report_editor.js:112 [forensic] _initSidebarAccordion() gestartet
report_editor.js:112 [forensic] _initColResizer: Schiebebalken initialisiert
report_editor.js:112 [forensic] _initForumLinkInterceptor: BroadcastChannel bereit
report_editor.js:112 [forensic] _initForumLinkInterceptor: aktiv (window_id= 2d43fb40-426e-40df-85b5-50027c849d49 )
report_editor.js:112 [forensic] _initDragDrop: Drop-Zone registriert auf #editorjs-holder
report_editor.js:112 [forensic] initReportSelector() gestartet
report_editor.js:112 [forensic] loadReport() report_id= 1 type= interim
report_editor.js:112 [forensic] _loadReportImpl: Lock erwerben für Bericht 1
report_editor.js:112 [forensic] _loadReportImpl: reportLayer.open() für Bericht 1
report_layer.js:406 [ReportLayer] open() reportId= 1
report_layer.js:406 [ReportLayer] Zustandsübergang: IDLE → OPENING
report_layer.js:190  POST http://127.0.0.2:8080/_forensic/report 500 (Internal Server Error)
open @ report_layer.js:190
_loadReportImpl @ report_editor.js:544
loadReport @ report_editor.js:488
initReportSelector @ report_editor.js:356
await in initReportSelector
initEditorModule @ report_editor.js:3483
initEditor @ userinfo.js:604
await in initEditor
_onDOMReady @ userinfo.js:851
(anonymous) @ userinfo.js:867
(anonymous) @ userinfo.js:1451
report_layer.js:406 [ReportLayer] open() Netzwerkfehler: SyntaxError: Unexpected token '<', "<html><bod"... is not valid JSON
report_layer.js:406 [ReportLayer] Zustandsübergang: OPENING → IDLE
report_editor.js:112 [forensic] _loadReportImpl: reportLayer.open() fehlgeschlagen — acquire() übersprungen
report_editor.js:112 [forensic] _loadReportImpl: keine reportId — acquire() übersprungen
report_editor.js:112 [forensic] _loadReportImpl: Bloecke via Fallback-Fetch ( 1 )
report_editor.js:662 report_editor.js: _knownBlockIds initialisiert, 1 Bloecke geladen.
report_editor.js:112 [forensic] _initEditorJs(): window.EditorJS= true
report_editor.js:112 [forensic] _initSidebarAccordion() gestartet
report_editor.js:1060 report_editor.js: Editor bereit, report_id= 1 | readOnly= true
report_editor.js:1105 report_editor.js: Initialisierungs-Guard freigegeben.
