:8080/favicon.ico:1  Failed to load resource: the server responded with a status of 404 (Not Found)
report:1  Failed to load resource: net::ERR_CONNECTION_REFUSED
Navigated to http://127.0.0.2:8080/_forensic/report
debug_events.js:235 [debug_events.js] Build 200 geladen. window._uevt() verfügbar. Trace-Modus: window.FORENSIC_EVENT_TRACE = true
debug_events.js:241 [debug_events.js] Kill-Switches: window.FORENSIC_DEBUG=false (alles) | window.FORENSIC_EVENT_DEBUG=false (nur Events)
placeholder_chips.js:56 [forensic] placeholder_chips.js: window.PlaceholderChips exportiert
placeholder_wizard.js:75 [forensic] placeholder_wizard.js: window.PlaceholderWizard exportiert
module_panel.js:77 [forensic] module_panel.js: window.ModulePanel exportiert
annotation_sidebar.js:58 [forensic] annotation_sidebar.js: window.AnnotationSidebar exportiert
report_editor.js:86 [forensic] report_editor.js: Exports auf window gesetzt (Build wird async geladen)
userinfo.js:67 [forensic] DOMContentLoaded: userinfo.js aktiv
userinfo.js:67 [forensic] initEditor() gestartet
userinfo.js:67 [forensic] initSSEWindow3() gestartet
report_editor.js:3186 [forensic] report_editor.js: v0.6.202 Build 202 | Exports auf window gesetzt
userinfo.js:67 [forensic] acquireLock() aufgerufen, sseClientId= cc3fdd7f-0d9f-4fcc-86c9-34bd1d2d6cb1
report_editor.js:86 [forensic] initEditorModule() gestartet
report_editor.js:86 [forensic] _initSidebarAccordion() gestartet
report_editor.js:86 [forensic] _initColResizer: Schiebebalken initialisiert
report_editor.js:86 [forensic] _initForumLinkInterceptor: BroadcastChannel bereit
report_editor.js:86 [forensic] _initForumLinkInterceptor: aktiv (window_id= 862e01da-9f83-4cd5-a19b-fde54c6001fd )
report_editor.js:86 [forensic] _initDragDrop: Drop-Zone registriert auf #editorjs-holder
report_editor.js:86 [forensic] initReportSelector() gestartet
favicon.ico:1  GET http://127.0.0.2:8080/favicon.ico 404 (Not Found)
userinfo.js:67 [forensic] acquireLock() aufgerufen, sseClientId= cc3fdd7f-0d9f-4fcc-86c9-34bd1d2d6cb1
userinfo.js:67 [forensic] acquireLock: Lock bereits vorhanden ( e75728a2-5b3e-4f90-b238-7d108d1c0dd0 ) — uebersprungen
/**
 * IIFE-Diagnosescript: Bug 2.97 / 2.107
 * Berichtseditor — Doppelklick-Einfügen erzeugt Doppelblock + 3 Formular-Einträge
 *
 * ANLEITUNG:
 *   1. Berichtseditor öffnen (/_forensic/report), neuen Bericht anlegen.
 *   2. DevTools → Console öffnen.
 *   3. Dieses gesamte Script in die Console einfügen und Enter drücken.
 *   4. Bestätigung "DIAG 2.97/2.107: Monitoring aktiv." abwarten.
 *   5. In Bausteine > Module auf ein Modul DOPPELKLICKEN.
 *   6. Ca. 3 Sekunden warten bis Auto-Save-Debounce abgelaufen ist.
 *   7. Alle Ausgaben mit Präfix [DIAG] aus der Console kopieren und bereitstellen.
 *
 * WAS BEOBACHTET WIRD:
 *   A) Ob und wann _isProgrammaticInsert gesetzt/freigegeben wird
 *   B) Wie viele onChange-Events editor.js feuert und von welchem Typ
 *   C) Welche Block-IDs zu jedem Zeitpunkt im Editor vorhanden sind
 *   D) Was _performAutoSave an den Server sendet (fetch-Intercept)
 *   E) Ob der Guard zum Zeitpunkt des Auto-Save-Feuerns noch aktiv ist
 */
(function () {
    'use strict';

    const TAG = '[DIAG 2.97/2.107]';
    const ts  = () => new Date().toISOString().slice(11, 23); // HH:MM:SS.mmm

    // -----------------------------------------------------------------------
    // A) _isProgrammaticInsert überwachen via Object.defineProperty
    //    auf window.ReportEditor (der Guard-Setter schreibt _isProgrammaticInsert
    //    als Closure-Variable — wir beobachten die öffentliche API stattdessen)
    // -----------------------------------------------------------------------
    const origBegin = window.ReportEditor?.beginProgrammaticInsert;
    const origEnd   = window.ReportEditor?.endProgrammaticInsert;

    if (!origBegin || !origEnd) {
        console.warn(TAG, 'WARNUNG: window.ReportEditor.beginProgrammaticInsert/endProgrammaticInsert nicht gefunden!');
        console.warn(TAG, 'Entweder ist Build 202 nicht geladen oder report_editor.js ist veraltet.');
        console.warn(TAG, 'window.ReportEditor =', window.ReportEditor);
        console.warn(TAG, '_buildnr =', window._buildnr);
    } else {
        window.ReportEditor.beginProgrammaticInsert = function () {
            console.debug(TAG, ts(), 'beginProgrammaticInsert() aufgerufen — Guard AKTIV');
            console.trace(TAG, 'beginProgrammaticInsert callstack:');
            return origBegin.apply(this, arguments);
        };
        window.ReportEditor.endProgrammaticInsert = function () {
            console.debug(TAG, ts(), 'endProgrammaticInsert() aufgerufen — Guard FREIGEGEBEN');
            console.trace(TAG, 'endProgrammaticInsert callstack:');
            return origEnd.apply(this, arguments);
        };
        console.debug(TAG, 'Guard-API-Wrapper installiert.');
    }

    // -----------------------------------------------------------------------
    // B) Editor.js onChange-Events abfangen
    //    Editor.js ruft intern _editor._callbacks.onChange auf — wir wrappen
    //    das erst NACH der Initialisierung (Editor muss bereits bereit sein).
    //    Polling bis window._editor verfügbar ist.
    // -----------------------------------------------------------------------
    let _editorWrapInstalled = false;
    function _installEditorWrap() {
        if (_editorWrapInstalled) return;
        const ed = window._editor;
        if (!ed) return;

        // Editor.js speichert onChange in ed.configuration.onChange
        // Wir wrappen den _scheduleAutoSave-Trigger indem wir auf dem
        // Editor-Objekt selbst horchen — via Proxy auf blocks.insert
        const origInsert = ed.blocks?.insert?.bind(ed.blocks);
        if (origInsert && ed.blocks) {
            ed.blocks.insert = function (...args) {
                console.debug(TAG, ts(), 'editor.blocks.insert() aufgerufen',
                    '| args[0] (type):', args[0],
                    '| _isProgrammaticInsert zur Zeit:', window._diag_isProgrammaticInsert ?? '(nicht messbar)');
                const result = origInsert(...args);
                // Block-IDs NACH insert
                setTimeout(() => {
                    const ids = [];
                    try {
                        const n = ed.blocks.getBlocksCount();
                        for (let i = 0; i < n; i++) {
                            ids.push(ed.blocks.getBlockByIndex(i)?.id ?? '?');
                        }
                    } catch (e) { ids.push('(Fehler: ' + e.message + ')'); }
                    console.debug(TAG, ts(), 'Block-IDs im Editor NACH insert:', ids);
                }, 0);
                return result;
            };
            console.debug(TAG, 'editor.blocks.insert Wrapper installiert.');
        }

        _editorWrapInstalled = true;
    }

    // Polling alle 200ms bis Editor bereit
    const _pollTimer = setInterval(() => {
        if (window._editor?.blocks) {
            _installEditorWrap();
            clearInterval(_pollTimer);
        }
    }, 200);

    // -----------------------------------------------------------------------
    // C) fetch-Intercept: alle POST /_forensic/editor-Requests loggen
    //    (save_block, save, delete) um zu sehen was tatsächlich an den
    //    Server gesendet wird und in welcher Reihenfolge
    // -----------------------------------------------------------------------
    const origFetch = window.fetch;
    window.fetch = async function (url, opts) {
        const urlStr = typeof url === 'string' ? url : url?.url ?? String(url);

        // Nur Editor-API-Calls interessieren uns
        if (urlStr.includes('/_forensic/editor') || urlStr.includes('/_forensic/report')) {
            const method = opts?.method || 'GET';
            let body = null;
            try { body = opts?.body ? JSON.parse(opts.body) : null; } catch (_) {}

            if (method === 'POST' && body) {
                console.debug(TAG, ts(),
                    `fetch POST ${urlStr}`,
                    '| action:', body.action ?? '(kein action)',
                    '| block_id:', body.block_id ?? '—',
                    '| report_id:', body.report_id ?? '—',
                    '| block_type:', body.block_type ?? '—',
                    '| block_data (gekürzt):', body.block_data
                        ? JSON.stringify(body.block_data).slice(0, 80) + '...'
                        : '—'
                );
            }
        }

        // Original-fetch aufrufen
        return origFetch.apply(this, arguments);
    };
    console.debug(TAG, 'fetch-Intercept installiert (POST /_forensic/editor + /report).');

    // -----------------------------------------------------------------------
    // D) _insertModule-Aufrufe in module_panel.js tracen
    //    Wir überwachen ModulePanel._insertModule via window.ModulePanel-Export
    // -----------------------------------------------------------------------
    // _insertModule ist nicht direkt exportiert — wir observen stattdessen
    // über den dblclick-Event auf .mp-item-Elementen (bereits via _uevt geloggt)
    // und kombinieren das mit den fetch-Aufrufen.

    // -----------------------------------------------------------------------
    // E) showPlaceholderForm überwachen
    // -----------------------------------------------------------------------
    const origWizard = window.PlaceholderWizard?.showPlaceholderForm;
    if (origWizard && window.PlaceholderWizard) {
        window.PlaceholderWizard.showPlaceholderForm = function (blocks, focusedId, opts) {
            const ids = (blocks || []).map(b => b.block_id ?? '(kein block_id)');
            console.debug(TAG, ts(),
                'showPlaceholderForm aufgerufen | blocks.length:', (blocks || []).length,
                '| focusedId:', focusedId,
                '| block_ids:', ids
            );
            console.trace(TAG, 'showPlaceholderForm callstack:');
            return origWizard.apply(this, arguments);
        };
        console.debug(TAG, 'PlaceholderWizard.showPlaceholderForm Wrapper installiert.');
    } else {
        console.warn(TAG, 'WARNUNG: PlaceholderWizard.showPlaceholderForm nicht gefunden!');
    }

    // -----------------------------------------------------------------------
    // F) _currentBlocks zur Diagnosezeit ausgeben (alle 500ms nach Doppelklick)
    //    Wir beobachten _insertModule-Aufruf via Sentinel auf dblclick
    // -----------------------------------------------------------------------
    document.addEventListener('dblclick', (evt) => {
        if (!evt.target.closest('.mp-item')) return;
        console.debug(TAG, ts(), 'DOPPELKLICK auf .mp-item erkannt — starte Zeitreihen-Dump');

        const snapshots = [0, 100, 200, 500, 1000, 1600, 2000, 2500, 3000];
        snapshots.forEach(delay => {
            setTimeout(() => {
                const edIds = [];
                try {
                    const ed = window._editor;
                    if (ed?.blocks) {
                        const n = ed.blocks.getBlocksCount();
                        for (let i = 0; i < n; i++) {
                            edIds.push(ed.blocks.getBlockByIndex(i)?.id ?? '?');
                        }
                    }
                } catch (e) { edIds.push('Fehler: ' + e.message); }

                const dbIds = (window._currentBlocksDebug ?? []).map(b => b.block_id ?? '?');
                console.debug(TAG, ts(),
                    `T+${delay}ms | Editor-IDs:`, edIds,
                    '| _currentBlocks IDs:', dbIds.length ? dbIds : '(nicht zugänglich)',
                    '| Guard aktiv:', window.ReportEditor?._insertGuardTimer !== undefined
                        ? '(Timer existiert — Guard möglicherweise aktiv)'
                        : '(kein Timer)'
                );
            }, delay);
        });
    }, { capture: true, passive: true });

    console.debug(TAG, '='.repeat(60));
    console.debug(TAG, 'DIAG 2.97/2.107: Monitoring aktiv.');
    console.debug(TAG, 'Jetzt bitte: Bausteine > Module > Doppelklick auf ein Modul.');
    console.debug(TAG, '='.repeat(60));

})();
VM1833:51 [DIAG 2.97/2.107] Guard-API-Wrapper installiert.
VM1833:135 [DIAG 2.97/2.107] fetch-Intercept installiert (POST /_forensic/editor + /report).
VM1833:160 [DIAG 2.97/2.107] PlaceholderWizard.showPlaceholderForm Wrapper installiert.
VM1833:199 [DIAG 2.97/2.107] ============================================================
VM1833:200 [DIAG 2.97/2.107] DIAG 2.97/2.107: Monitoring aktiv.
VM1833:201 [DIAG 2.97/2.107] Jetzt bitte: Bausteine > Module > Doppelklick auf ein Modul.
VM1833:202 [DIAG 2.97/2.107] ============================================================
undefined
debug_events.js:162 [USER]     [module_panel] click:mp-item — Mouse
debug_events.js:162 [USER]     [module_panel] click:mp-item — Mouse
VM1833:171 [DIAG 2.97/2.107] 12:51:15.267 DOPPELKLICK auf .mp-item erkannt — starte Zeitreihen-Dump
debug_events.js:162 [USER]     [module_panel] dblclick:mp-item — Mouse
VM1833:188 [DIAG 2.97/2.107] 12:51:15.280 T+0ms | Editor-IDs: [] | _currentBlocks IDs: (nicht zugänglich) | Guard aktiv: (kein Timer)
VM1833:119 [DIAG 2.97/2.107] 12:51:15.284 fetch POST /_forensic/report | action: save_block | block_id: bfd6f23d-9581-4b2b-a743-a29dbe11adc7 | report_id: — | block_type: paragraph | block_data (gekürzt): "{\"text\":\"Der untersuchte Benutzer-Account ist im Forum unter dem Nutzernamen...
VM1833:133  POST http://127.0.0.2:8080/_forensic/report 400 (Bad Request)
window.fetch @ VM1833:133
_insertModule @ module_panel.js:835
await in _insertModule
(anonymous) @ module_panel.js:520
VM1833:188 [DIAG 2.97/2.107] 12:51:15.368 T+100ms | Editor-IDs: [] | _currentBlocks IDs: (nicht zugänglich) | Guard aktiv: (kein Timer)
VM1833:188 [DIAG 2.97/2.107] 12:51:15.468 T+200ms | Editor-IDs: [] | _currentBlocks IDs: (nicht zugänglich) | Guard aktiv: (kein Timer)
VM1833:188 [DIAG 2.97/2.107] 12:51:15.768 T+500ms | Editor-IDs: [] | _currentBlocks IDs: (nicht zugänglich) | Guard aktiv: (kein Timer)
VM1833:188 [DIAG 2.97/2.107] 12:51:16.268 T+1000ms | Editor-IDs: [] | _currentBlocks IDs: (nicht zugänglich) | Guard aktiv: (kein Timer)
VM1833:188 [DIAG 2.97/2.107] 12:51:16.868 T+1600ms | Editor-IDs: [] | _currentBlocks IDs: (nicht zugänglich) | Guard aktiv: (kein Timer)
VM1833:188 [DIAG 2.97/2.107] 12:51:17.268 T+2000ms | Editor-IDs: [] | _currentBlocks IDs: (nicht zugänglich) | Guard aktiv: (kein Timer)
VM1833:188 [DIAG 2.97/2.107] 12:51:17.768 T+2500ms | Editor-IDs: [] | _currentBlocks IDs: (nicht zugänglich) | Guard aktiv: (kein Timer)
VM1833:188 [DIAG 2.97/2.107] 12:51:18.268 T+3000ms | Editor-IDs: [] | _currentBlocks IDs: (nicht zugänglich) | Guard aktiv: (kein Timer)
debug_events.js:174 [USER]     [report_editor] click:btn-new-report — Mouse
debug_events.js:174 [USER]     [report_editor] click:btn-create-report — Mouse
VM1833:119 [DIAG 2.97/2.107] 12:51:40.682 fetch POST /_forensic/reports | action: (kein action) | block_id: — | report_id: — | block_type: — | block_data (gekürzt): —
report_editor.js:86 [forensic] initReportSelector() gestartet
report_editor.js:86 [forensic] loadReport() report_id= 1 type= interim
report_editor.js:497 report_editor.js: _knownBlockIds initialisiert, 0 Bloecke geladen.
report_editor.js:86 [forensic] _initEditorJs(): window.EditorJS= true
report_editor.js:86 [forensic] _initSidebarAccordion() gestartet
report_editor.js:693 report_editor.js: Editor bereit, report_id= 1 | readOnly= false
VM1833:89 [DIAG 2.97/2.107] editor.blocks.insert Wrapper installiert.
editorjs.mjs:136 Block «paragraph» skipped because saved data is invalid
report_editor.js:738 report_editor.js: Initialisierungs-Guard freigegeben.
debug_events.js:162 [USER]     [module_panel] click:mp-item — Mouse
debug_events.js:162 [USER]     [module_panel] click:mp-item — Mouse
VM1833:171 [DIAG 2.97/2.107] 12:51:46.778 DOPPELKLICK auf .mp-item erkannt — starte Zeitreihen-Dump
debug_events.js:162 [USER]     [module_panel] dblclick:mp-item — Mouse
VM1833:188 [DIAG 2.97/2.107] 12:51:46.782 T+0ms | Editor-IDs: ['_GYv8tkW8e'] | _currentBlocks IDs: (nicht zugänglich) | Guard aktiv: (kein Timer)
VM1833:119 [DIAG 2.97/2.107] 12:51:46.783 fetch POST /_forensic/report | action: save_block | block_id: 93254dd1-7b09-4de9-9b46-6f9463b98f21 | report_id: 1 | block_type: paragraph | block_data (gekürzt): "{\"text\":\"Der untersuchte Benutzer-Account ist im Forum unter dem Nutzernamen...
VM1833:42 [DIAG 2.97/2.107] 12:51:46.796 beginProgrammaticInsert() aufgerufen — Guard AKTIV
VM1833:43 [DIAG 2.97/2.107] beginProgrammaticInsert callstack:
window.ReportEditor.beginProgrammaticInsert @ VM1833:43
_insertModule @ module_panel.js:867
await in _insertModule
(anonymous) @ module_panel.js:520
VM1833:72 [DIAG 2.97/2.107] 12:51:46.796 editor.blocks.insert() aufgerufen | args[0] (type): paragraph | _isProgrammaticInsert zur Zeit: (nicht messbar)
module_panel.js:77 [forensic] _insertModule: Block eingefuegt, idx= 1
VM1833:85 [DIAG 2.97/2.107] 12:51:46.801 Block-IDs im Editor NACH insert: (2) ['JNSCaUy6lc', '_GYv8tkW8e']
VM1833:152 [DIAG 2.97/2.107] 12:51:46.809 showPlaceholderForm aufgerufen | blocks.length: 1 | focusedId: 93254dd1-7b09-4de9-9b46-6f9463b98f21 | block_ids: ['93254dd1-7b09-4de9-9b46-6f9463b98f21']
VM1833:157 [DIAG 2.97/2.107] showPlaceholderForm callstack:
window.PlaceholderWizard.showPlaceholderForm @ VM1833:157
_doRefreshPlaceholderForm @ report_editor.js:1379
await in _doRefreshPlaceholderForm
_refreshPlaceholderForm @ report_editor.js:1345
_openAccordionSection @ report_editor.js:1083
onInserted @ report_editor.js:1544
await in onInserted
_insertModule @ module_panel.js:910
await in _insertModule
(anonymous) @ module_panel.js:520
placeholder_wizard.js:189 [PlaceholderWizard] showPlaceholderForm: blocks= 1 focusedId= 93254dd1-7b09-4de9-9b46-6f9463b98f21 onSave= function myUsername= paul
module_panel.js:77 [forensic] _insertModule: Chips hydriert, idx= 1
VM1833:47 [DIAG 2.97/2.107] 12:51:46.850 endProgrammaticInsert() aufgerufen — Guard FREIGEGEBEN
VM1833:48 [DIAG 2.97/2.107] endProgrammaticInsert callstack:
window.ReportEditor.endProgrammaticInsert @ VM1833:48
(anonymous) @ module_panel.js:894
setTimeout
_insertModule @ module_panel.js:874
await in _insertModule
(anonymous) @ module_panel.js:520
VM1833:188 [DIAG 2.97/2.107] 12:51:46.879 T+100ms | Editor-IDs: (2) ['JNSCaUy6lc', '_GYv8tkW8e'] | _currentBlocks IDs: (nicht zugänglich) | Guard aktiv: (Timer existiert — Guard möglicherweise aktiv)
VM1833:188 [DIAG 2.97/2.107] 12:51:46.978 T+200ms | Editor-IDs: (2) ['JNSCaUy6lc', '_GYv8tkW8e'] | _currentBlocks IDs: (nicht zugänglich) | Guard aktiv: (Timer existiert — Guard möglicherweise aktiv)
VM1833:188 [DIAG 2.97/2.107] 12:51:47.278 T+500ms | Editor-IDs: (2) ['JNSCaUy6lc', '_GYv8tkW8e'] | _currentBlocks IDs: (nicht zugänglich) | Guard aktiv: (Timer existiert — Guard möglicherweise aktiv)
VM1833:188 [DIAG 2.97/2.107] 12:51:47.778 T+1000ms | Editor-IDs: (2) ['JNSCaUy6lc', '_GYv8tkW8e'] | _currentBlocks IDs: (nicht zugänglich) | Guard aktiv: (Timer existiert — Guard möglicherweise aktiv)
VM1833:188 [DIAG 2.97/2.107] 12:51:48.378 T+1600ms | Editor-IDs: (2) ['JNSCaUy6lc', '_GYv8tkW8e'] | _currentBlocks IDs: (nicht zugänglich) | Guard aktiv: (Timer existiert — Guard möglicherweise aktiv)
VM1833:188 [DIAG 2.97/2.107] 12:51:48.778 T+2000ms | Editor-IDs: (2) ['JNSCaUy6lc', '_GYv8tkW8e'] | _currentBlocks IDs: (nicht zugänglich) | Guard aktiv: (Timer existiert — Guard möglicherweise aktiv)
VM1833:188 [DIAG 2.97/2.107] 12:51:49.278 T+2500ms | Editor-IDs: (2) ['JNSCaUy6lc', '_GYv8tkW8e'] | _currentBlocks IDs: (nicht zugänglich) | Guard aktiv: (Timer existiert — Guard möglicherweise aktiv)
VM1833:188 [DIAG 2.97/2.107] 12:51:49.778 T+3000ms | Editor-IDs: (2) ['JNSCaUy6lc', '_GYv8tkW8e'] | _currentBlocks IDs: (nicht zugänglich) | Guard aktiv: (Timer existiert — Guard möglicherweise aktiv)
report_editor.js:1832 report_editor.js: Auto-Save gestartet, report_id= 1 | bekannte Block-IDs: 0
VM1833:119 [DIAG 2.97/2.107] 12:52:17.255 fetch POST /_forensic/editor/block | action: save | block_id: JNSCaUy6lc | report_id: 1 | block_type: paragraph | block_data (gekürzt): {"text":"Der untersuchte Benutzer-Account ist im Forum unter dem Nutzernamen {{a...
VM1833:119 [DIAG 2.97/2.107] 12:52:17.275 fetch POST /_forensic/editor/block | action: save | block_id: _GYv8tkW8e | report_id: 1 | block_type: paragraph | block_data (gekürzt): {"text":"Der untersuchte Benutzer-Account ist im Forum unter dem Nutzernamen {{a...
VM1833:119 [DIAG 2.97/2.107] 12:52:17.281 fetch POST /_forensic/editor/order | action: (kein action) | block_id: — | report_id: 1 | block_type: — | block_data (gekürzt): —
report_editor.js:1946 report_editor.js: Auto-Save abgeschlossen. | Bloecke gespeichert: 2 | Bloecke geloescht: 0
VM1833:152 [DIAG 2.97/2.107] 12:52:17.294 showPlaceholderForm aufgerufen | blocks.length: 3 | focusedId: JNSCaUy6lc | block_ids: (3) ['JNSCaUy6lc', '_GYv8tkW8e', '93254dd1-7b09-4de9-9b46-6f9463b98f21']
VM1833:157 [DIAG 2.97/2.107] showPlaceholderForm callstack:
window.PlaceholderWizard.showPlaceholderForm @ VM1833:157
_doRefreshPlaceholderForm @ report_editor.js:1379
await in _doRefreshPlaceholderForm
_refreshPlaceholderForm @ report_editor.js:1345
_performAutoSave @ report_editor.js:1970
await in _performAutoSave
(anonymous) @ report_editor.js:1798
setTimeout
_scheduleAutoSave @ report_editor.js:1798
onChange @ report_editor.js:670
(anonymous) @ editorjs.mjs:8564
setTimeout
particularBlockChanged @ editorjs.mjs:8562
(anonymous) @ editorjs.mjs:8529
(anonymous) @ editorjs.mjs:889
emit @ editorjs.mjs:888
blockDidMutated @ editorjs.mjs:7902
(anonymous) @ editorjs.mjs:7857
(anonymous) @ editorjs.mjs:889
emit @ editorjs.mjs:888
(anonymous) @ editorjs.mjs:1587
(anonymous) @ editorjs.mjs:1955
(anonymous) @ editorjs.mjs:889
emit @ editorjs.mjs:888
redactorChanged @ editorjs.mjs:8573
(anonymous) @ editorjs.mjs:8527
childList
(anonymous) @ module_panel.js:891
setTimeout
_insertModule @ module_panel.js:874
await in _insertModule
(anonymous) @ module_panel.js:520
placeholder_wizard.js:189 [PlaceholderWizard] showPlaceholderForm: blocks= 3 focusedId= JNSCaUy6lc onSave= function myUsername= paul
