:8080/favicon.ico:1  Failed to load resource: the server responded with a status of 404 (Not Found)
report:1  Failed to load resource: net::ERR_CONNECTION_REFUSED
Navigated to http://127.0.0.2:8080/_forensic/report
debug_events.js:235 [debug_events.js] Build 200 geladen. window._uevt() verfügbar. Trace-Modus: window.FORENSIC_EVENT_TRACE = true
debug_events.js:241 [debug_events.js] Kill-Switches: window.FORENSIC_DEBUG=false (alles) | window.FORENSIC_EVENT_DEBUG=false (nur Events)
placeholder_chips.js:56 [forensic] placeholder_chips.js: window.PlaceholderChips exportiert
placeholder_wizard.js:75 [forensic] placeholder_wizard.js: window.PlaceholderWizard exportiert
module_panel.js:77 [forensic] module_panel.js: window.ModulePanel exportiert
annotation_sidebar.js:58 [forensic] annotation_sidebar.js: window.AnnotationSidebar exportiert
report_editor.js:86 [forensic] report_editor.js: Exports auf window gesetzt (Build wird async geladen)
userinfo.js:67 [forensic] DOMContentLoaded: userinfo.js aktiv
userinfo.js:67 [forensic] initEditor() gestartet
userinfo.js:67 [forensic] initSSEWindow3() gestartet
report_editor.js:3336 [forensic] report_editor.js: v0.6.209 Build 209 | Exports auf window gesetzt
userinfo.js:67 [forensic] acquireLock() aufgerufen, sseClientId= e6c0a005-1382-4e44-a1aa-08d3b4786398
report_editor.js:86 [forensic] initEditorModule() gestartet
report_editor.js:86 [forensic] _initSidebarAccordion() gestartet
report_editor.js:86 [forensic] _initColResizer: Schiebebalken initialisiert
report_editor.js:86 [forensic] _initForumLinkInterceptor: BroadcastChannel bereit
report_editor.js:86 [forensic] _initForumLinkInterceptor: aktiv (window_id= c7553da0-c840-4551-84f6-b5d8641f553d )
report_editor.js:86 [forensic] _initDragDrop: Drop-Zone registriert auf #editorjs-holder
report_editor.js:86 [forensic] initReportSelector() gestartet
favicon.ico:1  GET http://127.0.0.2:8080/favicon.ico 404 (Not Found)
userinfo.js:67 [forensic] acquireLock() aufgerufen, sseClientId= e6c0a005-1382-4e44-a1aa-08d3b4786398
userinfo.js:67 [forensic] acquireLock: Lock bereits vorhanden ( d3d2bd04-c270-4644-9e3c-e0a03be5115d ) — uebersprungen
debug_events.js:174 [USER]     [report_editor] click:btn-new-report — Mouse
debug_events.js:174 [USER]     [report_editor] click:btn-create-report — Mouse
report_editor.js:86 [forensic] initReportSelector() gestartet
report_editor.js:86 [forensic] loadReport() report_id= 1 type= interim
report_editor.js:512 report_editor.js: _knownBlockIds initialisiert, 0 Bloecke geladen.
report_editor.js:86 [forensic] _initEditorJs(): window.EditorJS= true
report_editor.js:86 [forensic] _initSidebarAccordion() gestartet
report_editor.js:817 report_editor.js: Editor bereit, report_id= 1 | readOnly= false
placeholder_wizard.js:189 [PlaceholderWizard] showPlaceholderForm: blocks= 0 focusedId= null onSave= function myUsername= paul
editorjs.mjs:136 Block «paragraph» skipped because saved data is invalid
report_editor.js:862 report_editor.js: Initialisierungs-Guard freigegeben.
debug_events.js:162 [USER]     [module_panel] click:mp-chip — Mouse
debug_events.js:162 [USER]     [module_panel] click:mp-item — Mouse
debug_events.js:162 [USER]     [module_panel] click:mp-item — Mouse
debug_events.js:162 [USER]     [module_panel] dblclick:mp-item — Mouse
module_panel.js:77 [forensic] _insertModule: Block server-seitig gespeichert, blockId= cf580ba8-7155-4f69-bebb-b79431a9aa83 — Editor-Reload via onInserted-Callback
report_editor.js:86 [forensic] _reloadEditorContent(): Starte Neuladen fuer report_id= 1
report_editor.js:86 [forensic] _reloadEditorContent(): Abgeschlossen. 1 Bloecke geladen.
placeholder_wizard.js:189 [PlaceholderWizard] showPlaceholderForm: blocks= 1 focusedId= cf580ba8-7155-4f69-bebb-b79431a9aa83 onSave= function myUsername= paul
report_editor.js:86 [forensic] _initSidebarAccordion() gestartet
report_editor.js:817 report_editor.js: Editor bereit, report_id= 1 | readOnly= false
placeholder_wizard.js:189 [PlaceholderWizard] showPlaceholderForm: blocks= 1 focusedId= cf580ba8-7155-4f69-bebb-b79431a9aa83 onSave= function myUsername= paul
report_editor.js:862 report_editor.js: Initialisierungs-Guard freigegeben.
debug_events.js:162 [USER]     [module_panel] click:mp-chip — Mouse
debug_events.js:162 [USER]     [module_panel] click:mp-item — Mouse
debug_events.js:162 [USER]     [module_panel] click:mp-item — Mouse
debug_events.js:162 [USER]     [module_panel] dblclick:mp-item — Mouse
module_panel.js:77 [forensic] _insertModule: Block server-seitig gespeichert, blockId= 547eae86-2a82-487c-bcf3-5eed21e90518 — Editor-Reload via onInserted-Callback
report_editor.js:86 [forensic] _reloadEditorContent(): Starte Neuladen fuer report_id= 1
report_editor.js:86 [forensic] _reloadEditorContent(): Abgeschlossen. 2 Bloecke geladen.
placeholder_wizard.js:189 [PlaceholderWizard] showPlaceholderForm: blocks= 2 focusedId= cf580ba8-7155-4f69-bebb-b79431a9aa83 onSave= function myUsername= paul
report_editor.js:86 [forensic] _initSidebarAccordion() gestartet
report_editor.js:817 report_editor.js: Editor bereit, report_id= 1 | readOnly= false
placeholder_wizard.js:189 [PlaceholderWizard] showPlaceholderForm: blocks= 2 focusedId= cf580ba8-7155-4f69-bebb-b79431a9aa83 onSave= function myUsername= paul
report_editor.js:862 report_editor.js: Initialisierungs-Guard freigegeben.
debug_events.js:174 [USER]     [report_editor] mousedown:captureRange — Mouse
debug_events.js:162 [USER]     [report_editor] click:ph-chip — Mouse
debug_events.js:162 [USER]     [report_editor] click:ph-chip — Mouse
debug_events.js:162 [USER]     [report_editor] click:ph-chip — Mouse
debug_events.js:162 [USER]     [placeholder_wizard] click:pf-block-group — Mouse
debug_events.js:162 [USER]     [placeholder_wizard] focus:pf-input — Input
debug_events.js:162 [USER]     [placeholder_wizard] click:pf-block-group — Mouse
debug_events.js:162 [USER]     [placeholder_wizard] click:pf-block-group — Mouse
debug_events.js:162 [USER]     [placeholder_wizard] focus:pf-input — Input
debug_events.js:162 [USER]     [placeholder_wizard] click:pf-block-group — Mouse
debug_events.js:162 [USER]     [placeholder_wizard] click:pf-block-group — Mouse
debug_events.js:162 [USER]     [placeholder_wizard] focus:pf-input — Input
debug_events.js:162 [USER]     [placeholder_wizard] click:pf-block-group — Mouse
debug_events.js:162 [USER]     [placeholder_wizard] click:pf-block-group — Mouse
debug_events.js:162 [USER]     [placeholder_wizard] focus:pf-input — Input
debug_events.js:162 [USER]     [placeholder_wizard] click:pf-block-group — Mouse
debug_events.js:174 [USER]     [report_editor] mousedown:captureRange — Mouse
debug_events.js:162 [USER]     [report_editor] click:ph-chip — Mouse
debug_events.js:162 [USER]     [report_editor] click:ph-chip — Mouse
debug_events.js:162 [USER]     [report_editor] click:ph-chip — Mouse
debug_events.js:162 [USER]     [report_editor] click:ph-chip — Mouse
debug_events.js:162 [USER]     [report_editor] click:ph-chip — Mouse
debug_events.js:162 [USER]     [report_editor] click:ph-chip — Mouse
debug_events.js:162 [USER]     [placeholder_wizard] focus:pf-input — Input
debug_events.js:162 [USER]     [placeholder_wizard] click:pf-block-group — Mouse
debug_events.js:174 [USER]     [report_editor] mousedown:captureRange — Mouse
debug_events.js:162 [USER]     [report_editor] click:ph-chip — Mouse
debug_events.js:162 [USER]     [report_editor] click:ph-chip — Mouse
debug_events.js:162 [USER]     [report_editor] click:ph-chip — Mouse
debug_events.js:162 [USER]     [report_editor] click:ph-chip — Mouse
debug_events.js:162 [USER]     [report_editor] click:ph-chip — Mouse
debug_events.js:162 [USER]     [report_editor] click:ph-chip — Mouse
debug_events.js:174 [USER]     [report_editor] mousedown:captureRange — Mouse
report_editor.js:849 [forensic] _captureRange: alt= null → neu: blockId= ? blockIdx= -1 startOffset= 0
debug_events.js:162 [USER]     [report_editor] click:ph-chip — Mouse
debug_events.js:162 [USER]     [report_editor] click:ph-chip — Mouse
debug_events.js:162 [USER]     [report_editor] click:ph-chip — Mouse
debug_events.js:174 [USER]     [report_editor] mousedown:captureRange — Mouse
report_editor.js:849 [forensic] _captureRange: alt= blockId=? offset=0 → neu: blockId= ? blockIdx= -1 startOffset= 0
debug_events.js:162 [USER]     [report_editor] click:ph-chip — Mouse
debug_events.js:162 [USER]     [report_editor] click:ph-chip — Mouse
debug_events.js:162 [USER]     [report_editor] click:ph-chip — Mouse
report_editor.js:86 [forensic] onChange: Editor hat weniger Bloecke ( 1 ) als _currentBlocks ( 2 ) — bereinige _currentBlocks und Formular-Refresh (Bug 2.98)
placeholder_wizard.js:189 [PlaceholderWizard] showPlaceholderForm: blocks= 1 focusedId= 547eae86-2a82-487c-bcf3-5eed21e90518 onSave= function myUsername= paul
debug_events.js:174 [USER]     [report_editor] click:btn-refresh-placeholders — Mouse
report_editor.js:86 [forensic] _reloadEditorContent(): Starte Neuladen fuer report_id= 1
report_editor.js:86 [forensic] _reloadEditorContent(): Abgeschlossen. 2 Bloecke geladen.
report_editor.js:86 [forensic] _initSidebarAccordion() gestartet
report_editor.js:817 report_editor.js: Editor bereit, report_id= 1 | readOnly= false
placeholder_wizard.js:189 [PlaceholderWizard] showPlaceholderForm: blocks= 2 focusedId= cf580ba8-7155-4f69-bebb-b79431a9aa83 onSave= function myUsername= paul
report_editor.js:862 report_editor.js: Initialisierungs-Guard freigegeben.
report_editor.js:1982 report_editor.js: Auto-Save gestartet, report_id= 1 | bekannte Block-IDs: 2
report_editor.js:2096 report_editor.js: Auto-Save abgeschlossen. | Bloecke gespeichert: 2 | Bloecke geloescht: 0
placeholder_wizard.js:189 [PlaceholderWizard] showPlaceholderForm: blocks= 2 focusedId= cf580ba8-7155-4f69-bebb-b79431a9aa83 onSave= function myUsername= paul
