:8080/favicon.ico:1  Failed to load resource: the server responded with a status of 404 (Not Found)
report:1  Failed to load resource: net::ERR_CONNECTION_REFUSED
Navigated to http://127.0.0.2:8080/_forensic/report
debug_events.js:235 [debug_events.js] Build 200 geladen. window._uevt() verfügbar. Trace-Modus: window.FORENSIC_EVENT_TRACE = true
debug_events.js:241 [debug_events.js] Kill-Switches: window.FORENSIC_DEBUG=false (alles) | window.FORENSIC_EVENT_DEBUG=false (nur Events)
placeholder_chips.js:56 [forensic] placeholder_chips.js: window.PlaceholderChips exportiert
placeholder_wizard.js:75 [forensic] placeholder_wizard.js: window.PlaceholderWizard exportiert
module_panel.js:77 [forensic] module_panel.js: window.ModulePanel exportiert
annotation_sidebar.js:58 [forensic] annotation_sidebar.js: window.AnnotationSidebar exportiert
report_editor.js:86 [forensic] report_editor.js: Exports auf window gesetzt (Build wird async geladen)
userinfo.js:67 [forensic] DOMContentLoaded: userinfo.js aktiv
userinfo.js:67 [forensic] initEditor() gestartet
userinfo.js:67 [forensic] initSSEWindow3() gestartet
report_editor.js:3583 [forensic] report_editor.js: v0.6.228 Build 228 | Exports auf window gesetzt
userinfo.js:67 [forensic] acquireLock() aufgerufen, sseClientId= 626fb4ba-6a99-48b0-9633-d88ec0afa716 reportId= undefined
userinfo.js:67 [forensic] acquireLock: keine Berichte und keine reportId — uebersprungen
report_editor.js:86 [forensic] initEditorModule() gestartet
report_editor.js:86 [forensic] _initSidebarAccordion() gestartet
report_editor.js:86 [forensic] _initColResizer: Schiebebalken initialisiert
report_editor.js:86 [forensic] _initForumLinkInterceptor: BroadcastChannel bereit
report_editor.js:86 [forensic] _initForumLinkInterceptor: aktiv (window_id= f0c3c3c6-0e0a-4e5b-a8af-91c08eb5f4be )
report_editor.js:86 [forensic] _initDragDrop: Drop-Zone registriert auf #editorjs-holder
report_editor.js:86 [forensic] initReportSelector() gestartet
favicon.ico:1  GET http://127.0.0.2:8080/favicon.ico 404 (Not Found)
userinfo.js:67 [forensic] acquireLock() aufgerufen, sseClientId= 626fb4ba-6a99-48b0-9633-d88ec0afa716 reportId= undefined
userinfo.js:67 [forensic] acquireLock: keine Berichte und keine reportId — uebersprungen
debug_events.js:174 [USER]     [report_editor] click:btn-new-report — Mouse
debug_events.js:174 [USER]     [report_editor] click:btn-create-report — Mouse
report_editor.js:86 [forensic] create-report: Lock aus 201-Response: fdd8f2a1-fa37-40d9-b23e-5b9da8894ace fuer Bericht 1
report_editor.js:86 [forensic] initReportSelector() gestartet
report_editor.js:86 [forensic] loadReport() report_id= 1 type= interim
report_editor.js:609 report_editor.js: _knownBlockIds initialisiert, 0 Bloecke geladen.
report_editor.js:86 [forensic] _initEditorJs(): window.EditorJS= true
report_editor.js:86 [forensic] _initSidebarAccordion() gestartet
report_editor.js:1021 report_editor.js: Editor bereit, report_id= 1 | readOnly= false
editorjs.mjs:136 Block «paragraph» skipped because saved data is invalid
report_editor.js:1066 report_editor.js: Initialisierungs-Guard freigegeben.
debug_events.js:174 [USER]     [module_panel] dragstart:mp-item — Drag&Drop
module_panel.js:77 [forensic] Drag start (Modul, delegiert): module_id= 1 title= Personenbeschreibung des Beschuldigten
debug_events.js:174 [USER]     [module_panel] dragstart:mp-item — Drag&Drop
module_panel.js:77 [forensic] Drag start (Modul, delegiert): module_id= 1 title= Personenbeschreibung des Beschuldigten
debug_events.js:162 [USER]     [report_editor] drop:editorjs-holder — Drag&Drop
report_editor.js:86 [forensic] Drop: Ziel-Index= 1 von 1 Bloecken
report_editor.js:86 [forensic] Drop (Modul): module_id= 1 targetIdx= 1
report_editor.js:86 [forensic] Drop (Modul): Block eingefuegt, type= paragraph idx= 1 textLen= 450
report_editor.js:86 [forensic] Drop (Modul): Chips hydriert fuer Block idx= 1
editorjs.mjs:136 Block «paragraph» skipped because saved data is invalid
report_editor.js:86 [forensic] onChange: Block-Anzahl geaendert: Editor= 2  / _currentBlocks= 0  — bereinige _currentBlocks und Formular-Refresh (Bug 2.98/2.121)
editorjs.mjs:136 Block «paragraph» skipped because saved data is invalid
placeholder_wizard.js:189 [PlaceholderWizard] showPlaceholderForm: blocks= 1 focusedId= pOPth8BlZj onSave= function myUsername= paul
debug_events.js:174 [USER]     [module_panel] dragstart:mp-item — Drag&Drop
module_panel.js:77 [forensic] Drag start (Modul, delegiert): module_id= 5 title= Ermittlungsfazit und Maßnahmenempfehlung
debug_events.js:174 [USER]     [module_panel] dragstart:mp-item — Drag&Drop
module_panel.js:77 [forensic] Drag start (Modul, delegiert): module_id= 5 title= Ermittlungsfazit und Maßnahmenempfehlung
editorjs.mjs:136 Block «paragraph» skipped because saved data is invalid
debug_events.js:162 [USER]     [report_editor] drop:editorjs-holder — Drag&Drop
report_editor.js:86 [forensic] Drop: Ziel-Index= 2 von 2 Bloecken
report_editor.js:86 [forensic] Drop (Modul): module_id= 5 targetIdx= 2
report_editor.js:86 [forensic] Drop (Modul): Block eingefuegt, type= paragraph idx= 2 textLen= 502
report_editor.js:86 [forensic] Drop (Modul): Chips hydriert fuer Block idx= 2
editorjs.mjs:136 Block «paragraph» skipped because saved data is invalid
report_editor.js:86 [forensic] onChange: Block-Anzahl geaendert: Editor= 3  / _currentBlocks= 1  — bereinige _currentBlocks und Formular-Refresh (Bug 2.98/2.121)
editorjs.mjs:136 Block «paragraph» skipped because saved data is invalid
placeholder_wizard.js:189 [PlaceholderWizard] showPlaceholderForm: blocks= 2 focusedId= pOPth8BlZj onSave= function myUsername= paul
editorjs.mjs:136 Block «paragraph» skipped because saved data is invalid
debug_events.js:174 [USER]     [report_editor] click:btn-new-report — Mouse
editorjs.mjs:136 Block «paragraph» skipped because saved data is invalid
debug_events.js:174 [USER]     [report_editor] click:btn-create-report — Mouse
report_editor.js:2221 report_editor.js: Auto-Save gestartet, report_id= 1 | bekannte Block-IDs: 2
editorjs.mjs:136 Block «paragraph» skipped because saved data is invalid
report_editor.js:2335 report_editor.js: Auto-Save abgeschlossen. | Bloecke gespeichert: 2 | Bloecke geloescht: 0
report_editor.js:86 [forensic] create-report: Lock aus 201-Response: 94b53195-5a7a-4a74-a569-0fb5bd12dfae fuer Bericht 2
report_editor.js:86 [forensic] initReportSelector() gestartet
report_editor.js:86 [forensic] loadReport() report_id= 2 type= final
report_editor.js:86 [forensic] _loadReportImpl: Bericht-Wechsel 1 -> 2 — Save + Lock-Release
report_editor.js:86 [forensic] _loadReportImpl: Save uebersprungen (bereits durch Create erledigt)
report_editor.js:609 report_editor.js: _knownBlockIds initialisiert, 0 Bloecke geladen.
report_editor.js:86 [forensic] _initEditorJs(): window.EditorJS= true
report_editor.js:86 [forensic] _initEditorJs: Lock erwerben fuer neuen Bericht 2
userinfo.js:67 [forensic] acquireLock() aufgerufen, sseClientId= 626fb4ba-6a99-48b0-9633-d88ec0afa716 reportId= 2
report_editor.js:86 [forensic] _initSidebarAccordion() gestartet
report_editor.js:1021 report_editor.js: Editor bereit, report_id= 2 | readOnly= true
report_editor.js:1066 report_editor.js: Initialisierungs-Guard freigegeben.
debug_events.js:174 [USER]     [module_panel] dragstart:mp-item — Drag&Drop
module_panel.js:77 [forensic] Drag start (Modul, delegiert): module_id= 1 title= Personenbeschreibung des Beschuldigten
debug_events.js:174 [USER]     [module_panel] dragstart:mp-item — Drag&Drop
module_panel.js:77 [forensic] Drag start (Modul, delegiert): module_id= 1 title= Personenbeschreibung des Beschuldigten
debug_events.js:174 [USER]     [module_panel] dragstart:mp-item — Drag&Drop
module_panel.js:77 [forensic] Drag start (Modul, delegiert): module_id= 1 title= Personenbeschreibung des Beschuldigten
debug_events.js:162 [USER]     [report_editor] drop:editorjs-holder — Drag&Drop
report_editor.js:86 [forensic] Drop: Editor readOnly — Drop abgelehnt (Lock noch nicht erworben)
debug_events.js:174 [USER]     [module_panel] dragstart:mp-item — Drag&Drop
module_panel.js:77 [forensic] Drag start (Modul, delegiert): module_id= 5 title= Ermittlungsfazit und Maßnahmenempfehlung
debug_events.js:174 [USER]     [module_panel] dragstart:mp-item — Drag&Drop
module_panel.js:77 [forensic] Drag start (Modul, delegiert): module_id= 5 title= Ermittlungsfazit und Maßnahmenempfehlung
debug_events.js:174 [USER]     [module_panel] dragstart:mp-item — Drag&Drop
module_panel.js:77 [forensic] Drag start (Modul, delegiert): module_id= 5 title= Ermittlungsfazit und Maßnahmenempfehlung
debug_events.js:162 [USER]     [report_editor] drop:editorjs-holder — Drag&Drop
report_editor.js:86 [forensic] Drop: Editor readOnly — Drop abgelehnt (Lock noch nicht erworben)
debug_events.js:174 [USER]     [module_panel] dragstart:mp-item — Drag&Drop
module_panel.js:77 [forensic] Drag start (Modul, delegiert): module_id= 3 title= Strafrechtliche Einordnung (§§ 176 / 184b StGB)
debug_events.js:174 [USER]     [module_panel] dragstart:mp-item — Drag&Drop
module_panel.js:77 [forensic] Drag start (Modul, delegiert): module_id= 3 title= Strafrechtliche Einordnung (§§ 176 / 184b StGB)
debug_events.js:174 [USER]     [module_panel] dragstart:mp-item — Drag&Drop
module_panel.js:77 [forensic] Drag start (Modul, delegiert): module_id= 3 title= Strafrechtliche Einordnung (§§ 176 / 184b StGB)
debug_events.js:162 [USER]     [report_editor] drop:editorjs-holder — Drag&Drop
report_editor.js:86 [forensic] Drop: Editor readOnly — Drop abgelehnt (Lock noch nicht erworben)
