debug_events.js:235 [debug_events.js] Build 200 geladen. window._uevt() verfügbar. Trace-Modus: window.FORENSIC_EVENT_TRACE = true
debug_events.js:241 [debug_events.js] Kill-Switches: window.FORENSIC_DEBUG=false (alles) | window.FORENSIC_EVENT_DEBUG=false (nur Events)
placeholder_chips.js:56 [forensic] placeholder_chips.js: window.PlaceholderChips exportiert
validation_rules.js:71 [ValidationRules] validation_rules.js geladen — window.ValidationRules exportiert
placeholder_links.js:72 [forensic:links] placeholder_links.js: window.PlaceholderLinks exportiert
placeholder_defs.js:45 [PlaceholderDefs] placeholder_defs.js geladen — window.PlaceholderDefs exportiert
placeholder_reuse.js:39 [PlaceholderReuse] placeholder_reuse.js geladen — window.PlaceholderReuse exportiert
placeholder_wizard.js:111 [forensic] placeholder_wizard.js: window.PlaceholderWizard exportiert
module_panel.js:77 [forensic] module_panel.js: window.ModulePanel exportiert
annotation_sidebar.js:58 [forensic] annotation_sidebar.js: window.AnnotationSidebar exportiert
report_editor.js:120 [forensic] report_editor.js: Exports auf window gesetzt (Build wird async geladen)
userinfo.js:59 [userinfo.js] IIFE gestartet, readyState= interactive
userinfo.js:1063 [userinfo.js] readyState=interactive — sofortiger Aufruf
userinfo.js:1040 [userinfo.js] _onDOMReady() aufgerufen
userinfo.js:68 [forensic] DOMContentLoaded: userinfo.js aktiv
userinfo.js:68 [forensic] initEditor() gestartet
userinfo.js:1592 [Violation] Permissions policy violation: unload is not allowed in this document.
(anonymous) @ userinfo.js:1592
editor_bootstrap.js:53 [editor_bootstrap] bootstrap() gestartet
sse_layer.js:604 [SSELayer] SSELayer konstruiert
editor_bootstrap.js:53 [editor_bootstrap] SSELayer instanziiert
sse_layer.js:604 [SSELayer] connect() aufgerufen aus Zustand: UNINITIALIZED
sse_layer.js:604 [SSELayer] Zustandsübergang: UNINITIALIZED → CONNECTING
sse_layer.js:604 [SSELayer] EventSource öffnen: /_forensic/events?role=report
editor_bootstrap.js:53 [editor_bootstrap] ReportLayer instanziiert
editor_bootstrap.js:53 [editor_bootstrap] LockLayer instanziiert
editor_bootstrap.js:53 [editor_bootstrap] DocumentLayer instanziiert
report_editor.js:4560 [forensic] report_editor.js: v0.8.582 Build 582 | Exports auf window gesetzt
sse_layer.js:604 [SSELayer] EventSource direkt öffnen (Preflight OK): /_forensic/events?role=report
sse_layer.js:604 [SSELayer] client_id empfangen: ebdd9101-c877-4cb2-8327-9021268517cd Zustand vorher: CONNECTING
sse_layer.js:604 [SSELayer] Zustandsübergang: CONNECTING → CONNECTED
report_layer.js:406 [ReportLayer] Zustandsübergang: UNINITIALIZED → IDLE
report_layer.js:406 [ReportLayer] ready — SSELayer ist bereit, ReportLayer in IDLE
lock_layer.js:718 [LockLayer] Zustandsübergang: UNINITIALIZED → IDLE
lock_layer.js:718 [LockLayer] ready — ReportLayer ist bereit, LockLayer in IDLE
document_layer.js:608 [DocumentLayer] ready — LockLayer ist bereit
editor_bootstrap.js:53 [editor_bootstrap] Alle Layer bereit
editor_bootstrap.js:53 [editor_bootstrap] bootstrap() abgeschlossen — alle Listener registriert
userinfo.js:845 [userinfo] initSSEWindow3: Paket 9 — SSELayer übernimmt. Stub.
report_editor.js:120 [forensic] initEditorModule() gestartet
report_editor.js:120 [forensic] _initSidebarAccordion() gestartet
report_editor.js:120 [forensic] _initColResizer: Schiebebalken initialisiert
report_editor.js:120 [forensic] _initForumLinkInterceptor: BroadcastChannel bereit
report_editor.js:4335 [Violation] Permissions policy violation: unload is not allowed in this document.
_initForumLinkInterceptor @ report_editor.js:4335
report_editor.js:120 [forensic] _initForumLinkInterceptor: aktiv (window_id= 9d015d3f-a7e4-4219-9f92-4ca888a0f3c5 )
report_editor.js:120 [forensic] _initDragDrop: Drop-Zone registriert auf #editorjs-holder
report_editor.js:120 [forensic] initReportSelector() gestartet
validation_rules.js:71 [ValidationRules] Katalog geladen: Array(1)
module_panel.js:495 module_panel.js: Laden fehlgeschlagen: Error: HTTP 503
    at _fetchModules (module_panel.js:193:25)
    at async _loadAndRender (module_panel.js:463:28)
    at async Object.showPanel (module_panel.js:268:5)
_loadAndRender @ module_panel.js:495
report_editor.js:120 [forensic] loadReport() report_id= 3 type= addendum
report_editor.js:120 [forensic] _loadReportImpl: Lock erwerben für Bericht 3
report_editor.js:120 [forensic] _loadReportImpl: reportLayer.open() für Bericht 3
report_layer.js:406 [ReportLayer] open() reportId= 3
report_layer.js:406 [ReportLayer] Zustandsübergang: IDLE → OPENING
report_layer.js:406 [ReportLayer] Zustandsübergang: OPENING → OPENED
lock_layer.js:718 [LockLayer] ReportLayer OPENED — prüfe sessionStorage auf lockId
report_layer.js:406 [ReportLayer] OPENED: report_id= 3
lock_layer.js:718 [LockLayer] Zustandsübergang: IDLE → ACQUIRING
lock_layer.js:718 [LockLayer] Zustandsübergang: ACQUIRING → MINE
editor_bootstrap.js:53 [editor_bootstrap] LockLayer acquired: lockId= 6cf7b26a-3287-4d22-aa77-9cd71359aec3
lock_layer.js:718 [LockLayer] MINE: lock_id= 6cf7b26a-3287-4d22-aa77-9cd71359aec3
report_editor.js:120 [forensic] _loadReportImpl: Bloecke aus reportLayer ( 7 )
report_editor.js:1028 report_editor.js: _knownBlockIds initialisiert, 7 Bloecke geladen.
report_editor.js:120 [forensic] _initEditorJs(): window.EditorJS= true
report_editor.js:120 [forensic] _initSidebarAccordion() gestartet
report_editor.js:1614 report_editor.js: Editor bereit, report_id= 3 | readOnly= false
module_panel.js:495 module_panel.js: Laden fehlgeschlagen: Error: HTTP 503
    at _fetchModules (module_panel.js:193:25)
    at async _loadAndRender (module_panel.js:463:28)
    at async Object.showPanel (module_panel.js:268:5)
_loadAndRender @ module_panel.js:495
report_editor.js:1799 report_editor.js: Initialisierungs-Guard freigegeben.
debug_events.js:174 [USER]     [report_editor] mousedown:captureRange — Mouse
