:8080/favicon.ico:1  Failed to load resource: the server responded with a status of 404 (Not Found)
block:1  Failed to load resource: the server responded with a status of 423 (Locked)
Navigated to http://127.0.0.2:8080/_forensic/report
debug_events.js:235 [debug_events.js] Build 200 geladen. window._uevt() verfügbar. Trace-Modus: window.FORENSIC_EVENT_TRACE = true
debug_events.js:241 [debug_events.js] Kill-Switches: window.FORENSIC_DEBUG=false (alles) | window.FORENSIC_EVENT_DEBUG=false (nur Events)
placeholder_chips.js:56 [forensic] placeholder_chips.js: window.PlaceholderChips exportiert
placeholder_wizard.js:75 [forensic] placeholder_wizard.js: window.PlaceholderWizard exportiert
module_panel.js:77 [forensic] module_panel.js: window.ModulePanel exportiert
annotation_sidebar.js:58 [forensic] annotation_sidebar.js: window.AnnotationSidebar exportiert
report_editor.js:86 [forensic] report_editor.js: Exports auf window gesetzt (Build wird async geladen)
userinfo.js:67 [forensic] DOMContentLoaded: userinfo.js aktiv
userinfo.js:67 [forensic] initEditor() gestartet
userinfo.js:67 [forensic] initSSEWindow3() gestartet
userinfo.js:67 [forensic] acquireLock() aufgerufen, sseClientId= 74338db6-3c46-49e6-9fd9-9cf0e2797f27 reportId= undefined
userinfo.js:67 [forensic] acquireLock: keine reportId — uebersprungen
report_editor.js:86 [forensic] initEditorModule() gestartet
report_editor.js:86 [forensic] _initSidebarAccordion() gestartet
report_editor.js:86 [forensic] _initColResizer: Schiebebalken initialisiert
report_editor.js:86 [forensic] _initForumLinkInterceptor: BroadcastChannel bereit
report_editor.js:86 [forensic] _initForumLinkInterceptor: aktiv (window_id= d76e57ba-1b75-4153-be11-bbebd25625e0 )
report_editor.js:86 [forensic] _initDragDrop: Drop-Zone registriert auf #editorjs-holder
report_editor.js:86 [forensic] initReportSelector() gestartet
report_editor.js:3669 [forensic] report_editor.js: v0.6.236 Build 236 | Exports auf window gesetzt
report_editor.js:86 [forensic] loadReport() report_id= 2 type= final
favicon.ico:1  GET http://127.0.0.2:8080/favicon.ico 404 (Not Found)
report_editor.js:640 report_editor.js: _knownBlockIds initialisiert, 3 Bloecke geladen.
report_editor.js:86 [forensic] _initEditorJs(): window.EditorJS= true
report_editor.js:86 [forensic] initReportSelector: Lock erwerben fuer Bericht 2
userinfo.js:67 [forensic] acquireLock() aufgerufen, sseClientId= 74338db6-3c46-49e6-9fd9-9cf0e2797f27 reportId= 2
userinfo.js:67 [forensic] acquireLock: Antwort status= 200 data= {"lock_id":"bb82a5ec-6f5b-491f-a1d9-7226b0f64aca"}
report_editor.js:86 [forensic] _initSidebarAccordion() gestartet
report_editor.js:1052 report_editor.js: Editor bereit, report_id= 2 | readOnly= true
placeholder_wizard.js:189 [PlaceholderWizard] showPlaceholderForm: blocks= 3 focusedId= FyMUhvMr8t onSave= function myUsername= paul
userinfo.js:67 [forensic] acquireLock() aufgerufen, sseClientId= 74338db6-3c46-49e6-9fd9-9cf0e2797f27 reportId= undefined
userinfo.js:67 [forensic] acquireLock: Lock bereits vorhanden ( bb82a5ec-6f5b-491f-a1d9-7226b0f64aca ) — uebersprungen
report_editor.js:1097 report_editor.js: Initialisierungs-Guard freigegeben.
debug_events.js:174 [USER]     [report_editor] mousedown:captureRange — Mouse
debug_events.js:162 [USER]     [report_editor] click:ph-chip — Mouse
debug_events.js:162 [USER]     [placeholder_wizard] focus:pf-input — Input
debug_events.js:162 [USER]     [placeholder_wizard] click:pf-block-group — Mouse
debug_events.js:162 [USER]     [placeholder_wizard] keydown:pf-input — Keyboard
debug_events.js:162 [USER]     [placeholder_wizard] input:pf-input — Input
placeholder_wizard.js:530 [PlaceholderWizard] _scheduleFieldSave: Timer gesetzt fuer bI_uzpAvFk:tatbestand value= "1"
debug_events.js:162 [USER]     [placeholder_wizard] keydown:pf-input — Keyboard
debug_events.js:162 [USER]     [placeholder_wizard] input:pf-input — Input
placeholder_wizard.js:530 [PlaceholderWizard] _scheduleFieldSave: Timer gesetzt fuer bI_uzpAvFk:tatbestand value= "12"
debug_events.js:162 [USER]     [placeholder_wizard] keydown:pf-input — Keyboard
debug_events.js:162 [USER]     [placeholder_wizard] input:pf-input — Input
placeholder_wizard.js:530 [PlaceholderWizard] _scheduleFieldSave: Timer gesetzt fuer bI_uzpAvFk:tatbestand value= "123"
debug_events.js:162 [USER]     [placeholder_wizard] keydown:pf-input — Keyboard
debug_events.js:162 [USER]     [placeholder_wizard] input:pf-input — Input
placeholder_wizard.js:530 [PlaceholderWizard] _scheduleFieldSave: Timer gesetzt fuer bI_uzpAvFk:tatbestand value= "1231"
debug_events.js:162 [USER]     [placeholder_wizard] keydown:pf-input — Keyboard
debug_events.js:162 [USER]     [placeholder_wizard] input:pf-input — Input
placeholder_wizard.js:530 [PlaceholderWizard] _scheduleFieldSave: Timer gesetzt fuer bI_uzpAvFk:tatbestand value= "12312"
debug_events.js:162 [USER]     [placeholder_wizard] keydown:pf-input — Keyboard
debug_events.js:162 [USER]     [placeholder_wizard] input:pf-input — Input
placeholder_wizard.js:530 [PlaceholderWizard] _scheduleFieldSave: Timer gesetzt fuer bI_uzpAvFk:tatbestand value= "123123"
placeholder_wizard.js:544 [PlaceholderWizard] _saveField: blockId= bI_uzpAvFk name= tatbestand val= "123123" onSave= function
report_editor.js:1840 report_editor.js: _onPlaceholderFieldSave aufgerufen: blockId= bI_uzpAvFk field= tatbestand value= "123123"
report_editor.js:1885 report_editor.js: _onPlaceholderFieldSave fetch-Antwort: ok= true status= 200
placeholder_wizard.js:553 [PlaceholderWizard] _saveField: onSave abgeschlossen fuer tatbestand
debug_events.js:162 [USER]     [report_editor] change:report-select — Input
report_editor.js:86 [forensic] loadReport() report_id= 1 type= interim
report_editor.js:86 [forensic] _loadReportImpl: Bericht-Wechsel 2 -> 1 — Save + Lock-Release
report_editor.js:86 [forensic] _performAutoSave: Editor readOnly — uebersprungen
report_editor.js:86 [forensic] _loadReportImpl: Lock vorab erwerben fuer Bericht 1
userinfo.js:67 [forensic] acquireLock() aufgerufen, sseClientId= 74338db6-3c46-49e6-9fd9-9cf0e2797f27 reportId= 1
userinfo.js:67 [forensic] acquireLock: Antwort status= 200 data= {"lock_id":"cdabd95a-e84d-4350-87dd-61ba24ce50ad"}
report_editor.js:86 [forensic] loadReport() report_id= 1 type= interim
report_editor.js:493 report_editor.js: loadReport() bereits aktiv — übersprungen
report_editor.js:640 report_editor.js: _knownBlockIds initialisiert, 3 Bloecke geladen.
report_editor.js:86 [forensic] _initEditorJs(): window.EditorJS= true
report_editor.js:86 [forensic] _initSidebarAccordion() gestartet
report_editor.js:1052 report_editor.js: Editor bereit, report_id= 1 | readOnly= false
placeholder_wizard.js:189 [PlaceholderWizard] showPlaceholderForm: blocks= 3 focusedId= 8GmhC5nWJM onSave= function myUsername= paul
report_editor.js:1097 report_editor.js: Initialisierungs-Guard freigegeben.
debug_events.js:174 [USER]     [report_editor] mousedown:captureRange — Mouse
debug_events.js:162 [USER]     [report_editor] click:ph-chip — Mouse
debug_events.js:162 [USER]     [report_editor] click:ph-chip — Mouse
debug_events.js:162 [USER]     [placeholder_wizard] focus:pf-input — Input
debug_events.js:162 [USER]     [placeholder_wizard] click:pf-block-group — Mouse
debug_events.js:162 [USER]     [placeholder_wizard] keydown:pf-input — Keyboard
debug_events.js:162 [USER]     [placeholder_wizard] input:pf-input — Input
placeholder_wizard.js:530 [PlaceholderWizard] _scheduleFieldSave: Timer gesetzt fuer obUbKNhOA4:aktivitaetsgrad value= "2"
debug_events.js:162 [USER]     [placeholder_wizard] keydown:pf-input — Keyboard
debug_events.js:162 [USER]     [placeholder_wizard] input:pf-input — Input
placeholder_wizard.js:530 [PlaceholderWizard] _scheduleFieldSave: Timer gesetzt fuer obUbKNhOA4:aktivitaetsgrad value= "21"
debug_events.js:162 [USER]     [placeholder_wizard] keydown:pf-input — Keyboard
debug_events.js:162 [USER]     [placeholder_wizard] input:pf-input — Input
placeholder_wizard.js:530 [PlaceholderWizard] _scheduleFieldSave: Timer gesetzt fuer obUbKNhOA4:aktivitaetsgrad value= "213"
debug_events.js:162 [USER]     [placeholder_wizard] keydown:pf-input — Keyboard
debug_events.js:162 [USER]     [placeholder_wizard] input:pf-input — Input
placeholder_wizard.js:530 [PlaceholderWizard] _scheduleFieldSave: Timer gesetzt fuer obUbKNhOA4:aktivitaetsgrad value= "2131"
debug_events.js:162 [USER]     [placeholder_wizard] keydown:pf-input — Keyboard
debug_events.js:162 [USER]     [placeholder_wizard] input:pf-input — Input
placeholder_wizard.js:530 [PlaceholderWizard] _scheduleFieldSave: Timer gesetzt fuer obUbKNhOA4:aktivitaetsgrad value= "21312"
debug_events.js:162 [USER]     [placeholder_wizard] keydown:pf-input — Keyboard
debug_events.js:162 [USER]     [placeholder_wizard] input:pf-input — Input
placeholder_wizard.js:530 [PlaceholderWizard] _scheduleFieldSave: Timer gesetzt fuer obUbKNhOA4:aktivitaetsgrad value= "213123"
placeholder_wizard.js:544 [PlaceholderWizard] _saveField: blockId= obUbKNhOA4 name= aktivitaetsgrad val= "213123" onSave= function
report_editor.js:1840 report_editor.js: _onPlaceholderFieldSave aufgerufen: blockId= obUbKNhOA4 field= aktivitaetsgrad value= "213123"
report_editor.js:1885 report_editor.js: _onPlaceholderFieldSave fetch-Antwort: ok= true status= 200
placeholder_wizard.js:553 [PlaceholderWizard] _saveField: onSave abgeschlossen fuer aktivitaetsgrad
debug_events.js:174 [USER]     [module_panel] dragstart:mp-item — Drag&Drop
module_panel.js:77 [forensic] Drag start (Standard, delegiert): type= list
debug_events.js:162 [USER]     [report_editor] drop:editorjs-holder — Drag&Drop
report_editor.js:86 [forensic] Drop: Ziel-Index= 3 von 3 Bloecken
report_editor.js:86 [forensic] Drop (Standard): type= list targetIdx= 3
report_editor.js:86 [forensic] Drop (Standard): Block eingefuegt, type= list idx= 3
report_editor.js:86 [forensic] onChange: Block-Anzahl geaendert: Editor= 4  / _currentBlocks= 3  — bereinige _currentBlocks und Formular-Refresh (Bug 2.98/2.121)
placeholder_wizard.js:189 [PlaceholderWizard] showPlaceholderForm: blocks= 4 focusedId= 8GmhC5nWJM onSave= function myUsername= paul
debug_events.js:174 [USER]     [module_panel] dragstart:mp-item — Drag&Drop
module_panel.js:77 [forensic] Drag start (Modul, delegiert): module_id= 1 title= Personenbeschreibung des Beschuldigten
debug_events.js:162 [USER]     [report_editor] drop:editorjs-holder — Drag&Drop
report_editor.js:86 [forensic] Drop: Ziel-Index= 4 von 4 Bloecken
report_editor.js:86 [forensic] Drop (Modul): module_id= 1 targetIdx= 4
report_editor.js:86 [forensic] Drop (Modul): Block eingefuegt, type= paragraph idx= 4 textLen= 450
report_editor.js:86 [forensic] Drop (Modul): Chips hydriert fuer Block idx= 4
report_editor.js:86 [forensic] onChange: Block-Anzahl geaendert: Editor= 5  / _currentBlocks= 4  — bereinige _currentBlocks und Formular-Refresh (Bug 2.98/2.121)
placeholder_wizard.js:189 [PlaceholderWizard] showPlaceholderForm: blocks= 5 focusedId= 8GmhC5nWJM onSave= function myUsername= paul
debug_events.js:162 [USER]     [module_panel] click:mp-cat-tab — Mouse
debug_events.js:162 [USER]     [module_panel] mousedown:einzeldaten-insert-btn — Mouse
debug_events.js:162 [USER]     [module_panel] click:einzeldaten-insert-btn — Mouse
module_panel.js:77 [forensic] _insertQuery: Kein aktiver Cursor, lege neuen Block an: user.aoa
module_panel.js:1164  POST http://127.0.0.2:8080/_forensic/report 423 (Locked)
_insertQueryAsNewBlock @ module_panel.js:1164
_insertQuery @ module_panel.js:1115
(anonymous) @ module_panel.js:627
debug_events.js:162 [USER]     [module_panel] mousedown:einzeldaten-insert-btn — Mouse
debug_events.js:162 [USER]     [module_panel] click:einzeldaten-insert-btn — Mouse
module_panel.js:77 [forensic] _insertQuery: Kein aktiver Cursor, lege neuen Block an: user.aoa
module_panel.js:1164  POST http://127.0.0.2:8080/_forensic/report 423 (Locked)
_insertQueryAsNewBlock @ module_panel.js:1164
_insertQuery @ module_panel.js:1115
(anonymous) @ module_panel.js:627
debug_events.js:162 [USER]     [module_panel] mousedown:einzeldaten-insert-btn — Mouse
debug_events.js:162 [USER]     [module_panel] click:einzeldaten-insert-btn — Mouse
module_panel.js:77 [forensic] _insertQuery: Kein aktiver Cursor, lege neuen Block an: user.aoa
module_panel.js:1164  POST http://127.0.0.2:8080/_forensic/report 423 (Locked)
_insertQueryAsNewBlock @ module_panel.js:1164
_insertQuery @ module_panel.js:1115
(anonymous) @ module_panel.js:627
debug_events.js:174 [USER]     [report_editor] mousedown:captureRange — Mouse
debug_events.js:162 [USER]     [report_editor] click:ph-chip — Mouse
debug_events.js:162 [USER]     [report_editor] click:ph-chip — Mouse
debug_events.js:162 [USER]     [module_panel] mousedown:einzeldaten-insert-btn — Mouse
debug_events.js:162 [USER]     [module_panel] click:einzeldaten-insert-btn — Mouse
module_panel.js:77 [forensic] _insertQuery: Kein aktiver Cursor, lege neuen Block an: user.aoa
module_panel.js:1164  POST http://127.0.0.2:8080/_forensic/report 423 (Locked)
_insertQueryAsNewBlock @ module_panel.js:1164
_insertQuery @ module_panel.js:1115
(anonymous) @ module_panel.js:627
debug_events.js:162 [USER]     [module_panel] click:mp-cat-tab — Mouse
debug_events.js:174 [USER]     [module_panel] dragstart:mp-item — Drag&Drop
module_panel.js:77 [forensic] Drag start (Modul, delegiert): module_id= 6 title= Anlagenverzeichnis
debug_events.js:162 [USER]     [report_editor] drop:editorjs-holder — Drag&Drop
report_editor.js:86 [forensic] Drop: Ziel-Index= 5 von 5 Bloecken
report_editor.js:86 [forensic] Drop (Modul): module_id= 6 targetIdx= 5
report_editor.js:86 [forensic] Drop (Modul): Block eingefuegt, type= paragraph idx= 5 textLen= 394
report_editor.js:86 [forensic] Drop (Modul): Chips hydriert fuer Block idx= 5
report_editor.js:86 [forensic] onChange: Block-Anzahl geaendert: Editor= 6  / _currentBlocks= 5  — bereinige _currentBlocks und Formular-Refresh (Bug 2.98/2.121)
placeholder_wizard.js:189 [PlaceholderWizard] showPlaceholderForm: blocks= 6 focusedId= 8GmhC5nWJM onSave= function myUsername= paul
