:8080/favicon.ico:1  Failed to load resource: the server responded with a status of 404 (Not Found)
report:1  Failed to load resource: net::ERR_CONNECTION_REFUSED
Navigated to http://127.0.0.2:8080/_forensic/report
placeholder_chips.js:56 [forensic] placeholder_chips.js: window.PlaceholderChips exportiert
placeholder_wizard.js:75 [forensic] placeholder_wizard.js: window.PlaceholderWizard exportiert
module_panel.js:77 [forensic] module_panel.js: window.ModulePanel exportiert
annotation_sidebar.js:58 [forensic] annotation_sidebar.js: window.AnnotationSidebar exportiert
report_editor.js:86 [forensic] report_editor.js: Exports auf window gesetzt
userinfo.js:67 [forensic] DOMContentLoaded: userinfo.js aktiv
userinfo.js:67 [forensic] initEditor() gestartet
userinfo.js:67 [forensic] initSSEWindow3() gestartet
userinfo.js:67 [forensic] acquireLock() aufgerufen, sseClientId= 50c6e998-b032-40e8-ada5-936b7468976a
report_editor.js:86 [forensic] initEditorModule() gestartet
report_editor.js:86 [forensic] _initSidebarAccordion() gestartet
report_editor.js:86 [forensic] _initDragDrop: Drop-Zone registriert auf #editorjs-holder
report_editor.js:86 [forensic] initReportSelector() gestartet
favicon.ico:1  GET http://127.0.0.2:8080/favicon.ico 404 (Not Found)
report_editor.js:86 [forensic] loadReport() report_id= 2 type= interim
report_editor.js:454 report_editor.js: _knownBlockIds initialisiert, 41 Bloecke geladen.
report_editor.js:86 [forensic] _initEditorJs(): window.EditorJS= true
report_editor.js:86 [forensic] _initSidebarAccordion() gestartet
report_editor.js:596 report_editor.js: Editor bereit, report_id= 2 | readOnly= false
placeholder_wizard.js:189 [PlaceholderWizard] showPlaceholderForm: blocks= 41 focusedId= wU6z9eBw34 onSave= function myUsername= paul
report_editor.js:606 report_editor.js: Initialisierungs-Guard freigegeben.
report_editor.js:1164 report_editor.js: Chip-Doppelklick: realname o
placeholder_wizard.js:619 [PlaceholderWizard] openAtField: onSave aus Options gesetzt, blockId= pPklymmFi4 fieldName= realname
placeholder_wizard.js:189 [PlaceholderWizard] showPlaceholderForm: blocks= 41 focusedId= pPklymmFi4 onSave= function myUsername= paul
placeholder_wizard.js:189 [PlaceholderWizard] showPlaceholderForm: blocks= 41 focusedId= pPklymmFi4 onSave= function myUsername= paul
placeholder_wizard.js:526 [PlaceholderWizard] _scheduleFieldSave: Timer gesetzt fuer pPklymmFi4:realname value= "O"
placeholder_wizard.js:540 [PlaceholderWizard] _saveField: blockId= pPklymmFi4 name= realname val= "O" onSave= function
report_editor.js:1246 report_editor.js: _onPlaceholderFieldSave aufgerufen: blockId= pPklymmFi4 field= realname value= "O"
report_editor.js:1287 report_editor.js: _onPlaceholderFieldSave fetch-Antwort: ok= true status= 200
placeholder_wizard.js:549 [PlaceholderWizard] _saveField: onSave abgeschlossen fuer realname
placeholder_wizard.js:526 [PlaceholderWizard] _scheduleFieldSave: Timer gesetzt fuer pPklymmFi4:realname value= "Os"
placeholder_wizard.js:540 [PlaceholderWizard] _saveField: blockId= pPklymmFi4 name= realname val= "Os" onSave= function
report_editor.js:1246 report_editor.js: _onPlaceholderFieldSave aufgerufen: blockId= pPklymmFi4 field= realname value= "Os"
report_editor.js:1287 report_editor.js: _onPlaceholderFieldSave fetch-Antwort: ok= true status= 200
placeholder_wizard.js:549 [PlaceholderWizard] _saveField: onSave abgeschlossen fuer realname
placeholder_wizard.js:526 [PlaceholderWizard] _scheduleFieldSave: Timer gesetzt fuer pPklymmFi4:realname value= "Osc"
placeholder_wizard.js:526 [PlaceholderWizard] _scheduleFieldSave: Timer gesetzt fuer pPklymmFi4:realname value= "Osca"
placeholder_wizard.js:526 [PlaceholderWizard] _scheduleFieldSave: Timer gesetzt fuer pPklymmFi4:realname value= "Oscar"
placeholder_wizard.js:526 [PlaceholderWizard] _scheduleFieldSave: Timer gesetzt fuer pPklymmFi4:realname value= "Oscar "
placeholder_wizard.js:526 [PlaceholderWizard] _scheduleFieldSave: Timer gesetzt fuer pPklymmFi4:realname value= "Oscar N"
placeholder_wizard.js:526 [PlaceholderWizard] _scheduleFieldSave: Timer gesetzt fuer pPklymmFi4:realname value= "Oscar Ni"
placeholder_wizard.js:540 [PlaceholderWizard] _saveField: blockId= pPklymmFi4 name= realname val= "Oscar Ni" onSave= function
report_editor.js:1246 report_editor.js: _onPlaceholderFieldSave aufgerufen: blockId= pPklymmFi4 field= realname value= "Oscar Ni"
report_editor.js:1287 report_editor.js: _onPlaceholderFieldSave fetch-Antwort: ok= true status= 200
placeholder_wizard.js:549 [PlaceholderWizard] _saveField: onSave abgeschlossen fuer realname
placeholder_wizard.js:526 [PlaceholderWizard] _scheduleFieldSave: Timer gesetzt fuer pPklymmFi4:realname value= "Oscar N"
placeholder_wizard.js:526 [PlaceholderWizard] _scheduleFieldSave: Timer gesetzt fuer pPklymmFi4:realname value= "Oscar Ny"
placeholder_wizard.js:540 [PlaceholderWizard] _saveField: blockId= pPklymmFi4 name= realname val= "Oscar Ny" onSave= function
report_editor.js:1246 report_editor.js: _onPlaceholderFieldSave aufgerufen: blockId= pPklymmFi4 field= realname value= "Oscar Ny"
report_editor.js:1287 report_editor.js: _onPlaceholderFieldSave fetch-Antwort: ok= true status= 200
placeholder_wizard.js:549 [PlaceholderWizard] _saveField: onSave abgeschlossen fuer realname
placeholder_wizard.js:526 [PlaceholderWizard] _scheduleFieldSave: Timer gesetzt fuer pPklymmFi4:realname value= "Oscar Nym"
placeholder_wizard.js:526 [PlaceholderWizard] _scheduleFieldSave: Timer gesetzt fuer pPklymmFi4:realname value= "Oscar Nyme"
placeholder_wizard.js:526 [PlaceholderWizard] _scheduleFieldSave: Timer gesetzt fuer pPklymmFi4:realname value= "Oscar Nymey"
placeholder_wizard.js:526 [PlaceholderWizard] _scheduleFieldSave: Timer gesetzt fuer pPklymmFi4:realname value= "Oscar Nymeye"
placeholder_wizard.js:526 [PlaceholderWizard] _scheduleFieldSave: Timer gesetzt fuer pPklymmFi4:realname value= "Oscar Nymeyer"
placeholder_wizard.js:540 [PlaceholderWizard] _saveField: blockId= pPklymmFi4 name= realname val= "Oscar Nymeyer" onSave= function
report_editor.js:1246 report_editor.js: _onPlaceholderFieldSave aufgerufen: blockId= pPklymmFi4 field= realname value= "Oscar Nymeyer"
report_editor.js:1287 report_editor.js: _onPlaceholderFieldSave fetch-Antwort: ok= true status= 200
placeholder_wizard.js:549 [PlaceholderWizard] _saveField: onSave abgeschlossen fuer realname
placeholder_wizard.js:526 [PlaceholderWizard] _scheduleFieldSave: Timer gesetzt fuer pPklymmFi4:realname value= "Oscar Nmeyer"
placeholder_wizard.js:526 [PlaceholderWizard] _scheduleFieldSave: Timer gesetzt fuer pPklymmFi4:realname value= "Oscar Nimeyer"
placeholder_wizard.js:540 [PlaceholderWizard] _saveField: blockId= pPklymmFi4 name= realname val= "Oscar Nimeyer" onSave= function
report_editor.js:1246 report_editor.js: _onPlaceholderFieldSave aufgerufen: blockId= pPklymmFi4 field= realname value= "Oscar Nimeyer"
report_editor.js:1287 report_editor.js: _onPlaceholderFieldSave fetch-Antwort: ok= true status= 200
placeholder_wizard.js:549 [PlaceholderWizard] _saveField: onSave abgeschlossen fuer realname
report_editor.js:1616 report_editor.js: Auto-Save gestartet, report_id= 2 | bekannte Block-IDs: 41
report_editor.js:1730 report_editor.js: Auto-Save abgeschlossen. | Bloecke gespeichert: 41 | Bloecke geloescht: 0
placeholder_wizard.js:189 [PlaceholderWizard] showPlaceholderForm: blocks= 41 focusedId= pPklymmFi4 onSave= function myUsername= paul
placeholder_wizard.js:526 [PlaceholderWizard] _scheduleFieldSave: Timer gesetzt fuer pPklymmFi4:realname value= "J"
placeholder_wizard.js:526 [PlaceholderWizard] _scheduleFieldSave: Timer gesetzt fuer pPklymmFi4:realname value= "Je"
report_editor.js:1616 report_editor.js: Auto-Save gestartet, report_id= 2 | bekannte Block-IDs: 41
report_editor.js:1730 report_editor.js: Auto-Save abgeschlossen. | Bloecke gespeichert: 41 | Bloecke geloescht: 0
placeholder_wizard.js:540 [PlaceholderWizard] _saveField: blockId= pPklymmFi4 name= realname val= "Je" onSave= function
report_editor.js:1246 report_editor.js: _onPlaceholderFieldSave aufgerufen: blockId= pPklymmFi4 field= realname value= "Je"
report_editor.js:1287 report_editor.js: _onPlaceholderFieldSave fetch-Antwort: ok= true status= 200
placeholder_wizard.js:549 [PlaceholderWizard] _saveField: onSave abgeschlossen fuer realname
placeholder_wizard.js:526 [PlaceholderWizard] _scheduleFieldSave: Timer gesetzt fuer pPklymmFi4:realname value= "Jet"
placeholder_wizard.js:526 [PlaceholderWizard] _scheduleFieldSave: Timer gesetzt fuer pPklymmFi4:realname value= "Jetz"
placeholder_wizard.js:526 [PlaceholderWizard] _scheduleFieldSave: Timer gesetzt fuer pPklymmFi4:realname value= "Jetzt"
placeholder_wizard.js:526 [PlaceholderWizard] _scheduleFieldSave: Timer gesetzt fuer pPklymmFi4:realname value= "Jetzt "
placeholder_wizard.js:526 [PlaceholderWizard] _scheduleFieldSave: Timer gesetzt fuer pPklymmFi4:realname value= "Jetzt w"
placeholder_wizard.js:526 [PlaceholderWizard] _scheduleFieldSave: Timer gesetzt fuer pPklymmFi4:realname value= "Jetzt wa"
placeholder_wizard.js:526 [PlaceholderWizard] _scheduleFieldSave: Timer gesetzt fuer pPklymmFi4:realname value= "Jetzt war"
placeholder_wizard.js:526 [PlaceholderWizard] _scheduleFieldSave: Timer gesetzt fuer pPklymmFi4:realname value= "Jetzt war "
placeholder_wizard.js:526 [PlaceholderWizard] _scheduleFieldSave: Timer gesetzt fuer pPklymmFi4:realname value= "Jetzt war e"
placeholder_wizard.js:526 [PlaceholderWizard] _scheduleFieldSave: Timer gesetzt fuer pPklymmFi4:realname value= "Jetzt war er"
placeholder_wizard.js:526 [PlaceholderWizard] _scheduleFieldSave: Timer gesetzt fuer pPklymmFi4:realname value= "Jetzt war er "
placeholder_wizard.js:526 [PlaceholderWizard] _scheduleFieldSave: Timer gesetzt fuer pPklymmFi4:realname value= "Jetzt war er W"
placeholder_wizard.js:526 [PlaceholderWizard] _scheduleFieldSave: Timer gesetzt fuer pPklymmFi4:realname value= "Jetzt war er We"
placeholder_wizard.js:526 [PlaceholderWizard] _scheduleFieldSave: Timer gesetzt fuer pPklymmFi4:realname value= "Jetzt war er Wer"
placeholder_wizard.js:526 [PlaceholderWizard] _scheduleFieldSave: Timer gesetzt fuer pPklymmFi4:realname value= "Jetzt war er Wert"
placeholder_wizard.js:526 [PlaceholderWizard] _scheduleFieldSave: Timer gesetzt fuer pPklymmFi4:realname value= "Jetzt war er Wert "
placeholder_wizard.js:526 [PlaceholderWizard] _scheduleFieldSave: Timer gesetzt fuer pPklymmFi4:realname value= "Jetzt war er Wert  "
placeholder_wizard.js:526 [PlaceholderWizard] _scheduleFieldSave: Timer gesetzt fuer pPklymmFi4:realname value= "Jetzt war er Wert "
placeholder_wizard.js:526 [PlaceholderWizard] _scheduleFieldSave: Timer gesetzt fuer pPklymmFi4:realname value= "Jetzt war er Wert w"
placeholder_wizard.js:526 [PlaceholderWizard] _scheduleFieldSave: Timer gesetzt fuer pPklymmFi4:realname value= "Jetzt war er Wert we"
placeholder_wizard.js:526 [PlaceholderWizard] _scheduleFieldSave: Timer gesetzt fuer pPklymmFi4:realname value= "Jetzt war er Wert weg"
placeholder_wizard.js:540 [PlaceholderWizard] _saveField: blockId= pPklymmFi4 name= realname val= "Jetzt war er Wert weg" onSave= function
report_editor.js:1246 report_editor.js: _onPlaceholderFieldSave aufgerufen: blockId= pPklymmFi4 field= realname value= "Jetzt war er Wert weg"
report_editor.js:1287 report_editor.js: _onPlaceholderFieldSave fetch-Antwort: ok= true status= 200
placeholder_wizard.js:549 [PlaceholderWizard] _saveField: onSave abgeschlossen fuer realname
placeholder_wizard.js:526 [PlaceholderWizard] _scheduleFieldSave: Timer gesetzt fuer pPklymmFi4:realname value= "Jetzt war er Wert weg."
placeholder_wizard.js:526 [PlaceholderWizard] _scheduleFieldSave: Timer gesetzt fuer pPklymmFi4:realname value= "Jetzt war er Wert weg. "
placeholder_wizard.js:526 [PlaceholderWizard] _scheduleFieldSave: Timer gesetzt fuer pPklymmFi4:realname value= "Jetzt war er Wert weg. D"
placeholder_wizard.js:526 [PlaceholderWizard] _scheduleFieldSave: Timer gesetzt fuer pPklymmFi4:realname value= "Jetzt war er Wert weg. Di"
placeholder_wizard.js:526 [PlaceholderWizard] _scheduleFieldSave: Timer gesetzt fuer pPklymmFi4:realname value= "Jetzt war er Wert weg. Dir"
placeholder_wizard.js:526 [PlaceholderWizard] _scheduleFieldSave: Timer gesetzt fuer pPklymmFi4:realname value= "Jetzt war er Wert weg. Dire"
placeholder_wizard.js:526 [PlaceholderWizard] _scheduleFieldSave: Timer gesetzt fuer pPklymmFi4:realname value= "Jetzt war er Wert weg. Direk"
placeholder_wizard.js:526 [PlaceholderWizard] _scheduleFieldSave: Timer gesetzt fuer pPklymmFi4:realname value= "Jetzt war er Wert weg. Direkt"
placeholder_wizard.js:526 [PlaceholderWizard] _scheduleFieldSave: Timer gesetzt fuer pPklymmFi4:realname value= "Jetzt war er Wert weg. Direkt "
placeholder_wizard.js:526 [PlaceholderWizard] _scheduleFieldSave: Timer gesetzt fuer pPklymmFi4:realname value= "Jetzt war er Wert weg. Direkt n"
placeholder_wizard.js:526 [PlaceholderWizard] _scheduleFieldSave: Timer gesetzt fuer pPklymmFi4:realname value= "Jetzt war er Wert weg. Direkt na"
placeholder_wizard.js:526 [PlaceholderWizard] _scheduleFieldSave: Timer gesetzt fuer pPklymmFi4:realname value= "Jetzt war er Wert weg. Direkt nac"
placeholder_wizard.js:526 [PlaceholderWizard] _scheduleFieldSave: Timer gesetzt fuer pPklymmFi4:realname value= "Jetzt war er Wert weg. Direkt nach"
placeholder_wizard.js:526 [PlaceholderWizard] _scheduleFieldSave: Timer gesetzt fuer pPklymmFi4:realname value= "Jetzt war er Wert weg. Direkt nach "
placeholder_wizard.js:526 [PlaceholderWizard] _scheduleFieldSave: Timer gesetzt fuer pPklymmFi4:realname value= "Jetzt war er Wert weg. Direkt nach d"
placeholder_wizard.js:526 [PlaceholderWizard] _scheduleFieldSave: Timer gesetzt fuer pPklymmFi4:realname value= "Jetzt war er Wert weg. Direkt nach de"
placeholder_wizard.js:526 [PlaceholderWizard] _scheduleFieldSave: Timer gesetzt fuer pPklymmFi4:realname value= "Jetzt war er Wert weg. Direkt nach dem"
placeholder_wizard.js:526 [PlaceholderWizard] _scheduleFieldSave: Timer gesetzt fuer pPklymmFi4:realname value= "Jetzt war er Wert weg. Direkt nach dem "
placeholder_wizard.js:540 [PlaceholderWizard] _saveField: blockId= pPklymmFi4 name= realname val= "Jetzt war er Wert weg. Direkt nach dem " onSave= function
report_editor.js:1246 report_editor.js: _onPlaceholderFieldSave aufgerufen: blockId= pPklymmFi4 field= realname value= "Jetzt war er Wert weg. Direkt nach dem "
report_editor.js:1287 report_editor.js: _onPlaceholderFieldSave fetch-Antwort: ok= true status= 200
placeholder_wizard.js:549 [PlaceholderWizard] _saveField: onSave abgeschlossen fuer realname
placeholder_wizard.js:526 [PlaceholderWizard] _scheduleFieldSave: Timer gesetzt fuer pPklymmFi4:realname value= "Jetzt war er Wert weg. Direkt nach dem S"
placeholder_wizard.js:526 [PlaceholderWizard] _scheduleFieldSave: Timer gesetzt fuer pPklymmFi4:realname value= "Jetzt war er Wert weg. Direkt nach dem SP"
placeholder_wizard.js:526 [PlaceholderWizard] _scheduleFieldSave: Timer gesetzt fuer pPklymmFi4:realname value= "Jetzt war er Wert weg. Direkt nach dem SPe"
placeholder_wizard.js:526 [PlaceholderWizard] _scheduleFieldSave: Timer gesetzt fuer pPklymmFi4:realname value= "Jetzt war er Wert weg. Direkt nach dem SPei"
placeholder_wizard.js:526 [PlaceholderWizard] _scheduleFieldSave: Timer gesetzt fuer pPklymmFi4:realname value= "Jetzt war er Wert weg. Direkt nach dem SPeic"
placeholder_wizard.js:526 [PlaceholderWizard] _scheduleFieldSave: Timer gesetzt fuer pPklymmFi4:realname value= "Jetzt war er Wert weg. Direkt nach dem SPeich"
placeholder_wizard.js:526 [PlaceholderWizard] _scheduleFieldSave: Timer gesetzt fuer pPklymmFi4:realname value= "Jetzt war er Wert weg. Direkt nach dem SPeiche"
placeholder_wizard.js:526 [PlaceholderWizard] _scheduleFieldSave: Timer gesetzt fuer pPklymmFi4:realname value= "Jetzt war er Wert weg. Direkt nach dem SPeicher"
placeholder_wizard.js:526 [PlaceholderWizard] _scheduleFieldSave: Timer gesetzt fuer pPklymmFi4:realname value= "Jetzt war er Wert weg. Direkt nach dem SPeichern"
placeholder_wizard.js:540 [PlaceholderWizard] _saveField: blockId= pPklymmFi4 name= realname val= "Jetzt war er Wert weg. Direkt nach dem SPeichern" onSave= function
report_editor.js:1246 report_editor.js: _onPlaceholderFieldSave aufgerufen: blockId= pPklymmFi4 field= realname value= "Jetzt war er Wert weg. Direkt nach dem SPeichern"
report_editor.js:1287 report_editor.js: _onPlaceholderFieldSave fetch-Antwort: ok= true status= 200
placeholder_wizard.js:549 [PlaceholderWizard] _saveField: onSave abgeschlossen fuer realname
placeholder_wizard.js:526 [PlaceholderWizard] _scheduleFieldSave: Timer gesetzt fuer pPklymmFi4:realname value= "Jetzt war er Wert weg. Direkt nach dem Seichern"
placeholder_wizard.js:526 [PlaceholderWizard] _scheduleFieldSave: Timer gesetzt fuer pPklymmFi4:realname value= "Jetzt war er Wert weg. Direkt nach dem Speichern"
placeholder_wizard.js:540 [PlaceholderWizard] _saveField: blockId= pPklymmFi4 name= realname val= "Jetzt war er Wert weg. Direkt nach dem Speichern" onSave= function
report_editor.js:1246 report_editor.js: _onPlaceholderFieldSave aufgerufen: blockId= pPklymmFi4 field= realname value= "Jetzt war er Wert weg. Direkt nach dem Speichern"
report_editor.js:1287 report_editor.js: _onPlaceholderFieldSave fetch-Antwort: ok= true status= 200
placeholder_wizard.js:549 [PlaceholderWizard] _saveField: onSave abgeschlossen fuer realname
placeholder_wizard.js:526 [PlaceholderWizard] _scheduleFieldSave: Timer gesetzt fuer pPklymmFi4:realname value= "Jetzt war er Wert weg. Direkt nach dem Speichern."
placeholder_wizard.js:540 [PlaceholderWizard] _saveField: blockId= pPklymmFi4 name= realname val= "Jetzt war er Wert weg. Direkt nach dem Speichern." onSave= function
report_editor.js:1246 report_editor.js: _onPlaceholderFieldSave aufgerufen: blockId= pPklymmFi4 field= realname value= "Jetzt war er Wert weg. Direkt nach dem Speichern."
report_editor.js:1287 report_editor.js: _onPlaceholderFieldSave fetch-Antwort: ok= true status= 200
placeholder_wizard.js:549 [PlaceholderWizard] _saveField: onSave abgeschlossen fuer realname
