Navigated to http://127.0.0.2:8080/_forensic/report
report:204 [web-debug] FORENSIC_DEBUG=true, FORENSIC_EVENT_TRACE=true
debug_events.js:235 [debug_events.js] Build 200 geladen. window._uevt() verfügbar. Trace-Modus: window.FORENSIC_EVENT_TRACE = true
debug_events.js:241 [debug_events.js] Kill-Switches: window.FORENSIC_DEBUG=false (alles) | window.FORENSIC_EVENT_DEBUG=false (nur Events)
placeholder_chips.js:56 [forensic] placeholder_chips.js: window.PlaceholderChips exportiert
placeholder_wizard.js:75 [forensic] placeholder_wizard.js: window.PlaceholderWizard exportiert
module_panel.js:77 [forensic] module_panel.js: window.ModulePanel exportiert
annotation_sidebar.js:58 [forensic] annotation_sidebar.js: window.AnnotationSidebar exportiert
report_editor.js:112 [forensic] report_editor.js: Exports auf window gesetzt (Build wird async geladen)
userinfo.js:59 [userinfo.js] IIFE gestartet, readyState= interactive
userinfo.js:866 [userinfo.js] readyState=interactive — sofortiger Aufruf
userinfo.js:844 [userinfo.js] _onDOMReady() aufgerufen
userinfo.js:68 [forensic] DOMContentLoaded: userinfo.js aktiv
userinfo.js:68 [forensic] initEditor() gestartet
editor_bootstrap.js:53 [editor_bootstrap] bootstrap() gestartet
sse_layer.js:604 [SSELayer] SSELayer konstruiert
editor_bootstrap.js:53 [editor_bootstrap] SSELayer instanziiert
sse_layer.js:604 [SSELayer] connect() aufgerufen aus Zustand: UNINITIALIZED
sse_layer.js:604 [SSELayer] Zustandsübergang: UNINITIALIZED → CONNECTING
sse_layer.js:604 [SSELayer] EventSource öffnen: /_forensic/events?role=report
editor_bootstrap.js:53 [editor_bootstrap] ReportLayer instanziiert
editor_bootstrap.js:53 [editor_bootstrap] LockLayer instanziiert
editor_bootstrap.js:53 [editor_bootstrap] DocumentLayer instanziiert
sse_layer.js:604 [SSELayer] EventSource direkt öffnen (Preflight OK): /_forensic/events?role=report
report_editor.js:3571 [forensic] report_editor.js: v0.6.284 Build 284 | Exports auf window gesetzt
sse_layer.js:604 [SSELayer] client_id empfangen: 3c600440-e07d-493d-b0a3-712a3017cfb1 Zustand vorher: CONNECTING
sse_layer.js:604 [SSELayer] Zustandsübergang: CONNECTING → CONNECTED
report_layer.js:406 [ReportLayer] Zustandsübergang: UNINITIALIZED → IDLE
report_layer.js:406 [ReportLayer] ready — SSELayer ist bereit, ReportLayer in IDLE
lock_layer.js:718 [LockLayer] Zustandsübergang: UNINITIALIZED → IDLE
lock_layer.js:718 [LockLayer] ready — ReportLayer ist bereit, LockLayer in IDLE
document_layer.js:608 [DocumentLayer] ready — LockLayer ist bereit
editor_bootstrap.js:53 [editor_bootstrap] Alle Layer bereit
editor_bootstrap.js:53 [editor_bootstrap] bootstrap() abgeschlossen — alle Listener registriert
userinfo.js:649 [userinfo] initSSEWindow3: Paket 9 — SSELayer übernimmt. Stub.
report_editor.js:112 [forensic] initEditorModule() gestartet
report_editor.js:112 [forensic] _initSidebarAccordion() gestartet
report_editor.js:112 [forensic] _initColResizer: Schiebebalken initialisiert
report_editor.js:112 [forensic] _initForumLinkInterceptor: BroadcastChannel bereit
report_editor.js:112 [forensic] _initForumLinkInterceptor: aktiv (window_id= b32b0c3e-ce57-4313-8062-23458bdc4d22 )
report_editor.js:112 [forensic] _initDragDrop: Drop-Zone registriert auf #editorjs-holder
report_editor.js:112 [forensic] initReportSelector() gestartet
report_editor.js:112 [forensic] loadReport() report_id= 1 type= interim
report_editor.js:112 [forensic] _loadReportImpl: Lock erwerben für Bericht 1
report_editor.js:112 [forensic] _loadReportImpl: reportLayer.open() für Bericht 1
report_layer.js:406 [ReportLayer] open() reportId= 1
report_layer.js:406 [ReportLayer] Zustandsübergang: IDLE → OPENING
report_layer.js:406 [ReportLayer] Zustandsübergang: OPENING → OPENED
lock_layer.js:718 [LockLayer] ReportLayer OPENED — prüfe sessionStorage auf lockId
report_layer.js:406 [ReportLayer] OPENED: report_id= 1
lock_layer.js:718 [LockLayer] Zustandsübergang: IDLE → ACQUIRING
lock_layer.js:718 [LockLayer] Zustandsübergang: ACQUIRING → MINE
editor_bootstrap.js:53 [editor_bootstrap] LockLayer acquired: lockId= a6656256-96df-4ab0-b26d-c7e0127f5d26
lock_layer.js:718 [LockLayer] MINE: lock_id= a6656256-96df-4ab0-b26d-c7e0127f5d26
report_editor.js:112 [forensic] _loadReportImpl: Bloecke aus reportLayer ( 1 )
report_editor.js:642 report_editor.js: _knownBlockIds initialisiert, 1 Bloecke geladen.
report_editor.js:112 [forensic] _initEditorJs(): window.EditorJS= true
 [forensic] _initSidebarAccordion() gestartet
 report_editor.js: Editor bereit, report_id= 1 | readOnly= false
 [userinfo] releaseLock: Paket 9 — LockLayer übernimmt. Stub.
 [LockLayer] release(): lockId= a6656256-96df-4ab0-b26d-c7e0127f5d26 reportId= 1 sync= true
 [LockLayer] Zustandsübergang: MINE → RELEASING
 [LockLayer] Zustandsübergang: RELEASING → IDLE
 [editor_bootstrap] LockLayer released — Editor auf readOnly
 [forensic] _syncAnchoredFromInstances: 0 verankerte Annotationen
Navigated to http://127.0.0.2:8080/_forensic/report
report:204 [web-debug] FORENSIC_DEBUG=true, FORENSIC_EVENT_TRACE=true
debug_events.js:235 [debug_events.js] Build 200 geladen. window._uevt() verfügbar. Trace-Modus: window.FORENSIC_EVENT_TRACE = true
debug_events.js:241 [debug_events.js] Kill-Switches: window.FORENSIC_DEBUG=false (alles) | window.FORENSIC_EVENT_DEBUG=false (nur Events)
placeholder_chips.js:56 [forensic] placeholder_chips.js: window.PlaceholderChips exportiert
placeholder_wizard.js:75 [forensic] placeholder_wizard.js: window.PlaceholderWizard exportiert
module_panel.js:77 [forensic] module_panel.js: window.ModulePanel exportiert
annotation_sidebar.js:58 [forensic] annotation_sidebar.js: window.AnnotationSidebar exportiert
report_editor.js:112 [forensic] report_editor.js: Exports auf window gesetzt (Build wird async geladen)
userinfo.js:59 [userinfo.js] IIFE gestartet, readyState= interactive
userinfo.js:866 [userinfo.js] readyState=interactive — sofortiger Aufruf
userinfo.js:844 [userinfo.js] _onDOMReady() aufgerufen
userinfo.js:68 [forensic] DOMContentLoaded: userinfo.js aktiv
userinfo.js:68 [forensic] initEditor() gestartet
editor_bootstrap.js:53 [editor_bootstrap] bootstrap() gestartet
sse_layer.js:604 [SSELayer] SSELayer konstruiert
editor_bootstrap.js:53 [editor_bootstrap] SSELayer instanziiert
sse_layer.js:604 [SSELayer] connect() aufgerufen aus Zustand: UNINITIALIZED
sse_layer.js:604 [SSELayer] Zustandsübergang: UNINITIALIZED → CONNECTING
sse_layer.js:604 [SSELayer] EventSource öffnen: /_forensic/events?role=report
editor_bootstrap.js:53 [editor_bootstrap] ReportLayer instanziiert
editor_bootstrap.js:53 [editor_bootstrap] LockLayer instanziiert
editor_bootstrap.js:53 [editor_bootstrap] DocumentLayer instanziiert
sse_layer.js:348  GET http://127.0.0.2:8080/_forensic/events?role=report 409 (Conflict)
_openEventSource @ sse_layer.js:348
connect @ sse_layer.js:250
bootstrap @ editor_bootstrap.js:91
(anonymous) @ editor_bootstrap.js:276
(anonymous) @ editor_bootstrap.js:281
report_editor.js:3571 [forensic] report_editor.js: v0.6.284 Build 284 | Exports auf window gesetzt
sse_layer.js:604 [SSELayer] Preflight 409 — warte 6000 ms vor Retry
sse_layer.js:604 [SSELayer] Preflight Retry nach Grace-Period
sse_layer.js:370  GET http://127.0.0.2:8080/_forensic/events?role=report 409 (Conflict)
(anonymous) @ sse_layer.js:370
setTimeout
(anonymous) @ sse_layer.js:367
Promise.then
(anonymous) @ sse_layer.js:356
Promise.then
_openEventSource @ sse_layer.js:354
connect @ sse_layer.js:250
bootstrap @ editor_bootstrap.js:91
(anonymous) @ editor_bootstrap.js:276
(anonymous) @ editor_bootstrap.js:281
sse_layer.js:604 [SSELayer] Duplikat-SSE erkannt: {duplicate: true, role: 'report', active_window_id: '3c600440-e07d-493d-b0a3-712a3017cfb1'}
sse_layer.js:604 [SSELayer] Zustandsübergang: CONNECTING → DUPLICATE
sse_layer.js:604 [SSELayer] BroadcastChannel: request_focus gesendet an 3c600440-e07d-493d-b0a3-712a3017cfb1
sse_layer.js:604 [SSELayer] Duplikat-Modal angezeigt (Rolle: report )
sse_layer.js:604 [SSELayer] ready-Timeout nach 10000 ms — fortfahren ohne client_id
report_layer.js:406 [ReportLayer] Zustandsübergang: UNINITIALIZED → IDLE
report_layer.js:406 [ReportLayer] ready — SSELayer ist bereit, ReportLayer in IDLE
lock_layer.js:718 [LockLayer] Zustandsübergang: UNINITIALIZED → IDLE
lock_layer.js:718 [LockLayer] ready — ReportLayer ist bereit, LockLayer in IDLE
document_layer.js:608 [DocumentLayer] ready — LockLayer ist bereit
editor_bootstrap.js:53 [editor_bootstrap] Alle Layer bereit
editor_bootstrap.js:53 [editor_bootstrap] bootstrap() abgeschlossen — alle Listener registriert
userinfo.js:649 [userinfo] initSSEWindow3: Paket 9 — SSELayer übernimmt. Stub.
report_editor.js:112 [forensic] initEditorModule() gestartet
report_editor.js:112 [forensic] _initSidebarAccordion() gestartet
report_editor.js:112 [forensic] _initColResizer: Schiebebalken initialisiert
report_editor.js:112 [forensic] _initForumLinkInterceptor: BroadcastChannel bereit
report_editor.js:112 [forensic] _initForumLinkInterceptor: aktiv (window_id= 2ff4f264-4264-48a2-90c3-fba9b3e83033 )
report_editor.js:112 [forensic] _initDragDrop: Drop-Zone registriert auf #editorjs-holder
report_editor.js:112 [forensic] initReportSelector() gestartet
report_editor.js:112 [forensic] loadReport() report_id= 1 type= interim
report_editor.js:112 [forensic] _loadReportImpl: Lock erwerben für Bericht 1
report_editor.js:112 [forensic] _loadReportImpl: reportLayer.open() für Bericht 1
report_layer.js:406 [ReportLayer] open() reportId= 1
report_layer.js:406 [ReportLayer] Zustandsübergang: IDLE → OPENING
report_layer.js:406 [ReportLayer] open(): kein SSE-Client — warte auf SSELayer.ready
report_layer.js:406 [ReportLayer] Zustandsübergang: OPENING → OPENED
lock_layer.js:718 [LockLayer] ReportLayer OPENED — prüfe sessionStorage auf lockId
report_layer.js:406 [ReportLayer] OPENED: report_id= 1
report_editor.js:112 [forensic] _loadReportImpl: Bloecke aus reportLayer ( 1 )
report_editor.js:642 report_editor.js: _knownBlockIds initialisiert, 1 Bloecke geladen.
report_editor.js:112 [forensic] _initEditorJs(): window.EditorJS= true
report_editor.js:112 [forensic] _initSidebarAccordion() gestartet
report_editor.js:1040 report_editor.js: Editor bereit, report_id= 1 | readOnly= true
report_editor.js:1085 report_editor.js: Initialisierungs-Guard freigegeben.
debug_events.js:216 [TRACE][USER] mousedown → <button>
debug_events.js:216 [TRACE][USER] focus → <button>
debug_events.js:216 [TRACE][USER] mouseup → <button>
debug_events.js:216 [TRACE][USER] click → <button>
debug_events.js:216 [TRACE][USER] blur → <button>
sse_layer.js:604 [SSELayer] Duplikat-Modal: Benutzer wählt "Trotzdem benutzen" — kein SSE.
debug_events.js:216 [TRACE][USER] mousedown → <span#report-lock-indicator.report-lock-indicator.report-lock-none>
debug_events.js:216 [TRACE][USER] mouseup → <span#report-lock-indicator.report-lock-indicator.report-lock-none>
debug_events.js:216 [TRACE][USER] click → <span#report-lock-indicator.report-lock-indicator.report-lock-none>
debug_events.js:162 [USER]     [userinfo] click:report-lock-indicator — Mouse
userinfo.js:1439 [userinfo] Lock-Indikator: Lock erwerben (manuell)
debug_events.js:216 [TRACE][USER] mousedown → <span#report-lock-indicator.report-lock-indicator.report-lock-none>
debug_events.js:216 [TRACE][USER] mouseup → <span#report-lock-indicator.report-lock-indicator.report-lock-none>
debug_events.js:216 [TRACE][USER] click → <span#report-lock-indicator.report-lock-indicator.report-lock-none>
debug_events.js:162 [USER]     [userinfo] click:report-lock-indicator — Mouse
userinfo.js:1439 [userinfo] Lock-Indikator: Lock erwerben (manuell)
debug_events.js:216 [TRACE][USER] mousedown → <select#report-select.report-select>
debug_events.js:216 [TRACE][USER] focus → <select#report-select.report-select>
debug_events.js:216 [TRACE][USER] mouseup → <select#report-select.report-select>
debug_events.js:216 [TRACE][USER] click → <select#report-select.report-select>
debug_events.js:216 [TRACE][USER] mousedown → <button#btn-refresh-placeholders.report-btn>
debug_events.js:216 [TRACE][USER] blur → <select#report-select.report-select>
debug_events.js:216 [TRACE][USER] focus → <button#btn-refresh-placeholders.report-btn>
debug_events.js:216 [TRACE][USER] mouseup → <button#btn-refresh-placeholders.report-btn>
debug_events.js:216 [TRACE][USER] click → <button#btn-refresh-placeholders.report-btn>
debug_events.js:174 [USER]     [report_editor] click:btn-refresh-placeholders — Mouse
debug_events.js:216 [TRACE][USER] blur → <button#btn-refresh-placeholders.report-btn>
report_editor.js:112 [forensic] _reloadEditorContent(): Starte Neuladen fuer report_id= 1
report_editor.js:112 [forensic] _syncAnchoredFromInstances: 0 verankerte Annotationen
report_editor.js:112 [forensic] _reloadEditorContent(): Abgeschlossen. 1 Bloecke geladen.
report_editor.js:112 [forensic] _initSidebarAccordion() gestartet
report_editor.js:1040 report_editor.js: Editor bereit, report_id= 1 | readOnly= true
report_editor.js:1085 report_editor.js: Initialisierungs-Guard freigegeben.
debug_events.js:216 [TRACE][USER] mousedown → <span#report-lock-indicator.report-lock-indicator.report-lock-none>
debug_events.js:216 [TRACE][USER] mouseup → <span#report-lock-indicator.report-lock-indicator.report-lock-none>
debug_events.js:216 [TRACE][USER] click → <span#report-lock-indicator.report-lock-indicator.report-lock-none>
debug_events.js:162 [USER]     [userinfo] click:report-lock-indicator — Mouse
userinfo.js:1439 [userinfo] Lock-Indikator: Lock erwerben (manuell)
