Navigated to http://127.0.0.2:8080/_forensic/report
placeholder_chips.js:56 [forensic] placeholder_chips.js: window.PlaceholderChips exportiert
placeholder_wizard.js:75 [forensic] placeholder_wizard.js: window.PlaceholderWizard exportiert
module_panel.js:77 [forensic] module_panel.js: window.ModulePanel exportiert
annotation_sidebar.js:58 [forensic] annotation_sidebar.js: window.AnnotationSidebar exportiert
report_editor.js:86 [forensic] report_editor.js: Exports auf window gesetzt
userinfo.js:67 [forensic] DOMContentLoaded: userinfo.js aktiv
userinfo.js:67 [forensic] initEditor() gestartet
userinfo.js:67 [forensic] initSSEWindow3() gestartet
userinfo.js:67 [forensic] acquireLock() aufgerufen, sseClientId= 96011a73-8420-4eb3-b055-eb6a07eaa99e
report_editor.js:86 [forensic] initEditorModule() gestartet
report_editor.js:86 [forensic] _initSidebarAccordion() gestartet
report_editor.js:86 [forensic] _initDragDrop: Drop-Zone registriert auf #editorjs-holder
report_editor.js:86 [forensic] initReportSelector() gestartet
favicon.ico:1  GET http://127.0.0.2:8080/favicon.ico 404 (Not Found)
report_editor.js:86 [forensic] loadReport() report_id= 2 type= interim
report_editor.js:457 report_editor.js: _knownBlockIds initialisiert, 63 Bloecke geladen.
report_editor.js:86 [forensic] _initEditorJs(): window.EditorJS= true
report_editor.js:86 [forensic] _initSidebarAccordion() gestartet
report_editor.js:643 report_editor.js: Editor bereit, report_id= 2 | readOnly= false
report_editor.js:688 report_editor.js: Initialisierungs-Guard freigegeben.
report_editor.js:675 [forensic] _captureRange: alt= null → neu: blockId= s1EKXKACox blockIdx= 7 startOffset= 3
report_editor.js:675 [forensic] _captureRange: alt= blockId=s1EKXKACox offset=3 → neu: blockId= ? blockIdx= -1 startOffset= 1
report_editor.js:675 [forensic] _captureRange: alt= blockId=? offset=1 → neu: blockId= _fXvyjaO70 blockIdx= 7 startOffset= 1
report_editor.js:675 [forensic] _captureRange: alt= blockId=_fXvyjaO70 offset=1 → neu: blockId= _fXvyjaO70 blockIdx= 7 startOffset= 3
