report:204 [web-debug] FORENSIC_DEBUG=true, FORENSIC_EVENT_TRACE=true
Navigated to http://127.0.0.2:8080/_forensic/report
debug_events.js:235 [debug_events.js] Build 200 geladen. window._uevt() verfügbar. Trace-Modus: window.FORENSIC_EVENT_TRACE = true
debug_events.js:241 [debug_events.js] Kill-Switches: window.FORENSIC_DEBUG=false (alles) | window.FORENSIC_EVENT_DEBUG=false (nur Events)
placeholder_chips.js:56 [forensic] placeholder_chips.js: window.PlaceholderChips exportiert
placeholder_wizard.js:75 [forensic] placeholder_wizard.js: window.PlaceholderWizard exportiert
module_panel.js:77 [forensic] module_panel.js: window.ModulePanel exportiert
annotation_sidebar.js:58 [forensic] annotation_sidebar.js: window.AnnotationSidebar exportiert
report_editor.js:90 [forensic] report_editor.js: Exports auf window gesetzt (Build wird async geladen)
userinfo.js:59 [userinfo.js] IIFE gestartet, readyState= interactive
userinfo.js:822 [userinfo.js] readyState=interactive — sofortiger Aufruf
userinfo.js:800 [userinfo.js] _onDOMReady() aufgerufen
userinfo.js:68 [forensic] DOMContentLoaded: userinfo.js aktiv
userinfo.js:68 [forensic] initEditor() gestartet
userinfo.js:1333 Uncaught ReferenceError: updateLockStatus is not defined
    at userinfo.js:1333:32
    at userinfo.js:1340:3
    at userinfo.js:1341:3
(anonymous) @ userinfo.js:1333
(anonymous) @ userinfo.js:1340
(anonymous) @ userinfo.js:1341
editor_bootstrap.js:49 [editor_bootstrap] bootstrap() gestartet
sse_layer.js:462 [SSELayer] SSELayer konstruiert
editor_bootstrap.js:49 [editor_bootstrap] SSELayer instanziiert
sse_layer.js:462 [SSELayer] connect() aufgerufen aus Zustand: UNINITIALIZED
sse_layer.js:462 [SSELayer] Zustandsübergang: UNINITIALIZED → CONNECTING
sse_layer.js:462 [SSELayer] EventSource öffnen: /_forensic/events
editor_bootstrap.js:49 [editor_bootstrap] ReportLayer instanziiert
editor_bootstrap.js:49 [editor_bootstrap] LockLayer instanziiert
editor_bootstrap.js:49 [editor_bootstrap] DocumentLayer instanziiert
report_editor.js:3482 [forensic] report_editor.js: v0.6.260 Build 260 | Exports auf window gesetzt
sse_layer.js:462 [SSELayer] client_id empfangen: 295c5c05-8bc0-4b42-ba5d-20b1a8df38e6 Zustand vorher: CONNECTING
sse_layer.js:462 [SSELayer] Zustandsübergang: CONNECTING → CONNECTED
report_layer.js:406 [ReportLayer] Zustandsübergang: UNINITIALIZED → IDLE
report_layer.js:406 [ReportLayer] ready — SSELayer ist bereit, ReportLayer in IDLE
lock_layer.js:700 [LockLayer] Zustandsübergang: UNINITIALIZED → IDLE
lock_layer.js:700 [LockLayer] ready — ReportLayer ist bereit, LockLayer in IDLE
document_layer.js:462 [DocumentLayer] ready — LockLayer ist bereit
editor_bootstrap.js:49 [editor_bootstrap] Alle Layer bereit
editor_bootstrap.js:49 [editor_bootstrap] bootstrap() abgeschlossen — alle Listener registriert
userinfo.js:605 [userinfo] initSSEWindow3: Paket 9 — SSELayer übernimmt. Stub.
report_editor.js:90 [forensic] initEditorModule() gestartet
report_editor.js:90 [forensic] _initSidebarAccordion() gestartet
report_editor.js:90 [forensic] _initColResizer: Schiebebalken initialisiert
report_editor.js:90 [forensic] _initForumLinkInterceptor: BroadcastChannel bereit
report_editor.js:90 [forensic] _initForumLinkInterceptor: aktiv (window_id= 14186c35-9bd7-4208-a2c4-37c43457f4d8 )
report_editor.js:90 [forensic] _initDragDrop: Drop-Zone registriert auf #editorjs-holder
report_editor.js:90 [forensic] initReportSelector() gestartet
favicon.ico:1  GET http://127.0.0.2:8080/favicon.ico 404 (Not Found)
debug_events.js:216 [TRACE][USER] mousedown → <select#report-select.report-select>
debug_events.js:216 [TRACE][USER] focus → <select#report-select.report-select>
debug_events.js:216 [TRACE][USER] mouseup → <select#report-select.report-select>
debug_events.js:216 [TRACE][USER] click → <select#report-select.report-select>
debug_events.js:216 [TRACE][USER] mousedown → <button#btn-new-report.editor-btn>
debug_events.js:216 [TRACE][USER] blur → <select#report-select.report-select>
debug_events.js:216 [TRACE][USER] focus → <button#btn-new-report.editor-btn>
debug_events.js:216 [TRACE][USER] mouseup → <button#btn-new-report.editor-btn>
debug_events.js:216 [TRACE][USER] click → <button#btn-new-report.editor-btn>
debug_events.js:174 [USER]     [report_editor] click:btn-new-report — Mouse
debug_events.js:216 [TRACE][USER] blur → <button#btn-new-report.editor-btn>
debug_events.js:216 [TRACE][USER] focus → <input#new-report-title.report-text-input>
debug_events.js:216 [TRACE][USER] mousedown → <input#new-report-title.report-text-input>
debug_events.js:216 [TRACE][USER] mouseup → <input#new-report-title.report-text-input>
debug_events.js:216 [TRACE][USER] click → <input#new-report-title.report-text-input>
debug_events.js:216 [TRACE][USER] keydown → <input#new-report-title.report-text-input>
debug_events.js:216 [TRACE][USER] input → <input#new-report-title.report-text-input>
debug_events.js:216 [TRACE][USER] change → <input#new-report-title.report-text-input>
debug_events.js:216 [TRACE][USER] keyup → <input#new-report-title.report-text-input>
debug_events.js:216 [TRACE][USER] mousedown → <button#btn-create-report.editor-btn.editor-btn-primary>
debug_events.js:216 [TRACE][USER] blur → <input#new-report-title.report-text-input>
debug_events.js:216 [TRACE][USER] focus → <button#btn-create-report.editor-btn.editor-btn-primary>
debug_events.js:216 [TRACE][USER] mouseup → <button#btn-create-report.editor-btn.editor-btn-primary>
debug_events.js:216 [TRACE][USER] click → <button#btn-create-report.editor-btn.editor-btn-primary>
debug_events.js:174 [USER]     [report_editor] click:btn-create-report — Mouse
report_layer.js:406 [ReportLayer] create() type= interim title= Testbericht
report_layer.js:406 [ReportLayer] Zustandsübergang: IDLE → NEW
report_layer.js:406 [ReportLayer] Zustandsübergang: NEW → OPENED
lock_layer.js:700 [LockLayer] ReportLayer created: lock_id= 5b5c7f86-5935-45a8-b841-26007d6a8a2d → MINE
lock_layer.js:700 [LockLayer] Zustandsübergang: IDLE → MINE
editor_bootstrap.js:49 [editor_bootstrap] LockLayer acquired: lockId= 5b5c7f86-5935-45a8-b841-26007d6a8a2d
editor_bootstrap.js:49 [editor_bootstrap] ReportLayer created: reportId= 1
report_layer.js:406 [ReportLayer] NEW → OPENED: report_id= 1 lock_id= 5b5c7f86-5935-45a8-b841-26007d6a8a2d
debug_events.js:216 [TRACE][USER] blur → <button#btn-create-report.editor-btn.editor-btn-primary>
debug_events.js:216 [TRACE][USER] mousedown → <div#editorjs-holder.editorjs-holder>
debug_events.js:216 [TRACE][USER] mouseup → <div#editorjs-holder.editorjs-holder>
debug_events.js:216 [TRACE][USER] click → <div#editorjs-holder.editorjs-holder>
debug_events.js:216 [TRACE][USER] mousedown → <select#report-select.report-select>
debug_events.js:216 [TRACE][USER] focus → <select#report-select.report-select>
debug_events.js:216 [TRACE][USER] mouseup → <select#report-select.report-select>
debug_events.js:216 [TRACE][USER] click → <select#report-select.report-select>
debug_events.js:216 [TRACE][USER] blur → <select#report-select.report-select>
