:8080/favicon.ico:1  Failed to load resource: the server responded with a status of 404 (Not Found)
report:1  Failed to load resource: net::ERR_CONNECTION_REFUSED
Navigated to http://127.0.0.2:8080/_forensic/report
placeholder_chips.js:56 [forensic] placeholder_chips.js: window.PlaceholderChips exportiert
placeholder_wizard.js:75 [forensic] placeholder_wizard.js: window.PlaceholderWizard exportiert
module_panel.js:77 [forensic] module_panel.js: window.ModulePanel exportiert
annotation_sidebar.js:58 [forensic] annotation_sidebar.js: window.AnnotationSidebar exportiert
report_editor.js:86 [forensic] report_editor.js: Exports auf window gesetzt
userinfo.js:67 [forensic] DOMContentLoaded: userinfo.js aktiv
userinfo.js:67 [forensic] initEditor() gestartet
userinfo.js:67 [forensic] initSSEWindow3() gestartet
userinfo.js:67 [forensic] acquireLock() aufgerufen, sseClientId= b68f3c53-d02a-48f9-88a5-6794c4d968af
report_editor.js:86 [forensic] initEditorModule() gestartet
report_editor.js:86 [forensic] _initSidebarAccordion() gestartet
report_editor.js:86 [forensic] _initDragDrop: Drop-Zone registriert auf #editorjs-holder
report_editor.js:86 [forensic] initReportSelector() gestartet
favicon.ico:1  GET http://127.0.0.2:8080/favicon.ico 404 (Not Found)
report_editor.js:86 [forensic] loadReport() report_id= 2 type= interim
report_editor.js:454 report_editor.js: _knownBlockIds initialisiert, 41 Bloecke geladen.
report_editor.js:86 [forensic] _initEditorJs(): window.EditorJS= true
report_editor.js:86 [forensic] _initSidebarAccordion() gestartet
report_editor.js:596 report_editor.js: Editor bereit, report_id= 2 | readOnly= false
placeholder_wizard.js:189 [PlaceholderWizard] showPlaceholderForm: blocks= 41 focusedId= wU6z9eBw34 onSave= function myUsername= paul
report_editor.js:606 report_editor.js: Initialisierungs-Guard freigegeben.
report_editor.js:1154 report_editor.js: Chip-Doppelklick: realname o
placeholder_wizard.js:586 [PlaceholderWizard] openAtField: onSave aus Options gesetzt, blockId= pPklymmFi4 fieldName= realname
placeholder_wizard.js:189 [PlaceholderWizard] showPlaceholderForm: blocks= 41 focusedId= wU6z9eBw34 onSave= function myUsername= paul
placeholder_wizard.js:189 [PlaceholderWizard] showPlaceholderForm: blocks= 41 focusedId= wU6z9eBw34 onSave= function myUsername= paul
placeholder_wizard.js:493 [PlaceholderWizard] _scheduleFieldSave: Timer gesetzt fuer pPklymmFi4:realname value= "C"
placeholder_wizard.js:493 [PlaceholderWizard] _scheduleFieldSave: Timer gesetzt fuer pPklymmFi4:realname value= "Cl"
placeholder_wizard.js:493 [PlaceholderWizard] _scheduleFieldSave: Timer gesetzt fuer pPklymmFi4:realname value= "Cla"
placeholder_wizard.js:493 [PlaceholderWizard] _scheduleFieldSave: Timer gesetzt fuer pPklymmFi4:realname value= "Clau"
placeholder_wizard.js:493 [PlaceholderWizard] _scheduleFieldSave: Timer gesetzt fuer pPklymmFi4:realname value= "Claus"
placeholder_wizard.js:493 [PlaceholderWizard] _scheduleFieldSave: Timer gesetzt fuer pPklymmFi4:realname value= "Claus "
placeholder_wizard.js:493 [PlaceholderWizard] _scheduleFieldSave: Timer gesetzt fuer pPklymmFi4:realname value= "Claus M"
placeholder_wizard.js:493 [PlaceholderWizard] _scheduleFieldSave: Timer gesetzt fuer pPklymmFi4:realname value= "Claus Ma"
placeholder_wizard.js:493 [PlaceholderWizard] _scheduleFieldSave: Timer gesetzt fuer pPklymmFi4:realname value= "Claus Mau"
placeholder_wizard.js:493 [PlaceholderWizard] _scheduleFieldSave: Timer gesetzt fuer pPklymmFi4:realname value= "Claus Maus"
placeholder_wizard.js:507 [PlaceholderWizard] _saveField: blockId= pPklymmFi4 name= realname val= "Claus Maus" onSave= function
report_editor.js:1235 report_editor.js: _onPlaceholderFieldSave aufgerufen: blockId= pPklymmFi4 field= realname value= "Claus Maus"
report_editor.js:1276 report_editor.js: _onPlaceholderFieldSave fetch-Antwort: ok= true status= 200
placeholder_wizard.js:516 [PlaceholderWizard] _saveField: onSave abgeschlossen fuer realname
report_editor.js:1154 report_editor.js: Chip-Doppelklick: realname o
placeholder_wizard.js:586 [PlaceholderWizard] openAtField: onSave aus Options gesetzt, blockId= pPklymmFi4 fieldName= realname
placeholder_wizard.js:189 [PlaceholderWizard] showPlaceholderForm: blocks= 41 focusedId= wU6z9eBw34 onSave= function myUsername= paul
placeholder_wizard.js:189 [PlaceholderWizard] showPlaceholderForm: blocks= 41 focusedId= wU6z9eBw34 onSave= function myUsername= paul
report_editor.js:1605 report_editor.js: Auto-Save gestartet, report_id= 2 | bekannte Block-IDs: 41
report_editor.js:1719 report_editor.js: Auto-Save abgeschlossen. | Bloecke gespeichert: 41 | Bloecke geloescht: 0
placeholder_wizard.js:189 [PlaceholderWizard] showPlaceholderForm: blocks= 41 focusedId= wU6z9eBw34 onSave= function myUsername= paul
report_editor.js:1605 report_editor.js: Auto-Save gestartet, report_id= 2 | bekannte Block-IDs: 41
report_editor.js:1719 report_editor.js: Auto-Save abgeschlossen. | Bloecke gespeichert: 41 | Bloecke geloescht: 0
placeholder_wizard.js:189 [PlaceholderWizard] showPlaceholderForm: blocks= 41 focusedId= wU6z9eBw34 onSave= function myUsername= paul
report_editor.js:1154 report_editor.js: Chip-Doppelklick: realname o
placeholder_wizard.js:586 [PlaceholderWizard] openAtField: onSave aus Options gesetzt, blockId= pPklymmFi4 fieldName= realname
placeholder_wizard.js:189 [PlaceholderWizard] showPlaceholderForm: blocks= 41 focusedId= wU6z9eBw34 onSave= function myUsername= paul
placeholder_wizard.js:189 [PlaceholderWizard] showPlaceholderForm: blocks= 41 focusedId= wU6z9eBw34 onSave= function myUsername= paul
report_editor.js:1154 report_editor.js: Chip-Doppelklick: realname o
placeholder_wizard.js:586 [PlaceholderWizard] openAtField: onSave aus Options gesetzt, blockId= pPklymmFi4 fieldName= realname
placeholder_wizard.js:189 [PlaceholderWizard] showPlaceholderForm: blocks= 41 focusedId= wU6z9eBw34 onSave= function myUsername= paul
placeholder_wizard.js:189 [PlaceholderWizard] showPlaceholderForm: blocks= 41 focusedId= wU6z9eBw34 onSave= function myUsername= paul
